This is XeTeX, Version 3.141592653-2.6-0.999998 (TeX Live 2026/Arch Linux) (preloaded format=xelatex 2026.9.2)  1 OCT 2026 22:58
entering extended mode
 restricted \write18 enabled.
 file:line:error style messages enabled.
 %&-line parsing enabled.
**normative_act_draft_ru.tex
(./normative_act_draft_ru.tex
LaTeX2e <2025-11-01>
L3 programming layer <2026-01-19>
(/usr/share/texmf-dist/tex/latex/extsizes/extarticle.cls
Document Class: extarticle 1996/10/08 v1.0 Non Standard LaTeX document class
(/usr/share/texmf-dist/tex/latex/extsizes/size14.clo
File: size14.clo 1999/11/11 v1.4a NON-Standard LaTeX file (size option)
Font mapping `tex-text.tec' for font `[lmroman12-regular]:mapping=tex-text;' no
t found.
)
(/usr/share/texmf-dist/tex/latex/base/exscale.sty
Package: exscale 2025/06/05 v2.1i Standard LaTeX package exscale
LaTeX Font Info:    Redeclaring symbol font `largesymbols' on input line 57.
LaTeX Font Info:    Overwriting symbol font `largesymbols' in version `normal'
(Font)                  OMX/cmex/m/n --> OMX/cmex/m/n on input line 57.
LaTeX Font Info:    Overwriting symbol font `largesymbols' in version `bold'
(Font)                  OMX/cmex/m/n --> OMX/cmex/m/n on input line 57.
\big@size=\dimen148
)
\c@part=\count271
\c@section=\count272
\c@subsection=\count273
\c@subsubsection=\count274
\c@paragraph=\count275
\c@subparagraph=\count276
\c@figure=\count277
\c@table=\count278
\abovecaptionskip=\skip49
\belowcaptionskip=\skip50
\bibindent=\dimen149
)
(/usr/share/texmf-dist/tex/latex/geometry/geometry.sty
Package: geometry 2020/01/02 v5.9 Page Geometry

(/usr/share/texmf-dist/tex/latex/graphics/keyval.sty
Package: keyval 2022/05/29 v1.15 key=value parser (DPC)
\KV@toks@=\toks17
)
(/usr/share/texmf-dist/tex/generic/iftex/ifvtex.sty
Package: ifvtex 2019/10/25 v1.7 ifvtex legacy package. Use iftex instead.

(/usr/share/texmf-dist/tex/generic/iftex/iftex.sty
Package: iftex 2024/12/12 v1.0g TeX engine tests
))
\Gm@cnth=\count279
\Gm@cntv=\count280
\c@Gm@tempcnt=\count281
\Gm@bindingoffset=\dimen150
\Gm@wd@mp=\dimen151
\Gm@odd@mp=\dimen152
\Gm@even@mp=\dimen153
\Gm@layoutwidth=\dimen154
\Gm@layoutheight=\dimen155
\Gm@layouthoffset=\dimen156
\Gm@layoutvoffset=\dimen157
\Gm@dimlist=\toks18
)
(/usr/share/texmf-dist/tex/latex/fontspec/fontspec.sty
(/usr/share/texmf-dist/tex/latex/l3packages/xparse/xparse.sty
(/usr/share/texmf-dist/tex/latex/l3kernel/expl3.sty
Package: expl3 2026-01-19 L3 programming layer (loader) 

(/usr/share/texmf-dist/tex/latex/l3backend/l3backend-xetex.def
File: l3backend-xetex.def 2025-10-09 L3 backend support: XeTeX
\g__graphics_track_int=\count282
\g__pdfannot_backend_int=\count283
\g__pdfannot_backend_link_int=\count284
))
Package: xparse 2025-10-09 L3 Experimental document command parser
)
Package: fontspec 2025/09/29 v2.9g Font selection for XeLaTeX and LuaLaTeX

(/usr/share/texmf-dist/tex/latex/fontspec/fontspec-xetex.sty
Package: fontspec-xetex 2025/09/29 v2.9g Font selection for XeLaTeX and LuaLaTe
X
\l__fontspec_script_int=\count285
\l__fontspec_language_int=\count286
\l__fontspec_strnum_int=\count287
\l__fontspec_tmp_int=\count288
\l__fontspec_tmpa_int=\count289
\l__fontspec_tmpb_int=\count290
\l__fontspec_tmpc_int=\count291
\l__fontspec_em_int=\count292
\l__fontspec_emdef_int=\count293
\l__fontspec_strong_int=\count294
\l__fontspec_strongdef_int=\count295
\l__fontspec_tmpa_dim=\dimen158
\l__fontspec_tmpb_dim=\dimen159
\l__fontspec_tmpc_dim=\dimen160

(/usr/share/texmf-dist/tex/latex/base/fontenc.sty
Package: fontenc 2025/07/18 v2.1d Standard LaTeX package
)
(/usr/share/texmf-dist/tex/latex/fontspec/fontspec.cfg)
Font mapping `tex-text.tec' for font `[lmroman12-bold]:mapping=tex-text;' not f
ound.
))

Package fontspec Info: 
(fontspec)             Font family 'LiberationSerif(0)' created for font
(fontspec)             'Liberation Serif' with options [Ligatures=TeX].
(fontspec)              
(fontspec)              This font family consists of the following NFSS
(fontspec)             series/shapes:
(fontspec)              
(fontspec)             - 'normal' (m/n) with NFSS spec.: <->"Liberation
(fontspec)             Serif/OT:script=latn;language=dflt;mapping=tex-text;"
(fontspec)             - 'bold' (b/n) with NFSS spec.: <->"Liberation
(fontspec)             Serif/B/OT:script=latn;language=dflt;mapping=tex-text;"
(fontspec)             - 'italic' (m/it) with NFSS spec.: <->"Liberation
(fontspec)             Serif/I/OT:script=latn;language=dflt;mapping=tex-text;"
(fontspec)             - 'bold italic' (b/it) with NFSS spec.: <->"Liberation
(fontspec)             Serif/BI/OT:script=latn;language=dflt;mapping=tex-text;"


Font mapping `tex-text.tec' for font `Liberation Serif' not found.

Package fontspec Info: 
(fontspec)             Font family 'LiberationMono(0)' created for font
(fontspec)             'Liberation Mono' with options
(fontspec)             [WordSpace={1,0,0},HyphenChar=None,PunctuationSpace=Word
Space].
(fontspec)              
(fontspec)              This font family consists of the following NFSS
(fontspec)             series/shapes:
(fontspec)              
(fontspec)             - 'normal' (m/n) with NFSS spec.: <->"Liberation
(fontspec)             Mono/OT:script=latn;language=dflt;"
(fontspec)             - 'bold' (b/n) with NFSS spec.: <->"Liberation
(fontspec)             Mono/B/OT:script=latn;language=dflt;"
(fontspec)             - 'italic' (m/it) with NFSS spec.: <->"Liberation
(fontspec)             Mono/I/OT:script=latn;language=dflt;"
(fontspec)             - 'bold italic' (b/it) with NFSS spec.: <->"Liberation
(fontspec)             Mono/BI/OT:script=latn;language=dflt;"


(/usr/share/texmf-dist/tex/latex/unicode-math/unicode-math.sty
Package: unicode-math 2023/08/13 v0.8r Unicode maths in XeLaTeX and LuaLaTeX

(/usr/share/texmf-dist/tex/latex/unicode-math/unicode-math-xetex.sty
Package: unicode-math-xetex 2023/08/13 v0.8r Unicode maths in XeLaTeX and LuaLa
TeX

(/usr/share/texmf-dist/tex/latex/l3packages/l3keys2e/l3keys2e.sty
Package: l3keys2e 2025-10-09 LaTeX2e option processing using LaTeX3 keys
)
(/usr/share/texmf-dist/tex/latex/base/fix-cm.sty
Package: fix-cm 2020/11/24 v1.1t fixes to LaTeX

(/usr/share/texmf-dist/tex/latex/base/ts1enc.def
File: ts1enc.def 2001/06/05 v3.0e (jk/car/fm) Standard LaTeX file
LaTeX Font Info:    Redeclaring font encoding TS1 on input line 47.
LaTeX Encoding Info:    Redeclaring text command \capitalcedilla (encoding TS1)
 on input line 49.
LaTeX Encoding Info:    Redeclaring text command \capitalogonek (encoding TS1) 
on input line 52.
LaTeX Encoding Info:    Redeclaring text command \capitalgrave (encoding TS1) o
n input line 55.
LaTeX Encoding Info:    Redeclaring text command \capitalacute (encoding TS1) o
n input line 56.
LaTeX Encoding Info:    Redeclaring text command \capitalcircumflex (encoding T
S1) on input line 57.
LaTeX Encoding Info:    Redeclaring text command \capitaltilde (encoding TS1) o
n input line 58.
LaTeX Encoding Info:    Redeclaring text command \capitaldieresis (encoding TS1
) on input line 59.
LaTeX Encoding Info:    Redeclaring text command \capitalhungarumlaut (encoding
 TS1) on input line 60.
LaTeX Encoding Info:    Redeclaring text command \capitalring (encoding TS1) on
 input line 61.
LaTeX Encoding Info:    Redeclaring text command \capitalcaron (encoding TS1) o
n input line 62.
LaTeX Encoding Info:    Redeclaring text command \capitalbreve (encoding TS1) o
n input line 63.
LaTeX Encoding Info:    Redeclaring text command \capitalmacron (encoding TS1) 
on input line 64.
LaTeX Encoding Info:    Redeclaring text command \capitaldotaccent (encoding TS
1) on input line 65.
LaTeX Encoding Info:    Redeclaring text command \t (encoding TS1) on input lin
e 66.
LaTeX Encoding Info:    Redeclaring text command \capitaltie (encoding TS1) on 
input line 67.
LaTeX Encoding Info:    Redeclaring text command \newtie (encoding TS1) on inpu
t line 68.
LaTeX Encoding Info:    Redeclaring text command \capitalnewtie (encoding TS1) 
on input line 69.
LaTeX Encoding Info:    Redeclaring text symbol \textcapitalcompwordmark (encod
ing TS1) on input line 70.
LaTeX Encoding Info:    Redeclaring text symbol \textascendercompwordmark (enco
ding TS1) on input line 71.
LaTeX Encoding Info:    Redeclaring text symbol \textquotestraightbase (encodin
g TS1) on input line 72.
LaTeX Encoding Info:    Redeclaring text symbol \textquotestraightdblbase (enco
ding TS1) on input line 73.
LaTeX Encoding Info:    Redeclaring text symbol \texttwelveudash (encoding TS1)
 on input line 74.
LaTeX Encoding Info:    Redeclaring text symbol \textthreequartersemdash (encod
ing TS1) on input line 75.
LaTeX Encoding Info:    Redeclaring text symbol \textleftarrow (encoding TS1) o
n input line 76.
LaTeX Encoding Info:    Redeclaring text symbol \textrightarrow (encoding TS1) 
on input line 77.
LaTeX Encoding Info:    Redeclaring text symbol \textblank (encoding TS1) on in
put line 78.
LaTeX Encoding Info:    Redeclaring text symbol \textdollar (encoding TS1) on i
nput line 79.
LaTeX Encoding Info:    Redeclaring text symbol \textquotesingle (encoding TS1)
 on input line 80.
LaTeX Encoding Info:    Redeclaring text command \textasteriskcentered (encodin
g TS1) on input line 81.
LaTeX Encoding Info:    Redeclaring text symbol \textdblhyphen (encoding TS1) o
n input line 92.
LaTeX Encoding Info:    Redeclaring text symbol \textfractionsolidus (encoding 
TS1) on input line 93.
LaTeX Encoding Info:    Redeclaring text symbol \textzerooldstyle (encoding TS1
) on input line 94.
LaTeX Encoding Info:    Redeclaring text symbol \textoneoldstyle (encoding TS1)
 on input line 95.
LaTeX Encoding Info:    Redeclaring text symbol \texttwooldstyle (encoding TS1)
 on input line 96.
LaTeX Encoding Info:    Redeclaring text symbol \textthreeoldstyle (encoding TS
1) on input line 97.
LaTeX Encoding Info:    Redeclaring text symbol \textfouroldstyle (encoding TS1
) on input line 98.
LaTeX Encoding Info:    Redeclaring text symbol \textfiveoldstyle (encoding TS1
) on input line 99.
LaTeX Encoding Info:    Redeclaring text symbol \textsixoldstyle (encoding TS1)
 on input line 100.
LaTeX Encoding Info:    Redeclaring text symbol \textsevenoldstyle (encoding TS
1) on input line 101.
LaTeX Encoding Info:    Redeclaring text symbol \texteightoldstyle (encoding TS
1) on input line 102.
LaTeX Encoding Info:    Redeclaring text symbol \textnineoldstyle (encoding TS1
) on input line 103.
LaTeX Encoding Info:    Redeclaring text symbol \textlangle (encoding TS1) on i
nput line 104.
LaTeX Encoding Info:    Redeclaring text symbol \textminus (encoding TS1) on in
put line 105.
LaTeX Encoding Info:    Redeclaring text symbol \textrangle (encoding TS1) on i
nput line 106.
LaTeX Encoding Info:    Redeclaring text symbol \textmho (encoding TS1) on inpu
t line 107.
LaTeX Encoding Info:    Redeclaring text symbol \textbigcircle (encoding TS1) o
n input line 108.
LaTeX Encoding Info:    Redeclaring text command \textcircled (encoding TS1) on
 input line 109.
LaTeX Encoding Info:    Redeclaring text symbol \textohm (encoding TS1) on inpu
t line 115.
LaTeX Encoding Info:    Redeclaring text symbol \textlbrackdbl (encoding TS1) o
n input line 116.
LaTeX Encoding Info:    Redeclaring text symbol \textrbrackdbl (encoding TS1) o
n input line 117.
LaTeX Encoding Info:    Redeclaring text symbol \textuparrow (encoding TS1) on 
input line 118.
LaTeX Encoding Info:    Redeclaring text symbol \textdownarrow (encoding TS1) o
n input line 119.
LaTeX Encoding Info:    Redeclaring text symbol \textasciigrave (encoding TS1) 
on input line 120.
LaTeX Encoding Info:    Redeclaring text symbol \textborn (encoding TS1) on inp
ut line 121.
LaTeX Encoding Info:    Redeclaring text symbol \textdivorced (encoding TS1) on
 input line 122.
LaTeX Encoding Info:    Redeclaring text symbol \textdied (encoding TS1) on inp
ut line 123.
LaTeX Encoding Info:    Redeclaring text symbol \textleaf (encoding TS1) on inp
ut line 124.
LaTeX Encoding Info:    Redeclaring text symbol \textmarried (encoding TS1) on 
input line 125.
LaTeX Encoding Info:    Redeclaring text symbol \textmusicalnote (encoding TS1)
 on input line 126.
LaTeX Encoding Info:    Redeclaring text symbol \texttildelow (encoding TS1) on
 input line 127.
LaTeX Encoding Info:    Redeclaring text symbol \textdblhyphenchar (encoding TS
1) on input line 128.
LaTeX Encoding Info:    Redeclaring text symbol \textasciibreve (encoding TS1) 
on input line 129.
LaTeX Encoding Info:    Redeclaring text symbol \textasciicaron (encoding TS1) 
on input line 130.
LaTeX Encoding Info:    Redeclaring text symbol \textacutedbl (encoding TS1) on
 input line 131.
LaTeX Encoding Info:    Redeclaring text symbol \textgravedbl (encoding TS1) on
 input line 132.
LaTeX Encoding Info:    Redeclaring text symbol \textdagger (encoding TS1) on i
nput line 133.
LaTeX Encoding Info:    Redeclaring text symbol \textdaggerdbl (encoding TS1) o
n input line 134.
LaTeX Encoding Info:    Redeclaring text symbol \textbardbl (encoding TS1) on i
nput line 135.
LaTeX Encoding Info:    Redeclaring text symbol \textperthousand (encoding TS1)
 on input line 136.
LaTeX Encoding Info:    Redeclaring text symbol \textbullet (encoding TS1) on i
nput line 137.
LaTeX Encoding Info:    Redeclaring text symbol \textcelsius (encoding TS1) on 
input line 138.
LaTeX Encoding Info:    Redeclaring text symbol \textdollaroldstyle (encoding T
S1) on input line 139.
LaTeX Encoding Info:    Redeclaring text symbol \textcentoldstyle (encoding TS1
) on input line 140.
LaTeX Encoding Info:    Redeclaring text symbol \textflorin (encoding TS1) on i
nput line 141.
LaTeX Encoding Info:    Redeclaring text symbol \textcolonmonetary (encoding TS
1) on input line 142.
LaTeX Encoding Info:    Redeclaring text symbol \textwon (encoding TS1) on inpu
t line 143.
LaTeX Encoding Info:    Redeclaring text symbol \textnaira (encoding TS1) on in
put line 144.
LaTeX Encoding Info:    Redeclaring text symbol \textguarani (encoding TS1) on 
input line 145.
LaTeX Encoding Info:    Redeclaring text symbol \textpeso (encoding TS1) on inp
ut line 146.
LaTeX Encoding Info:    Redeclaring text symbol \textlira (encoding TS1) on inp
ut line 147.
LaTeX Encoding Info:    Redeclaring text symbol \textrecipe (encoding TS1) on i
nput line 148.
LaTeX Encoding Info:    Redeclaring text symbol \textinterrobang (encoding TS1)
 on input line 149.
LaTeX Encoding Info:    Redeclaring text symbol \textinterrobangdown (encoding 
TS1) on input line 150.
LaTeX Encoding Info:    Redeclaring text symbol \textdong (encoding TS1) on inp
ut line 151.
LaTeX Encoding Info:    Redeclaring text symbol \texttrademark (encoding TS1) o
n input line 152.
LaTeX Encoding Info:    Redeclaring text symbol \textpertenthousand (encoding T
S1) on input line 153.
LaTeX Encoding Info:    Redeclaring text symbol \textpilcrow (encoding TS1) on 
input line 154.
LaTeX Encoding Info:    Redeclaring text symbol \textbaht (encoding TS1) on inp
ut line 155.
LaTeX Encoding Info:    Redeclaring text symbol \textnumero (encoding TS1) on i
nput line 156.
LaTeX Encoding Info:    Redeclaring text symbol \textdiscount (encoding TS1) on
 input line 157.
LaTeX Encoding Info:    Redeclaring text symbol \textestimated (encoding TS1) o
n input line 158.
LaTeX Encoding Info:    Redeclaring text symbol \textopenbullet (encoding TS1) 
on input line 159.
LaTeX Encoding Info:    Redeclaring text symbol \textservicemark (encoding TS1)
 on input line 160.
LaTeX Encoding Info:    Redeclaring text symbol \textlquill (encoding TS1) on i
nput line 161.
LaTeX Encoding Info:    Redeclaring text symbol \textrquill (encoding TS1) on i
nput line 162.
LaTeX Encoding Info:    Redeclaring text symbol \textcent (encoding TS1) on inp
ut line 163.
LaTeX Encoding Info:    Redeclaring text symbol \textsterling (encoding TS1) on
 input line 164.
LaTeX Encoding Info:    Redeclaring text symbol \textcurrency (encoding TS1) on
 input line 165.
LaTeX Encoding Info:    Redeclaring text symbol \textyen (encoding TS1) on inpu
t line 166.
LaTeX Encoding Info:    Redeclaring text symbol \textbrokenbar (encoding TS1) o
n input line 167.
LaTeX Encoding Info:    Redeclaring text symbol \textsection (encoding TS1) on 
input line 168.
LaTeX Encoding Info:    Redeclaring text symbol \textasciidieresis (encoding TS
1) on input line 169.
LaTeX Encoding Info:    Redeclaring text symbol \textcopyright (encoding TS1) o
n input line 170.
LaTeX Encoding Info:    Redeclaring text symbol \textordfeminine (encoding TS1)
 on input line 171.
LaTeX Encoding Info:    Redeclaring text symbol \textcopyleft (encoding TS1) on
 input line 172.
LaTeX Encoding Info:    Redeclaring text symbol \textlnot (encoding TS1) on inp
ut line 173.
LaTeX Encoding Info:    Redeclaring text symbol \textcircledP (encoding TS1) on
 input line 174.
LaTeX Encoding Info:    Redeclaring text symbol \textregistered (encoding TS1) 
on input line 175.
LaTeX Encoding Info:    Redeclaring text symbol \textasciimacron (encoding TS1)
 on input line 176.
LaTeX Encoding Info:    Redeclaring text symbol \textdegree (encoding TS1) on i
nput line 177.
LaTeX Encoding Info:    Redeclaring text symbol \textpm (encoding TS1) on input
 line 178.
LaTeX Encoding Info:    Redeclaring text symbol \texttwosuperior (encoding TS1)
 on input line 179.
LaTeX Encoding Info:    Redeclaring text symbol \textthreesuperior (encoding TS
1) on input line 180.
LaTeX Encoding Info:    Redeclaring text symbol \textasciiacute (encoding TS1) 
on input line 181.
LaTeX Encoding Info:    Redeclaring text symbol \textmu (encoding TS1) on input
 line 182.
LaTeX Encoding Info:    Redeclaring text symbol \textparagraph (encoding TS1) o
n input line 183.
LaTeX Encoding Info:    Redeclaring text symbol \textperiodcentered (encoding T
S1) on input line 184.
LaTeX Encoding Info:    Redeclaring text symbol \textreferencemark (encoding TS
1) on input line 185.
LaTeX Encoding Info:    Redeclaring text symbol \textonesuperior (encoding TS1)
 on input line 186.
LaTeX Encoding Info:    Redeclaring text symbol \textordmasculine (encoding TS1
) on input line 187.
LaTeX Encoding Info:    Redeclaring text symbol \textsurd (encoding TS1) on inp
ut line 188.
LaTeX Encoding Info:    Redeclaring text symbol \textonequarter (encoding TS1) 
on input line 189.
LaTeX Encoding Info:    Redeclaring text symbol \textonehalf (encoding TS1) on 
input line 190.
LaTeX Encoding Info:    Redeclaring text symbol \textthreequarters (encoding TS
1) on input line 191.
LaTeX Encoding Info:    Redeclaring text symbol \texteuro (encoding TS1) on inp
ut line 192.
LaTeX Encoding Info:    Redeclaring text symbol \texttimes (encoding TS1) on in
put line 193.
LaTeX Encoding Info:    Redeclaring text symbol \textdiv (encoding TS1) on inpu
t line 194.
))
(/usr/share/texmf-dist/tex/latex/amsmath/amsmath.sty
Package: amsmath 2025/07/09 v2.17z AMS math features
\@mathmargin=\skip51

For additional information on amsmath, use the `?' option.
(/usr/share/texmf-dist/tex/latex/amsmath/amstext.sty
Package: amstext 2024/11/17 v2.01 AMS text

(/usr/share/texmf-dist/tex/latex/amsmath/amsgen.sty
File: amsgen.sty 1999/11/30 v2.0 generic functions
\@emptytoks=\toks19
\ex@=\dimen161
))
(/usr/share/texmf-dist/tex/latex/amsmath/amsbsy.sty
Package: amsbsy 1999/11/29 v1.2d Bold Symbols
\pmbraise@=\dimen162
)
(/usr/share/texmf-dist/tex/latex/amsmath/amsopn.sty
Package: amsopn 2022/04/08 v2.04 operator names
)
\inf@bad=\count296
LaTeX Info: Redefining \frac on input line 233.
\uproot@=\count297
\leftroot@=\count298
LaTeX Info: Redefining \overline on input line 398.
LaTeX Info: Redefining \colon on input line 409.
\classnum@=\count299
\DOTSCASE@=\count300
LaTeX Info: Redefining \ldots on input line 495.
LaTeX Info: Redefining \dots on input line 498.
LaTeX Info: Redefining \cdots on input line 619.
\Mathstrutbox@=\box53
\strutbox@=\box54
LaTeX Info: Redefining \big on input line 721.
LaTeX Info: Redefining \Big on input line 722.
LaTeX Info: Redefining \bigg on input line 723.
LaTeX Info: Redefining \Bigg on input line 724.
\big@size=\dimen163
LaTeX Font Info:    Redeclaring font encoding OML on input line 742.
LaTeX Font Info:    Redeclaring font encoding OMS on input line 743.
\macc@depth=\count301
LaTeX Info: Redefining \bmod on input line 904.
LaTeX Info: Redefining \pmod on input line 909.
LaTeX Info: Redefining \smash on input line 939.
LaTeX Info: Redefining \relbar on input line 969.
LaTeX Info: Redefining \Relbar on input line 970.
\c@MaxMatrixCols=\count302
\dotsspace@=\muskip17
\c@parentequation=\count303
\dspbrk@lvl=\count304
\tag@help=\toks20
\row@=\count305
\column@=\count306
\maxfields@=\count307
\andhelp@=\toks21
\eqnshift@=\dimen164
\alignsep@=\dimen165
\tagshift@=\dimen166
\tagwidth@=\dimen167
\totwidth@=\dimen168
\lineht@=\dimen169
\@envbody=\toks22
\multlinegap=\skip52
\multlinetaggap=\skip53
\mathdisplay@stack=\toks23
LaTeX Info: Redefining \[ on input line 2950.
LaTeX Info: Redefining \] on input line 2951.
)
\g__um_fam_int=\count308
\g__um_fonts_used_int=\count309
\l__um_primecount_int=\count310
\g__um_primekern_muskip=\muskip18

(/usr/share/texmf-dist/tex/latex/unicode-math/unicode-math-table.tex)))

Package fontspec Info: 
(fontspec)             Font family 'texgyretermes-math.otf(0)' created for
(fontspec)             font 'texgyretermes-math.otf' with options
(fontspec)             [BoldItalicFont={},ItalicFont={},SmallCapsFont={},Script
=Math].
(fontspec)              
(fontspec)              This font family consists of the following NFSS
(fontspec)             series/shapes:
(fontspec)              
(fontspec)             - 'normal' (m/n) with NFSS spec.:
(fontspec)             <->"[texgyretermes-math.otf]/OT:script=math;language=dfl
t;"


Package fontspec Info: 
(fontspec)             Font family 'texgyretermes-math.otf(1)' created for
(fontspec)             font 'texgyretermes-math.otf' with options
(fontspec)             [BoldItalicFont={},ItalicFont={},SmallCapsFont={},Script
=Math,SizeFeatures={{Size=12.528-},{Size=9.288-12.528,Font=texgyretermes-math.o
tf,Style=MathScript},{Size=-9.288,Font=texgyretermes-math.otf,Style=MathScriptS
cript}}].
(fontspec)              
(fontspec)              This font family consists of the following NFSS
(fontspec)             series/shapes:
(fontspec)              
(fontspec)             - 'normal' (m/n) with NFSS spec.:
(fontspec)             <12.528->"[texgyretermes-math.otf]/OT:script=math;langua
ge=dflt;"<9.288-12.528>"[texgyretermes-math.otf]/OT:script=math;language=dflt;+
ssty=0;"<-9.288>"[texgyretermes-math.otf]/OT:script=math;language=dflt;+ssty=1;
"

LaTeX Font Info:    Encoding `OT1' has changed to `TU' for symbol font
(Font)              `operators' in the math version `normal' on input line 9.
LaTeX Font Info:    Overwriting symbol font `operators' in version `normal'
(Font)                  OT1/cmr/m/n --> TU/texgyretermes-math.otf(1)/m/n on inp
ut line 9.
LaTeX Font Info:    Encoding `OT1' has changed to `TU' for symbol font
(Font)              `operators' in the math version `bold' on input line 9.
LaTeX Font Info:    Overwriting symbol font `operators' in version `bold'
(Font)                  OT1/cmr/bx/n --> TU/texgyretermes-math.otf(1)/b/n on in
put line 9.

Package fontspec Info: 
(fontspec)             texgyretermes-math scale = 1.0001.


Package fontspec Info: 
(fontspec)             texgyretermes-math scale = 1.0001.


Package fontspec Info: 
(fontspec)             texgyretermes-math scale = 1.0001.


Package fontspec Info: 
(fontspec)             texgyretermes-math scale = 1.0001.


Package fontspec Info: 
(fontspec)             Font family 'texgyretermes-math.otf(2)' created for
(fontspec)             font 'texgyretermes-math.otf' with options
(fontspec)             [BoldItalicFont={},ItalicFont={},SmallCapsFont={},Script
=Math,SizeFeatures={{Size=12.528-},{Size=9.288-12.528,Font=texgyretermes-math.o
tf,Style=MathScript},{Size=-9.288,Font=texgyretermes-math.otf,Style=MathScriptS
cript}},ScaleAgain=1.0001,FontAdjustment={\fontdimen
(fontspec)             8\font =9.1296pt\relax \fontdimen 9\font =6.192pt\relax
(fontspec)             \fontdimen 10\font =6.192pt\relax \fontdimen 11\font
(fontspec)             =8.61119pt\relax \fontdimen 12\font =3.8304pt\relax
(fontspec)             \fontdimen 13\font =4.88159pt\relax \fontdimen 14\font
(fontspec)             =4.88159pt\relax \fontdimen 15\font =4.0896pt\relax
(fontspec)             \fontdimen 16\font =3.1968pt\relax \fontdimen 17\font
(fontspec)             =3.1968pt\relax \fontdimen 18\font =3.1968pt\relax
(fontspec)             \fontdimen 19\font =1.5984pt\relax \fontdimen 22\font
(fontspec)             =3.6pt\relax \fontdimen 20\font =0pt\relax \fontdimen
(fontspec)             21\font =0pt\relax }].
(fontspec)              
(fontspec)              This font family consists of the following NFSS
(fontspec)             series/shapes:
(fontspec)              
(fontspec)             - 'normal' (m/n) with NFSS spec.:
(fontspec)             <12.528->s*[1.0001]"[texgyretermes-math.otf]/OT:script=m
ath;language=dflt;"<9.288-12.528>s*[1.0001]"[texgyretermes-math.otf]/OT:script=
math;language=dflt;+ssty=0;"<-9.288>s*[1.0001]"[texgyretermes-math.otf]/OT:scri
pt=math;language=dflt;+ssty=1;"

LaTeX Font Info:    Encoding `OMS' has changed to `TU' for symbol font
(Font)              `symbols' in the math version `normal' on input line 9.
LaTeX Font Info:    Overwriting symbol font `symbols' in version `normal'
(Font)                  OMS/cmsy/m/n --> TU/texgyretermes-math.otf(2)/m/n on in
put line 9.
LaTeX Font Info:    Encoding `OMS' has changed to `TU' for symbol font
(Font)              `symbols' in the math version `bold' on input line 9.
LaTeX Font Info:    Overwriting symbol font `symbols' in version `bold'
(Font)                  OMS/cmsy/b/n --> TU/texgyretermes-math.otf(2)/b/n on in
put line 9.

Package fontspec Info: 
(fontspec)             texgyretermes-math scale = 0.9999.


Package fontspec Info: 
(fontspec)             texgyretermes-math scale = 0.9999.


Package fontspec Info: 
(fontspec)             texgyretermes-math scale = 0.9999.


Package fontspec Info: 
(fontspec)             texgyretermes-math scale = 0.9999.


Package fontspec Info: 
(fontspec)             Font family 'texgyretermes-math.otf(3)' created for
(fontspec)             font 'texgyretermes-math.otf' with options
(fontspec)             [BoldItalicFont={},ItalicFont={},SmallCapsFont={},Script
=Math,SizeFeatures={{Size=12.528-},{Size=9.288-12.528,Font=texgyretermes-math.o
tf,Style=MathScript},{Size=-9.288,Font=texgyretermes-math.otf,Style=MathScriptS
cript}},ScaleAgain=0.9999,FontAdjustment={\fontdimen
(fontspec)             8\font =0.7488pt\relax \fontdimen 9\font =1.44pt\relax
(fontspec)             \fontdimen 10\font =1.44pt\relax \fontdimen 11\font
(fontspec)             =1.44pt\relax \fontdimen 12\font =6.2352pt\relax
(fontspec)             \fontdimen 13\font =0pt\relax }].
(fontspec)              
(fontspec)              This font family consists of the following NFSS
(fontspec)             series/shapes:
(fontspec)              
(fontspec)             - 'normal' (m/n) with NFSS spec.:
(fontspec)             <12.528->s*[0.9999]"[texgyretermes-math.otf]/OT:script=m
ath;language=dflt;"<9.288-12.528>s*[0.9999]"[texgyretermes-math.otf]/OT:script=
math;language=dflt;+ssty=0;"<-9.288>s*[0.9999]"[texgyretermes-math.otf]/OT:scri
pt=math;language=dflt;+ssty=1;"

LaTeX Font Info:    Encoding `OMX' has changed to `TU' for symbol font
(Font)              `largesymbols' in the math version `normal' on input line 9
.
LaTeX Font Info:    Overwriting symbol font `largesymbols' in version `normal'
(Font)                  OMX/cmex/m/n --> TU/texgyretermes-math.otf(3)/m/n on in
put line 9.
LaTeX Font Info:    Encoding `OMX' has changed to `TU' for symbol font
(Font)              `largesymbols' in the math version `bold' on input line 9.
LaTeX Font Info:    Overwriting symbol font `largesymbols' in version `bold'
(Font)                  OMX/cmex/m/n --> TU/texgyretermes-math.otf(3)/b/n on in
put line 9.

(/usr/share/texmf-dist/tex/latex/graphics/graphicx.sty
Package: graphicx 2024/12/31 v1.2e Enhanced LaTeX Graphics (DPC,SPQR)

(/usr/share/texmf-dist/tex/latex/graphics/graphics.sty
Package: graphics 2024/08/06 v1.4g Standard LaTeX Graphics (DPC,SPQR)

(/usr/share/texmf-dist/tex/latex/graphics/trig.sty
Package: trig 2023/12/02 v1.11 sin cos tan (DPC)
)
(/usr/share/texmf-dist/tex/latex/graphics-cfg/graphics.cfg
File: graphics.cfg 2016/06/04 v1.11 sample graphics configuration
)
Package graphics Info: Driver file: xetex.def on input line 106.

(/usr/share/texmf-dist/tex/latex/graphics-def/xetex.def
File: xetex.def 2025/11/01 v5.0p Graphics/color driver for xetex
))
\Gin@req@height=\dimen170
\Gin@req@width=\dimen171
)
(/usr/share/texmf-dist/tex/latex/booktabs/booktabs.sty
Package: booktabs 2020/01/12 v1.61803398 Publication quality tables
\heavyrulewidth=\dimen172
\lightrulewidth=\dimen173
\cmidrulewidth=\dimen174
\belowrulesep=\dimen175
\belowbottomsep=\dimen176
\aboverulesep=\dimen177
\abovetopsep=\dimen178
\cmidrulesep=\dimen179
\cmidrulekern=\dimen180
\defaultaddspace=\dimen181
\@cmidla=\count311
\@cmidlb=\count312
\@aboverulesep=\dimen182
\@belowrulesep=\dimen183
\@thisruleclass=\count313
\@lastruleclass=\count314
\@thisrulewidth=\dimen184
)
(/usr/share/texmf-dist/tex/latex/tools/longtable.sty
Package: longtable 2025-10-13 v4.24 Multi-page Table package (DPC)
\LTleft=\skip54
\LTright=\skip55
\LTpre=\skip56
\LTpost=\skip57
\LTchunksize=\count315
\LTcapwidth=\dimen185
\LT@head=\box55
\LT@firsthead=\box56
\LT@foot=\box57
\LT@lastfoot=\box58
\LT@gbox=\box59
\LT@cols=\count316
\LT@rows=\count317
\c@LT@tables=\count318
\c@LT@chunks=\count319
\LT@p@ftn=\toks24
)
(/usr/share/texmf-dist/tex/latex/tools/array.sty
Package: array 2025/09/25 v2.6n Tabular extension package (FMi)
\col@sep=\dimen186
\ar@mcellbox=\box60
\extrarowheight=\dimen187
\NC@list=\toks25
\extratabsurround=\skip58
\backup@length=\skip59
\ar@cellbox=\box61
)
(/usr/share/texmf-dist/tex/latex/enumitem/enumitem.sty
Package: enumitem 2025/02/06 v3.11 Customized lists
\labelindent=\skip60
\enit@outerparindent=\dimen188
\enit@toks=\toks26
\enit@inbox=\box62
\enit@count@id=\count320
\enitdp@description=\count321
)
(/usr/share/texmf-dist/tex/latex/titlesec/titlesec.sty
Package: titlesec 2025/01/04 v2.17 Sectioning titles
\ttl@box=\box63
\beforetitleunit=\skip61
\aftertitleunit=\skip62
\ttl@plus=\dimen189
\ttl@minus=\dimen190
\ttl@toksa=\toks27
\titlewidth=\dimen191
\titlewidthlast=\dimen192
\titlewidthfirst=\dimen193
)
(/usr/share/texmf-dist/tex/latex/fancyhdr/fancyhdr.sty
Package: fancyhdr 2025/02/07 v5.2 Extensive control of page headers and footers

\f@nch@headwidth=\skip63
\f@nch@offset@elh=\skip64
\f@nch@offset@erh=\skip65
\f@nch@offset@olh=\skip66
\f@nch@offset@orh=\skip67
\f@nch@offset@elf=\skip68
\f@nch@offset@erf=\skip69
\f@nch@offset@olf=\skip70
\f@nch@offset@orf=\skip71
\f@nch@height=\skip72
\f@nch@footalignment=\skip73
\f@nch@widthL=\skip74
\f@nch@widthC=\skip75
\f@nch@widthR=\skip76
\@temptokenb=\toks28
)
(/usr/share/texmf-dist/tex/latex/hyperref/hyperref.sty
Package: hyperref 2026-01-29 v7.01p Hypertext links for LaTeX

(/usr/share/texmf-dist/tex/latex/kvsetkeys/kvsetkeys.sty
Package: kvsetkeys 2022-10-05 v1.19 Key value parser (HO)
)
(/usr/share/texmf-dist/tex/generic/kvdefinekeys/kvdefinekeys.sty
Package: kvdefinekeys 2019-12-19 v1.6 Define keys (HO)
)
(/usr/share/texmf-dist/tex/generic/pdfescape/pdfescape.sty
Package: pdfescape 2019/12/09 v1.15 Implements pdfTeX's escape features (HO)

(/usr/share/texmf-dist/tex/generic/ltxcmds/ltxcmds.sty
Package: ltxcmds 2023-12-04 v1.26 LaTeX kernel commands for general use (HO)
)
(/usr/share/texmf-dist/tex/generic/pdftexcmds/pdftexcmds.sty
Package: pdftexcmds 2020-06-27 v0.33 Utility functions of pdfTeX for LuaTeX (HO
)

(/usr/share/texmf-dist/tex/generic/infwarerr/infwarerr.sty
Package: infwarerr 2019/12/03 v1.5 Providing info/warning/error messages (HO)
)
Package pdftexcmds Info: \pdf@primitive is available.
Package pdftexcmds Info: \pdf@ifprimitive is available.
Package pdftexcmds Info: \pdfdraftmode not found.
))
(/usr/share/texmf-dist/tex/latex/hycolor/hycolor.sty
Package: hycolor 2020-01-27 v1.10 Color options for hyperref/bookmark (HO)
)
(/usr/share/texmf-dist/tex/latex/hyperref/nameref.sty
Package: nameref 2026-01-29 v2.58 Cross-referencing by name of section

(/usr/share/texmf-dist/tex/latex/refcount/refcount.sty
Package: refcount 2019/12/15 v3.6 Data extraction from label references (HO)
)
(/usr/share/texmf-dist/tex/generic/gettitlestring/gettitlestring.sty
Package: gettitlestring 2019/12/15 v1.6 Cleanup title references (HO)

(/usr/share/texmf-dist/tex/latex/kvoptions/kvoptions.sty
Package: kvoptions 2022-06-15 v3.15 Key value format for package options (HO)
))
\c@section@level=\count322
)
(/usr/share/texmf-dist/tex/latex/etoolbox/etoolbox.sty
Package: etoolbox 2025/10/02 v2.5m e-TeX tools for LaTeX (JAW)
\etb@tempcnta=\count323
)
(/usr/share/texmf-dist/tex/generic/stringenc/stringenc.sty
Package: stringenc 2019/11/29 v1.12 Convert strings between diff. encodings (HO
)
)
\@linkdim=\dimen194
\Hy@linkcounter=\count324
\Hy@pagecounter=\count325

(/usr/share/texmf-dist/tex/latex/hyperref/pd1enc.def
File: pd1enc.def 2026-01-29 v7.01p Hyperref: PDFDocEncoding definition (HO)
)
(/usr/share/texmf-dist/tex/generic/intcalc/intcalc.sty
Package: intcalc 2019/12/15 v1.3 Expandable calculations with integers (HO)
)
\Hy@SavedSpaceFactor=\count326

(/usr/share/texmf-dist/tex/latex/hyperref/puenc.def
File: puenc.def 2026-01-29 v7.01p Hyperref: PDF Unicode definition (HO)
)
Package hyperref Info: Option `unicode' set `true' on input line 4072.
Package hyperref Info: Hyper figures OFF on input line 4201.
Package hyperref Info: Link nesting OFF on input line 4206.
Package hyperref Info: Hyper index ON on input line 4209.
Package hyperref Info: Plain pages OFF on input line 4216.
Package hyperref Info: Backreferencing OFF on input line 4221.
Package hyperref Info: Implicit mode ON; LaTeX internals redefined.
Package hyperref Info: Bookmarks ON on input line 4468.
\c@Hy@tempcnt=\count327

(/usr/share/texmf-dist/tex/latex/url/url.sty
\Urlmuskip=\muskip19
Package: url 2013/09/16  ver 3.4  Verb mode for urls, etc.
)
LaTeX Info: Redefining \url on input line 4807.
\XeTeXLinkMargin=\dimen195

(/usr/share/texmf-dist/tex/generic/bitset/bitset.sty
Package: bitset 2019/12/09 v1.3 Handle bit-vector datatype (HO)

(/usr/share/texmf-dist/tex/generic/bigintcalc/bigintcalc.sty
Package: bigintcalc 2019/12/15 v1.5 Expandable calculations on big integers (HO
)
))
\Fld@menulength=\count328
\Field@Width=\dimen196
\Fld@charsize=\dimen197
Package hyperref Info: Hyper figures OFF on input line 6084.
Package hyperref Info: Link nesting OFF on input line 6089.
Package hyperref Info: Hyper index ON on input line 6092.
Package hyperref Info: backreferencing OFF on input line 6099.
Package hyperref Info: Link coloring OFF on input line 6104.
Package hyperref Info: Link coloring with OCG OFF on input line 6109.
Package hyperref Info: PDF/A mode OFF on input line 6114.
\Hy@abspage=\count329
\c@Item=\count330
\c@Hfootnote=\count331
)
Package hyperref Info: Driver (autodetected): hxetex.

(/usr/share/texmf-dist/tex/latex/hyperref/hxetex.def
File: hxetex.def 2026-01-29 v7.01p Hyperref driver for XeTeX
\pdfm@box=\box64
\c@Hy@AnnotLevel=\count332
\HyField@AnnotCount=\count333
\Fld@listcount=\count334
\c@bookmark@seq@number=\count335

(/usr/share/texmf-dist/tex/latex/rerunfilecheck/rerunfilecheck.sty
Package: rerunfilecheck 2025-06-21 v1.11 Rerun checks for auxiliary files (HO)

(/usr/share/texmf-dist/tex/generic/uniquecounter/uniquecounter.sty
Package: uniquecounter 2019/12/15 v1.4 Provide unlimited unique counter (HO)
)
Package uniquecounter Info: New unique counter `rerunfilecheck' on input line 2
84.
)
\Hy@SectionHShift=\skip77
)
Font mapping `tex-text.tec' for font `Liberation Serif' not found.

(/home/xola/GitHub/Solial Registry/results/documents/normative_act_draft_ru.aux
)
\openout1 = `normative_act_draft_ru.aux'.

LaTeX Font Info:    Checking defaults for OML/cmm/m/it on input line 39.
LaTeX Font Info:    ... okay on input line 39.
LaTeX Font Info:    Checking defaults for OMS/cmsy/m/n on input line 39.
LaTeX Font Info:    ... okay on input line 39.
LaTeX Font Info:    Checking defaults for OT1/cmr/m/n on input line 39.
LaTeX Font Info:    ... okay on input line 39.
LaTeX Font Info:    Checking defaults for T1/cmr/m/n on input line 39.
LaTeX Font Info:    ... okay on input line 39.
LaTeX Font Info:    Checking defaults for TS1/cmr/m/n on input line 39.
LaTeX Font Info:    ... okay on input line 39.
LaTeX Font Info:    Checking defaults for TU/lmr/m/n on input line 39.
LaTeX Font Info:    ... okay on input line 39.
LaTeX Font Info:    Checking defaults for OMX/cmex/m/n on input line 39.
LaTeX Font Info:    ... okay on input line 39.
LaTeX Font Info:    Checking defaults for U/cmr/m/n on input line 39.
LaTeX Font Info:    ... okay on input line 39.
LaTeX Font Info:    Checking defaults for PD1/pdf/m/n on input line 39.
LaTeX Font Info:    ... okay on input line 39.
LaTeX Font Info:    Checking defaults for PU/pdf/m/n on input line 39.
LaTeX Font Info:    ... okay on input line 39.

*geometry* driver: auto-detecting
*geometry* detected driver: xetex
*geometry* verbose mode - [ preamble ] result:
* driver: xetex
* paper: a4paper
* layout: <same size as paper>
* layoutoffset:(h,v)=(0.0pt,0.0pt)
* modes: 
* h-part:(L,W,R)=(85.35826pt, 455.24411pt, 56.9055pt)
* v-part:(T,H,B)=(56.9055pt, 731.23584pt, 56.9055pt)
* \paperwidth=597.50787pt
* \paperheight=845.04684pt
* \textwidth=455.24411pt
* \textheight=731.23584pt
* \oddsidemargin=13.08827pt
* \evensidemargin=13.08827pt
* \topmargin=-58.36449pt
* \headheight=18.0pt
* \headsep=25.0pt
* \topskip=14.0pt
* \footskip=30.0pt
* \marginparwidth=15.0pt
* \marginparsep=10.0pt
* \columnsep=10.0pt
* \skip\footins=12.0pt plus 4.0pt minus 2.0pt
* \hoffset=0.0pt
* \voffset=0.0pt
* \mag=1000
* \@twocolumnfalse
* \@twosidefalse
* \@mparswitchfalse
* \@reversemarginfalse
* (1in=72.27pt=25.4mm, 1cm=28.453pt)

LaTeX Font Info:    Overwriting math alphabet `\mathrm' in version `normal'
(Font)                  TU/texgyretermes-math.otf(1)/m/n --> TU/LiberationSerif
(0)/m/n on input line 39.
LaTeX Font Info:    Overwriting math alphabet `\mathit' in version `normal'
(Font)                  OT1/cmr/m/it --> TU/LiberationSerif(0)/m/it on input li
ne 39.
LaTeX Font Info:    Overwriting math alphabet `\mathbf' in version `normal'
(Font)                  OT1/cmr/bx/n --> TU/LiberationSerif(0)/b/n on input lin
e 39.
LaTeX Font Info:    Overwriting math alphabet `\mathsf' in version `normal'
(Font)                  OT1/cmss/m/n --> TU/LiberationSerif(0)/m/n on input lin
e 39.
LaTeX Font Info:    Overwriting math alphabet `\mathsf' in version `bold'
(Font)                  OT1/cmss/bx/n --> TU/LiberationSerif(0)/b/n on input li
ne 39.
LaTeX Font Info:    Overwriting math alphabet `\mathtt' in version `normal'
(Font)                  OT1/cmtt/m/n --> TU/LiberationMono(0)/m/n on input line
 39.
LaTeX Font Info:    Overwriting math alphabet `\mathtt' in version `bold'
(Font)                  OT1/cmtt/m/n --> TU/LiberationMono(0)/b/n on input line
 39.
Package hyperref Info: Link coloring OFF on input line 39.

(/home/xola/GitHub/Solial Registry/results/documents/normative_act_draft_ru.out
)
(/home/xola/GitHub/Solial Registry/results/documents/normative_act_draft_ru.out
)
\@outlinefile=\write3
\openout3 = `normative_act_draft_ru.out'.

Font mapping `tex-text.tec' for font `Liberation Serif Bold' not found.

Underfull \hbox (badness 10000) in paragraph at lines 45--46
\TU/LiberationSerif(0)/m/n/14.05249 Авторское предложение по пункту 14 PF-193. 
Основная русская
 []


Underfull \hbox (badness 1831) in paragraph at lines 47--48
[]\TU/LiberationSerif(0)/m/n/14.05249 1. Утвердить согласно приложению порядок 
проверки расчётов
 []


Underfull \hbox (badness 2401) in paragraph at lines 47--48
\TU/LiberationSerif(0)/m/n/14.05249 методики многомерной оценки, применяемой пр
и включении семей в
 []


Underfull \hbox (badness 6032) in paragraph at lines 47--48
\TU/LiberationSerif(0)/m/n/14.05249 Социальный реестр, распределении по категор
иям и направлении к
 []


Underfull \hbox (badness 10000) in paragraph at lines 51--52
[]\TU/LiberationSerif(0)/m/n/14.05249 3. Агентству обеспечить проверку соответс
твия расчётов
 []


Underfull \hbox (badness 2653) in paragraph at lines 53--54
\TU/LiberationSerif(0)/m/n/14.05249 методики и проверочных материалов в порядке
 статьи 22 Закона «О
 []


Underfull \hbox (badness 1742) in paragraph at lines 53--54
\TU/LiberationSerif(0)/m/n/14.05249 нормативно-правовых актах». В рабочую групп
у могут включаться с
 []


Underfull \hbox (badness 10000) in paragraph at lines 53--54
\TU/LiberationSerif(0)/m/n/14.05249 и утвердить внутренний технический
 []


Underfull \hbox (badness 10000) in paragraph at lines 55--56
[]\TU/LiberationSerif(0)/m/n/14.05249 5. Агентству и Министерству согласовать
 []


Underfull \hbox (badness 3919) in paragraph at lines 55--56
\TU/LiberationSerif(0)/m/n/14.05249 применения затронутого правила. Противоречи
е вышестоящего акта
 []

[1

]
Underfull \hbox (badness 2608) in paragraph at lines 57--58
\TU/LiberationSerif(0)/m/n/14.05249 технического согласования и управления изме
нениями. Использовать
 []


Underfull \hbox (badness 2644) in paragraph at lines 57--58
\TU/LiberationSerif(0)/m/n/14.05249 действующие спецификации, тесты, записи и з
аконный контроль при
 []


Underfull \hbox (badness 3148) in paragraph at lines 57--58
\TU/LiberationSerif(0)/m/n/14.05249 и закупок. До обязательства дополнительных 
расходов Агентству и
 []


Underfull \hbox (badness 2744) in paragraph at lines 57--58
\TU/LiberationSerif(0)/m/n/14.05249 Министерству определить дополнительные рабо
ты, назначенное время
 []


Underfull \hbox (badness 10000) in paragraph at lines 57--58
\TU/LiberationSerif(0)/m/n/14.05249 обработки
 []


Underfull \hbox (badness 10000) in paragraph at lines 59--60
\TU/LiberationSerif(0)/m/n/14.05249 законное правило, требуемые технические сог
ласования, результаты
 []

[2]
Font mapping `tex-text.tec' for font `Liberation Serif' not found.

Underfull \hbox (badness 10000) in paragraph at lines 65--66
\TU/LiberationSerif(0)/m/n/14.05249 1. Порядок
 []


Underfull \hbox (badness 1810) in paragraph at lines 65--66
\TU/LiberationSerif(0)/m/n/14.05249 случаи проверяются до внедрения и относящих
ся к ним изменений в
 []


Underfull \hbox (badness 10000) in paragraph at lines 71--72
\TU/LiberationSerif(0)/m/n/14.05249 методики, идентификатора программного выпус
ка и конфигурации
 []


Underfull \hbox (badness 5302) in paragraph at lines 75--76
[]\TU/LiberationSerif(0)/b/n/14.05249 неразрешённые данные \TU/LiberationSerif(
0)/m/n/14.05249 — отсутствующие, неподтверждённые,
 []


Underfull \hbox (badness 3189) in paragraph at lines 77--78
[]\TU/LiberationSerif(0)/b/n/14.05249 контрольный расчёт \TU/LiberationSerif(0)
/m/n/14.05249 — результат независимого повторения по
 []


Underfull \hbox (badness 1990) in paragraph at lines 82--83
\TU/LiberationSerif(0)/m/n/14.05249 уполномоченный источник, единицу, учитываем
ый период, требования
 []


Underfull \hbox (badness 10000) in paragraph at lines 82--83
\TU/LiberationSerif(0)/m/n/14.05249 повторяющиеся либо пересекающиеся
 []


Underfull \hbox (badness 2359) in paragraph at lines 82--83
\TU/LiberationSerif(0)/m/n/14.05249 сведения и исключения определяются в соотве
тствии с утверждённой
 []

[1

]
Underfull \hbox (badness 10000) in paragraph at lines 84--85
[]\TU/LiberationSerif(0)/m/n/14.05249 5. Описание охватывает
 []


Underfull \hbox (badness 2799) in paragraph at lines 84--85
\TU/LiberationSerif(0)/m/n/14.05249 и границы категорий. Указывается категория 
при точном равенстве.
 []


Underfull \hbox (badness 4899) in paragraph at lines 84--85
\TU/LiberationSerif(0)/m/n/14.05249 После применения законных исключений и прио
ритетов проверяется
 []


Underfull \hbox (badness 2293) in paragraph at lines 86--87
\TU/LiberationSerif(0)/m/n/14.05249 Правовая методика, программный выпуск и кон
фигурация параметров
 []


Underfull \hbox (badness 10000) in paragraph at lines 86--87
\TU/LiberationSerif(0)/m/n/14.05249 имеют отдельно различимые
 []


Underfull \hbox (badness 1226) in paragraph at lines 86--87
\TU/LiberationSerif(0)/m/n/14.05249 Конфигурация определяет сопоставление источ
ников, преобразования и
 []


Underfull \hbox (badness 3989) in paragraph at lines 91--92
\TU/LiberationSerif(0)/m/n/14.05249 раздельно. Для использованной записи фиксир
уются идентификатор
 []


Underfull \hbox (badness 5050) in paragraph at lines 91--92
\TU/LiberationSerif(0)/m/n/14.05249 источника и записи, относящийся к ней перио
д, дата получения и
 []


Underfull \hbox (badness 1107) in paragraph at lines 91--92
\TU/LiberationSerif(0)/m/n/14.05249 применённое преобразование. Для конфликта с
охраняются обе версии
 []

[2]
Underfull \hbox (badness 2735) in paragraph at lines 93--94
[]\TU/LiberationSerif(0)/m/n/14.05249 9. Не допускается автоматически приравнив
ать неразрешённые
 []


Underfull \hbox (badness 7925) in paragraph at lines 93--94
\TU/LiberationSerif(0)/m/n/14.05249 данные к ухудшающему положение семьи значен
ию. При прямо
 []


Underfull \hbox (badness 10000) in paragraph at lines 95--96
[]\TU/LiberationSerif(0)/m/n/14.05249 10. При невозможности
 []


Underfull \hbox (badness 10000) in paragraph at lines 95--96
\TU/LiberationSerif(0)/m/n/14.05249 подразделению; неопределённость правового
 []


Underfull \hbox (badness 1237) in paragraph at lines 95--96
\TU/LiberationSerif(0)/m/n/14.05249 правила рассматривается методическим подраз
делением и юридической
 []


Underfull \hbox (badness 2158) in paragraph at lines 95--96
\TU/LiberationSerif(0)/m/n/14.05249 вносится компетентному органу. Работники Аг
ентства не подменяют
 []


Underfull \hbox (badness 6252) in paragraph at lines 95--96
\TU/LiberationSerif(0)/m/n/14.05249 вопрос руководителю до истечения срока. Сос
тояние не является
 []


Underfull \hbox (badness 1728) in paragraph at lines 95--96
\TU/LiberationSerif(0)/m/n/14.05249 новым основанием отказа или прекращения. До
кумент семьи вместо
 []


Underfull \hbox (badness 10000) in paragraph at lines 97--98
\TU/LiberationSerif(0)/m/n/14.05249 электронных данных уполномоченное должностн
ое лицо фиксирует
 []


Underfull \hbox (badness 4048) in paragraph at lines 97--98
\TU/LiberationSerif(0)/m/n/14.05249 Такие расчёты отдельно отмечаются; после во
сстановления проверка
 []


Underfull \hbox (badness 5771) in paragraph at lines 97--98
\TU/LiberationSerif(0)/m/n/14.05249 и необходимый повторный расчёт выполняются 
по законодательству.
 []


Underfull \hbox (badness 4832) in paragraph at lines 97--98
\TU/LiberationSerif(0)/m/n/14.05249 сопоставляются временный и восстановленный 
расчёты, сохраняются
 []


Underfull \hbox (badness 10000) in paragraph at lines 100--101
\TU/LiberationSerif(0)/m/n/14.05249 или основание решения,
 []


Underfull \hbox (badness 4647) in paragraph at lines 100--101
\TU/LiberationSerif(0)/m/n/14.05249 реализация сравнивается с независимо обосно
ванными контрольными
 []


Underfull \hbox (badness 1466) in paragraph at lines 100--101
\TU/LiberationSerif(0)/m/n/14.05249 даты действия. Документированный эквивалент
ный тест используется
 []


Underfull \hbox (badness 2635) in paragraph at lines 100--101
\TU/LiberationSerif(0)/m/n/14.05249 без повторения только ради настоящего Поряд
ка. Ожидаемый ответ
 []


Underfull \hbox (badness 6741) in paragraph at lines 100--101
\TU/LiberationSerif(0)/m/n/14.05249 случаев. Пропуск применимого пути, пустой с
остав сравнения и
 []

[3]
Underfull \hbox (badness 1755) in paragraph at lines 102--103
\TU/LiberationSerif(0)/m/n/14.05249 сравнение и условия оценки. Последующие изм
енения записываются
 []


Underfull \hbox (badness 2452) in paragraph at lines 102--103
\TU/LiberationSerif(0)/m/n/14.05249 с причиной. Синтетические результаты не док
азывают правильность
 []


Underfull \hbox (badness 3657) in paragraph at lines 104--105
[]\TU/LiberationSerif(0)/m/n/14.05249 14. Несоответствия балла и категории учит
ываются отдельно.
 []


Underfull \hbox (badness 1281) in paragraph at lines 104--105
\TU/LiberationSerif(0)/m/n/14.05249 содержание изменения. Неясные случаи не скр
ываются и отделяются
 []


Underfull \hbox (badness 10000) in paragraph at lines 104--105
\TU/LiberationSerif(0)/m/n/14.05249 расчётах при одном утверждённом правиле и о
динаковых
 []


Underfull \hbox (badness 2452) in paragraph at lines 108--109
[]\TU/LiberationSerif(0)/m/n/14.05249 16. Протокол указывает утверждённое прави
ло и проверяемую
 []


Underfull \hbox (badness 1331) in paragraph at lines 108--109
\TU/LiberationSerif(0)/m/n/14.05249 реализацию, область и основание проверки, и
сполнителей, результаты,
 []


Underfull \hbox (badness 10000) in paragraph at lines 108--109
\TU/LiberationSerif(0)/m/n/14.05249 непроверенные и неразрешённые вопросы, выяв
ленные
 []


Underfull \hbox (badness 4156) in paragraph at lines 110--111
\TU/LiberationSerif(0)/m/n/14.05249 компетентным органом. Непроверенная версия 
не используется как
 []


Underfull \hbox (badness 10000) in paragraph at lines 110--111
\TU/LiberationSerif(0)/m/n/14.05249 или законной помощи.
 []


Underfull \hbox (badness 1655) in paragraph at lines 110--111
\TU/LiberationSerif(0)/m/n/14.05249 затронутые решения, ответственный исполните
ль, способ исправления,
 []


Underfull \hbox (badness 1009) in paragraph at lines 110--111
\TU/LiberationSerif(0)/m/n/14.05249 расчётные пути проверяются повторно; при не
возможности определить
 []

[4]
Underfull \hbox (badness 6078) in paragraph at lines 113--114
\TU/LiberationSerif(0)/m/n/14.05249 пункта 6. Взаимно компенсирующие расхождени
я компонентов не
 []


Underfull \hbox (badness 1242) in paragraph at lines 115--116
[]\TU/LiberationSerif(0)/m/n/14.05249 19. Вместе с решением через личный кабине
т предоставляются
 []


Underfull \hbox (badness 10000) in paragraph at lines 117--118
\TU/LiberationSerif(0)/m/n/14.05249 обработки рассматривает
 []


Underfull \hbox (badness 4341) in paragraph at lines 117--118
\TU/LiberationSerif(0)/m/n/14.05249 Исправление данных направляется уполномочен
ному источнику. По
 []


Underfull \hbox (badness 6220) in paragraph at lines 117--118
\TU/LiberationSerif(0)/m/n/14.05249 персональные данные не позднее трёх дней с 
момента обращения;
 []


Underfull \hbox (badness 3525) in paragraph at lines 117--118
\TU/LiberationSerif(0)/m/n/14.05249 Неподведомственное вычислительное возражени
е по этой причине не
 []


Underfull \hbox (badness 4013) in paragraph at lines 117--118
\TU/LiberationSerif(0)/m/n/14.05249 оставляется без рассмотрения, а направляетс
я компетентному органу.
 []


Underfull \hbox (badness 3354) in paragraph at lines 117--118
\TU/LiberationSerif(0)/m/n/14.05249 Сохраняются законные судебные и иные способ
ы и сроки. Нового
 []


Underfull \hbox (badness 10000) in paragraph at lines 120--121
\TU/LiberationSerif(0)/m/n/14.05249 21. До научного использования определяются
 []

[5]
Underfull \hbox (badness 3088) in paragraph at lines 122--123
[]\TU/LiberationSerif(0)/m/n/14.05249 22. Исследовательский расчёт выполняется 
в среде Агентства.
 []


Underfull \hbox (badness 4454) in paragraph at lines 122--123
\TU/LiberationSerif(0)/m/n/14.05249 Порядок не даёт внешнему участнику права по
лучить персональные
 []


Underfull \hbox (badness 4072) in paragraph at lines 122--123
\TU/LiberationSerif(0)/m/n/14.05249 данные. Защищённые записи, идентифицирующие
 малые группы и
 []


Underfull \hbox (badness 2970) in paragraph at lines 122--123
\TU/LiberationSerif(0)/m/n/14.05249 и включение их в открытые журналы не допуск
аются. Разрешение
 []


Underfull \hbox (badness 1275) in paragraph at lines 122--123
\TU/LiberationSerif(0)/m/n/14.05249 на запуск и результаты контроля раскрытия ф
иксируются в протоколе.
 []


Underfull \hbox (badness 1337) in paragraph at lines 124--125
[]\TU/LiberationSerif(0)/m/n/14.05249 23. Протокол проверки хранится внутри Аге
нтства совместно с
 []


Underfull \hbox (badness 10000) in paragraph at lines 124--125
\TU/LiberationSerif(0)/m/n/14.05249 создания повторного журнала. Раскрытие
 []


Underfull \hbox (badness 3601) in paragraph at lines 124--125
\TU/LiberationSerif(0)/m/n/14.05249 разрешена, проверяется на раскрытие, указыв
ает область и пределы;
 []


Underfull \hbox (badness 10000) in paragraph at lines 126--127
[]\TU/LiberationSerif(0)/m/n/14.05249 24. Контроль хранения версий, результатов
 и
 []


Underfull \hbox (badness 1297) in paragraph at lines 126--127
\TU/LiberationSerif(0)/m/n/14.05249 служит совершенствованию методики, не самос
тоятельному основанию
 []


Underfull \hbox (badness 10000) in paragraph at lines 129--130
\TU/LiberationSerif(0)/m/n/14.05249 результаты независимых контролей,
 []


Underfull \hbox (badness 3058) in paragraph at lines 129--130
\TU/LiberationSerif(0)/m/n/14.05249 подтверждение не заменяет компетентное техн
ическое согласование и
 []


Underfull \hbox (badness 1748) in paragraph at lines 129--130
\TU/LiberationSerif(0)/m/n/14.05249 нуждаемости или официальное толкование. Док
азанное влияющее на
 []

[6]
Underfull \hbox (badness 1466) in paragraph at lines 131--132
[]\TU/LiberationSerif(0)/m/n/14.05249 26. Выпуск с доказанным расхождением балл
а, категории либо
 []


Underfull \hbox (badness 1616) in paragraph at lines 131--132
\TU/LiberationSerif(0)/m/n/14.05249 повторно до их внедрения. Незатронутые пути
 продолжаются только
 []


Underfull \hbox (badness 5475) in paragraph at lines 131--132
\TU/LiberationSerif(0)/m/n/14.05249 контролей и пригодности к работе; возраст в
ыпуска не продлевает
 []


Underfull \hbox (badness 3312) in paragraph at lines 131--132
\TU/LiberationSerif(0)/m/n/14.05249 отменённую методику. При выявлении дефекта 
в работе системное
 []


Underfull \hbox (badness 2617) in paragraph at lines 131--132
\TU/LiberationSerif(0)/m/n/14.05249 обмена действует только в своей законной пр
едметной области. Не
 []


Underfull \hbox (badness 6141) in paragraph at lines 131--132
\TU/LiberationSerif(0)/m/n/14.05249 Отсутствующее либо противоречивое правовое 
правило Агентство и
 []


Underfull \hbox (badness 2111) in paragraph at lines 131--132
\TU/LiberationSerif(0)/m/n/14.05249 Министерство вносят компетентному принимающ
ему или толкующему
 []


Underfull \hbox (badness 10000) in paragraph at lines 133--134
\TU/LiberationSerif(0)/m/n/14.05249 выплату. Изменение, продолжение и взыскание
 решаются
 []


Underfull \hbox (badness 2334) in paragraph at lines 133--134
\TU/LiberationSerif(0)/m/n/14.05249 пересмотра указывает, исправлены ли исходны
е сведения, исполнение
 []


Underfull \hbox (badness 2726) in paragraph at lines 133--134
\TU/LiberationSerif(0)/m/n/14.05249 прежнего правила или само правовое правило;
 сохраняются прежние
 []


Underfull \hbox (badness 1184) in paragraph at lines 133--134
\TU/LiberationSerif(0)/m/n/14.05249 и исправленные компоненты, применимая дата 
и основания изменения
 []


Underfull \hbox (badness 2343) in paragraph at lines 133--134
\TU/LiberationSerif(0)/m/n/14.05249 индивидуального решения. Перечень затронуты
х дел и результат их
 []

[7]
Underfull \hbox (badness 6063) in paragraph at lines 135--136
[]\TU/LiberationSerif(0)/m/n/14.05249 28. Агентство определяет категории записе
й, законный срок
 []


Underfull \hbox (badness 3701) in paragraph at lines 135--136
\TU/LiberationSerif(0)/m/n/14.05249 и основание хранения, доступ, историю испра
влений, обезличивание
 []


Underfull \hbox (badness 3219) in paragraph at lines 135--136
\TU/LiberationSerif(0)/m/n/14.05249 или уничтожение. Порядок не устанавливает б
ессрочного хранения.
 []


Underfull \hbox (badness 6575) in paragraph at lines 135--136
\TU/LiberationSerif(0)/m/n/14.05249 При истечении основания или срока данные ун
ичтожаются либо в
 []


Underfull \hbox (badness 2547) in paragraph at lines 135--136
\TU/LiberationSerif(0)/m/n/14.05249 требованиям. Когда уничтожение обязательно,
 обезличивание его не
 []


Underfull \hbox (badness 2277) in paragraph at lines 135--136
\TU/LiberationSerif(0)/m/n/14.05249 исходные значения, расчётные следы, контрол
ьные протоколы, записи
 []


Underfull \hbox (badness 1721) in paragraph at lines 135--136
\TU/LiberationSerif(0)/m/n/14.05249 исправлений и обращения раздельно. Для кажд
ой указываются цель,
 []


Underfull \hbox (badness 2529) in paragraph at lines 135--136
\TU/LiberationSerif(0)/m/n/14.05249 регистрируются; проверяющим предоставляется
 необходимый объём в
 []

[8]
Underfull \hbox (badness 10000) in paragraph at lines 140--141
\TU/LiberationSerif(0)/m/n/14.05249 подготовке методики многомерной оценки для 
утверждения
 []


Underfull \hbox (badness 7415) in paragraph at lines 140--141
\TU/LiberationSerif(0)/m/n/14.05249 влияющие на категорию пороги, равенство, пр
иоритет исключений,
 []


Underfull \hbox (badness 2005) in paragraph at lines 140--141
\TU/LiberationSerif(0)/m/n/14.05249 и округление в той части, где они устанавли
вают условие признания
 []


Underfull \hbox (badness 4913) in paragraph at lines 140--141
\TU/LiberationSerif(0)/m/n/14.05249 или отказа. Указываются компетентный акт, н
ачало применения и
 []


Underfull \hbox (badness 2359) in paragraph at lines 140--141
\TU/LiberationSerif(0)/m/n/14.05249 регистрации. Прямо предусмотренные законода
тельством полномочия
 []


Underfull \hbox (badness 10000) in paragraph at lines 142--143
\TU/LiberationSerif(0)/m/n/14.05249 методике и проверку затронутых правил
 []


Underfull \hbox (badness 4303) in paragraph at lines 142--143
\TU/LiberationSerif(0)/m/n/14.05249 используются без дублирования. Результат св
язывается с правовым
 []


Underfull \hbox (badness 1077) in paragraph at lines 142--143
\TU/LiberationSerif(0)/m/n/14.05249 и подтверждённой пригодности. Затронутые ин
дивидуальные решения
 []


Underfull \hbox (badness 10000) in paragraph at lines 144--145
\TU/LiberationSerif(0)/m/n/14.05249 законно
 []


Underfull \hbox (badness 1337) in paragraph at lines 144--145
\TU/LiberationSerif(0)/m/n/14.05249 необходимую запись применённого правового п
равила, версии расчёта,
 []


Underfull \hbox (badness 3229) in paragraph at lines 144--145
\TU/LiberationSerif(0)/m/n/14.05249 исходных значений и периодов, основных прео
бразований, вменения,
 []

[9

]
Underfull \hbox (badness 5490) in paragraph at lines 146--147
\TU/LiberationSerif(0)/m/n/14.05249 органу и применяется по законно установленн
ой дате; исправление
 []


Underfull \hbox (badness 10000) in paragraph at lines 146--147
\TU/LiberationSerif(0)/m/n/14.05249 прямо разрешает временное
 []


Underfull \hbox (badness 1629) in paragraph at lines 146--147
\TU/LiberationSerif(0)/m/n/14.05249 либо неполном получении электронных данных,
 уполномоченное лицо
 []


Underfull \hbox (badness 2573) in paragraph at lines 146--147
\TU/LiberationSerif(0)/m/n/14.05249 проверки и законный пересмотр. Такое полном
очие не расширяется
 []


Underfull \hbox (badness 1472) in paragraph at lines 146--147
\TU/LiberationSerif(0)/m/n/14.05249 разрешается компетентным принимающим или то
лкующим органом до
 []


Underfull \hbox (badness 2103) in paragraph at lines 146--147
\TU/LiberationSerif(0)/m/n/14.05249 Техническое ожидание не создаёт основания о
тказа, продления срока,
 []


Underfull \hbox (badness 10000) in paragraph at lines 148--149
\TU/LiberationSerif(0)/m/n/14.05249 действующих полномочий и существующих проце
ссов
 []


Underfull \hbox (badness 4739) in paragraph at lines 148--149
\TU/LiberationSerif(0)/m/n/14.05249 эквивалентные спецификации, тесты, записи и
 каналы используются
 []

[10]
(/home/xola/GitHub/Solial Registry/results/documents/normative_act_draft_ru.aux
)
 ***********
LaTeX2e <2025-11-01>
L3 programming layer <2026-01-19>
 ***********
Package rerunfilecheck Info: File `normative_act_draft_ru.out' has not changed.

(rerunfilecheck)             Checksum: D41D8CD98F00B204E9800998ECF8427E;0.
 ) 
Here is how much of TeX's memory you used:
 16720 strings out of 469974
 307737 string characters out of 5477063
 864099 words of memory out of 5000000
 45143 multiletter control sequences out of 15000+600000
 628549 words of font info for 71 fonts, out of 8000000 for 9000
 206 hyphenation exceptions out of 8191
 86i,12n,107p,1557b,340s stack positions out of 10000i,1000n,20000p,200000b,200000s

Output written on /home/xola/GitHub/Solial Registry/results/documents/normative
_act_draft_ru.pdf (12 pages).
