This is XeTeX, Version 3.141592653-2.6-0.999998 (TeX Live 2026/Arch Linux) (preloaded format=xelatex)
 restricted \write18 enabled.
entering extended mode
(./cover_letter_uz.tex
LaTeX2e <2025-11-01>
L3 programming layer <2026-01-19>
(/usr/share/texmf-dist/tex/latex/extsizes/extarticle.cls
Document Class: extarticle 1996/10/08 v1.0 Non Standard LaTeX document class
(/usr/share/texmf-dist/tex/latex/extsizes/size14.clo)
(/usr/share/texmf-dist/tex/latex/base/exscale.sty))
(/usr/share/texmf-dist/tex/latex/geometry/geometry.sty
(/usr/share/texmf-dist/tex/latex/graphics/keyval.sty)
(/usr/share/texmf-dist/tex/generic/iftex/ifvtex.sty
(/usr/share/texmf-dist/tex/generic/iftex/iftex.sty)))
(/usr/share/texmf-dist/tex/latex/fontspec/fontspec.sty
(/usr/share/texmf-dist/tex/latex/l3packages/xparse/xparse.sty
(/usr/share/texmf-dist/tex/latex/l3kernel/expl3.sty
(/usr/share/texmf-dist/tex/latex/l3backend/l3backend-xetex.def)))
(/usr/share/texmf-dist/tex/latex/fontspec/fontspec-xetex.sty
(/usr/share/texmf-dist/tex/latex/base/fontenc.sty)
(/usr/share/texmf-dist/tex/latex/fontspec/fontspec.cfg)))
(/usr/share/texmf-dist/tex/latex/unicode-math/unicode-math.sty
(/usr/share/texmf-dist/tex/latex/unicode-math/unicode-math-xetex.sty
(/usr/share/texmf-dist/tex/latex/l3packages/l3keys2e/l3keys2e.sty)
(/usr/share/texmf-dist/tex/latex/base/fix-cm.sty
(/usr/share/texmf-dist/tex/latex/base/ts1enc.def))
(/usr/share/texmf-dist/tex/latex/amsmath/amsmath.sty
For additional information on amsmath, use the `?' option.
(/usr/share/texmf-dist/tex/latex/amsmath/amstext.sty
(/usr/share/texmf-dist/tex/latex/amsmath/amsgen.sty))
(/usr/share/texmf-dist/tex/latex/amsmath/amsbsy.sty)
(/usr/share/texmf-dist/tex/latex/amsmath/amsopn.sty))
(/usr/share/texmf-dist/tex/latex/unicode-math/unicode-math-table.tex)))
(/usr/share/texmf-dist/tex/latex/graphics/graphicx.sty
(/usr/share/texmf-dist/tex/latex/graphics/graphics.sty
(/usr/share/texmf-dist/tex/latex/graphics/trig.sty)
(/usr/share/texmf-dist/tex/latex/graphics-cfg/graphics.cfg)
(/usr/share/texmf-dist/tex/latex/graphics-def/xetex.def)))
(/usr/share/texmf-dist/tex/latex/booktabs/booktabs.sty)
(/usr/share/texmf-dist/tex/latex/tools/longtable.sty)
(/usr/share/texmf-dist/tex/latex/tools/array.sty)
(/usr/share/texmf-dist/tex/latex/enumitem/enumitem.sty)
(/home/xola/GitHub/Solial Registry/tex/ulem.sty)
(/usr/share/texmf-dist/tex/latex/titlesec/titlesec.sty)
(/usr/share/texmf-dist/tex/latex/fancyhdr/fancyhdr.sty)
(/usr/share/texmf-dist/tex/latex/hyperref/hyperref.sty
(/usr/share/texmf-dist/tex/latex/kvsetkeys/kvsetkeys.sty)
(/usr/share/texmf-dist/tex/generic/kvdefinekeys/kvdefinekeys.sty)
(/usr/share/texmf-dist/tex/generic/pdfescape/pdfescape.sty
(/usr/share/texmf-dist/tex/generic/ltxcmds/ltxcmds.sty)
(/usr/share/texmf-dist/tex/generic/pdftexcmds/pdftexcmds.sty
(/usr/share/texmf-dist/tex/generic/infwarerr/infwarerr.sty)))
(/usr/share/texmf-dist/tex/latex/hycolor/hycolor.sty)
(/usr/share/texmf-dist/tex/latex/hyperref/nameref.sty
(/usr/share/texmf-dist/tex/latex/refcount/refcount.sty)
(/usr/share/texmf-dist/tex/generic/gettitlestring/gettitlestring.sty
(/usr/share/texmf-dist/tex/latex/kvoptions/kvoptions.sty)))
(/usr/share/texmf-dist/tex/latex/etoolbox/etoolbox.sty)
(/usr/share/texmf-dist/tex/generic/stringenc/stringenc.sty)
(/usr/share/texmf-dist/tex/latex/hyperref/pd1enc.def)
(/usr/share/texmf-dist/tex/generic/intcalc/intcalc.sty)
(/usr/share/texmf-dist/tex/latex/hyperref/puenc.def)
(/usr/share/texmf-dist/tex/latex/url/url.sty)
(/usr/share/texmf-dist/tex/generic/bitset/bitset.sty
(/usr/share/texmf-dist/tex/generic/bigintcalc/bigintcalc.sty)))
(/usr/share/texmf-dist/tex/latex/hyperref/hxetex.def
(/usr/share/texmf-dist/tex/latex/rerunfilecheck/rerunfilecheck.sty
(/usr/share/texmf-dist/tex/generic/uniquecounter/uniquecounter.sty)))
(/home/xola/GitHub/Solial Registry/results/documents/cover_letter_uz.aux)
*geometry* driver: auto-detecting
*geometry* detected driver: xetex
(/home/xola/GitHub/Solial Registry/results/documents/cover_letter_uz.out)
(/home/xola/GitHub/Solial Registry/results/documents/cover_letter_uz.out)
Underfull \hbox (badness 10000) in paragraph at lines 56--57
[]\TU/LiberationSerif(0)/m/n/14.05249 Oʻzbekiston Respublikasi Konstitutsiyasin
ing 40-moddasi,

Underfull \hbox (badness 10000) in paragraph at lines 56--57
\TU/LiberationSerif(0)/m/n/14.05249 “Normativ-huquqiy hujjatlar toʻgʻrisida”gi 
Qonunning 20-moddasi va

Underfull \hbox (badness 1412) in paragraph at lines 56--57
\TU/LiberationSerif(0)/m/n/14.05249 koʻp oʻlchovli baholash asosida Ijtimoiy re
yestrga kiritishning yangi tizimi

Underfull \hbox (badness 2245) in paragraph at lines 58--59
\TU/LiberationSerif(0)/m/n/14.05249 avtomatik tarzda shakllanadi. Takliflar har
 bir oilaning baholash natijasi

Underfull \hbox (badness 2245) in paragraph at lines 58--59
\TU/LiberationSerif(0)/m/n/14.05249 tartib-taomillar toʻgʻrisida”gi Qonunning 5
3–54-moddalari talabiga muvofiq

Underfull \hbox (badness 1635) in paragraph at lines 58--59
\TU/LiberationSerif(0)/m/n/14.05249 ariza beruvchiga tushuntirilishini taʼminla
ydi, shuningdek Ijtimoiy reyestrni

Underfull \hbox (badness 4378) in paragraph at lines 60--61
[]\TU/LiberationSerif(0)/m/n/14.05249 Quyidagi har bir masala boʻyicha koʻrib c
hiqib, mazmunan javob

Underfull \hbox (badness 4595) in paragraph at lines 62--63
[]\TU/LiberationSerif(0)/m/n/14.05249 1-materialning I boʻlimi qoidalarini (1–2
3-bandlar) yoki xuddi shu

Underfull \hbox (badness 10000) in paragraph at lines 63--64
\TU/LiberationSerif(0)/m/n/14.05249 32-bandi boʻyicha eʼtirof etilib, 39-bandda
gi hech qaysi toifaga
[1]
Underfull \hbox (badness 10000) in paragraph at lines 64--65
[]\TU/LiberationSerif(0)/m/n/14.05249 Nizomning 27-bandidagi formulada tomorqa 
maydonining manfiy

Underfull \hbox (badness 6725) in paragraph at lines 65--66
[]\TU/LiberationSerif(0)/m/n/14.05249 Haqiqiy pul oʻtkazmasi oshganda hisobga o
linadigan daromadning

Underfull \hbox (badness 3439) in paragraph at lines 66--67
[]\TU/LiberationSerif(0)/m/n/14.05249 “Shaxsga doir maʼlumotlar toʻgʻrisida”gi 
Qonunning 24-moddasi va

Underfull \hbox (badness 1389) in paragraph at lines 66--67
\TU/LiberationSerif(0)/m/n/14.05249 muvofiq ariza beruvchiga kiritish, rad etis
h, toifani oʻzgartirish yoki

Underfull \hbox (badness 1735) in paragraph at lines 66--67
\TU/LiberationSerif(0)/m/n/14.05249 chiqarish toʻgʻrisidagi qarorning qoʻllanil
gan norma koʻrsatilgan aniq

Underfull \hbox (badness 3118) in paragraph at lines 68--69
[]\TU/LiberationSerif(0)/m/n/14.05249 Ushbu taklifni “Normativ-huquqiy hujjatla
r toʻgʻrisida”gi Qonunning

Underfull \hbox (badness 3668) in paragraph at lines 68--69
\TU/LiberationSerif(0)/m/n/14.05249 ushbu Qonunning 24-moddasiga muvofiq normat
iv-huquqiy hujjatlar

Underfull \hbox (badness 2556) in paragraph at lines 68--69
\TU/LiberationSerif(0)/m/n/14.05249 berish, shuningdek taqdim etilgan hisob-kit
oblar boʻyicha hamkorlik

Underfull \hbox (badness 1019) in paragraph at lines 71--72
\TU/LiberationSerif(0)/m/n/14.05249 tutilganidek, bu haqda oʻn kunlik muddatda 
xabar berishingizni soʻrayman.

Underfull \hbox (badness 3579) in paragraph at lines 73--74
[]\TU/LiberationSerif(0)/m/n/14.05249 Barcha hisob-kitoblar ilova qilingan dast
ur bilan qayta hisoblanadi.

Underfull \hbox (badness 3323) in paragraph at lines 73--74
\TU/LiberationSerif(0)/m/n/14.05249 Nazorat misollari toʻplami va dastur bepul 
taqdim etiladi; ularni masʼul
[2]
Underfull \hbox (badness 4229) in paragraph at lines 79--80
[]\TU/LiberationSerif(0)/m/n/14.05249 Elektron ilova: nazorat hisob-kitoblari d
asturi, testlar va natijalar,

Underfull \hbox (badness 10000) in paragraph at lines 79--80
\TU/LiberationSerif(0)/m/n/14.05249 shuningdek oʻzgarishlarning toʻliq tarixi b
ilan Git repozitoriysi
[3] (/home/xola/GitHub/Solial Registry/results/documents/cover_letter_uz.aux) )
(see the transcript file for additional information)
Output written on /home/xola/GitHub/Solial Registry/results/documents/cover_let
ter_uz.pdf (3 pages).
Transcript written on /home/xola/GitHub/Solial Registry/results/documents/cover
_letter_uz.log.
