This is XeTeX, Version 3.141592653-2.6-0.999998 (TeX Live 2026/Arch Linux) (preloaded format=xelatex)
 restricted \write18 enabled.
entering extended mode
(./explanatory_note_ru.tex
LaTeX2e <2025-11-01>
L3 programming layer <2026-01-19>
(/usr/share/texmf-dist/tex/latex/extsizes/extarticle.cls
Document Class: extarticle 1996/10/08 v1.0 Non Standard LaTeX document class
(/usr/share/texmf-dist/tex/latex/extsizes/size14.clo)
(/usr/share/texmf-dist/tex/latex/base/exscale.sty))
(/usr/share/texmf-dist/tex/latex/geometry/geometry.sty
(/usr/share/texmf-dist/tex/latex/graphics/keyval.sty)
(/usr/share/texmf-dist/tex/generic/iftex/ifvtex.sty
(/usr/share/texmf-dist/tex/generic/iftex/iftex.sty)))
(/usr/share/texmf-dist/tex/latex/fontspec/fontspec.sty
(/usr/share/texmf-dist/tex/latex/l3packages/xparse/xparse.sty
(/usr/share/texmf-dist/tex/latex/l3kernel/expl3.sty
(/usr/share/texmf-dist/tex/latex/l3backend/l3backend-xetex.def)))
(/usr/share/texmf-dist/tex/latex/fontspec/fontspec-xetex.sty
(/usr/share/texmf-dist/tex/latex/base/fontenc.sty)
(/usr/share/texmf-dist/tex/latex/fontspec/fontspec.cfg)))
(/usr/share/texmf-dist/tex/latex/unicode-math/unicode-math.sty
(/usr/share/texmf-dist/tex/latex/unicode-math/unicode-math-xetex.sty
(/usr/share/texmf-dist/tex/latex/l3packages/l3keys2e/l3keys2e.sty)
(/usr/share/texmf-dist/tex/latex/base/fix-cm.sty
(/usr/share/texmf-dist/tex/latex/base/ts1enc.def))
(/usr/share/texmf-dist/tex/latex/amsmath/amsmath.sty
For additional information on amsmath, use the `?' option.
(/usr/share/texmf-dist/tex/latex/amsmath/amstext.sty
(/usr/share/texmf-dist/tex/latex/amsmath/amsgen.sty))
(/usr/share/texmf-dist/tex/latex/amsmath/amsbsy.sty)
(/usr/share/texmf-dist/tex/latex/amsmath/amsopn.sty))
(/usr/share/texmf-dist/tex/latex/unicode-math/unicode-math-table.tex)))
(/usr/share/texmf-dist/tex/latex/graphics/graphicx.sty
(/usr/share/texmf-dist/tex/latex/graphics/graphics.sty
(/usr/share/texmf-dist/tex/latex/graphics/trig.sty)
(/usr/share/texmf-dist/tex/latex/graphics-cfg/graphics.cfg)
(/usr/share/texmf-dist/tex/latex/graphics-def/xetex.def)))
(/usr/share/texmf-dist/tex/latex/booktabs/booktabs.sty)
(/usr/share/texmf-dist/tex/latex/tools/longtable.sty)
(/usr/share/texmf-dist/tex/latex/tools/array.sty)
(/usr/share/texmf-dist/tex/latex/enumitem/enumitem.sty)
(/home/xola/GitHub/Solial Registry/tex/ulem.sty)
(/usr/share/texmf-dist/tex/latex/titlesec/titlesec.sty)
(/usr/share/texmf-dist/tex/latex/fancyhdr/fancyhdr.sty)
(/usr/share/texmf-dist/tex/latex/hyperref/hyperref.sty
(/usr/share/texmf-dist/tex/latex/kvsetkeys/kvsetkeys.sty)
(/usr/share/texmf-dist/tex/generic/kvdefinekeys/kvdefinekeys.sty)
(/usr/share/texmf-dist/tex/generic/pdfescape/pdfescape.sty
(/usr/share/texmf-dist/tex/generic/ltxcmds/ltxcmds.sty)
(/usr/share/texmf-dist/tex/generic/pdftexcmds/pdftexcmds.sty
(/usr/share/texmf-dist/tex/generic/infwarerr/infwarerr.sty)))
(/usr/share/texmf-dist/tex/latex/hycolor/hycolor.sty)
(/usr/share/texmf-dist/tex/latex/hyperref/nameref.sty
(/usr/share/texmf-dist/tex/latex/refcount/refcount.sty)
(/usr/share/texmf-dist/tex/generic/gettitlestring/gettitlestring.sty
(/usr/share/texmf-dist/tex/latex/kvoptions/kvoptions.sty)))
(/usr/share/texmf-dist/tex/latex/etoolbox/etoolbox.sty)
(/usr/share/texmf-dist/tex/generic/stringenc/stringenc.sty)
(/usr/share/texmf-dist/tex/latex/hyperref/pd1enc.def)
(/usr/share/texmf-dist/tex/generic/intcalc/intcalc.sty)
(/usr/share/texmf-dist/tex/latex/hyperref/puenc.def)
(/usr/share/texmf-dist/tex/latex/url/url.sty)
(/usr/share/texmf-dist/tex/generic/bitset/bitset.sty
(/usr/share/texmf-dist/tex/generic/bigintcalc/bigintcalc.sty)))
(/usr/share/texmf-dist/tex/latex/hyperref/hxetex.def
(/usr/share/texmf-dist/tex/latex/rerunfilecheck/rerunfilecheck.sty
(/usr/share/texmf-dist/tex/generic/uniquecounter/uniquecounter.sty)))
(/home/xola/GitHub/Solial Registry/results/documents/explanatory_note_ru.aux)
*geometry* driver: auto-detecting
*geometry* detected driver: xetex
(/home/xola/GitHub/Solial Registry/results/documents/explanatory_note_ru.out)
(/home/xola/GitHub/Solial Registry/results/documents/explanatory_note_ru.out)
Underfull \hbox (badness 6047) in paragraph at lines 42--43
\TU/LiberationSerif(0)/m/n/14.05249 Научно-техническое обоснование авторского п
редложения о проверке

Underfull \hbox (badness 1540) in paragraph at lines 42--43
\TU/LiberationSerif(0)/m/n/14.05249 дата расчётов — 30 сентября 2026 года. Осно
вная русская редакция

Underfull \hbox (badness 10000) in paragraph at lines 45--46
\TU/LiberationSerif(0)/m/n/14.05249 2026 года. Официальные разработчики

Underfull \hbox (badness 10000) in paragraph at lines 47--48
[]\TU/LiberationSerif(0)/m/n/14.05249 Цель — повторить утверждённый расчёт на

Underfull \hbox (badness 1377) in paragraph at lines 47--48
\TU/LiberationSerif(0)/m/n/14.05249 решения. Основное предложение содержит семь
 основных пунктов и

Underfull \hbox (badness 10000) in paragraph at lines 52--53
\TU/LiberationSerif(0)/m/n/14.05249 устанавливают утверждение

Underfull \hbox (badness 2269) in paragraph at lines 52--53
\TU/LiberationSerif(0)/m/n/14.05249 порядка, единое описание методики, воспроиз
водимость, организацию

Underfull \hbox (badness 10000) in paragraph at lines 54--55
[]\TU/LiberationSerif(0)/m/n/14.05249 Проект относится
[1]
Underfull \hbox (badness 10000) in paragraph at lines 57--58
\TU/LiberationSerif(0)/m/n/14.05249 Действующие

Underfull \hbox (badness 2617) in paragraph at lines 59--60
[]\TU/LiberationSerif(0)/m/n/14.05249 Паспорта критериев и датированные версии 
нужны потому, что

Underfull \hbox (badness 1242) in paragraph at lines 59--60
\TU/LiberationSerif(0)/m/n/14.05249 не означает одинаковый вход. Раздельные сос
тояния качества нужны,

Underfull \hbox (badness 1824) in paragraph at lines 59--60
\TU/LiberationSerif(0)/m/n/14.05249 чтобы отсутствие записи не превращалось в п
одтверждённый нулевой

Underfull \hbox (badness 3482) in paragraph at lines 59--60
\TU/LiberationSerif(0)/m/n/14.05249 компенсироваться в итоговой сумме. Индивиду
альное объяснение и

Underfull \hbox (badness 1009) in paragraph at lines 61--62
\TU/LiberationSerif(0)/m/n/14.05249 Внутренняя форма паспорта, протокола и журн
ала может определяться

Underfull \hbox (badness 1365) in paragraph at lines 61--62
\TU/LiberationSerif(0)/m/n/14.05249 Если разработчик предъявляет действующее ра
вноценное требование и

Underfull \hbox (badness 10000) in paragraph at lines 64--65
\TU/LiberationSerif(0)/m/n/14.05249 механизмов и административных полномочий. П
оручение УП-193

Underfull \hbox (badness 2772) in paragraph at lines 64--65
\TU/LiberationSerif(0)/m/n/14.05249 обязанность или полномочие, требующее компе
тентного нормативного

Underfull \hbox (badness 8113) in paragraph at lines 64--65
\TU/LiberationSerif(0)/m/n/14.05249 Действующие механизмы включают пункты 45–50
 приложения 1 к
[2]
Underfull \hbox (badness 10000) in paragraph at lines 69--70
[]|\TU/LiberationSerif(0)/m/n/11.04124 Принять публичный минимум;

Underfull \hbox (badness 1406) in paragraph at lines 70--71
[]|\TU/LiberationSerif(0)/m/n/11.04124 Критерии требуют компетентного утвержден
ия; описание не

Underfull \hbox (badness 1038) in paragraph at lines 74--75
[]|\TU/LiberationSerif(0)/m/n/11.04124 Дополнительные задачи, покрытие и реальн
ые средства; нет

Underfull \hbox (badness 2050) in paragraph at lines 78--79
[]|\TU/LiberationSerif(0)/m/n/11.04124 Категория отделена от условий помощи; от
раслевые нормы

Underfull \hbox (badness 4217) in paragraph at lines 79--80
[]|\TU/LiberationSerif(0)/m/n/11.04124 Детали паспорта и источников переносятся
 во внутренний

Underfull \hbox (badness 10000) in paragraph at lines 80--81
[]|\TU/LiberationSerif(0)/m/n/11.04124 Публичные критерии разрешают равенство и
 приоритет;

Underfull \hbox (badness 4673) in paragraph at lines 81--82
[]|\TU/LiberationSerif(0)/m/n/11.04124 Версии и правовые даты обеспечивают восс
тановление по

Underfull \hbox (badness 2326) in paragraph at lines 82--83
[]|\TU/LiberationSerif(0)/m/n/11.04124 Утверждающий акт и законное описание на 
существующем

Underfull \hbox (badness 10000) in paragraph at lines 84--85
[]|\TU/LiberationSerif(0)/m/n/11.04124 Отсутствие данных не новое неблагоприятн
ое основание;

Underfull \hbox (badness 1616) in paragraph at lines 85--86
[]|\TU/LiberationSerif(0)/m/n/11.04124 Компетентное уточнение, сроки и отсутств
ие нового отказа;

Underfull \hbox (badness 4366) in paragraph at lines 87--88
[]|\TU/LiberationSerif(0)/m/n/11.04124 Независимые контроли, охват и сверка сос
тава исполняют

Underfull \hbox (badness 1231) in paragraph at lines 88--89
[]|\TU/LiberationSerif(0)/m/n/11.04124 Предварительный план управляет трактовко
й результатов, не

Underfull \hbox (badness 10000) in paragraph at lines 93--94
[]|\TU/LiberationSerif(0)/m/n/11.04124 Доступные основания сохраняются; формат 
технической

Underfull \hbox (badness 10000) in paragraph at lines 94--95
[]|\TU/LiberationSerif(0)/m/n/11.04124 Действующее объяснение согласуется; дост
упный расчёт

Underfull \hbox (badness 2409) in paragraph at lines 96--97
[]|\TU/LiberationSerif(0)/m/n/11.04124 Действующие основания обработки и специа
льные условия;

Underfull \hbox (badness 5374) in paragraph at lines 99--100
[]|\TU/LiberationSerif(0)/m/n/11.04124 Существующий надзор; нет нового органа и
ли основания

Underfull \hbox (badness 10000) in paragraph at lines 100--101
[]|\TU/LiberationSerif(0)/m/n/11.04124 Действующая запись выпуска; внешние обяз
ательные

Underfull \hbox (badness 10000) in paragraph at lines 103--104
[]|\TU/LiberationSerif(0)/m/n/11.04124 Законное хранение и уничтожение; расписа
ние категорий
 [3]
Underfull \hbox (badness 3168) in paragraph at lines 106--106
|\TU/LiberationSerif(0)/b/n/14.05249 Необходимость нормативного содержания и гр
аницы технического

Underfull \hbox (badness 1337) in paragraph at lines 107--108
\TU/LiberationSerif(0)/b/n/14.05249 Предмет необходимости. \TU/LiberationSerif(
0)/m/n/14.05249 Пункты 13–14 []PF-193[] устанавливают новое

Underfull \hbox (badness 1546) in paragraph at lines 107--108
\TU/LiberationSerif(0)/m/n/14.05249 или всех 28 авторских пунктов. Предлагается
 включить необходимое

Underfull \hbox (badness 4291) in paragraph at lines 107--108
\TU/LiberationSerif(0)/m/n/14.05249 материала 1 достаточно как формы предложени
я. Правила баллов,

Underfull \hbox (badness 10000) in paragraph at lines 109--110
\TU/LiberationSerif(0)/m/n/14.05249 вывод автора из указанных норм, а не утверж
дение,
[4]
Underfull \hbox (badness 10000) in paragraph at lines 111--112
[]\TU/LiberationSerif(0)/b/n/14.05249 Разграничение документов.

Underfull \hbox (badness 1205) in paragraph at lines 111--112
\TU/LiberationSerif(0)/m/n/14.05249 организаций вне системы принявшего органа. 
Пункт 96(b) исключает

Underfull \hbox (badness 1533) in paragraph at lines 111--112
\TU/LiberationSerif(0)/m/n/14.05249 название «техническое требование» само по с
ебе не решает правовую

Underfull \hbox (badness 3128) in paragraph at lines 111--112
\TU/LiberationSerif(0)/m/n/14.05249 природу содержания. Обратное тоже верно: по
длинно технический

Underfull \hbox (badness 7308) in paragraph at lines 111--112
\TU/LiberationSerif(0)/m/n/14.05249 условием президентского или правительственн
ого акта. Проверена

Underfull \hbox (badness 10000) in paragraph at lines 113--114
[]\TU/LiberationSerif(0)/b/n/14.05249 Два независимых условия

Underfull \hbox (badness 1975) in paragraph at lines 113--114
\TU/LiberationSerif(0)/b/n/14.05249 эквивалентности. \TU/LiberationSerif(0)/m/n
/14.05249 Для правового покрытия указываются конкретный

Underfull \hbox (badness 1496) in paragraph at lines 113--114
\TU/LiberationSerif(0)/m/n/14.05249 пункт, компетентный орган, юридическая сила
, область семей/случаев,

Underfull \hbox (badness 5667) in paragraph at lines 113--114
\TU/LiberationSerif(0)/m/n/14.05249 даты применения и обязательное последствие,
 а для ведомственной

Underfull \hbox (badness 1960) in paragraph at lines 113--114
\TU/LiberationSerif(0)/m/n/14.05249 формы — применимая регистрация и публикация
. Для технического

Underfull \hbox (badness 1237) in paragraph at lines 113--114
\TU/LiberationSerif(0)/m/n/14.05249 ответ, версия и выполненный результат. Охва
т всех авторских тестов

Underfull \hbox (badness 10000) in paragraph at lines 115--116
[]\TU/LiberationSerif(0)/b/n/14.05249 Как разрешается ограничение области

Underfull \hbox (badness 1902) in paragraph at lines 115--116
\TU/LiberationSerif(0)/m/n/14.05249 документированная область исходных данных м
огут снять конкретный

Underfull \hbox (badness 4726) in paragraph at lines 115--116
\TU/LiberationSerif(0)/m/n/14.05249 этой областью. Текущее программное отбрасыв
ание значения само

Underfull \hbox (badness 2020) in paragraph at lines 115--116
\TU/LiberationSerif(0)/m/n/14.05249 по себе не доказывает, что семья юридически
 не вправе представить

Underfull \hbox (badness 1253) in paragraph at lines 115--116
\TU/LiberationSerif(0)/m/n/14.05249 не может менять, дополнять или исправлять а
кт. Выясненный смысл

Underfull \hbox (badness 1242) in paragraph at lines 115--116
\TU/LiberationSerif(0)/m/n/14.05249 правового условия — компетентного изменения
. Закрытый вопрос не
[5]
Underfull \hbox (badness 10000) in paragraph at lines 117--118
[]\TU/LiberationSerif(0)/b/n/14.05249 Прямо существующее

Underfull \hbox (badness 1442) in paragraph at lines 117--118
\TU/LiberationSerif(0)/m/n/14.05249 изменения алгоритма требует новый акт. Крат
кий пункт 4 и полный

Underfull \hbox (badness 2941) in paragraph at lines 117--118
\TU/LiberationSerif(0)/m/n/14.05249 пункт 11 сохраняют это полномочие и предлаг
ают прослеживаемость

Underfull \hbox (badness 2875) in paragraph at lines 117--118
\TU/LiberationSerif(0)/m/n/14.05249 его конкретного применения. Объём его распр
остранения на новую

Underfull \hbox (badness 1092) in paragraph at lines 117--118
\TU/LiberationSerif(0)/m/n/14.05249 достаточным правовым определением всей пост
оянной системы баллов

Underfull \hbox (badness 10000) in paragraph at lines 119--120
[]\TU/LiberationSerif(0)/b/n/14.05249 Стоимость и порядок выбора. \TU/Liberatio
nSerif(0)/m/n/14.05249 Сначала в

Underfull \hbox (badness 2103) in paragraph at lines 119--120
\TU/LiberationSerif(0)/m/n/14.05249 всё же требуют времени; ни отсутствие отдел
ьного ассигнования, ни

Underfull \hbox (badness 3724) in paragraph at lines 119--120
\TU/LiberationSerif(0)/m/n/14.05249 обещание внутреннего исполнения не доказыва
ет нулевой стоимости.

Underfull \hbox (badness 1242) in paragraph at lines 119--120
\TU/LiberationSerif(0)/m/n/14.05249 Неизвестные часы, договорное покрытие, мощн
ость и финансирование

Underfull \hbox (badness 3849) in paragraph at lines 121--122
[]\TU/LiberationSerif(0)/b/n/14.05249 Критерий принятого решения. \TU/Liberatio
nSerif(0)/m/n/14.05249 Допускаются другой порядок

Underfull \hbox (badness 10000) in paragraph at lines 121--122
\TU/LiberationSerif(0)/m/n/14.05249 каждой

Underfull \hbox (badness 5475) in paragraph at lines 121--122
\TU/LiberationSerif(0)/m/n/14.05249 источник, даты и компетенция; для техническ
ой — исполнитель и
[6]
Underfull \hbox (badness 7558) in paragraph at lines 126--126
[]|\TU/LiberationSerif(0)/m/n/11.04124 Действующий контроль

Underfull \hbox (badness 10000) in paragraph at lines 126--126
[]|\TU/LiberationSerif(0)/m/n/11.04124 Применимая норма и независимо

Underfull \hbox (badness 10000) in paragraph at lines 126--126
\TU/LiberationSerif(0)/m/n/11.04124 обоснованные выполненные

Underfull \hbox (badness 10000) in paragraph at lines 126--127
[]|\TU/LiberationSerif(0)/m/n/11.04124 Повторный

Underfull \hbox (badness 10000) in paragraph at lines 126--127
\TU/LiberationSerif(0)/m/n/11.04124 подтверждённом

Underfull \hbox (badness 10000) in paragraph at lines 127--127
[]|\TU/LiberationSerif(0)/m/n/11.04124 Контрпример

Underfull \hbox (badness 6708) in paragraph at lines 127--127
\TU/LiberationSerif(0)/m/n/11.04124 вне области либо уже

Underfull \hbox (badness 10000) in paragraph at lines 127--127
\TU/LiberationSerif(0)/m/n/11.04124 или компетентное толкование,

Underfull \hbox (badness 10000) in paragraph at lines 127--128
[]|\TU/LiberationSerif(0)/m/n/11.04124 Случай ограничивается

Underfull \hbox (badness 10000) in paragraph at lines 127--128
\TU/LiberationSerif(0)/m/n/11.04124 или снимается; новое

Underfull \hbox (badness 10000) in paragraph at lines 127--128
\TU/LiberationSerif(0)/m/n/11.04124 правовое ограничение

Underfull \hbox (badness 10000) in paragraph at lines 127--128
\TU/LiberationSerif(0)/m/n/11.04124 требует компетентного

Underfull \hbox (badness 10000) in paragraph at lines 128--129
[]|\TU/LiberationSerif(0)/m/n/11.04124 Объём технической

Underfull \hbox (badness 10000) in paragraph at lines 128--129
\TU/LiberationSerif(0)/m/n/11.04124 интеграции

Underfull \hbox (badness 4660) in paragraph at lines 128--129
\TU/LiberationSerif(0)/m/n/11.04124 соразмеряется; правовое

Underfull \hbox (badness 10000) in paragraph at lines 128--129
\TU/LiberationSerif(0)/m/n/11.04124 условие не заменяется

Underfull \hbox (badness 10000) in paragraph at lines 129--129
[]|\TU/LiberationSerif(0)/m/n/11.04124 Та же компетенция,

Underfull \hbox (badness 3942) in paragraph at lines 129--129
\TU/LiberationSerif(0)/m/n/11.04124 обязательное последствие, область,

Underfull \hbox (badness 10000) in paragraph at lines 129--130
[]|\TU/LiberationSerif(0)/m/n/11.04124 Краткая или

Underfull \hbox (badness 10000) in paragraph at lines 129--130
\TU/LiberationSerif(0)/m/n/11.04124 эквивалентная

Underfull \hbox (badness 10000) in paragraph at lines 129--130
\TU/LiberationSerif(0)/m/n/11.04124 нормативная

Underfull \hbox (badness 10000) in paragraph at lines 129--130
\TU/LiberationSerif(0)/m/n/11.04124 результат;

Underfull \hbox (badness 6204) in paragraph at lines 129--130
\TU/LiberationSerif(0)/m/n/11.04124 точный авторский текст

Underfull \hbox (badness 2443) in paragraph at lines 132--133
\TU/LiberationSerif(0)/m/n/14.05249 необходимые правовые условия и специфичные 
для оценки гарантии;

Underfull \hbox (badness 10000) in paragraph at lines 132--133
\TU/LiberationSerif(0)/m/n/14.05249 материал 1

Underfull \hbox (badness 3547) in paragraph at lines 132--133
\TU/LiberationSerif(0)/m/n/14.05249 тесты и подробные формы используют существу
ющие полномочия и

Underfull \hbox (badness 2521) in paragraph at lines 132--133
\TU/LiberationSerif(0)/m/n/14.05249 либо отсылка допустимы при сохранении компе
тенции, обязательного

Underfull \hbox (badness 10000) in paragraph at lines 137--137
[]|\TU/LiberationSerif(0)/m/n/11.04124 Выполненное

Underfull \hbox (badness 10000) in paragraph at lines 138--138
[]|\TU/LiberationSerif(0)/m/n/11.04124 Согласовать

Underfull \hbox (badness 10000) in paragraph at lines 138--139
\TU/LiberationSerif(0)/m/n/11.04124 или преимущество

Underfull \hbox (badness 10000) in paragraph at lines 138--139
\TU/LiberationSerif(0)/m/n/11.04124 включающей политики

Underfull \hbox (badness 10000) in paragraph at lines 139--139
[]|\TU/LiberationSerif(0)/m/n/11.04124 620 отрицательных

Underfull \hbox (badness 10000) in paragraph at lines 139--139
[]|\TU/LiberationSerif(0)/m/n/11.04124 Подтвердить геометрию и

Underfull \hbox (badness 10000) in paragraph at lines 139--139
\TU/LiberationSerif(0)/m/n/11.04124 область, решить правовую

Underfull \hbox (badness 3281) in paragraph at lines 139--139
\TU/LiberationSerif(0)/m/n/11.04124 формулу до программирования;

Underfull \hbox (badness 10000) in paragraph at lines 139--140
\TU/LiberationSerif(0)/m/n/11.04124 выгода нулевого

Underfull \hbox (badness 10000) in paragraph at lines 140--140
[]|\TU/LiberationSerif(0)/m/n/11.04124 Официальный пример:

Underfull \hbox (badness 10000) in paragraph at lines 140--140
[]|\TU/LiberationSerif(0)/m/n/11.04124 Проверить единицы, делитель

Underfull \hbox (badness 4805) in paragraph at lines 140--140
\TU/LiberationSerif(0)/m/n/11.04124 семьи и период по правовому

Underfull \hbox (badness 10000) in paragraph at lines 140--141
[]|\TU/LiberationSerif(0)/m/n/11.04124 Общая правильность

Underfull \hbox (badness 6236) in paragraph at lines 141--141
[]|\TU/LiberationSerif(0)/m/n/11.04124 Контроли налога, скота и

Underfull \hbox (badness 10000) in paragraph at lines 141--141
[]|\TU/LiberationSerif(0)/m/n/11.04124 Сохранить

Underfull \hbox (badness 10000) in paragraph at lines 141--142
[]|\TU/LiberationSerif(0)/m/n/11.04124 Реализация Агентства,

Underfull \hbox (badness 10000) in paragraph at lines 141--142
\TU/LiberationSerif(0)/m/n/11.04124 полная спецификация

Underfull \hbox (badness 4660) in paragraph at lines 141--142
\TU/LiberationSerif(0)/m/n/11.04124 2027 года или качество

Underfull \hbox (badness 10000) in paragraph at lines 142--142
[]|\TU/LiberationSerif(0)/m/n/11.04124 37 регрессионных тестов

Underfull \hbox (badness 10000) in paragraph at lines 142--142
[]|\TU/LiberationSerif(0)/m/n/11.04124 Воспроизводимый инструмент

Underfull \hbox (badness 1331) in paragraph at lines 142--142
\TU/LiberationSerif(0)/m/n/11.04124 без пропуска или дублирования

Underfull \hbox (badness 10000) in paragraph at lines 142--143
[]|\TU/LiberationSerif(0)/m/n/11.04124 Приёмка системы,

Underfull \hbox (badness 10000) in paragraph at lines 142--143
\TU/LiberationSerif(0)/m/n/11.04124 доступные работники
[7]
Underfull \hbox (badness 10000) in paragraph at lines 144--145
\TU/LiberationSerif(0)/m/n/14.05249 дополнительную пользу относительно реализац
ии

Underfull \hbox (badness 2351) in paragraph at lines 144--145
\TU/LiberationSerif(0)/m/n/14.05249 Агентства. Сопоставляются спецификация, нез
ависимо обоснованные

Underfull \hbox (badness 1910) in paragraph at lines 144--145
\TU/LiberationSerif(0)/m/n/14.05249 только выявленная непокрытая задача. Данные
 семей не выходят из

Underfull \hbox (badness 1253) in paragraph at lines 147--148
\TU/LiberationSerif(0)/m/n/14.05249 а не дополнительный публичный критерий, обя
занность заявителя или

Underfull \hbox (badness 10000) in paragraph at lines 149--150
[]\TU/LiberationSerif(0)/b/n/14.05249 Паспорта критерия и источника.

Underfull \hbox (badness 3049) in paragraph at lines 149--150
\TU/LiberationSerif(0)/m/n/14.05249 точность. Перевод и порог имеют один период
 и единицу; состав

Underfull \hbox (badness 10000) in paragraph at lines 151--152
[]\TU/LiberationSerif(0)/b/n/14.05249 Реестр контроля. \TU/LiberationSerif(0)/m
/n/14.05249 Каждое применимое

Underfull \hbox (badness 4205) in paragraph at lines 151--152
\TU/LiberationSerif(0)/m/n/14.05249 связываются со случаями. Для случая указыва
ются идентификатор,

Underfull \hbox (badness 5446) in paragraph at lines 151--152
\TU/LiberationSerif(0)/m/n/14.05249 и неприменимость объясняются. Пустой состав
 и неопределённый

Underfull \hbox (badness 1231) in paragraph at lines 151--152
\TU/LiberationSerif(0)/m/n/14.05249 области влияния проверяется вся применимая 
цепочка. Общий вывод
[8]
Underfull \hbox (badness 1275) in paragraph at lines 153--154
[]\TU/LiberationSerif(0)/b/n/14.05249 Протокол и исправление. \TU/LiberationSer
if(0)/m/n/14.05249 Отдельно сохраняются идентичность

Underfull \hbox (badness 10000) in paragraph at lines 153--154
\TU/LiberationSerif(0)/m/n/14.05249 реестр,

Underfull \hbox (badness 3826) in paragraph at lines 153--154
\TU/LiberationSerif(0)/m/n/14.05249 ожидаемые и фактические компоненты, исполне
нные и исключённые

Underfull \hbox (badness 2547) in paragraph at lines 153--154
\TU/LiberationSerif(0)/m/n/14.05249 тест. Отделяются соответствие правилу, каче
ство данных и полнота

Underfull \hbox (badness 3417) in paragraph at lines 158--159
[]\TU/LiberationSerif(0)/m/n/14.05249 Поданный нормативный текст не содержит ре
зервного перехода

Underfull \hbox (badness 1210) in paragraph at lines 158--159
\TU/LiberationSerif(0)/m/n/14.05249 Президента с сохранением методики 2026 года
, включающей границей

Underfull \hbox (badness 10000) in paragraph at lines 158--159
\TU/LiberationSerif(0)/m/n/14.05249 границы земельной

Underfull \hbox (badness 2119) in paragraph at lines 158--159
\TU/LiberationSerif(0)/m/n/14.05249 что программа устраняет отсутствие нормы: р
азработчики завершают

Underfull \hbox (badness 1308) in paragraph at lines 158--159
\TU/LiberationSerif(0)/m/n/14.05249 законную таблицу решений и разрешают отсутс
твие или противоречие

Underfull \hbox (badness 2269) in paragraph at lines 158--159
\TU/LiberationSerif(0)/m/n/14.05249 официальное толкование объясняет подзаконну
ю норму, но не вносит

Underfull \hbox (badness 2253) in paragraph at lines 158--159
\TU/LiberationSerif(0)/m/n/14.05249 принимающий орган. Назначенная помощь, ожид
ающие заявления и
[9]
Underfull \hbox (badness 1502) in paragraph at lines 160--160
|\TU/LiberationSerif(0)/b/n/14.05249 Действующие контроли, операционные сведени
я и дополнительная

Underfull \hbox (badness 1668) in paragraph at lines 161--163
\TU/LiberationSerif(0)/m/n/14.05249 либо мероприятия. Полного реестра проверок 
программного выпуска

Underfull \hbox (badness 10000) in paragraph at lines 164--164
[]|\TU/LiberationSerif(0)/m/n/11.04124 Официальное

Underfull \hbox (badness 10000) in paragraph at lines 165--165
[]|\TU/LiberationSerif(0)/m/n/11.04124 Постановление № 35,

Underfull \hbox (badness 10000) in paragraph at lines 165--165
\TU/LiberationSerif(0)/m/n/11.04124 за систему и источники,

Underfull \hbox (badness 10000) in paragraph at lines 165--166
[]|\TU/LiberationSerif(0)/m/n/11.04124 Используются

Underfull \hbox (badness 10000) in paragraph at lines 165--166
\TU/LiberationSerif(0)/m/n/11.04124 Наличие независимого

Underfull \hbox (badness 10000) in paragraph at lines 165--166
\TU/LiberationSerif(0)/m/n/11.04124 ожидаемого ответа

Underfull \hbox (badness 10000) in paragraph at lines 166--166
[]|[]\TU/LiberationSerif(0)/m/n/11.04124 Постановление

Underfull \hbox (badness 10000) in paragraph at lines 166--166
[]|\TU/LiberationSerif(0)/m/n/11.04124 Обязательные

Underfull \hbox (badness 1028) in paragraph at lines 166--166
\TU/LiberationSerif(0)/m/n/11.04124 положительные технические и

Underfull \hbox (badness 10000) in paragraph at lines 166--166
\TU/LiberationSerif(0)/m/n/11.04124 защитные заключения до

Underfull \hbox (badness 10000) in paragraph at lines 166--166
\TU/LiberationSerif(0)/m/n/11.04124 внедрения; совместные

Underfull \hbox (badness 1231) in paragraph at lines 166--166
\TU/LiberationSerif(0)/m/n/11.04124 тесты подключения; доступ к

Underfull \hbox (badness 10000) in paragraph at lines 166--167
[]|\TU/LiberationSerif(0)/m/n/11.04124 Проверка правила и

Underfull \hbox (badness 10000) in paragraph at lines 166--167
\TU/LiberationSerif(0)/m/n/11.04124 ожидаемого ответа

Underfull \hbox (badness 1728) in paragraph at lines 166--167
\TU/LiberationSerif(0)/m/n/11.04124 включается в применимые

Underfull \hbox (badness 3343) in paragraph at lines 166--167
\TU/LiberationSerif(0)/m/n/11.04124 технические требования и

Underfull \hbox (badness 10000) in paragraph at lines 166--167
\TU/LiberationSerif(0)/m/n/11.04124 приёмку. Успех

Underfull \hbox (badness 10000) in paragraph at lines 166--167
\TU/LiberationSerif(0)/m/n/11.04124 арифметику категории;

Underfull \hbox (badness 10000) in paragraph at lines 166--167
\TU/LiberationSerif(0)/m/n/11.04124 требуемые внешние

Underfull \hbox (badness 10000) in paragraph at lines 167--167
[]|[]\TU/LiberationSerif(0)/m/n/11.04124 Постановление

Underfull \hbox (badness 10000) in paragraph at lines 167--167
[]|\TU/LiberationSerif(0)/m/n/11.04124 Функция IT-аудита

Underfull \hbox (badness 10000) in paragraph at lines 167--167
\TU/LiberationSerif(0)/m/n/11.04124 Министерства цифровых

Underfull \hbox (badness 1062) in paragraph at lines 167--167
\TU/LiberationSerif(0)/m/n/11.04124 инфраструктуры и управления

Underfull \hbox (badness 10000) in paragraph at lines 167--168
\TU/LiberationSerif(0)/m/n/11.04124 результаты аудита, не

Underfull \hbox (badness 10000) in paragraph at lines 167--168
\TU/LiberationSerif(0)/m/n/11.04124 создаётся повторная

Underfull \hbox (badness 10000) in paragraph at lines 167--168
\TU/LiberationSerif(0)/m/n/11.04124 инспекция. Результат

Underfull \hbox (badness 10000) in paragraph at lines 167--168
\TU/LiberationSerif(0)/m/n/11.04124 конкретного

Underfull \hbox (badness 1337) in paragraph at lines 167--168
\TU/LiberationSerif(0)/m/n/11.04124 аудита скоринга Агентства

Underfull \hbox (badness 10000) in paragraph at lines 168--168
[]|[]\TU/LiberationSerif(0)/m/n/11.04124 Официальный портал,

Underfull \hbox (badness 10000) in paragraph at lines 168--168
\TU/LiberationSerif(0)/m/n/11.04124 и результата, отсутствие

Underfull \hbox (badness 10000) in paragraph at lines 168--168
\TU/LiberationSerif(0)/m/n/11.04124 требуемых документов,

Underfull \hbox (badness 1546) in paragraph at lines 168--168
\TU/LiberationSerif(0)/m/n/11.04124 бесплатность, указанный срок

Underfull \hbox (badness 10000) in paragraph at lines 168--169
[]|\TU/LiberationSerif(0)/m/n/11.04124 Используется

Underfull \hbox (badness 10000) in paragraph at lines 168--169
\TU/LiberationSerif(0)/m/n/11.04124 существующий канал.

Underfull \hbox (badness 10000) in paragraph at lines 168--169
\TU/LiberationSerif(0)/m/n/11.04124 Просмотренная

Underfull \hbox (badness 1102) in paragraph at lines 168--169
\TU/LiberationSerif(0)/m/n/11.04124 страница показывает всего

Underfull \hbox (badness 10000) in paragraph at lines 168--169
\TU/LiberationSerif(0)/m/n/11.04124 ожидающих

Underfull \hbox (badness 10000) in paragraph at lines 168--169
\TU/LiberationSerif(0)/m/n/11.04124 поступление, число

Underfull \hbox (badness 10000) in paragraph at lines 168--169
\TU/LiberationSerif(0)/m/n/11.04124 просрочек или доступная

Underfull \hbox (badness 10000) in paragraph at lines 169--169
[]|[]\TU/LiberationSerif(0)/m/n/11.04124 Сообщение Правительства

Underfull \hbox (badness 10000) in paragraph at lines 169--169
[]|\TU/LiberationSerif(0)/m/n/11.04124 Сообщено

Underfull \hbox (badness 6412) in paragraph at lines 169--169
\TU/LiberationSerif(0)/m/n/11.04124 в 184 махаллях за месяц и

Underfull \hbox (badness 5741) in paragraph at lines 169--169
\TU/LiberationSerif(0)/m/n/11.04124 росте обращений Президенту

Underfull \hbox (badness 10000) in paragraph at lines 169--169
\TU/LiberationSerif(0)/m/n/11.04124 поручен прокурорский

Underfull \hbox (badness 10000) in paragraph at lines 169--170
[]|\TU/LiberationSerif(0)/m/n/11.04124 Обосновывает

Underfull \hbox (badness 1189) in paragraph at lines 169--170
\TU/LiberationSerif(0)/m/n/11.04124 доступ к основаниям дела

Underfull \hbox (badness 10000) in paragraph at lines 169--170
\TU/LiberationSerif(0)/m/n/11.04124 причине. Программная

Underfull \hbox (badness 2277) in paragraph at lines 169--170
\TU/LiberationSerif(0)/m/n/11.04124 и эффект предложения не

Underfull \hbox (badness 10000) in paragraph at lines 170--170
[]|[]\TU/LiberationSerif(0)/m/n/11.04124 Сообщение хокимията

Underfull \hbox (badness 10000) in paragraph at lines 170--170
[]|\TU/LiberationSerif(0)/m/n/11.04124 Проведён практический

Underfull \hbox (badness 10000) in paragraph at lines 170--170
\TU/LiberationSerif(0)/m/n/11.04124 семинар о законном

Underfull \hbox (badness 10000) in paragraph at lines 170--170
\TU/LiberationSerif(0)/m/n/11.04124 включении/исключении и

Underfull \hbox (badness 10000) in paragraph at lines 170--171
[]|\TU/LiberationSerif(0)/m/n/11.04124 При

Underfull \hbox (badness 3679) in paragraph at lines 170--171
\TU/LiberationSerif(0)/m/n/11.04124 пригодности используются

Underfull \hbox (badness 10000) in paragraph at lines 170--171
\TU/LiberationSerif(0)/m/n/11.04124 существующие

Underfull \hbox (badness 1231) in paragraph at lines 170--171
\TU/LiberationSerif(0)/m/n/11.04124 каналы обучения; местное

Underfull \hbox (badness 10000) in paragraph at lines 170--171
\TU/LiberationSerif(0)/m/n/11.04124 общереспубликанскую

Underfull \hbox (badness 10000) in paragraph at lines 170--171
\TU/LiberationSerif(0)/m/n/11.04124 свободное время
 [10]
Underfull \hbox (badness 4467) in paragraph at lines 173--174
\TU/LiberationSerif(0)/m/n/14.05249 выводы и контрольные случаи с независимо об
основанным ответом,

Underfull \hbox (badness 1484) in paragraph at lines 173--174
\TU/LiberationSerif(0)/m/n/14.05249 источник проверяется отдельно. При подтверж
дении обоих покрытий

Underfull \hbox (badness 7291) in paragraph at lines 173--174
\TU/LiberationSerif(0)/m/n/14.05249 дополнительная норма не требуется; при дока
занно отсутствующем

Underfull \hbox (badness 1205) in paragraph at lines 173--174
\TU/LiberationSerif(0)/m/n/14.05249 правовом условии необходима его компетентна
я нормативная фиксация

Underfull \hbox (badness 1852) in paragraph at lines 173--174
\TU/LiberationSerif(0)/m/n/14.05249 в основном акте или законно предусмотренном
 инструменте. Общие

Underfull \hbox (badness 1635) in paragraph at lines 175--176
\TU/LiberationSerif(0)/m/n/14.05249 и даты на существующем официальном ресурсе;
 пункт 19 использует

Underfull \hbox (badness 1184) in paragraph at lines 175--176
\TU/LiberationSerif(0)/m/n/14.05249 Отдельный публичный отчёт до выпуска или пе
риодически больше не

Underfull \hbox (badness 10000) in paragraph at lines 175--176
\TU/LiberationSerif(0)/m/n/14.05249 выписка использует

Underfull \hbox (badness 10000) in paragraph at lines 177--178
\TU/LiberationSerif(0)/m/n/14.05249 согласовать таблицу правовых решений и сопо
ставить

Underfull \hbox (badness 1072) in paragraph at lines 177--178
\TU/LiberationSerif(0)/m/n/14.05249 применения с 1 января фиксируются действующ
ее правило, требуемые

Underfull \hbox (badness 1418) in paragraph at lines 177--178
\TU/LiberationSerif(0)/m/n/14.05249 на работников «Инсон» не возлагается; обычн
ые заявления сохраняют
[11]
Underfull \hbox (badness 10000) in paragraph at lines 179--180
\TU/LiberationSerif(0)/m/n/14.05249 существующий договор

Underfull \hbox (badness 2644) in paragraph at lines 179--180
\TU/LiberationSerif(0)/m/n/14.05249 период выгрузки, каналы, поступившие и заве
ршённые дела, возраст

Underfull \hbox (badness 1990) in paragraph at lines 179--180
\TU/LiberationSerif(0)/m/n/14.05249 ожидающих, время обработки и задержки источ
ников; накопительный

Underfull \hbox (badness 10000) in paragraph at lines 179--180
\TU/LiberationSerif(0)/m/n/14.05249 поэтому не утверждает нулевой дополнительны
й расход и

Underfull \hbox (badness 2065) in paragraph at lines 184--185
[]\TU/LiberationSerif(0)/m/n/14.05249 Утверждённое правило в общем виде $[] [] 
[][][][][][][] [][] [][]$: $[]$ —

Underfull \hbox (badness 4765) in paragraph at lines 184--185
\TU/LiberationSerif(0)/m/n/14.05249 входы, $[]$ — качество и исключения, $[]$ —
 версия. $[]$ не обязана

Underfull \hbox (badness 7522) in paragraph at lines 190--192
\TU/LiberationSerif(0)/m/n/14.05249 категории. Границы требуют методического ил
и информационного

Underfull \hbox (badness 1048) in paragraph at lines 190--192
\TU/LiberationSerif(0)/m/n/14.05249 основания. При нескольких категориях сохран
яется неопределённость;
[12]
Underfull \hbox (badness 10000) in paragraph at lines 195--196
[]\TU/LiberationSerif(0)/m/n/14.05249 Повторение:

Underfull \hbox (badness 10000) in paragraph at lines 195--196
[] [] [][][]$\TU/LiberationSerif(0)/m/n/14.05249 . Для

Underfull \hbox (badness 10000) in paragraph at lines 195--196
\TU/LiberationSerif(0)/m/n/14.05249 чувствительности

Underfull \hbox (badness 4108) in paragraph at lines 197--198
\TU/LiberationSerif(0)/m/n/14.05249 Отдельно представлены аудит опубликованных 
правил и независимая

Underfull \hbox (badness 10000) in paragraph at lines 207--207
[]|\TU/LiberationSerif(0)/m/n/11.04124 Официальный пример,

Underfull \hbox (badness 2310) in paragraph at lines 207--208
\TU/LiberationSerif(0)/m/n/11.04124 май–июль; общий календарный

Underfull \hbox (badness 1158) in paragraph at lines 208--208
[]|\TU/LiberationSerif(0)/m/n/11.04124 Пункты 32, 33(a), 39(b);

Underfull \hbox (badness 3930) in paragraph at lines 208--208
[]|\TU/LiberationSerif(0)/m/n/11.04124 При $[] [] [][][] [][][]$ оба

Underfull \hbox (badness 10000) in paragraph at lines 208--209
[]|\TU/LiberationSerif(0)/m/n/11.04124 Новый трудоспособный

Underfull \hbox (badness 10000) in paragraph at lines 208--209
\TU/LiberationSerif(0)/m/n/11.04124 заявитель без иных отказов,

Underfull \hbox (badness 5388) in paragraph at lines 208--209
\TU/LiberationSerif(0)/m/n/11.04124 рекомендации. Операционные

Underfull \hbox (badness 10000) in paragraph at lines 208--209
\TU/LiberationSerif(0)/m/n/11.04124 решения

Underfull \hbox (badness 10000) in paragraph at lines 209--210
\TU/LiberationSerif(0)/m/n/11.04124 такого кадастра

Underfull \hbox (badness 10000) in paragraph at lines 210--211
[]$ \TU/LiberationSerif(0)/m/n/11.04124 только допущение.

Underfull \hbox (badness 10000) in paragraph at lines 211--211
[]|\TU/LiberationSerif(0)/m/n/11.04124 Коэффициенты пола,

Underfull \hbox (badness 2495) in paragraph at lines 211--211
[]|$[][][][] [] [][][] [][][]$\TU/LiberationSerif(0)/m/n/11.04124 /месяц;

Underfull \hbox (badness 5050) in paragraph at lines 211--211
\TU/LiberationSerif(0)/m/n/11.04124 на человека при четырёх

Underfull \hbox (badness 10000) in paragraph at lines 211--212
[]|\TU/LiberationSerif(0)/m/n/11.04124 Различие

Underfull \hbox (badness 10000) in paragraph at lines 211--212
\TU/LiberationSerif(0)/m/n/11.04124 заработка, дискриминации

Underfull \hbox (badness 10000) in paragraph at lines 212--212
[]|\TU/LiberationSerif(0)/m/n/11.04124 Расширенная земельная

Underfull \hbox (badness 10000) in paragraph at lines 212--212
[]|$[] []

Underfull \hbox (badness 10000) in paragraph at lines 212--213
[]|\TU/LiberationSerif(0)/m/n/11.04124 Сконструированные количества,

Underfull \hbox (badness 10000) in paragraph at lines 213--214
[]|\TU/LiberationSerif(0)/m/n/11.04124 Сохраняются рекомендация,

Underfull \hbox (badness 1019) in paragraph at lines 213--214
\TU/LiberationSerif(0)/m/n/11.04124 квота, обстоятельства, оценка и

Underfull \hbox (badness 10000) in paragraph at lines 213--214
\TU/LiberationSerif(0)/m/n/11.04124 другие требования; общий

Underfull \hbox (badness 10000) in paragraph at lines 214--214
[]|$[][][][][][][][][] [][][]$\TU/LiberationSerif(0)/m/n/11.04124 , переход

Underfull \hbox (badness 10000) in paragraph at lines 214--215
[]|\TU/LiberationSerif(0)/m/n/11.04124 Периоды налога и базы

Underfull \hbox (badness 1132) in paragraph at lines 214--215
\TU/LiberationSerif(0)/m/n/11.04124 согласуются; коэффициент $[][][][]$

Underfull \hbox (badness 1062) in paragraph at lines 214--215
\TU/LiberationSerif(0)/m/n/11.04124 и освобождение первой головы.
 [13]
Underfull \hbox (badness 2865) in paragraph at lines 217--218
\TU/LiberationSerif(0)/m/n/14.05249 включают равенство в обязательные тесты. Ок
ончательное правовое

Underfull \hbox (badness 10000) in paragraph at lines 219--220
\TU/LiberationSerif(0)/m/n/14.05249 потребительских расходов» согласуется с «до
ход не превышает

Underfull \hbox (badness 1565) in paragraph at lines 225--226
[]\TU/LiberationSerif(0)/m/n/14.05249 семьи, выведенные из категорий семьи на г
осударственном

Underfull \hbox (badness 5077) in paragraph at lines 225--226
\TU/LiberationSerif(0)/m/n/14.05249 на человека без уменьшения по тяжёлой ситуа
ции выше

Underfull \hbox (badness 10000) in paragraph at lines 227--228
[]\TU/LiberationSerif(0)/m/n/14.05249 семьи,

Underfull \hbox (badness 2799) in paragraph at lines 227--228
\TU/LiberationSerif(0)/m/n/14.05249 включаемые по специальному порядку тяжёлой 
жизненной

Underfull \hbox (badness 2689) in paragraph at lines 227--228
\TU/LiberationSerif(0)/m/n/14.05249 минимальных потребительских расходов после 
уменьшения

Underfull \hbox (badness 10000) in paragraph at lines 227--228
\TU/LiberationSerif(0)/m/n/14.05249 дохода

Underfull \hbox (badness 3019) in paragraph at lines 227--228
\TU/LiberationSerif(0)/m/n/14.05249 расходам либо меньший доход сами по себе не
 являются

Underfull \hbox (badness 1715) in paragraph at lines 227--228
\TU/LiberationSerif(0)/m/n/14.05249 основанием отказа. Сохраняются законодатель
ные условия
[14]
Underfull \hbox (badness 3354) in paragraph at lines 229--230
\TU/LiberationSerif(0)/m/n/14.05249 Второй путь согласуется с примечанием (b) п
риложения 1 PF-258 и

Underfull \hbox (badness 4156) in paragraph at lines 231--232
[]\TU/LiberationSerif(0)/m/n/14.05249 Контрпример после рецензии, не входивший 
в первоначальный

Underfull \hbox (badness 4595) in paragraph at lines 235--236
\TU/LiberationSerif(0)/m/n/14.05249 наименьшее, max — наибольшее. TEM неотрицат
ельна;

Underfull \hbox (badness 2486) in paragraph at lines 237--238
\TU/LiberationSerif(0)/m/n/14.05249 такого ограничения в программе. Налоговый к
оэффициент и другие

Underfull \hbox (badness 2368) in paragraph at lines 241--242
\TU/LiberationSerif(0)/m/n/14.05249 месячном $[]$ переход $[][] [] []$ к $[][]$
 для перечисленных стран меняет

Underfull \hbox (badness 2042) in paragraph at lines 241--242
[][]$ \TU/LiberationSerif(0)/m/n/14.05249 на $[][]$, снижение 1360000 сумов. Дл
я трёхмесячного $[]$ меняет

Underfull \hbox (badness 1028) in paragraph at lines 241--242
[][]$ \TU/LiberationSerif(0)/m/n/14.05249 на $[][][][]$, снижение $[] [][][] []
[][][][]$. Для прочих стран снижения 0 и
[15]
Underfull \hbox (badness 10000) in paragraph at lines 248--249
[]\TU/LiberationSerif(0)/b/n/14.05249 1. Категория и равенство. \TU/LiberationS
erif(0)/m/n/14.05249 Источники: пункт 3

Underfull \hbox (badness 3895) in paragraph at lines 250--251
\TU/LiberationSerif(0)/m/n/14.05249 области. До внедрения оцениваются повышения
 дохода и прежние

Underfull \hbox (badness 1320) in paragraph at lines 252--253
\TU/LiberationSerif(0)/m/n/14.05249 через кабинет предоставляются версия, основ
ные значения и периоды,

Underfull \hbox (badness 2865) in paragraph at lines 254--255
[]\TU/LiberationSerif(0)/b/n/14.05249 4. Возражение и совет. \TU/LiberationSeri
f(0)/m/n/14.05249 Пункты 26 и 31 приложения 4 №

Underfull \hbox (badness 1173) in paragraph at lines 254--255
\TU/LiberationSerif(0)/m/n/14.05249 против решения только по автоматизированной
 обработке направляется

Underfull \hbox (badness 1910) in paragraph at lines 254--255
\TU/LiberationSerif(0)/m/n/14.05249 по запросу субъекта имеет отдельный трёхдне
вный срок статьи 11, а

Underfull \hbox (badness 1460) in paragraph at lines 254--255
\TU/LiberationSerif(0)/m/n/14.05249 выявленные неточные данные исправляются нем
едленно; этот срок не

Underfull \hbox (badness 1264) in paragraph at lines 254--255
\TU/LiberationSerif(0)/m/n/14.05249 требование доказательств, решение и исполне
ние; это предложение не
[16]
Underfull \hbox (badness 10000) in paragraph at lines 256--257
\TU/LiberationSerif(0)/m/n/14.05249 начало, условие восстановления

Underfull \hbox (badness 1281) in paragraph at lines 256--257
\TU/LiberationSerif(0)/m/n/14.05249 и проверяются по применимым законным правил
ам». Основание: не

Underfull \hbox (badness 1824) in paragraph at lines 258--259
\TU/LiberationSerif(0)/m/n/14.05249 № 35 и назначение и выплаты по приложению 3
. В поля передачи

Underfull \hbox (badness 4940) in paragraph at lines 260--261
\TU/LiberationSerif(0)/b/n/14.05249 процедура. \TU/LiberationSerif(0)/m/n/14.05
249 Пункт 46 приложения 1 к постановлению № 35 уже

Underfull \hbox (badness 5374) in paragraph at lines 260--261
\TU/LiberationSerif(0)/m/n/14.05249 возлагает на ответственных работников госуд
арственного учреждения

Underfull \hbox (badness 10000) in paragraph at lines 260--261
\TU/LiberationSerif(0)/m/n/14.05249 «Центр информационных технологий» при Агент
стве

Underfull \hbox (badness 1360) in paragraph at lines 260--261
\TU/LiberationSerif(0)/m/n/14.05249 обеспечение правильной работы Реестра и YAM
IH, совершенствование

Underfull \hbox (badness 1048) in paragraph at lines 260--261
\TU/LiberationSerif(0)/m/n/14.05249 и ведомств отвечают за своевременные и дост
оверные ответы. Пункт

Underfull \hbox (badness 1163) in paragraph at lines 260--261
\TU/LiberationSerif(0)/m/n/14.05249 аудита Агентства и Социальную инспекцию. Пр
едложение не создаёт

Underfull \hbox (badness 6348) in paragraph at lines 260--261
\TU/LiberationSerif(0)/m/n/14.05249 новую инспекцию и не передаёт их законные п
олномочия другому

Underfull \hbox (badness 6316) in paragraph at lines 260--261
\TU/LiberationSerif(0)/m/n/14.05249 независимо воспроизводимые контрольные расч
ёты, приёмку каждой

Underfull \hbox (badness 2894) in paragraph at lines 260--261
\TU/LiberationSerif(0)/m/n/14.05249 основания решений и допустимые к публикации
 сводные результаты.

Underfull \hbox (badness 5217) in paragraph at lines 260--261
\TU/LiberationSerif(0)/m/n/14.05249 Эти два пункта сами не устанавливают такой 
подробный протокол.

Underfull \hbox (badness 2617) in paragraph at lines 260--261
\TU/LiberationSerif(0)/m/n/14.05249 эквиваленты, сохранить их полномочия и объе
динить дублирующиеся
[17]
Underfull \hbox (badness 10000) in paragraph at lines 262--262
|\TU/LiberationSerif(0)/b/n/14.05249 Основное проверочное приложение: связь с д
ействующими

Underfull \hbox (badness 2126) in paragraph at lines 263--265
\TU/LiberationSerif(0)/m/n/14.05249 Сопоставление относится к обязательной част
и материала 1. Первая

Underfull \hbox (badness 5274) in paragraph at lines 263--265
\TU/LiberationSerif(0)/m/n/14.05249 графа излагает предмет конкретной действующ
ей нормы; вторая —

Underfull \hbox (badness 1308) in paragraph at lines 263--265
\TU/LiberationSerif(0)/m/n/14.05249 дополнительные способы её исполнения, предл
оженные автором. Это

Underfull \hbox (badness 1210) in paragraph at lines 263--265
\TU/LiberationSerif(0)/m/n/14.05249 постановления. Нумерация во второй графе от
носится к приложению

Underfull \hbox (badness 10000) in paragraph at lines 269--269
[]|\TU/LiberationSerif(0)/m/n/11.04124 Пункт 46 приложения

Underfull \hbox (badness 4556) in paragraph at lines 269--269
\TU/LiberationSerif(0)/m/n/11.04124 1 к постановлению № 35:

Underfull \hbox (badness 10000) in paragraph at lines 269--269
\TU/LiberationSerif(0)/m/n/11.04124 YAMIH в соответствии с

Underfull \hbox (badness 10000) in paragraph at lines 269--269
\TU/LiberationSerif(0)/m/n/11.04124 законодательством и

Underfull \hbox (badness 2556) in paragraph at lines 269--269
[]|\TU/LiberationSerif(0)/m/n/11.04124 Пункты 4–7, 12–17, 25–26:

Underfull \hbox (badness 2277) in paragraph at lines 269--269
\TU/LiberationSerif(0)/m/n/11.04124 связанное описание правил,

Underfull \hbox (badness 10000) in paragraph at lines 269--269
\TU/LiberationSerif(0)/m/n/11.04124 независимые

Underfull \hbox (badness 10000) in paragraph at lines 269--269
\TU/LiberationSerif(0)/m/n/11.04124 компонентов, приёмка

Underfull \hbox (badness 10000) in paragraph at lines 269--270
[]|\TU/LiberationSerif(0)/m/n/11.04124 Установить соответствие

Underfull \hbox (badness 10000) in paragraph at lines 269--270
\TU/LiberationSerif(0)/m/n/11.04124 утверждённой норме на

Underfull \hbox (badness 10000) in paragraph at lines 269--270
\TU/LiberationSerif(0)/m/n/11.04124 предъявленном

Underfull \hbox (badness 10000) in paragraph at lines 271--271
[]|\TU/LiberationSerif(0)/m/n/11.04124 Пункты

Underfull \hbox (badness 3118) in paragraph at lines 271--271
\TU/LiberationSerif(0)/m/n/11.04124 45–46: защита сведений и

Underfull \hbox (badness 3281) in paragraph at lines 271--271
\TU/LiberationSerif(0)/m/n/11.04124 своевременные достоверные

Underfull \hbox (badness 10000) in paragraph at lines 271--271
\TU/LiberationSerif(0)/m/n/11.04124 ответы государственных

Underfull \hbox (badness 10000) in paragraph at lines 271--271
[]|\TU/LiberationSerif(0)/m/n/11.04124 Пункты 8–10, 21–22,

Underfull \hbox (badness 4441) in paragraph at lines 271--271
\TU/LiberationSerif(0)/m/n/11.04124 28: различимые состояния

Underfull \hbox (badness 10000) in paragraph at lines 271--271
\TU/LiberationSerif(0)/m/n/11.04124 данных, компетентное

Underfull \hbox (badness 10000) in paragraph at lines 271--271
\TU/LiberationSerif(0)/m/n/11.04124 проверка предоставленного

Underfull \hbox (badness 10000) in paragraph at lines 271--272
[]|\TU/LiberationSerif(0)/m/n/11.04124 Не превращать отсутствие

Underfull \hbox (badness 10000) in paragraph at lines 271--272
\TU/LiberationSerif(0)/m/n/11.04124 семью и не передавать

Underfull \hbox (badness 10000) in paragraph at lines 271--272
\TU/LiberationSerif(0)/m/n/11.04124 защищённые входы

Underfull \hbox (badness 10000) in paragraph at lines 273--273
\TU/LiberationSerif(0)/m/n/11.04124 Статья

Underfull \hbox (badness 7486) in paragraph at lines 273--273
\TU/LiberationSerif(0)/m/n/11.04124 24 закона о персональных

Underfull \hbox (badness 10000) in paragraph at lines 273--273
\TU/LiberationSerif(0)/m/n/11.04124 данных: объяснение

Underfull \hbox (badness 10000) in paragraph at lines 273--273
\TU/LiberationSerif(0)/m/n/11.04124 автоматизированного

Underfull \hbox (badness 10000) in paragraph at lines 273--273
\TU/LiberationSerif(0)/m/n/11.04124 решения и десятидневное

Underfull \hbox (badness 6775) in paragraph at lines 273--273
[]|\TU/LiberationSerif(0)/m/n/11.04124 Пункты 18–20: доступное

Underfull \hbox (badness 10000) in paragraph at lines 273--273
\TU/LiberationSerif(0)/m/n/11.04124 объяснение расчёта,

Underfull \hbox (badness 10000) in paragraph at lines 273--273
\TU/LiberationSerif(0)/m/n/11.04124 разделение источника,

Underfull \hbox (badness 10000) in paragraph at lines 273--273
\TU/LiberationSerif(0)/m/n/11.04124 программы и правила,

Underfull \hbox (badness 1946) in paragraph at lines 273--273
\TU/LiberationSerif(0)/m/n/11.04124 сохранение первоначального

Underfull \hbox (badness 1546) in paragraph at lines 273--273
\TU/LiberationSerif(0)/m/n/11.04124 обращения и компетентного

Underfull \hbox (badness 10000) in paragraph at lines 273--274
[]|\TU/LiberationSerif(0)/m/n/11.04124 Семья может установить

Underfull \hbox (badness 10000) in paragraph at lines 273--274
\TU/LiberationSerif(0)/m/n/11.04124 причину и оспорить

Underfull \hbox (badness 10000) in paragraph at lines 273--274
\TU/LiberationSerif(0)/m/n/11.04124 исправление источника

Underfull \hbox (badness 1281) in paragraph at lines 273--274
\TU/LiberationSerif(0)/m/n/11.04124 не подменяется жалобой на

Underfull \hbox (badness 10000) in paragraph at lines 275--275
[]|\TU/LiberationSerif(0)/m/n/11.04124 Пункт 48: временное

Underfull \hbox (badness 1968) in paragraph at lines 275--275
\TU/LiberationSerif(0)/m/n/11.04124 полномочие при нарушении

Underfull \hbox (badness 10000) in paragraph at lines 275--275
\TU/LiberationSerif(0)/m/n/11.04124 в пределах полномочий

Underfull \hbox (badness 2913) in paragraph at lines 275--275
[]|\TU/LiberationSerif(0)/m/n/11.04124 Пункты 11, 17, 23–24, 27:

Underfull \hbox (badness 5022) in paragraph at lines 275--275
\TU/LiberationSerif(0)/m/n/11.04124 запись временного режима,

Underfull \hbox (badness 10000) in paragraph at lines 275--275
\TU/LiberationSerif(0)/m/n/11.04124 область влияния,

Underfull \hbox (badness 1596) in paragraph at lines 275--275
\TU/LiberationSerif(0)/m/n/11.04124 восстановление, внутренний

Underfull \hbox (badness 10000) in paragraph at lines 275--275
\TU/LiberationSerif(0)/m/n/11.04124 протокол и законный

Underfull \hbox (badness 6157) in paragraph at lines 275--276
[]|\TU/LiberationSerif(0)/m/n/11.04124 Временная версия остаётся

Underfull \hbox (badness 10000) in paragraph at lines 275--276
\TU/LiberationSerif(0)/m/n/11.04124 обнаружимой; техническое

Underfull \hbox (badness 4072) in paragraph at lines 275--276
\TU/LiberationSerif(0)/m/n/11.04124 уменьшения или взыскания

Underfull \hbox (badness 2080) in paragraph at lines 277--278
\TU/LiberationSerif(0)/m/n/14.05249 действующая процедура сохраняется; разработ
чик указывает её норму

Underfull \hbox (badness 2556) in paragraph at lines 277--278
\TU/LiberationSerif(0)/m/n/14.05249 и объединяет дублирование. Критерии нуждаем
ости 2027 года этим

Underfull \hbox (badness 2617) in paragraph at lines 280--282
\TU/LiberationSerif(0)/m/n/14.05249 Первая графа содержит только относящуюся к 
изменению фразу или

Underfull \hbox (badness 4726) in paragraph at lines 280--282
\TU/LiberationSerif(0)/m/n/14.05249 расчётную часть; остальные условия не отмен
яются. Это таблица

Underfull \hbox (badness 1515) in paragraph at lines 280--282
\TU/LiberationSerif(0)/m/n/14.05249 выбранных норм авторского предложения, а не
 окончательная таблица
[18]
Underfull \hbox (badness 10000) in paragraph at lines 284--284
[]|\TU/LiberationSerif(0)/m/n/11.04124 Соответствующая часть

Underfull \hbox (badness 10000) in paragraph at lines 286--286
[]|\TU/LiberationSerif(0)/m/n/11.04124 PF-258 пункт 3(a), (b),

Underfull \hbox (badness 2894) in paragraph at lines 286--286
\TU/LiberationSerif(0)/m/n/11.04124 примечание (a) приложения

Underfull \hbox (badness 7081) in paragraph at lines 286--286
\TU/LiberationSerif(0)/m/n/11.04124 1 и постановление № 35,

Underfull \hbox (badness 10000) in paragraph at lines 286--286
\TU/LiberationSerif(0)/m/n/11.04124 приложение

Underfull \hbox (badness 1748) in paragraph at lines 286--286
\TU/LiberationSerif(0)/m/n/11.04124 дохода «|   []   |   []

Underfull \hbox (badness 6445) in paragraph at lines 286--286
[]|\TU/LiberationSerif(0)/m/n/11.04124 В выбранном включающем

Underfull \hbox (badness 3333) in paragraph at lines 286--286
\TU/LiberationSerif(0)/m/n/11.04124 только это условие на «\TU/LiberationSerif(
0)/b/n/11.04124 не

Underfull \hbox (badness 10000) in paragraph at lines 286--286
\TU/LiberationSerif(0)/b/n/11.04124 превышающих

Underfull \hbox (badness 10000) in paragraph at lines 286--286
\TU/LiberationSerif(0)/b/n/11.04124 минимальные

Underfull \hbox (badness 10000) in paragraph at lines 286--286
\TU/LiberationSerif(0)/m/n/11.04124 Совместно изменить все

Underfull \hbox (badness 3068) in paragraph at lines 286--286
\TU/LiberationSerif(0)/m/n/11.04124 указанные части на уровне

Underfull \hbox (badness 10000) in paragraph at lines 286--286
\TU/LiberationSerif(0)/m/n/11.04124 Президента и Кабинета

Underfull \hbox (badness 10000) in paragraph at lines 286--286
\TU/LiberationSerif(0)/m/n/11.04124 Министров; остальные

Underfull \hbox (badness 10000) in paragraph at lines 286--287
\TU/LiberationSerif(0)/m/n/11.04124 заявителя в выбранных

Underfull \hbox (badness 10000) in paragraph at lines 286--287
\TU/LiberationSerif(0)/m/n/11.04124 условиях не совпадают

Underfull \hbox (badness 10000) in paragraph at lines 286--287
\TU/LiberationSerif(0)/m/n/11.04124 предикаты признания и

Underfull \hbox (badness 1888) in paragraph at lines 286--287
\TU/LiberationSerif(0)/m/n/11.04124 является выбором политики

Underfull \hbox (badness 10000) in paragraph at lines 288--288
[]|\TU/LiberationSerif(0)/m/n/11.04124 Постановление № 35,

Underfull \hbox (badness 10000) in paragraph at lines 288--288
\TU/LiberationSerif(0)/m/n/11.04124 приложение

Underfull \hbox (badness 10000) in paragraph at lines 288--288
\TU/LiberationSerif(0)/m/n/11.04124 на 25 процентов доход,

Underfull \hbox (badness 10000) in paragraph at lines 288--288
[]|\TU/LiberationSerif(0)/b/n/11.04124 Разделить путь обычного

Underfull \hbox (badness 10000) in paragraph at lines 288--288
\TU/LiberationSerif(0)/b/n/11.04124 специальном пути

Underfull \hbox (badness 10000) in paragraph at lines 288--288
\TU/LiberationSerif(0)/b/n/11.04124 основанием отказа.

Underfull \hbox (badness 10000) in paragraph at lines 288--288
\TU/LiberationSerif(0)/b/n/11.04124 Остальные законные

Underfull \hbox (badness 10000) in paragraph at lines 288--289
[] [] []$ \TU/LiberationSerif(0)/m/n/11.04124 противоречит

Underfull \hbox (badness 10000) in paragraph at lines 288--289
\TU/LiberationSerif(0)/m/n/11.04124 трёх человек.

Underfull \hbox (badness 1132) in paragraph at lines 288--289
\TU/LiberationSerif(0)/m/n/11.04124 Общий интервал не должен

Underfull \hbox (badness 10000) in paragraph at lines 290--290
[]|\TU/LiberationSerif(0)/m/n/11.04124 Алгебраическая запись

Underfull \hbox (badness 10000) in paragraph at lines 290--290
\TU/LiberationSerif(0)/m/n/11.04124 соответствующего

Underfull \hbox (badness 10000) in paragraph at lines 290--290
\TU/LiberationSerif(0)/m/n/11.04124 приложения 1 № 35:

Underfull \hbox (badness 10000) in paragraph at lines 290--290
[]|\TU/LiberationSerif(0)/m/n/11.04124 После подтверждения

Underfull \hbox (badness 10000) in paragraph at lines 290--290
\TU/LiberationSerif(0)/m/n/11.04124 геометрического смысла

Underfull \hbox (badness 7888) in paragraph at lines 290--290
\TU/LiberationSerif(0)/m/n/11.04124 разработчиком предлагается

Underfull \hbox (badness 2080) in paragraph at lines 290--290
\TU/LiberationSerif(0)/b/n/11.04124 200)}\TU/LiberationSerif(0)/m/n/11.04124 . 
Площади относятся

Underfull \hbox (badness 10000) in paragraph at lines 290--290
\TU/LiberationSerif(0)/m/n/11.04124 единица определяются

Underfull \hbox (badness 10000) in paragraph at lines 290--291
\TU/LiberationSerif(0)/m/n/11.04124 отрицательный

Underfull \hbox (badness 1975) in paragraph at lines 290--291
\TU/LiberationSerif(0)/m/n/11.04124 результат. Нулевой предел

Underfull \hbox (badness 1762) in paragraph at lines 290--291
\TU/LiberationSerif(0)/m/n/11.04124 может повысить вменённый

Underfull \hbox (badness 10000) in paragraph at lines 290--291
\TU/LiberationSerif(0)/m/n/11.04124 доход; он

Underfull \hbox (badness 10000) in paragraph at lines 290--291
\TU/LiberationSerif(0)/m/n/11.04124 увеличения помощи или

Underfull \hbox (badness 3039) in paragraph at lines 290--291
\TU/LiberationSerif(0)/m/n/11.04124 взыскания прежних выплат.

Underfull \hbox (badness 10000) in paragraph at lines 290--291
\TU/LiberationSerif(0)/m/n/11.04124 Операционная частота

Underfull \hbox (badness 1917) in paragraph at lines 292--292
[]|\TU/LiberationSerif(0)/m/n/11.04124 Пункт 37 приложения 1 №

Underfull \hbox (badness 2903) in paragraph at lines 292--292
\TU/LiberationSerif(0)/m/n/11.04124 номер направляется SMS о

Underfull \hbox (badness 5050) in paragraph at lines 292--292
\TU/LiberationSerif(0)/m/n/11.04124 включении семьи в реестр

Underfull \hbox (badness 10000) in paragraph at lines 292--292
[]|\TU/LiberationSerif(0)/m/n/11.04124 Сохранить SMS.

Underfull \hbox (badness 10000) in paragraph at lines 292--292
\TU/LiberationSerif(0)/b/n/11.04124 в кабинете

Underfull \hbox (badness 10000) in paragraph at lines 292--292
\TU/LiberationSerif(0)/b/n/11.04124 и периоды, правовые

Underfull \hbox (badness 10000) in paragraph at lines 292--292
\TU/LiberationSerif(0)/b/n/11.04124 путь возражения; не

Underfull \hbox (badness 10000) in paragraph at lines 292--292
\TU/LiberationSerif(0)/b/n/11.04124 использующий

Underfull \hbox (badness 10000) in paragraph at lines 292--292
\TU/LiberationSerif(0)/b/n/11.04124 через «Инсон».

Underfull \hbox (badness 10000) in paragraph at lines 292--292
\TU/LiberationSerif(0)/b/n/11.04124 Защищённые сведения

Underfull \hbox (badness 10000) in paragraph at lines 292--293
[]|\TU/LiberationSerif(0)/m/n/11.04124 Сообщение результата не

Underfull \hbox (badness 10000) in paragraph at lines 292--293
\TU/LiberationSerif(0)/m/n/11.04124 раскрывает полностью

Underfull \hbox (badness 7522) in paragraph at lines 292--293
\TU/LiberationSerif(0)/m/n/11.04124 Дополнение согласуется со

Underfull \hbox (badness 10000) in paragraph at lines 292--293
\TU/LiberationSerif(0)/m/n/11.04124 статьёй

Underfull \hbox (badness 7486) in paragraph at lines 292--293
\TU/LiberationSerif(0)/m/n/11.04124 24 закона о персональных

Underfull \hbox (badness 10000) in paragraph at lines 292--293
\TU/LiberationSerif(0)/m/n/11.04124 данных и применимыми

Underfull \hbox (badness 10000) in paragraph at lines 292--293
\TU/LiberationSerif(0)/m/n/11.04124 административными

Underfull \hbox (badness 5274) in paragraph at lines 296--297
\TU/LiberationSerif(0)/m/n/14.05249 Авторское предложение не направлено государ
ственным органам, не

Underfull \hbox (badness 4805) in paragraph at lines 296--297
\TU/LiberationSerif(0)/m/n/14.05249 проходило общественного обсуждения на госуд
арственном портале и
[19]
Underfull \hbox (badness 10000) in paragraph at lines 298--299
\TU/LiberationSerif(0)/m/n/14.05249 поручение

Underfull \hbox (badness 7133) in paragraph at lines 301--302
\TU/LiberationSerif(0)/m/n/14.05249 исключения, даты и основания. Независимые с
лучаи включаются

Underfull \hbox (badness 6559) in paragraph at lines 301--302
\TU/LiberationSerif(0)/m/n/14.05249 в применимый технический процесс и выпуск; 
равноценные тесты

Underfull \hbox (badness 10000) in paragraph at lines 303--304
[]\TU/LiberationSerif(0)/m/n/14.05249 Компетентный собственник или

Underfull \hbox (badness 10000) in paragraph at lines 311--311
[]|\TU/LiberationSerif(0)/m/n/11.04124 Методика и

Underfull \hbox (badness 10000) in paragraph at lines 311--311
[]|\TU/LiberationSerif(0)/m/n/11.04124 Агентство с

Underfull \hbox (badness 10000) in paragraph at lines 311--311
\TU/LiberationSerif(0)/m/n/11.04124 Министерством;

Underfull \hbox (badness 10000) in paragraph at lines 311--311
\TU/LiberationSerif(0)/m/n/11.04124 методическое

Underfull \hbox (badness 10000) in paragraph at lines 311--311
\TU/LiberationSerif(0)/m/n/11.04124 подразделение и

Underfull \hbox (badness 10000) in paragraph at lines 311--312
[]|\TU/LiberationSerif(0)/m/n/11.04124 Паспорта правил и

Underfull \hbox (badness 2384) in paragraph at lines 311--312
\TU/LiberationSerif(0)/m/n/11.04124 согласованы; отсутствующее правило не

Underfull \hbox (badness 10000) in paragraph at lines 313--313
[]|\TU/LiberationSerif(0)/m/n/11.04124 Источники и

Underfull \hbox (badness 10000) in paragraph at lines 313--313
[]|\TU/LiberationSerif(0)/m/n/11.04124 Ответственные

Underfull \hbox (badness 10000) in paragraph at lines 313--313
\TU/LiberationSerif(0)/m/n/11.04124 работники Центра

Underfull \hbox (badness 10000) in paragraph at lines 313--313
\TU/LiberationSerif(0)/m/n/11.04124 информационных

Underfull \hbox (badness 10000) in paragraph at lines 313--313
\TU/LiberationSerif(0)/m/n/11.04124 технологий;

Underfull \hbox (badness 10000) in paragraph at lines 313--313
\TU/LiberationSerif(0)/m/n/11.04124 руководители

Underfull \hbox (badness 10000) in paragraph at lines 313--313
\TU/LiberationSerif(0)/m/n/11.04124 предоставляющих

Underfull \hbox (badness 10000) in paragraph at lines 313--313
\TU/LiberationSerif(0)/m/n/11.04124 сведения ведомств в

Underfull \hbox (badness 10000) in paragraph at lines 313--314
\TU/LiberationSerif(0)/m/n/11.04124 период,

Underfull \hbox (badness 10000) in paragraph at lines 315--315
[]|\TU/LiberationSerif(0)/m/n/11.04124 Контрольная

Underfull \hbox (badness 10000) in paragraph at lines 315--315
[]|\TU/LiberationSerif(0)/m/n/11.04124 Системное

Underfull \hbox (badness 10000) in paragraph at lines 315--315
\TU/LiberationSerif(0)/m/n/11.04124 подразделение и

Underfull \hbox (badness 10000) in paragraph at lines 315--315
\TU/LiberationSerif(0)/m/n/11.04124 проверяющий

Underfull \hbox (badness 10000) in paragraph at lines 315--315
\TU/LiberationSerif(0)/m/n/11.04124 контрольные ответы,

Underfull \hbox (badness 10000) in paragraph at lines 315--315
\TU/LiberationSerif(0)/m/n/11.04124 отличный от

Underfull \hbox (badness 10000) in paragraph at lines 315--315
\TU/LiberationSerif(0)/m/n/11.04124 ответственного за

Underfull \hbox (badness 10000) in paragraph at lines 315--316
[]|\TU/LiberationSerif(0)/m/n/11.04124 Реестр правил и случаев,

Underfull \hbox (badness 2351) in paragraph at lines 315--316
\TU/LiberationSerif(0)/m/n/11.04124 точные контрольные ответы и протокол.

Underfull \hbox (badness 1496) in paragraph at lines 315--316
\TU/LiberationSerif(0)/m/n/11.04124 все влияющие расхождения устранены и

Underfull \hbox (badness 10000) in paragraph at lines 317--317
[]|\TU/LiberationSerif(0)/m/n/11.04124 Объяснение и

Underfull \hbox (badness 10000) in paragraph at lines 317--317
[]|\TU/LiberationSerif(0)/m/n/11.04124 Уполномоченный

Underfull \hbox (badness 10000) in paragraph at lines 317--317
\TU/LiberationSerif(0)/m/n/11.04124 работник «Инсон»,

Underfull \hbox (badness 10000) in paragraph at lines 317--317
\TU/LiberationSerif(0)/m/n/11.04124 собственник

Underfull \hbox (badness 5878) in paragraph at lines 317--317
\TU/LiberationSerif(0)/m/n/11.04124 или оператор данных,

Underfull \hbox (badness 10000) in paragraph at lines 317--318
[]|\TU/LiberationSerif(0)/m/n/11.04124 Образец доступного объяснения и

Underfull \hbox (badness 1895) in paragraph at lines 317--318
\TU/LiberationSerif(0)/m/n/11.04124 срок и результат установлены; проверка

Underfull \hbox (badness 10000) in paragraph at lines 319--319
[]|\TU/LiberationSerif(0)/m/n/11.04124 Сбой и

Underfull \hbox (badness 3407) in paragraph at lines 319--319
\TU/LiberationSerif(0)/m/n/11.04124 восстановление; 11,

Underfull \hbox (badness 10000) in paragraph at lines 319--319
[]|\TU/LiberationSerif(0)/m/n/11.04124 Уполномоченный и

Underfull \hbox (badness 10000) in paragraph at lines 319--320
\TU/LiberationSerif(0)/m/n/11.04124 восстановленных расчётов; решения

Underfull \hbox (badness 10000) in paragraph at lines 319--320
\TU/LiberationSerif(0)/m/n/11.04124 выявляются,

Underfull \hbox (badness 1661) in paragraph at lines 321--321
[]|\TU/LiberationSerif(0)/m/n/11.04124 Ресурсы и приёмка;

Underfull \hbox (badness 10000) in paragraph at lines 321--321
[]|\TU/LiberationSerif(0)/m/n/11.04124 Агентство с

Underfull \hbox (badness 10000) in paragraph at lines 321--321
\TU/LiberationSerif(0)/m/n/11.04124 Министерством;

Underfull \hbox (badness 10000) in paragraph at lines 321--321
\TU/LiberationSerif(0)/m/n/11.04124 руководитель или

Underfull \hbox (badness 10000) in paragraph at lines 321--321
\TU/LiberationSerif(0)/m/n/11.04124 уполномоченный

Underfull \hbox (badness 10000) in paragraph at lines 321--322
[]|\TU/LiberationSerif(0)/m/n/11.04124 Запись выпуска, внешние заключения,

Underfull \hbox (badness 10000) in paragraph at lines 321--322
\TU/LiberationSerif(0)/m/n/11.04124 тесты, реальные дополнительные

Underfull \hbox (badness 10000) in paragraph at lines 323--323
[]|\TU/LiberationSerif(0)/m/n/11.04124 Оператор, защита и

Underfull \hbox (badness 10000) in paragraph at lines 323--324
\TU/LiberationSerif(0)/m/n/11.04124 проверка обязательного/разрешённого
[20]
Underfull \hbox (badness 10000) in paragraph at lines 326--327
[]\TU/LiberationSerif(0)/m/n/14.05249 До внесения основного проекта 1

Underfull \hbox (badness 1924) in paragraph at lines 326--327
\TU/LiberationSerif(0)/m/n/14.05249 затронутого правила с 1 января 2027 года фи
ксируются компетентное

Underfull \hbox (badness 2409) in paragraph at lines 326--327
\TU/LiberationSerif(0)/m/n/14.05249 график и не полномочие отложить начало. Пре
дварительные случаи
[21]
Underfull \hbox (badness 4168) in paragraph at lines 331--332
\TU/LiberationSerif(0)/m/n/14.05249 установленном законном правиле. Равноценные
 проверки и каналы

Underfull \hbox (badness 5519) in paragraph at lines 333--334
\TU/LiberationSerif(0)/m/n/14.05249 выбрать пять кратких пунктов материала 1, р
авноценную редакцию

Underfull \hbox (badness 3009) in paragraph at lines 333--334
\TU/LiberationSerif(0)/m/n/14.05249 либо сохранённую применимую норму; A1 обесп
ечивает техническое

Underfull \hbox (badness 10000) in paragraph at lines 335--336
\TU/LiberationSerif(0)/m/n/14.05249 согласование, недостающие случаи, затронуты
е изменения

Underfull \hbox (badness 10000) in paragraph at lines 335--336
\TU/LiberationSerif(0)/m/n/14.05249 учёта. Агентство предоставляет объёмы,

Underfull \hbox (badness 3460) in paragraph at lines 337--338
[]\TU/LiberationSerif(0)/m/n/14.05249 Эмпирическая нуждаемость требует отдельно
го исследования на

Underfull \hbox (badness 2671) in paragraph at lines 337--338
\TU/LiberationSerif(0)/m/n/14.05249 соответствия; незавершённое исследование не
 доказывает правильную

Underfull \hbox (badness 1515) in paragraph at lines 340--341
\TU/LiberationSerif(0)/m/n/14.05249 Приложение проверки может приниматься отдел
ьно от необязательных

Underfull \hbox (badness 2213) in paragraph at lines 340--341
\TU/LiberationSerif(0)/m/n/14.05249 ответов и компонентного сравнения. Нельзя п
ропустить применимое

Underfull \hbox (badness 10000) in paragraph at lines 340--341
\TU/LiberationSerif(0)/m/n/14.05249 исключение и затем удостоверить полноту соб
ственного списка.

Underfull \hbox (badness 3417) in paragraph at lines 340--341
\TU/LiberationSerif(0)/m/n/14.05249 Отсутствующие или повторные случаи, неразре
шённые компонентные

Underfull \hbox (badness 1509) in paragraph at lines 340--341
\TU/LiberationSerif(0)/m/n/14.05249 различия и нулевые знаменатели раскрываются
. Совпадение сумм не
[22]
Underfull \hbox (badness 10000) in paragraph at lines 342--343
[]\TU/LiberationSerif(0)/m/n/14.05249 Выполненная работа предоставляет

Underfull \hbox (badness 10000) in paragraph at lines 344--345
[]\TU/LiberationSerif(0)/m/n/14.05249 Протокол готовности разработчика указывае
т методическое

Underfull \hbox (badness 1067) in paragraph at lines 344--345
\TU/LiberationSerif(0)/m/n/14.05249 мощность и финансирование интеграции, контр
оля, хранения, доступа,

Underfull \hbox (badness 1546) in paragraph at lines 344--345
\TU/LiberationSerif(0)/m/n/14.05249 дважды. Итог бюджета либо экономия не выдум
аны. Последующее

Underfull \hbox (badness 3895) in paragraph at lines 346--347
[]\TU/LiberationSerif(0)/m/n/14.05249 Технические источники устройства контроля
: []Barr и соавторы,

Underfull \hbox (badness 1603) in paragraph at lines 346--347
\TU/LiberationSerif(0)/m/n/14.05249 2015, обзор проблемы ответа теста[] и []NIS
T IR 8397, разделы 2.6–2.8[].

Underfull \hbox (badness 1383) in paragraph at lines 346--347
\TU/LiberationSerif(0)/m/n/14.05249 Это инженерные источники, не дополнительные
 правовые обязанности

Underfull \hbox (badness 4660) in paragraph at lines 349--350
\TU/LiberationSerif(0)/m/n/14.05249 версии описанного правила, проверенного кон
трольного комплекта и

Underfull \hbox (badness 10000) in paragraph at lines 349--350
\TU/LiberationSerif(0)/m/n/14.05249 сохранённого основания индивидуального

Underfull \hbox (badness 4084) in paragraph at lines 349--350
\TU/LiberationSerif(0)/m/n/14.05249 неразрешённых расхождений компонентов, дост
упности объяснения и

Underfull \hbox (badness 1997) in paragraph at lines 349--350
\TU/LiberationSerif(0)/m/n/14.05249 соблюдению законных сроков исправления и во
зражения. Для долей

Underfull \hbox (badness 2781) in paragraph at lines 349--350
\TU/LiberationSerif(0)/m/n/14.05249 публикуются числитель, знаменатель и исключ
ения. Эти показатели

Underfull \hbox (badness 10000) in paragraph at lines 351--352
[]\TU/LiberationSerif(0)/m/n/14.05249 Для

Underfull \hbox (badness 5519) in paragraph at lines 351--352
\TU/LiberationSerif(0)/m/n/14.05249 семьи ожидаются доступ к использованным зна
чениям и правовому

Underfull \hbox (badness 1917) in paragraph at lines 351--352
\TU/LiberationSerif(0)/m/n/14.05249 оснований и компетентного индивидуального р
ешения. Действующие
[23]
Underfull \hbox (badness 3612) in paragraph at lines 353--354
\TU/LiberationSerif(0)/m/n/14.05249 ответ, неподготовленный маршрут обращения, 
нехватка работников и

Underfull \hbox (badness 3482) in paragraph at lines 353--354
\TU/LiberationSerif(0)/m/n/14.05249 раздельный статус и уточнение (8–10), незав
исимый правовой вывод

Underfull \hbox (badness 1178) in paragraph at lines 353--354
\TU/LiberationSerif(0)/m/n/14.05249 по себе не устраняет эти риски; условия зак
рытия указаны в таблице

Underfull \hbox (badness 10000) in paragraph at lines 356--357
\TU/LiberationSerif(0)/m/n/14.05249 К основному проекту предлагается

Underfull \hbox (badness 1755) in paragraph at lines 356--357
\TU/LiberationSerif(0)/m/n/14.05249 подготовить расчёт по следующим работам: оп
исание и юридическое

Underfull \hbox (badness 1354) in paragraph at lines 356--357
\TU/LiberationSerif(0)/m/n/14.05249 работников; отчёт и контроль раскрытия; соп
ровождение и повторные

Underfull \hbox (badness 1205) in paragraph at lines 356--357
\TU/LiberationSerif(0)/m/n/14.05249 объём, годовой объём, единица, дополнительн
ые денежные затраты на

Underfull \hbox (badness 10000) in paragraph at lines 359--361
\TU/LiberationSerif(0)/m/n/14.05249 Здесь $[][]$ — годовой

Underfull \hbox (badness 10000) in paragraph at lines 359--361
\TU/LiberationSerif(0)/m/n/14.05249 законный источник и бюджетное оформление. С
редства
[24]
Underfull \hbox (badness 2671) in paragraph at lines 363--364
\TU/LiberationSerif(0)/m/n/14.05249 определения стоимости проектов Центра инфор
мационных технологий

Underfull \hbox (badness 4713) in paragraph at lines 363--364
\TU/LiberationSerif(0)/m/n/14.05249 Агентства за счёт Государственного фонда со
циальной защиты либо

Underfull \hbox (badness 10000) in paragraph at lines 365--366
[]\TU/LiberationSerif(0)/m/n/14.05249 Для технического сопровождения и совершен
ствования

Underfull \hbox (badness 10000) in paragraph at lines 366--368
\TU/LiberationSerif(0)/m/n/14.05249 MS — число

Underfull \hbox (badness 1448) in paragraph at lines 366--368
\TU/LiberationSerif(0)/m/n/14.05249 расходов по проекту. Проценты применяют к у
казанной базе и виду

Underfull \hbox (badness 1107) in paragraph at lines 366--368
\TU/LiberationSerif(0)/m/n/14.05249 проекта, не без разбора ко всем задачам. Дл
я новых проектов пункт

Underfull \hbox (badness 1024) in paragraph at lines 366--368
\TU/LiberationSerif(0)/m/n/14.05249 Агентства. По пункту 12 условные штатные и 
зарплатные параметры

Underfull \hbox (badness 10000) in paragraph at lines 369--370
[][]\TU/LiberationSerif(0)/m/n/14.05249 ПП-388
[25]
Underfull \hbox (badness 10000) in paragraph at lines 372--373
\TU/LiberationSerif(0)/m/n/14.05249 подзаконного предложения сведения

Underfull \hbox (badness 10000) in paragraph at lines 374--375
\TU/LiberationSerif(0)/m/n/14.05249 Статья

Underfull \hbox (badness 2635) in paragraph at lines 374--375
\TU/LiberationSerif(0)/m/n/14.05249 проекта на государственном языке по статье 
21 []ЗРУ-682[]; английская

Underfull \hbox (badness 1694) in paragraph at lines 374--375
\TU/LiberationSerif(0)/m/n/14.05249 является согласованной сопроводительной вер
сией. При согласовании

Underfull \hbox (badness 2435) in paragraph at lines 374--375
\TU/LiberationSerif(0)/m/n/14.05249 и полномочиям. Содержательное расхождение п
ереводов устраняется

Underfull \hbox (badness 4144) in paragraph at lines 374--375
\TU/LiberationSerif(0)/m/n/14.05249 до подачи разработчиком окончательной редак
ции, а не разрешается

Underfull \hbox (badness 1648) in paragraph at lines 377--378
\TU/LiberationSerif(0)/m/n/14.05249 Для данного проекта официальная спецификаци
я баллов 2027 года не

Underfull \hbox (badness 1831) in paragraph at lines 377--378
\TU/LiberationSerif(0)/m/n/14.05249 паспорт указывает доказанную область; реаль
ная частота не заявлена.

Underfull \hbox (badness 4193) in paragraph at lines 380--381
\TU/LiberationSerif(0)/b/n/14.05249 Имеющиеся полномочия и необходимость. \TU/L
iberationSerif(0)/m/n/14.05249 Проверяются отдельно

Underfull \hbox (badness 6708) in paragraph at lines 380--381
\TU/LiberationSerif(0)/m/n/14.05249 правовое покрытие и выполненный контроль. С
татья 20 ЗРУ-682

Underfull \hbox (badness 2828) in paragraph at lines 380--381
\TU/LiberationSerif(0)/m/n/14.05249 ограничивает инициирование указанных в ней 
проектов, если вопрос

Underfull \hbox (badness 1221) in paragraph at lines 380--381
\TU/LiberationSerif(0)/m/n/14.05249 полномочиями; PF-193 прямо поручает нормати
вную разработку новой

Underfull \hbox (badness 4084) in paragraph at lines 380--381
\TU/LiberationSerif(0)/m/n/14.05249 теста. При равноценном действующем правиле 
оно сохраняется, а

Underfull \hbox (badness 10000) in paragraph at lines 380--381
\TU/LiberationSerif(0)/m/n/14.05249 техническая интеграция
[26]
Underfull \hbox (badness 1052) in paragraph at lines 382--383
\TU/LiberationSerif(0)/m/n/14.05249 компетентным органам и требует их рассмотре
ния в законном порядке

Underfull \hbox (badness 2521) in paragraph at lines 382--383
\TU/LiberationSerif(0)/m/n/14.05249 и сроки. Статьи 6, 18 и 23 []закона об обра
щениях[] разграничивают

Underfull \hbox (badness 2418) in paragraph at lines 382--383
\TU/LiberationSerif(0)/m/n/14.05249 реквизиты, приём и регистрацию. Регистрация
 производится в день

Underfull \hbox (badness 2205) in paragraph at lines 382--383
\TU/LiberationSerif(0)/m/n/14.05249 рабочий день; отказ в регистрации запрещён.
 Обращение указывает

Underfull \hbox (badness 5245) in paragraph at lines 382--383
\TU/LiberationSerif(0)/m/n/14.05249 рассмотрения, включая анонимность или иное 
несоблюдение закона,

Underfull \hbox (badness 1742) in paragraph at lines 382--383
\TU/LiberationSerif(0)/m/n/14.05249 отзыв и установленные условия повторного об
ращения. Неизвестные

Underfull \hbox (badness 10000) in paragraph at lines 384--385
[]\TU/LiberationSerif(0)/b/n/14.05249 Рассмотрение и ответ.

Underfull \hbox (badness 1960) in paragraph at lines 384--385
\TU/LiberationSerif(0)/m/n/14.05249 Статья 22 допускает участие, но не обязывае
т назначать. По статье

Underfull \hbox (badness 1092) in paragraph at lines 384--385
\TU/LiberationSerif(0)/m/n/14.05249 27 закона об обращениях рассматриваются все
 вопросы и письменный

Underfull \hbox (badness 2277) in paragraph at lines 384--385
\TU/LiberationSerif(0)/m/n/14.05249 для предложения срок до месяца, кроме допол
нительного изучения с

Underfull \hbox (badness 4303) in paragraph at lines 384--385
\TU/LiberationSerif(0)/m/n/14.05249 письменным уведомлением в десятидневный сро
к. Личная просьба

Underfull \hbox (badness 6428) in paragraph at lines 384--385
\TU/LiberationSerif(0)/m/n/14.05249 об участии или доступе может требовать отде
льной классификации

Underfull \hbox (badness 3919) in paragraph at lines 384--385
\TU/LiberationSerif(0)/m/n/14.05249 и соответствующего срока. Объединённое пись
мо не устанавливает

Underfull \hbox (badness 2726) in paragraph at lines 386--387
[]\TU/LiberationSerif(0)/b/n/14.05249 Доказательства исполнения. \TU/Liberation
Serif(0)/m/n/14.05249 Сохраняются поданная редакция,

Underfull \hbox (badness 10000) in paragraph at lines 386--387
\TU/LiberationSerif(0)/m/n/14.05249 приложения, квитанция либо электронное подт
верждение,

Underfull \hbox (badness 1776) in paragraph at lines 386--387
\TU/LiberationSerif(0)/m/n/14.05249 номер регистрации и дата поступления. Сохра
няются уведомления о

Underfull \hbox (badness 4316) in paragraph at lines 386--387
\TU/LiberationSerif(0)/m/n/14.05249 ответ. Ответ сопоставляется с пятью нумеров
анными просьбами и

Underfull \hbox (badness 1168) in paragraph at lines 386--387
\TU/LiberationSerif(0)/m/n/14.05249 действующая норма либо причина непринятия. 
Хеш исходного файла
[27]
Underfull \hbox (badness 10000) in paragraph at lines 388--389
\TU/LiberationSerif(0)/m/n/14.05249 предусматривают обжалование

Underfull \hbox (badness 1102) in paragraph at lines 388--389
\TU/LiberationSerif(0)/m/n/14.05249 незаконного отказа в приёме или рассмотрени
и и разъяснение порядка

Underfull \hbox (badness 1968) in paragraph at lines 388--389
\TU/LiberationSerif(0)/m/n/14.05249 обжалования; []статья 55 Конституции[] защи
щает судебное обжалование

Underfull \hbox (badness 2088) in paragraph at lines 388--389
\TU/LiberationSerif(0)/m/n/14.05249 или интересов заявителя для указанного сред
ства защиты; суд может

Underfull \hbox (badness 2173) in paragraph at lines 388--389
\TU/LiberationSerif(0)/m/n/14.05249 нарушение. Несогласие с обоснованным выборо
м политики само по

Underfull \hbox (badness 1210) in paragraph at lines 388--389
\TU/LiberationSerif(0)/m/n/14.05249 шестимесячный срок обращения в суд со дня, 
когда стало известно о

Underfull \hbox (badness 1270) in paragraph at lines 388--389
\TU/LiberationSerif(0)/m/n/14.05249 нарушении, если законом не предусмотрен ино
й срок; восстановление

Underfull \hbox (badness 2671) in paragraph at lines 388--389
\TU/LiberationSerif(0)/m/n/14.05249 требует уважительной причины. Это отличаетс
я от годичного срока

Underfull \hbox (badness 10000) in paragraph at lines 390--391
\TU/LiberationSerif(0)/m/n/14.05249 прямо разрешает отклонение

Underfull \hbox (badness 1546) in paragraph at lines 390--391
\TU/LiberationSerif(0)/m/n/14.05249 включения или принятия. Статья 3 []ЗРУ-457[
] исключает подготовку и

Underfull \hbox (badness 2005) in paragraph at lines 390--391
\TU/LiberationSerif(0)/m/n/14.05249 частях пакета, не заявляются как процедурна
я основа принуждения к

Underfull \hbox (badness 8038) in paragraph at lines 390--391
\TU/LiberationSerif(0)/m/n/14.05249 гражданина и отдельные конституционные и за
конные обязанности,

Underfull \hbox (badness 2753) in paragraph at lines 392--393
\TU/LiberationSerif(0)/m/n/14.05249 об обращениях исключает обращения, порядок 
рассмотрения которых

Underfull \hbox (badness 7081) in paragraph at lines 392--393
\TU/LiberationSerif(0)/m/n/14.05249 установлен иным законодательством. Данное п
исьмо подготовлено

Underfull \hbox (badness 4752) in paragraph at lines 392--393
\TU/LiberationSerif(0)/m/n/14.05249 как инициативное предложение гражданина и л
ичная просьба, а не

Underfull \hbox (badness 2285) in paragraph at lines 392--393
\TU/LiberationSerif(0)/m/n/14.05249 его и правовое основание; обычный срок пред
ложения не заявляется

Underfull \hbox (badness 6575) in paragraph at lines 392--393
\TU/LiberationSerif(0)/m/n/14.05249 для последующего портального комментария по
 статье 24 ЗРУ-682.
[28]
Underfull \hbox (badness 10000) in paragraph at lines 394--395
[]\TU/LiberationSerif(0)/m/n/14.05249 При оспаривании в применимом порядке

Underfull \hbox (badness 1102) in paragraph at lines 394--395
\TU/LiberationSerif(0)/m/n/14.05249 и устанавливают, что суд не оценивает целес
ообразность решения или

Underfull \hbox (badness 1248) in paragraph at lines 394--395
\TU/LiberationSerif(0)/m/n/14.05249 решение должно быть принято. Эти правила по
ддерживают проверку

Underfull \hbox (badness 6461) in paragraph at lines 401--402
[]\TU/LiberationSerif(0)/m/n/14.05249 Это авторское предложение; новые обязанно
сти не объявлены
[29]
(/home/xola/GitHub/Solial Registry/results/documents/explanatory_note_ru.aux) )
(see the transcript file for additional information)
Output written on /home/xola/GitHub/Solial Registry/results/documents/explanato
ry_note_ru.pdf (29 pages).
Transcript written on /home/xola/GitHub/Solial Registry/results/documents/expla
natory_note_ru.log.
