This is XeTeX, Version 3.141592653-2.6-0.999998 (TeX Live 2026/Arch Linux) (preloaded format=xelatex)
 restricted \write18 enabled.
entering extended mode
(./explanatory_note_en.tex
LaTeX2e <2025-11-01>
L3 programming layer <2026-01-19>
(/usr/share/texmf-dist/tex/latex/extsizes/extarticle.cls
Document Class: extarticle 1996/10/08 v1.0 Non Standard LaTeX document class
(/usr/share/texmf-dist/tex/latex/extsizes/size14.clo)
(/usr/share/texmf-dist/tex/latex/base/exscale.sty))
(/usr/share/texmf-dist/tex/latex/geometry/geometry.sty
(/usr/share/texmf-dist/tex/latex/graphics/keyval.sty)
(/usr/share/texmf-dist/tex/generic/iftex/ifvtex.sty
(/usr/share/texmf-dist/tex/generic/iftex/iftex.sty)))
(/usr/share/texmf-dist/tex/latex/fontspec/fontspec.sty
(/usr/share/texmf-dist/tex/latex/l3packages/xparse/xparse.sty
(/usr/share/texmf-dist/tex/latex/l3kernel/expl3.sty
(/usr/share/texmf-dist/tex/latex/l3backend/l3backend-xetex.def)))
(/usr/share/texmf-dist/tex/latex/fontspec/fontspec-xetex.sty
(/usr/share/texmf-dist/tex/latex/base/fontenc.sty)
(/usr/share/texmf-dist/tex/latex/fontspec/fontspec.cfg)))
(/usr/share/texmf-dist/tex/latex/unicode-math/unicode-math.sty
(/usr/share/texmf-dist/tex/latex/unicode-math/unicode-math-xetex.sty
(/usr/share/texmf-dist/tex/latex/l3packages/l3keys2e/l3keys2e.sty)
(/usr/share/texmf-dist/tex/latex/base/fix-cm.sty
(/usr/share/texmf-dist/tex/latex/base/ts1enc.def))
(/usr/share/texmf-dist/tex/latex/amsmath/amsmath.sty
For additional information on amsmath, use the `?' option.
(/usr/share/texmf-dist/tex/latex/amsmath/amstext.sty
(/usr/share/texmf-dist/tex/latex/amsmath/amsgen.sty))
(/usr/share/texmf-dist/tex/latex/amsmath/amsbsy.sty)
(/usr/share/texmf-dist/tex/latex/amsmath/amsopn.sty))
(/usr/share/texmf-dist/tex/latex/unicode-math/unicode-math-table.tex)))
(/usr/share/texmf-dist/tex/generic/babel/babel.sty
(/usr/share/texmf-dist/tex/generic/babel/xebabel.def)
(/usr/share/texmf-dist/tex/generic/babel/locale/en/babel-english.tex)
(/usr/share/texmf-dist/tex/generic/babel-english/english.ldf))
(/usr/share/texmf-dist/tex/latex/graphics/graphicx.sty
(/usr/share/texmf-dist/tex/latex/graphics/graphics.sty
(/usr/share/texmf-dist/tex/latex/graphics/trig.sty)
(/usr/share/texmf-dist/tex/latex/graphics-cfg/graphics.cfg)
(/usr/share/texmf-dist/tex/latex/graphics-def/xetex.def)))
(/usr/share/texmf-dist/tex/latex/booktabs/booktabs.sty)
(/usr/share/texmf-dist/tex/latex/tools/longtable.sty)
(/usr/share/texmf-dist/tex/latex/tools/array.sty)
(/usr/share/texmf-dist/tex/latex/enumitem/enumitem.sty)
(/usr/share/texmf-dist/tex/latex/pgfplots/pgfplots.sty
(/usr/share/texmf-dist/tex/generic/pgfplots/pgfplots.revision.tex)
(/usr/share/texmf-dist/tex/latex/pgf/frontendlayer/tikz.sty
(/usr/share/texmf-dist/tex/latex/pgf/basiclayer/pgf.sty
(/usr/share/texmf-dist/tex/latex/pgf/utilities/pgfrcs.sty
(/usr/share/texmf-dist/tex/generic/pgf/utilities/pgfutil-common.tex)
(/usr/share/texmf-dist/tex/generic/pgf/utilities/pgfutil-latex.def)
(/usr/share/texmf-dist/tex/generic/pgf/utilities/pgfrcs.code.tex
(/usr/share/texmf-dist/tex/generic/pgf/pgf.revision.tex)))
(/usr/share/texmf-dist/tex/latex/pgf/basiclayer/pgfcore.sty
(/usr/share/texmf-dist/tex/latex/pgf/systemlayer/pgfsys.sty
(/usr/share/texmf-dist/tex/generic/pgf/systemlayer/pgfsys.code.tex
(/usr/share/texmf-dist/tex/generic/pgf/utilities/pgfkeys.code.tex
(/usr/share/texmf-dist/tex/generic/pgf/utilities/pgfkeyslibraryfiltered.code.te
x)) (/usr/share/texmf-dist/tex/generic/pgf/systemlayer/pgf.cfg)
(/usr/share/texmf-dist/tex/generic/pgf/systemlayer/pgfsys-xetex.def
(/usr/share/texmf-dist/tex/generic/pgf/systemlayer/pgfsys-dvipdfmx.def
(/usr/share/texmf-dist/tex/generic/pgf/systemlayer/pgfsys-common-pdf.def))))
(/usr/share/texmf-dist/tex/generic/pgf/systemlayer/pgfsyssoftpath.code.tex)
(/usr/share/texmf-dist/tex/generic/pgf/systemlayer/pgfsysprotocol.code.tex))
(/usr/share/texmf-dist/tex/latex/xcolor/xcolor.sty
(/usr/share/texmf-dist/tex/latex/graphics-cfg/color.cfg)
(/usr/share/texmf-dist/tex/latex/graphics/mathcolor.ltx))
(/usr/share/texmf-dist/tex/generic/pgf/basiclayer/pgfcore.code.tex
(/usr/share/texmf-dist/tex/generic/pgf/math/pgfmath.code.tex
(/usr/share/texmf-dist/tex/generic/pgf/math/pgfmathutil.code.tex)
(/usr/share/texmf-dist/tex/generic/pgf/math/pgfmathparser.code.tex)
(/usr/share/texmf-dist/tex/generic/pgf/math/pgfmathfunctions.code.tex)
(/usr/share/texmf-dist/tex/generic/pgf/math/pgfmathfunctions.basic.code.tex)
(/usr/share/texmf-dist/tex/generic/pgf/math/pgfmathfunctions.trigonometric.code
.tex)
(/usr/share/texmf-dist/tex/generic/pgf/math/pgfmathfunctions.random.code.tex)
(/usr/share/texmf-dist/tex/generic/pgf/math/pgfmathfunctions.comparison.code.te
x) (/usr/share/texmf-dist/tex/generic/pgf/math/pgfmathfunctions.base.code.tex)
(/usr/share/texmf-dist/tex/generic/pgf/math/pgfmathfunctions.round.code.tex)
(/usr/share/texmf-dist/tex/generic/pgf/math/pgfmathfunctions.misc.code.tex)
(/usr/share/texmf-dist/tex/generic/pgf/math/pgfmathfunctions.integerarithmetics
.code.tex) (/usr/share/texmf-dist/tex/generic/pgf/math/pgfmathcalc.code.tex)
(/usr/share/texmf-dist/tex/generic/pgf/math/pgfmathfloat.code.tex))
(/usr/share/texmf-dist/tex/generic/pgf/math/pgfint.code.tex)
(/usr/share/texmf-dist/tex/generic/pgf/basiclayer/pgfcorepoints.code.tex)
(/usr/share/texmf-dist/tex/generic/pgf/basiclayer/pgfcorepathconstruct.code.tex
) (/usr/share/texmf-dist/tex/generic/pgf/basiclayer/pgfcorepathusage.code.tex)
(/usr/share/texmf-dist/tex/generic/pgf/basiclayer/pgfcorescopes.code.tex)
(/usr/share/texmf-dist/tex/generic/pgf/basiclayer/pgfcoregraphicstate.code.tex)

(/usr/share/texmf-dist/tex/generic/pgf/basiclayer/pgfcoretransformations.code.t
ex) (/usr/share/texmf-dist/tex/generic/pgf/basiclayer/pgfcorequick.code.tex)
(/usr/share/texmf-dist/tex/generic/pgf/basiclayer/pgfcoreobjects.code.tex)
(/usr/share/texmf-dist/tex/generic/pgf/basiclayer/pgfcorepathprocessing.code.te
x) (/usr/share/texmf-dist/tex/generic/pgf/basiclayer/pgfcorearrows.code.tex)
(/usr/share/texmf-dist/tex/generic/pgf/basiclayer/pgfcoreshade.code.tex)
(/usr/share/texmf-dist/tex/generic/pgf/basiclayer/pgfcoreimage.code.tex)
(/usr/share/texmf-dist/tex/generic/pgf/basiclayer/pgfcoreexternal.code.tex)
(/usr/share/texmf-dist/tex/generic/pgf/basiclayer/pgfcorelayers.code.tex)
(/usr/share/texmf-dist/tex/generic/pgf/basiclayer/pgfcoretransparency.code.tex)
 (/usr/share/texmf-dist/tex/generic/pgf/basiclayer/pgfcorepatterns.code.tex)
(/usr/share/texmf-dist/tex/generic/pgf/basiclayer/pgfcorerdf.code.tex)))
(/usr/share/texmf-dist/tex/generic/pgf/modules/pgfmoduleshapes.code.tex)
(/usr/share/texmf-dist/tex/generic/pgf/modules/pgfmoduleplot.code.tex)
(/usr/share/texmf-dist/tex/latex/pgf/compatibility/pgfcomp-version-0-65.sty)
(/usr/share/texmf-dist/tex/latex/pgf/compatibility/pgfcomp-version-1-18.sty))
(/usr/share/texmf-dist/tex/latex/pgf/utilities/pgffor.sty
(/usr/share/texmf-dist/tex/latex/pgf/utilities/pgfkeys.sty
(/usr/share/texmf-dist/tex/generic/pgf/utilities/pgfkeys.code.tex))
(/usr/share/texmf-dist/tex/latex/pgf/math/pgfmath.sty
(/usr/share/texmf-dist/tex/generic/pgf/math/pgfmath.code.tex))
(/usr/share/texmf-dist/tex/generic/pgf/utilities/pgffor.code.tex))
(/usr/share/texmf-dist/tex/generic/pgf/frontendlayer/tikz/tikz.code.tex
(/usr/share/texmf-dist/tex/generic/pgf/libraries/pgflibraryplothandlers.code.te
x) (/usr/share/texmf-dist/tex/generic/pgf/modules/pgfmodulematrix.code.tex)
(/usr/share/texmf-dist/tex/generic/pgf/frontendlayer/tikz/libraries/tikzlibrary
topaths.code.tex)))
(/usr/share/texmf-dist/tex/generic/pgfplots/pgfplots.code.tex
(/usr/share/texmf-dist/tex/generic/pgfplots/pgfplotscore.code.tex
(/usr/share/texmf-dist/tex/generic/pgfplots/sys/pgfplotssysgeneric.code.tex))
(/usr/share/texmf-dist/tex/generic/pgfplots/libs/pgfplotslibrary.code.tex)
(/usr/share/texmf-dist/tex/generic/pgfplots/oldpgfcompatib/pgfplotsoldpgfsupp_l
oader.code.tex
(/usr/share/texmf-dist/tex/generic/pgf/libraries/pgflibraryfpu.code.tex)
(/usr/share/texmf-dist/tex/generic/pgfplots/oldpgfcompatib/pgfplotsoldpgfsupp_p
gfutil-common-lists.tex))
(/usr/share/texmf-dist/tex/generic/pgfplots/util/pgfplotsutil.code.tex
(/usr/share/texmf-dist/tex/generic/pgfplots/liststructure/pgfplotsliststructure
.code.tex)
(/usr/share/texmf-dist/tex/generic/pgfplots/liststructure/pgfplotsliststructure
ext.code.tex)
(/usr/share/texmf-dist/tex/generic/pgfplots/liststructure/pgfplotsarray.code.te
x)
(/usr/share/texmf-dist/tex/generic/pgfplots/liststructure/pgfplotsmatrix.code.t
ex)
(/usr/share/texmf-dist/tex/generic/pgfplots/numtable/pgfplotstableshared.code.t
ex)
(/usr/share/texmf-dist/tex/generic/pgfplots/liststructure/pgfplotsdeque.code.te
x) (/usr/share/texmf-dist/tex/generic/pgfplots/util/pgfplotsbinary.code.tex
(/usr/share/texmf-dist/tex/generic/pgfplots/util/pgfplotsbinary.data.code.tex))
(/usr/share/texmf-dist/tex/generic/pgfplots/util/pgfplotsutil.verb.code.tex)
(/usr/share/texmf-dist/tex/generic/pgfplots/libs/pgflibrarypgfplots.surfshading
.code.tex
(/usr/share/texmf-dist/tex/generic/pgfplots/sys/pgflibrarypgfplots.surfshading.
pgfsys-xetex.def
(/usr/share/texmf-dist/tex/generic/pgfplots/sys/pgflibrarypgfplots.surfshading.
pgfsys-dvipdfmx.def))))
(/usr/share/texmf-dist/tex/generic/pgfplots/util/pgfplotscolormap.code.tex
(/usr/share/texmf-dist/tex/generic/pgfplots/util/pgfplotscolor.code.tex))
(/usr/share/texmf-dist/tex/generic/pgfplots/pgfplotsstackedplots.code.tex)
(/usr/share/texmf-dist/tex/generic/pgfplots/pgfplotsplothandlers.code.tex
(/usr/share/texmf-dist/tex/generic/pgfplots/pgfplotsmeshplothandler.code.tex
(/usr/share/texmf-dist/tex/generic/pgfplots/pgfplotsmeshplotimage.code.tex)))
(/usr/share/texmf-dist/tex/generic/pgfplots/pgfplots.scaling.code.tex)
(/usr/share/texmf-dist/tex/generic/pgfplots/pgfplotscoordprocessing.code.tex)
(/usr/share/texmf-dist/tex/generic/pgfplots/pgfplots.errorbars.code.tex)
(/usr/share/texmf-dist/tex/generic/pgfplots/pgfplots.markers.code.tex)
(/usr/share/texmf-dist/tex/generic/pgfplots/pgfplotsticks.code.tex)
(/usr/share/texmf-dist/tex/generic/pgfplots/pgfplots.paths.code.tex)
(/usr/share/texmf-dist/tex/generic/pgf/frontendlayer/tikz/libraries/tikzlibrary
decorations.code.tex
(/usr/share/texmf-dist/tex/generic/pgf/modules/pgfmoduledecorations.code.tex))
(/usr/share/texmf-dist/tex/generic/pgf/frontendlayer/tikz/libraries/tikzlibrary
decorations.pathmorphing.code.tex
(/usr/share/texmf-dist/tex/generic/pgf/libraries/decorations/pgflibrarydecorati
ons.pathmorphing.code.tex))
(/usr/share/texmf-dist/tex/generic/pgf/frontendlayer/tikz/libraries/tikzlibrary
decorations.pathreplacing.code.tex
(/usr/share/texmf-dist/tex/generic/pgf/libraries/decorations/pgflibrarydecorati
ons.pathreplacing.code.tex))
(/usr/share/texmf-dist/tex/generic/pgfplots/libs/tikzlibrarypgfplots.contourlua
.code.tex))
(/usr/share/texmf-dist/tex/generic/pgf/frontendlayer/tikz/libraries/tikzlibrary
plotmarks.code.tex
(/usr/share/texmf-dist/tex/generic/pgf/libraries/pgflibraryplotmarks.code.tex))
)
(/usr/share/texmf-dist/tex/generic/pgfplots/libs/tikzlibrarypgfplots.groupplots
.code.tex
(/usr/share/texmf-dist/tex/generic/pgf/frontendlayer/tikz/libraries/tikzlibrary
calc.code.tex)) (/home/xola/GitHub/Solial Registry/tex/ulem.sty)
(/usr/share/texmf-dist/tex/latex/titlesec/titlesec.sty)
(/usr/share/texmf-dist/tex/latex/fancyhdr/fancyhdr.sty)
(/usr/share/texmf-dist/tex/latex/hyperref/hyperref.sty
(/usr/share/texmf-dist/tex/latex/kvsetkeys/kvsetkeys.sty)
(/usr/share/texmf-dist/tex/generic/kvdefinekeys/kvdefinekeys.sty)
(/usr/share/texmf-dist/tex/generic/pdfescape/pdfescape.sty
(/usr/share/texmf-dist/tex/generic/ltxcmds/ltxcmds.sty)
(/usr/share/texmf-dist/tex/generic/pdftexcmds/pdftexcmds.sty
(/usr/share/texmf-dist/tex/generic/infwarerr/infwarerr.sty)))
(/usr/share/texmf-dist/tex/latex/hycolor/hycolor.sty)
(/usr/share/texmf-dist/tex/latex/hyperref/nameref.sty
(/usr/share/texmf-dist/tex/latex/refcount/refcount.sty)
(/usr/share/texmf-dist/tex/generic/gettitlestring/gettitlestring.sty
(/usr/share/texmf-dist/tex/latex/kvoptions/kvoptions.sty)))
(/usr/share/texmf-dist/tex/latex/etoolbox/etoolbox.sty)
(/usr/share/texmf-dist/tex/generic/stringenc/stringenc.sty)
(/usr/share/texmf-dist/tex/latex/hyperref/pd1enc.def)
(/usr/share/texmf-dist/tex/generic/intcalc/intcalc.sty)
(/usr/share/texmf-dist/tex/latex/hyperref/puenc.def)
(/usr/share/texmf-dist/tex/latex/url/url.sty)
(/usr/share/texmf-dist/tex/generic/bitset/bitset.sty
(/usr/share/texmf-dist/tex/generic/bigintcalc/bigintcalc.sty)))
(/usr/share/texmf-dist/tex/latex/hyperref/hxetex.def
(/usr/share/texmf-dist/tex/latex/rerunfilecheck/rerunfilecheck.sty
(/usr/share/texmf-dist/tex/generic/uniquecounter/uniquecounter.sty)))
(/home/xola/GitHub/Solial Registry/results/documents/explanatory_note_en.aux)
*geometry* driver: auto-detecting
*geometry* detected driver: xetex
Package pgfplots notification 'compat/show suggested version=true': you might b
enefit from \pgfplotsset{compat=1.18} (current compat level: 1.17).

(/home/xola/GitHub/Solial Registry/results/documents/explanatory_note_en.out)
(/home/xola/GitHub/Solial Registry/results/documents/explanatory_note_en.out)
[1] [2] [3] [4] [5] [6] [7] [8] [9] [10] [11] [12]
Underfull \hbox (badness 4416) in paragraph at lines 228--228
[]|\TU/LiberationSerif(0)/m/n/11.04124 Minimum $[][][]$

Underfull \hbox (badness 10000) in paragraph at lines 228--229
[]|\TU/LiberationSerif(0)/m/n/11.04124 Maximum

Underfull \hbox (badness 10000) in paragraph at lines 228--229
\TU/LiberationSerif(0)/m/n/11.04124 floor change
[13]
Underfull \hbox (badness 10000) in paragraph at lines 268--268
[]|\TU/LiberationSerif(0)/m/n/11.04124 Monthly contribution

Underfull \hbox (badness 1286) in paragraph at lines 268--269
[]|\TU/LiberationSerif(0)/m/n/11.04124 Per-person drop, four
[14]
Underfull \hbox (badness 1097) in paragraph at lines 304--305
\TU/LiberationSerif(0)/m/n/14.05249 Point 23 sets eight coefficients of monthly
 normative income for the self-
[15] [16] [17] [18]
Underfull \hbox (badness 2310) in paragraph at lines 394--395
[]\TU/LiberationSerif(0)/m/n/12.045 Ministerio de Desarrollo Social y Familia (
Chile), División de Focalización. Ori-

Underfull \hbox (badness 2726) in paragraph at lines 394--395
\TU/LiberationSerif(0)/m/n/12.045 entaciones para el cálculo de la Calificación
 Socioeconómica. June 2024, pp. 4,

Underfull \hbox (badness 10000) in paragraph at lines 394--395
\TU/LiberationSerif(0)/m/n/12.045 18. []$[][][][][] [] [] [] [][][] [] [][][][]
[][][][][][][][][][] [] [][][] [] [][] [] [][][][] [] [][][][][][][][][][][][][
] [] [][][][] [] [][] [] [][][][][][][] [] [][] [] [][] []
[19]
Underfull \hbox (badness 2073) in paragraph at lines 398--399
[]\TU/LiberationSerif(0)/m/n/12.045 National Statistics Committee. Announcement
 on minimum consumption expendi-

Underfull \hbox (badness 1817) in paragraph at lines 398--399
\TU/LiberationSerif(0)/m/n/12.045 ture for 2026, 4 March 2026. []$[][][][][] []
 [] [] [][][][] [] [][] [] [][] [] [][][][][][][][][][][][][][][][] [] [][][][]
[][][][][][][][][][][][][][][][][] []
[20]
(/home/xola/GitHub/Solial Registry/results/documents/explanatory_note_en.aux) )
(see the transcript file for additional information)
Output written on /home/xola/GitHub/Solial Registry/results/documents/explanato
ry_note_en.pdf (20 pages).
Transcript written on /home/xola/GitHub/Solial Registry/results/documents/expla
natory_note_en.log.
