This is XeTeX, Version 3.141592653-2.6-0.999998 (TeX Live 2026/Arch Linux) (preloaded format=xelatex)
 restricted \write18 enabled.
entering extended mode
(./explanatory_note_en.tex
LaTeX2e <2025-11-01>
L3 programming layer <2026-01-19>
(/usr/share/texmf-dist/tex/latex/extsizes/extarticle.cls
Document Class: extarticle 1996/10/08 v1.0 Non Standard LaTeX document class
(/usr/share/texmf-dist/tex/latex/extsizes/size14.clo)
(/usr/share/texmf-dist/tex/latex/base/exscale.sty))
(/usr/share/texmf-dist/tex/latex/geometry/geometry.sty
(/usr/share/texmf-dist/tex/latex/graphics/keyval.sty)
(/usr/share/texmf-dist/tex/generic/iftex/ifvtex.sty
(/usr/share/texmf-dist/tex/generic/iftex/iftex.sty)))
(/usr/share/texmf-dist/tex/latex/fontspec/fontspec.sty
(/usr/share/texmf-dist/tex/latex/l3packages/xparse/xparse.sty
(/usr/share/texmf-dist/tex/latex/l3kernel/expl3.sty
(/usr/share/texmf-dist/tex/latex/l3backend/l3backend-xetex.def)))
(/usr/share/texmf-dist/tex/latex/fontspec/fontspec-xetex.sty
(/usr/share/texmf-dist/tex/latex/base/fontenc.sty)
(/usr/share/texmf-dist/tex/latex/fontspec/fontspec.cfg)))
(/usr/share/texmf-dist/tex/latex/unicode-math/unicode-math.sty
(/usr/share/texmf-dist/tex/latex/unicode-math/unicode-math-xetex.sty
(/usr/share/texmf-dist/tex/latex/l3packages/l3keys2e/l3keys2e.sty)
(/usr/share/texmf-dist/tex/latex/base/fix-cm.sty
(/usr/share/texmf-dist/tex/latex/base/ts1enc.def))
(/usr/share/texmf-dist/tex/latex/amsmath/amsmath.sty
For additional information on amsmath, use the `?' option.
(/usr/share/texmf-dist/tex/latex/amsmath/amstext.sty
(/usr/share/texmf-dist/tex/latex/amsmath/amsgen.sty))
(/usr/share/texmf-dist/tex/latex/amsmath/amsbsy.sty)
(/usr/share/texmf-dist/tex/latex/amsmath/amsopn.sty))
(/usr/share/texmf-dist/tex/latex/unicode-math/unicode-math-table.tex)))
(/usr/share/texmf-dist/tex/latex/graphics/graphicx.sty
(/usr/share/texmf-dist/tex/latex/graphics/graphics.sty
(/usr/share/texmf-dist/tex/latex/graphics/trig.sty)
(/usr/share/texmf-dist/tex/latex/graphics-cfg/graphics.cfg)
(/usr/share/texmf-dist/tex/latex/graphics-def/xetex.def)))
(/usr/share/texmf-dist/tex/latex/booktabs/booktabs.sty)
(/usr/share/texmf-dist/tex/latex/tools/longtable.sty)
(/usr/share/texmf-dist/tex/latex/tools/array.sty)
(/usr/share/texmf-dist/tex/latex/enumitem/enumitem.sty)
(/usr/share/texmf-dist/tex/latex/titlesec/titlesec.sty)
(/usr/share/texmf-dist/tex/latex/fancyhdr/fancyhdr.sty)
(/usr/share/texmf-dist/tex/latex/hyperref/hyperref.sty
(/usr/share/texmf-dist/tex/latex/kvsetkeys/kvsetkeys.sty)
(/usr/share/texmf-dist/tex/generic/kvdefinekeys/kvdefinekeys.sty)
(/usr/share/texmf-dist/tex/generic/pdfescape/pdfescape.sty
(/usr/share/texmf-dist/tex/generic/ltxcmds/ltxcmds.sty)
(/usr/share/texmf-dist/tex/generic/pdftexcmds/pdftexcmds.sty
(/usr/share/texmf-dist/tex/generic/infwarerr/infwarerr.sty)))
(/usr/share/texmf-dist/tex/latex/hycolor/hycolor.sty)
(/usr/share/texmf-dist/tex/latex/hyperref/nameref.sty
(/usr/share/texmf-dist/tex/latex/refcount/refcount.sty)
(/usr/share/texmf-dist/tex/generic/gettitlestring/gettitlestring.sty
(/usr/share/texmf-dist/tex/latex/kvoptions/kvoptions.sty)))
(/usr/share/texmf-dist/tex/latex/etoolbox/etoolbox.sty)
(/usr/share/texmf-dist/tex/generic/stringenc/stringenc.sty)
(/usr/share/texmf-dist/tex/latex/hyperref/pd1enc.def)
(/usr/share/texmf-dist/tex/generic/intcalc/intcalc.sty)
(/usr/share/texmf-dist/tex/latex/hyperref/puenc.def)
(/usr/share/texmf-dist/tex/latex/url/url.sty)
(/usr/share/texmf-dist/tex/generic/bitset/bitset.sty
(/usr/share/texmf-dist/tex/generic/bigintcalc/bigintcalc.sty)))
(/usr/share/texmf-dist/tex/latex/hyperref/hxetex.def
(/usr/share/texmf-dist/tex/latex/rerunfilecheck/rerunfilecheck.sty
(/usr/share/texmf-dist/tex/generic/uniquecounter/uniquecounter.sty)))
(/home/xola/GitHub/Solial Registry/tex/ulem.sty)
(/home/xola/GitHub/Solial Registry/results/documents/explanatory_note_en.aux)
*geometry* driver: auto-detecting
*geometry* detected driver: xetex
(/home/xola/GitHub/Solial Registry/results/documents/explanatory_note_en.out)
(/home/xola/GitHub/Solial Registry/results/documents/explanatory_note_en.out)
Underfull \hbox (badness 2856) in paragraph at lines 42--43
\TU/LiberationSerif(0)/m/n/14.05249 1 January 2027 and submission of the releva
nt draft to the Presidential

Underfull \hbox (badness 3612) in paragraph at lines 48--49
\TU/LiberationSerif(0)/m/n/14.05249 1–3); descriptions and versions (4–7); data
 quality and outages (8–11);
[1]
Underfull \hbox (badness 1584) in paragraph at lines 53--54
\TU/LiberationSerif(0)/m/n/14.05249 procedure makes their execution checkable: 
a particular version identifies

Underfull \hbox (badness 1226) in paragraph at lines 60--61
\TU/LiberationSerif(0)/m/n/14.05249 Article 20 of O‘RQ-682 requires testing whe
ther existing mechanisms and

Underfull \hbox (badness 1132) in paragraph at lines 78--79
[]|\TU/LiberationSerif(0)/m/n/11.04124 Link the published approving act and law
ful description on the

Underfull \hbox (badness 2689) in paragraph at lines 84--85
[]|\TU/LiberationSerif(0)/m/n/11.04124 Prespecification controls interpretation
 of results; it creates no

Underfull \hbox (badness 2384) in paragraph at lines 89--90
[]|\TU/LiberationSerif(0)/m/n/11.04124 Preserve accessible decision grounds; te
chnical trace format is

Underfull \hbox (badness 10000) in paragraph at lines 91--92
[]|\TU/LiberationSerif(0)/m/n/11.04124 Preserve statutory objection and correct
ion periods; add no

Underfull \hbox (badness 1496) in paragraph at lines 92--93
[]|\TU/LiberationSerif(0)/m/n/11.04124 Existing lawful processing and special-d
ata conditions; research

Underfull \hbox (badness 1838) in paragraph at lines 94--95
[]|\TU/LiberationSerif(0)/m/n/11.04124 Internal protocol and existing lawful di
sclosure/access; no new

Underfull \hbox (badness 7308) in paragraph at lines 95--96
[]|\TU/LiberationSerif(0)/m/n/11.04124 Use existing oversight powers; no new in
spection body or

Underfull \hbox (badness 2096) in paragraph at lines 99--100
[]|\TU/LiberationSerif(0)/m/n/11.04124 Apply lawful retention and destruction; 
category schedules are
 [2] [3]
Underfull \hbox (badness 1199) in paragraph at lines 107--108
\TU/LiberationSerif(0)/m/n/14.05249 including Ministry of Justice classificatio
n of other documents. Calling a
[4]
Underfull \hbox (badness 1112) in paragraph at lines 111--112
\TU/LiberationSerif(0)/m/n/14.05249 of an existing condition or documented sour
ce-data domain may resolve a

Underfull \hbox (badness 1043) in paragraph at lines 113--114
\TU/LiberationSerif(0)/m/n/14.05249 systems until full restoration and change t
he automatic category algorithm.

Underfull \hbox (badness 10000) in paragraph at lines 122--122
[]|\TU/LiberationSerif(0)/m/n/11.04124 Applicable norm and

Underfull \hbox (badness 10000) in paragraph at lines 122--123
[]|\TU/LiberationSerif(0)/m/n/11.04124 Omit duplicate

Underfull \hbox (badness 10000) in paragraph at lines 123--123
[]|\TU/LiberationSerif(0)/m/n/11.04124 Counterexample outside

Underfull \hbox (badness 1603) in paragraph at lines 123--123
[]|\TU/LiberationSerif(0)/m/n/11.04124 Authoritative restriction or competent

Underfull \hbox (badness 10000) in paragraph at lines 123--124
\TU/LiberationSerif(0)/m/n/11.04124 new

Underfull \hbox (badness 10000) in paragraph at lines 124--124
[]|\TU/LiberationSerif(0)/m/n/11.04124 Specific uncovered task, hours,

Underfull \hbox (badness 10000) in paragraph at lines 124--125
\TU/LiberationSerif(0)/m/n/11.04124 proportionate; do not

Underfull \hbox (badness 10000) in paragraph at lines 125--125
[]|\TU/LiberationSerif(0)/m/n/11.04124 Same competence, binding

Underfull \hbox (badness 10000) in paragraph at lines 125--126
[]|\TU/LiberationSerif(0)/m/n/11.04124 Accept compact or

Underfull \hbox (badness 10000) in paragraph at lines 125--126
\TU/LiberationSerif(0)/m/n/11.04124 equivalent normative

Underfull \hbox (badness 10000) in paragraph at lines 125--126
\TU/LiberationSerif(0)/m/n/11.04124 wording as uptake;
[5]
Underfull \hbox (badness 10000) in paragraph at lines 134--134
[]|\TU/LiberationSerif(0)/m/n/11.04124 Reconcile equality, exception

Underfull \hbox (badness 3780) in paragraph at lines 134--135
[]|\TU/LiberationSerif(0)/m/n/11.04124 Frequency of inconsistent

Underfull \hbox (badness 10000) in paragraph at lines 134--135
\TU/LiberationSerif(0)/m/n/11.04124 production decisions or

Underfull \hbox (badness 2057) in paragraph at lines 135--135
[]|\TU/LiberationSerif(0)/m/n/11.04124 620 negative land results in

Underfull \hbox (badness 10000) in paragraph at lines 135--135
[]|\TU/LiberationSerif(0)/m/n/11.04124 Confirm authoritative

Underfull \hbox (badness 4686) in paragraph at lines 135--135
\TU/LiberationSerif(0)/m/n/11.04124 geometry/domain and decide the

Underfull \hbox (badness 10000) in paragraph at lines 135--136
[]|\TU/LiberationSerif(0)/m/n/11.04124 620 affected

Underfull \hbox (badness 10000) in paragraph at lines 136--136
[]|\TU/LiberationSerif(0)/m/n/11.04124 Official income example:

Underfull \hbox (badness 1248) in paragraph at lines 136--136
\TU/LiberationSerif(0)/m/n/11.04124 reference period against the legal

Underfull \hbox (badness 10000) in paragraph at lines 137--138
[]|\TU/LiberationSerif(0)/m/n/11.04124 The Agency’s

Underfull \hbox (badness 1931) in paragraph at lines 137--138
\TU/LiberationSerif(0)/m/n/11.04124 implementation, full 2027

Underfull \hbox (badness 10000) in paragraph at lines 137--138
\TU/LiberationSerif(0)/m/n/11.04124 specification or real-data

Underfull \hbox (badness 10000) in paragraph at lines 138--138
[]|\TU/LiberationSerif(0)/m/n/11.04124 37 regression tests and

Underfull \hbox (badness 10000) in paragraph at lines 138--138
[]|\TU/LiberationSerif(0)/m/n/11.04124 Supply a reproducible control

Underfull \hbox (badness 10000) in paragraph at lines 138--139
[]|\TU/LiberationSerif(0)/m/n/11.04124 Production acceptance,

Underfull \hbox (badness 2591) in paragraph at lines 138--139
\TU/LiberationSerif(0)/m/n/11.04124 available Agency staff or
 [6]
Underfull \hbox (badness 1484) in paragraph at lines 140--141
\TU/LiberationSerif(0)/m/n/14.05249 measured additional benefit over the Agency
’s implementation. Necessity

Underfull \hbox (badness 2856) in paragraph at lines 140--141
\TU/LiberationSerif(0)/m/n/14.05249 is assessed against its rule specification,
 independently justified expected

Underfull \hbox (badness 1389) in paragraph at lines 140--141
\TU/LiberationSerif(0)/m/n/14.05249 uncovered task is additional. No household 
data need leave the Agency.

Underfull \hbox (badness 4254) in paragraph at lines 145--146
\TU/LiberationSerif(0)/m/n/14.05249 treatment, conflict selection, lawful imput
ation, order of operations and

Underfull \hbox (badness 1231) in paragraph at lines 147--148
\TU/LiberationSerif(0)/m/n/14.05249 precedence rule and reachable interaction t
o cases. Each case records its

Underfull \hbox (badness 5189) in paragraph at lines 149--150
[]\TU/LiberationSerif(0)/b/n/14.05249 Protocol and remediation. \TU/LiberationS
erif(0)/m/n/14.05249 Preserve methodology, software and
[7]
Underfull \hbox (badness 3049) in paragraph at lines 152--153
\TU/LiberationSerif(0)/m/n/14.05249 Paragraph 26 now concerns repair, retesting
 and lawful software release

Underfull \hbox (badness 10000) in paragraph at lines 161--161
[]|\TU/LiberationSerif(0)/m/n/11.04124 Protected data, assigned

Underfull \hbox (badness 10000) in paragraph at lines 161--161
\TU/LiberationSerif(0)/m/n/11.04124 system/source responsibilities,

Underfull \hbox (badness 1184) in paragraph at lines 161--161
\TU/LiberationSerif(0)/m/n/11.04124 limited outage power, oversight

Underfull \hbox (badness 10000) in paragraph at lines 161--162
[]|\TU/LiberationSerif(0)/m/n/11.04124 Reuse these actors

Underfull \hbox (badness 10000) in paragraph at lines 161--162
\TU/LiberationSerif(0)/m/n/11.04124 answer exists for every

Underfull \hbox (badness 10000) in paragraph at lines 162--162
[]|[]\TU/LiberationSerif(0)/m/n/11.04124 Resolution No. 516[],

Underfull \hbox (badness 10000) in paragraph at lines 162--162
[]|\TU/LiberationSerif(0)/m/n/11.04124 Required positive

Underfull \hbox (badness 10000) in paragraph at lines 162--162
\TU/LiberationSerif(0)/m/n/11.04124 technical/security conclusions

Underfull \hbox (badness 10000) in paragraph at lines 162--162
\TU/LiberationSerif(0)/m/n/11.04124 before implementation; joint

Underfull \hbox (badness 10000) in paragraph at lines 162--163
[]|\TU/LiberationSerif(0)/m/n/11.04124 Incorporate rule-to-answer

Underfull \hbox (badness 10000) in paragraph at lines 162--163
\TU/LiberationSerif(0)/m/n/11.04124 checks into applicable

Underfull \hbox (badness 10000) in paragraph at lines 162--163
\TU/LiberationSerif(0)/m/n/11.04124 technical requirements

Underfull \hbox (badness 5893) in paragraph at lines 162--163
\TU/LiberationSerif(0)/m/n/11.04124 correct category arithmetic.

Underfull \hbox (badness 2269) in paragraph at lines 163--163
\TU/LiberationSerif(0)/m/n/11.04124 2026[], operative paragraph 1

Underfull \hbox (badness 10000) in paragraph at lines 163--163
\TU/LiberationSerif(0)/m/n/11.04124 IT-audit function,

Underfull \hbox (badness 10000) in paragraph at lines 163--164
[]|\TU/LiberationSerif(0)/m/n/11.04124 Reuse

Underfull \hbox (badness 10000) in paragraph at lines 164--164
[]|\TU/LiberationSerif(0)/m/n/11.04124 Existing application/result

Underfull \hbox (badness 5607) in paragraph at lines 164--164
\TU/LiberationSerif(0)/m/n/11.04124 free service, stated one-month

Underfull \hbox (badness 10000) in paragraph at lines 164--165
\TU/LiberationSerif(0)/m/n/11.04124 total, including 16564

Underfull \hbox (badness 10000) in paragraph at lines 164--165
\TU/LiberationSerif(0)/m/n/11.04124 window, decision-age

Underfull \hbox (badness 10000) in paragraph at lines 164--165
\TU/LiberationSerif(0)/m/n/11.04124 are stated.

Underfull \hbox (badness 4779) in paragraph at lines 164--165
\TU/LiberationSerif(0)/m/n/11.04124 a deadline-breach count or

Underfull \hbox (badness 2181) in paragraph at lines 165--165
\TU/LiberationSerif(0)/m/n/11.04124 in 184 mahallas in one month

Underfull \hbox (badness 3701) in paragraph at lines 165--165
\TU/LiberationSerif(0)/m/n/11.04124 and registry-related Presidential

Underfull \hbox (badness 5847) in paragraph at lines 165--165
\TU/LiberationSerif(0)/m/n/11.04124 appeals rising from 30000 to

Underfull \hbox (badness 1087) in paragraph at lines 165--165
\TU/LiberationSerif(0)/m/n/11.04124 46000. Prosecutorial oversight

Underfull \hbox (badness 10000) in paragraph at lines 165--166
[]|\TU/LiberationSerif(0)/m/n/11.04124 Supports

Underfull \hbox (badness 1661) in paragraph at lines 165--166
\TU/LiberationSerif(0)/m/n/11.04124 access to case grounds and

Underfull \hbox (badness 10000) in paragraph at lines 165--166
\TU/LiberationSerif(0)/m/n/11.04124 not

Underfull \hbox (badness 10000) in paragraph at lines 166--166
[]|\TU/LiberationSerif(0)/m/n/11.04124 A practical seminar on

Underfull \hbox (badness 10000) in paragraph at lines 166--167
\TU/LiberationSerif(0)/m/n/11.04124 proves neither nationwide
 [8]
Underfull \hbox (badness 2310) in paragraph at lines 173--174
[]\TU/LiberationSerif(0)/b/n/14.05249 Resources and delivery. \TU/LiberationSer
if(0)/m/n/14.05249 Before the 1 December submission, the

Underfull \hbox (badness 3029) in paragraph at lines 173--174
\TU/LiberationSerif(0)/m/n/14.05249 technical/security approvals and completed 
affected-path controls must be
[9]
Underfull \hbox (badness 1509) in paragraph at lines 175--176
\TU/LiberationSerif(0)/m/n/14.05249 existing contract or unit, deliverable, inc
remental hours, lawful funds and
[10]
Underfull \hbox (badness 2809) in paragraph at lines 193--195
\TU/LiberationSerif(0)/m/n/14.05249 The report states the scenario, numerator, 
denominator, and excluded or

Underfull \hbox (badness 1048) in paragraph at lines 198--199
\TU/LiberationSerif(0)/m/n/14.05249 published rules and constructed cases; it d
oes not represent real-household

Underfull \hbox (badness 10000) in paragraph at lines 203--204
[]|\TU/LiberationSerif(0)/m/n/11.04124 Legal implication and

Underfull \hbox (badness 10000) in paragraph at lines 205--205
[]|$[] [][][] [][][][][][][] []

Underfull \hbox (badness 10000) in paragraph at lines 205--206
[]|\TU/LiberationSerif(0)/m/n/11.04124 The example’s arithmetic

Underfull \hbox (badness 10000) in paragraph at lines 205--206
\TU/LiberationSerif(0)/m/n/11.04124 application is preserved;

Underfull \hbox (badness 2376) in paragraph at lines 205--206
\TU/LiberationSerif(0)/m/n/11.04124 the calendar interpretation of

Underfull \hbox (badness 3343) in paragraph at lines 206--206
[]|\TU/LiberationSerif(0)/m/n/11.04124 Paragraphs 32, 33(a), 39(b):

Underfull \hbox (badness 10000) in paragraph at lines 206--207
[]|\TU/LiberationSerif(0)/m/n/11.04124 For a new able-to-work

Underfull \hbox (badness 4634) in paragraph at lines 206--207
\TU/LiberationSerif(0)/m/n/11.04124 ground, no removal from a

Underfull \hbox (badness 2626) in paragraph at lines 206--207
\TU/LiberationSerif(0)/m/n/11.04124 no hardship recommendation,

Underfull \hbox (badness 10000) in paragraph at lines 206--207
\TU/LiberationSerif(0)/m/n/11.04124 paragraph

Underfull \hbox (badness 3965) in paragraph at lines 206--207
\TU/LiberationSerif(0)/m/n/11.04124 were not checked. PF-258

Underfull \hbox (badness 10000) in paragraph at lines 207--207
[]|\TU/LiberationSerif(0)/m/n/11.04124 Paragraph

Underfull \hbox (badness 10000) in paragraph at lines 207--208
[]|\TU/LiberationSerif(0)/m/n/11.04124 The

Underfull \hbox (badness 1412) in paragraph at lines 208--208
[]|\TU/LiberationSerif(0)/m/n/11.04124 One-month normative income

Underfull \hbox (badness 10000) in paragraph at lines 208--209
\TU/LiberationSerif(0)/m/n/11.04124 September

Underfull \hbox (badness 10000) in paragraph at lines 209--209
[]|\TU/LiberationSerif(0)/m/n/11.04124 Male/female coefficients in

Underfull \hbox (badness 10000) in paragraph at lines 209--209
[]|\TU/LiberationSerif(0)/m/n/11.04124 Difference in each of

Underfull \hbox (badness 6927) in paragraph at lines 209--209
\TU/LiberationSerif(0)/m/n/11.04124 per-person contribution in a

Underfull \hbox (badness 10000) in paragraph at lines 209--210
[]|\TU/LiberationSerif(0)/m/n/11.04124 This is a

Underfull \hbox (badness 10000) in paragraph at lines 209--210
\TU/LiberationSerif(0)/m/n/11.04124 or incorrect

Underfull \hbox (badness 10000) in paragraph at lines 210--210
[]|\TU/LiberationSerif(0)/m/n/11.04124 For $[][] []

Underfull \hbox (badness 10000) in paragraph at lines 210--210
[][][][] [][][][][] [][][][][] [][][][]$

Underfull \hbox (badness 1077) in paragraph at lines 210--211
[]|\TU/LiberationSerif(0)/m/n/11.04124 These are constructed counts,

Underfull \hbox (badness 10000) in paragraph at lines 210--211
\TU/LiberationSerif(0)/m/n/11.04124 not

Underfull \hbox (badness 3547) in paragraph at lines 210--211
[][] [] [][][][]$\TU/LiberationSerif(0)/m/n/11.04124 , it requires

Underfull \hbox (badness 10000) in paragraph at lines 211--211
[]|\TU/LiberationSerif(0)/m/n/11.04124 The income

Underfull \hbox (badness 10000) in paragraph at lines 211--212
[]|\TU/LiberationSerif(0)/m/n/11.04124 Recommendation, quota,

Underfull \hbox (badness 10000) in paragraph at lines 211--212
\TU/LiberationSerif(0)/m/n/11.04124 qualifying family

Underfull \hbox (badness 10000) in paragraph at lines 211--212
\TU/LiberationSerif(0)/m/n/11.04124 circumstances, reassessment

Underfull \hbox (badness 10000) in paragraph at lines 211--212
[]$ \TU/LiberationSerif(0)/m/n/11.04124 or reduced

Underfull \hbox (badness 10000) in paragraph at lines 212--212
[]|\TU/LiberationSerif(0)/m/n/11.04124 Paragraph 24 tax-based

Underfull \hbox (badness 10000) in paragraph at lines 212--212
\TU/LiberationSerif(0)/m/n/11.04124 monthly

Underfull \hbox (badness 3323) in paragraph at lines 212--212
\TU/LiberationSerif(0)/m/n/11.04124 base $[][]$: $[][][][][][][][][] [][][]$,

Underfull \hbox (badness 1859) in paragraph at lines 212--212
\TU/LiberationSerif(0)/m/n/11.04124 crossover $[] [] [][][][][]$; 14

Underfull \hbox (badness 1383) in paragraph at lines 212--212
\TU/LiberationSerif(0)/m/n/11.04124 goats: $[]$, 15 goats: $[][] [][][]$

Underfull \hbox (badness 2753) in paragraph at lines 212--213
\TU/LiberationSerif(0)/m/n/11.04124 and operational rounding are
 [11] [12]
Underfull \hbox (badness 1472) in paragraph at lines 216--217
\TU/LiberationSerif(0)/m/n/14.05249 annex 1 note (a) is likewise changed to “\T
U/LiberationSerif(0)/b/n/14.05249 when not exceeding minimum

Underfull \hbox (badness 1874) in paragraph at lines 222--223
\TU/LiberationSerif(0)/m/n/14.05249 calculated without the hardship reduction c
oefficient, is above

Underfull \hbox (badness 10000) in paragraph at lines 224--225
[]\TU/LiberationSerif(0)/m/n/14.05249 families

Underfull \hbox (badness 1939) in paragraph at lines 224--225
\TU/LiberationSerif(0)/m/n/14.05249 not itself constitute grounds for refusing 
inclusion. Statutory
[13]
Underfull \hbox (badness 1472) in paragraph at lines 240--241
\TU/LiberationSerif(0)/m/n/14.05249 If $[]$ is interpreted as a three-month tot
al, the same conditional change is
[14] [15] [16]
Underfull \hbox (badness 1226) in paragraph at lines 262--264
\TU/LiberationSerif(0)/m/n/14.05249 author’s proposed additional means of perfo
rmance. This is an analytical

Underfull \hbox (badness 2653) in paragraph at lines 268--268
\TU/LiberationSerif(0)/m/n/11.04124 of the Registry and YAMIH

Underfull \hbox (badness 10000) in paragraph at lines 268--268
\TU/LiberationSerif(0)/m/n/11.04124 linked rules, independent

Underfull \hbox (badness 1466) in paragraph at lines 268--268
\TU/LiberationSerif(0)/m/n/11.04124 expected answers, component

Underfull \hbox (badness 1881) in paragraph at lines 268--268
\TU/LiberationSerif(0)/m/n/11.04124 checks and acceptance of an

Underfull \hbox (badness 10000) in paragraph at lines 268--269
[]|\TU/LiberationSerif(0)/m/n/11.04124 Establish conformity

Underfull \hbox (badness 2846) in paragraph at lines 268--269
\TU/LiberationSerif(0)/m/n/11.04124 to the approved rule on the

Underfull \hbox (badness 10000) in paragraph at lines 270--270
[]|\TU/LiberationSerif(0)/m/n/11.04124 Paragraphs 45–46: data

Underfull \hbox (badness 1184) in paragraph at lines 270--270
\TU/LiberationSerif(0)/m/n/11.04124 protection and timely reliable

Underfull \hbox (badness 10000) in paragraph at lines 270--270
[]|\TU/LiberationSerif(0)/m/n/11.04124 Paragraphs 8–10,

Underfull \hbox (badness 10000) in paragraph at lines 270--270
\TU/LiberationSerif(0)/m/n/11.04124 authorization, supplied-code

Underfull \hbox (badness 10000) in paragraph at lines 270--271
\TU/LiberationSerif(0)/m/n/11.04124 zero;

Underfull \hbox (badness 10000) in paragraph at lines 272--272
[]|\TU/LiberationSerif(0)/m/n/11.04124 Paragraph

Underfull \hbox (badness 3657) in paragraph at lines 272--272
\TU/LiberationSerif(0)/m/n/11.04124 law Article 24: explanation

Underfull \hbox (badness 10000) in paragraph at lines 272--272
\TU/LiberationSerif(0)/m/n/11.04124 rule, original receipt and

Underfull \hbox (badness 10000) in paragraph at lines 272--273
[]|\TU/LiberationSerif(0)/m/n/11.04124 A family can identify and

Underfull \hbox (badness 10000) in paragraph at lines 272--273
\TU/LiberationSerif(0)/m/n/11.04124 challenge the relevant

Underfull \hbox (badness 10000) in paragraph at lines 274--274
\TU/LiberationSerif(0)/m/n/11.04124 during disrupted exchanges.

Underfull \hbox (badness 10000) in paragraph at lines 274--274
\TU/LiberationSerif(0)/m/n/11.04124 temporary-version record,

Underfull \hbox (badness 10000) in paragraph at lines 274--274
\TU/LiberationSerif(0)/m/n/11.04124 affected scope, restoration,

Underfull \hbox (badness 6675) in paragraph at lines 274--274
\TU/LiberationSerif(0)/m/n/11.04124 internal protocol and lawful

Underfull \hbox (badness 10000) in paragraph at lines 274--275
\TU/LiberationSerif(0)/m/n/11.04124 identifiable;
[17]
Underfull \hbox (badness 10000) in paragraph at lines 283--283
[]|\TU/LiberationSerif(0)/m/n/11.04124 Relevant part of current

Underfull \hbox (badness 10000) in paragraph at lines 285--285
[]|\TU/LiberationSerif(0)/m/n/11.04124 PF-258

Underfull \hbox (badness 1874) in paragraph at lines 285--285
\TU/LiberationSerif(0)/m/n/11.04124 paragraph 3(a), (b), annex 1

Underfull \hbox (badness 1552) in paragraph at lines 285--285
\TU/LiberationSerif(0)/m/n/11.04124 note (a), and Resolution No.

Underfull \hbox (badness 2245) in paragraph at lines 285--285
\TU/LiberationSerif(0)/m/n/11.04124 35 annex 1 paragraph 39(a),

Underfull \hbox (badness 10000) in paragraph at lines 285--285
[]|\TU/LiberationSerif(0)/m/n/11.04124 For the selected

Underfull \hbox (badness 2005) in paragraph at lines 285--285
\TU/LiberationSerif(0)/m/n/11.04124 inclusive option, replace that

Underfull \hbox (badness 10000) in paragraph at lines 285--285
\TU/LiberationSerif(0)/m/n/11.04124 income phrase

Underfull \hbox (badness 10000) in paragraph at lines 285--285
\TU/LiberationSerif(0)/b/n/11.04124 consumption

Underfull \hbox (badness 1412) in paragraph at lines 285--285
\TU/LiberationSerif(0)/m/n/11.04124 Presidential and Cabinet-level

Underfull \hbox (badness 1077) in paragraph at lines 285--285
\TU/LiberationSerif(0)/m/n/11.04124 parts together; preserve other

Underfull \hbox (badness 10000) in paragraph at lines 285--286
\TU/LiberationSerif(0)/m/n/11.04124 application under the

Underfull \hbox (badness 10000) in paragraph at lines 285--286
\TU/LiberationSerif(0)/m/n/11.04124 and principal-category

Underfull \hbox (badness 10000) in paragraph at lines 285--286
\TU/LiberationSerif(0)/m/n/11.04124 cost and implementation

Underfull \hbox (badness 7433) in paragraph at lines 287--287
[]|\TU/LiberationSerif(0)/m/n/11.04124 Resolution No. 35 annex

Underfull \hbox (badness 5817) in paragraph at lines 287--287
\TU/LiberationSerif(0)/m/n/11.04124 1 paragraph 35(b): income

Underfull \hbox (badness 10000) in paragraph at lines 287--287
[]|\TU/LiberationSerif(0)/b/n/11.04124 Distinguish ordinary

Underfull \hbox (badness 3815) in paragraph at lines 287--287
\TU/LiberationSerif(0)/b/n/11.04124 and special reduced-income

Underfull \hbox (badness 4036) in paragraph at lines 289--289
[]|\TU/LiberationSerif(0)/m/n/11.04124 Proposed calculation, subject

Underfull \hbox (badness 6675) in paragraph at lines 289--289
\TU/LiberationSerif(0)/m/n/11.04124 to the developer confirming

Underfull \hbox (badness 1112) in paragraph at lines 289--289
\TU/LiberationSerif(0)/m/n/11.04124 the geometric meaning: \TU/LiberationSerif(
0)/b/n/11.04124 L =

Underfull \hbox (badness 3514) in paragraph at lines 289--289
\TU/LiberationSerif(0)/b/n/11.04124 max{0, U − B − min(U/5,

Underfull \hbox (badness 5288) in paragraph at lines 289--289
\TU/LiberationSerif(0)/b/n/11.04124 200)}\TU/LiberationSerif(0)/m/n/11.04124 . 
Areas must belong

Underfull \hbox (badness 1178) in paragraph at lines 289--289
\TU/LiberationSerif(0)/m/n/11.04124 normative rule must establish

Underfull \hbox (badness 10000) in paragraph at lines 289--290
[]|\TU/LiberationSerif(0)/m/n/11.04124 Negative results

Underfull \hbox (badness 1077) in paragraph at lines 289--290
\TU/LiberationSerif(0)/m/n/11.04124 exist in the algebraic domain

Underfull \hbox (badness 10000) in paragraph at lines 289--290
\TU/LiberationSerif(0)/m/n/11.04124 increasing assistance or

Underfull \hbox (badness 10000) in paragraph at lines 289--290
\TU/LiberationSerif(0)/m/n/11.04124 recovering

Underfull \hbox (badness 1571) in paragraph at lines 291--291
[]|\TU/LiberationSerif(0)/m/n/11.04124 Resolution No. 35 annex 1

Underfull \hbox (badness 10000) in paragraph at lines 291--291
\TU/LiberationSerif(0)/m/n/11.04124 telephone

Underfull \hbox (badness 1014) in paragraph at lines 291--291
\TU/LiberationSerif(0)/m/n/11.04124 the family in the Registry or

Underfull \hbox (badness 10000) in paragraph at lines 291--291
\TU/LiberationSerif(0)/b/n/11.04124 Together

Underfull \hbox (badness 10000) in paragraph at lines 291--292
\TU/LiberationSerif(0)/m/n/11.04124 fully disclose calculation

Underfull \hbox (badness 10000) in paragraph at lines 291--292
\TU/LiberationSerif(0)/m/n/11.04124 grounds and

Underfull \hbox (badness 2368) in paragraph at lines 291--292
\TU/LiberationSerif(0)/m/n/11.04124 the proposal with Article 24

Underfull \hbox (badness 1874) in paragraph at lines 291--292
\TU/LiberationSerif(0)/m/n/11.04124 of the personal-data law and

Underfull \hbox (badness 10000) in paragraph at lines 291--292
\TU/LiberationSerif(0)/m/n/11.04124 applicable administrative

Underfull \hbox (badness 1107) in paragraph at lines 294--295
\TU/LiberationSerif(0)/m/n/14.05249 approval or opposition; the responses to ob
jections address possible issues
[18]
Underfull \hbox (badness 1681) in paragraph at lines 298--299
\TU/LiberationSerif(0)/m/n/14.05249 equivalent completed tests are referenced r
ather than repeated. Technical

Underfull \hbox (badness 3769) in paragraph at lines 298--299
\TU/LiberationSerif(0)/m/n/14.05249 acceptance under paragraphs 25–26 does not 
replace mandatory external

Underfull \hbox (badness 10000) in paragraph at lines 307--307
[]|\TU/LiberationSerif(0)/m/n/11.04124 Methodology and

Underfull \hbox (badness 10000) in paragraph at lines 307--307
[]|\TU/LiberationSerif(0)/m/n/11.04124 Agency with Ministry;

Underfull \hbox (badness 10000) in paragraph at lines 307--307
\TU/LiberationSerif(0)/m/n/11.04124 methodology unit and

Underfull \hbox (badness 1603) in paragraph at lines 307--308
\TU/LiberationSerif(0)/m/n/11.04124 dates, precedence and applicable paths are

Underfull \hbox (badness 4752) in paragraph at lines 309--309
[]|\TU/LiberationSerif(0)/m/n/11.04124 Sources and quality;

Underfull \hbox (badness 3098) in paragraph at lines 309--309
[]|\TU/LiberationSerif(0)/m/n/11.04124 Responsible Information

Underfull \hbox (badness 10000) in paragraph at lines 309--309
\TU/LiberationSerif(0)/m/n/11.04124 Technologies Centre

Underfull \hbox (badness 10000) in paragraph at lines 309--309
\TU/LiberationSerif(0)/m/n/11.04124 staff; source-agency

Underfull \hbox (badness 5970) in paragraph at lines 309--309
\TU/LiberationSerif(0)/m/n/11.04124 heads within paragraph

Underfull \hbox (badness 10000) in paragraph at lines 311--311
[]|\TU/LiberationSerif(0)/m/n/11.04124 Control

Underfull \hbox (badness 10000) in paragraph at lines 311--311
\TU/LiberationSerif(0)/m/n/11.04124 implementation;

Underfull \hbox (badness 10000) in paragraph at lines 311--311
[]|\TU/LiberationSerif(0)/m/n/11.04124 System

Underfull \hbox (badness 10000) in paragraph at lines 311--312
\TU/LiberationSerif(0)/m/n/11.04124 protocol. Executed coverage

Underfull \hbox (badness 10000) in paragraph at lines 313--313
[]|\TU/LiberationSerif(0)/m/n/11.04124 Explanation and

Underfull \hbox (badness 10000) in paragraph at lines 313--313
\TU/LiberationSerif(0)/m/n/11.04124 data owner/operator

Underfull \hbox (badness 1616) in paragraph at lines 313--314
[]|\TU/LiberationSerif(0)/m/n/11.04124 Accessible explanation example and linke
d

Underfull \hbox (badness 10000) in paragraph at lines 315--315
[]|\TU/LiberationSerif(0)/m/n/11.04124 Outage and

Underfull \hbox (badness 10000) in paragraph at lines 315--315
[]|\TU/LiberationSerif(0)/m/n/11.04124 Authorized officer and

Underfull \hbox (badness 10000) in paragraph at lines 315--316
[]|\TU/LiberationSerif(0)/m/n/11.04124 Existing temporary-version record

Underfull \hbox (badness 10000) in paragraph at lines 315--316
\TU/LiberationSerif(0)/m/n/11.04124 are identified and

Underfull \hbox (badness 10000) in paragraph at lines 317--317
[]|\TU/LiberationSerif(0)/m/n/11.04124 Resources and

Underfull \hbox (badness 1270) in paragraph at lines 317--317
\TU/LiberationSerif(0)/m/n/11.04124 acceptance; operative

Underfull \hbox (badness 10000) in paragraph at lines 317--317
[]|\TU/LiberationSerif(0)/m/n/11.04124 Agency with

Underfull \hbox (badness 10000) in paragraph at lines 317--318
\TU/LiberationSerif(0)/m/n/11.04124 test links and incremental task/funding

Underfull \hbox (badness 2042) in paragraph at lines 319--319
[]|\TU/LiberationSerif(0)/m/n/11.04124 Retention and lawful

Underfull \hbox (badness 10000) in paragraph at lines 319--319
[]|\TU/LiberationSerif(0)/m/n/11.04124 Authorized

Underfull \hbox (badness 10000) in paragraph at lines 319--320
\TU/LiberationSerif(0)/m/n/11.04124 protocol. Any required or
 [19] [20]
Underfull \hbox (badness 1019) in paragraph at lines 333--334
[]\TU/LiberationSerif(0)/m/n/14.05249 Empirical verification of actual need req
uires separate research using

Underfull \hbox (badness 1533) in paragraph at lines 333--334
\TU/LiberationSerif(0)/m/n/14.05249 lawful data. Its cost and results can be di
stinguished from the principal

Underfull \hbox (badness 1082) in paragraph at lines 335--336
\TU/LiberationSerif(0)/m/n/14.05249 A test list may not omit an applicable exce
ption and then certify its own
[21]
Underfull \hbox (badness 1152) in paragraph at lines 344--345
\TU/LiberationSerif(0)/m/n/14.05249 numerator, denominator and exclusions. Thes
e indicators check procedure
[22]
Underfull \hbox (badness 1661) in paragraph at lines 361--363
\TU/LiberationSerif(0)/m/n/14.05249 and profit; the remuneration expression is 
therefore not the total contract
[23]
Underfull \hbox (badness 1728) in paragraph at lines 367--368
\TU/LiberationSerif(0)/m/n/14.05249 The proposal borrows no foreign legal provi
sion and implements no new

Underfull \hbox (badness 1009) in paragraph at lines 367--368
\TU/LiberationSerif(0)/m/n/14.05249 are engineering references on uncertainty a
nd implementation checks; their
[24]
Underfull \hbox (badness 1824) in paragraph at lines 378--379
\TU/LiberationSerif(0)/m/n/14.05249 and scientific recommendations. Article 22 
allows participation but does
[25]
Underfull \hbox (badness 1152) in paragraph at lines 384--385
\TU/LiberationSerif(0)/m/n/14.05249 proposals advisory but requires considerati
on; Article 24 expressly permits
[26]
Underfull \hbox (badness 2142) in paragraph at lines 393--394
[]\TU/LiberationSerif(0)/m/n/14.05249 Additional sources: []PQ-5025, paragraph 
2(b)[]; []O‘RQ-682 appendix,

Underfull \hbox (badness 1142) in paragraph at lines 393--394
\TU/LiberationSerif(0)/m/n/14.05249 substitute for Times New Roman; the develop
er must approve the official
[27]
(/home/xola/GitHub/Solial Registry/results/documents/explanatory_note_en.aux) )
(see the transcript file for additional information)
Output written on /home/xola/GitHub/Solial Registry/results/documents/explanato
ry_note_en.pdf (27 pages).
Transcript written on /home/xola/GitHub/Solial Registry/results/documents/expla
natory_note_en.log.
