This is XeTeX, Version 3.141592653-2.6-0.999998 (TeX Live 2026/Arch Linux) (preloaded format=xelatex)
 restricted \write18 enabled.
entering extended mode
(./explanatory_note_uz.tex
LaTeX2e <2025-11-01>
L3 programming layer <2026-01-19>
(/usr/share/texmf-dist/tex/latex/extsizes/extarticle.cls
Document Class: extarticle 1996/10/08 v1.0 Non Standard LaTeX document class
(/usr/share/texmf-dist/tex/latex/extsizes/size14.clo)
(/usr/share/texmf-dist/tex/latex/base/exscale.sty))
(/usr/share/texmf-dist/tex/latex/geometry/geometry.sty
(/usr/share/texmf-dist/tex/latex/graphics/keyval.sty)
(/usr/share/texmf-dist/tex/generic/iftex/ifvtex.sty
(/usr/share/texmf-dist/tex/generic/iftex/iftex.sty)))
(/usr/share/texmf-dist/tex/latex/fontspec/fontspec.sty
(/usr/share/texmf-dist/tex/latex/l3packages/xparse/xparse.sty
(/usr/share/texmf-dist/tex/latex/l3kernel/expl3.sty
(/usr/share/texmf-dist/tex/latex/l3backend/l3backend-xetex.def)))
(/usr/share/texmf-dist/tex/latex/fontspec/fontspec-xetex.sty
(/usr/share/texmf-dist/tex/latex/base/fontenc.sty)
(/usr/share/texmf-dist/tex/latex/fontspec/fontspec.cfg)))
(/usr/share/texmf-dist/tex/latex/unicode-math/unicode-math.sty
(/usr/share/texmf-dist/tex/latex/unicode-math/unicode-math-xetex.sty
(/usr/share/texmf-dist/tex/latex/l3packages/l3keys2e/l3keys2e.sty)
(/usr/share/texmf-dist/tex/latex/base/fix-cm.sty
(/usr/share/texmf-dist/tex/latex/base/ts1enc.def))
(/usr/share/texmf-dist/tex/latex/amsmath/amsmath.sty
For additional information on amsmath, use the `?' option.
(/usr/share/texmf-dist/tex/latex/amsmath/amstext.sty
(/usr/share/texmf-dist/tex/latex/amsmath/amsgen.sty))
(/usr/share/texmf-dist/tex/latex/amsmath/amsbsy.sty)
(/usr/share/texmf-dist/tex/latex/amsmath/amsopn.sty))
(/usr/share/texmf-dist/tex/latex/unicode-math/unicode-math-table.tex)))
(/usr/share/texmf-dist/tex/latex/graphics/graphicx.sty
(/usr/share/texmf-dist/tex/latex/graphics/graphics.sty
(/usr/share/texmf-dist/tex/latex/graphics/trig.sty)
(/usr/share/texmf-dist/tex/latex/graphics-cfg/graphics.cfg)
(/usr/share/texmf-dist/tex/latex/graphics-def/xetex.def)))
(/usr/share/texmf-dist/tex/latex/booktabs/booktabs.sty)
(/usr/share/texmf-dist/tex/latex/tools/longtable.sty)
(/usr/share/texmf-dist/tex/latex/tools/array.sty)
(/usr/share/texmf-dist/tex/latex/enumitem/enumitem.sty)
(/home/xola/GitHub/Solial Registry/tex/ulem.sty)
(/usr/share/texmf-dist/tex/latex/titlesec/titlesec.sty)
(/usr/share/texmf-dist/tex/latex/fancyhdr/fancyhdr.sty)
(/usr/share/texmf-dist/tex/latex/hyperref/hyperref.sty
(/usr/share/texmf-dist/tex/latex/kvsetkeys/kvsetkeys.sty)
(/usr/share/texmf-dist/tex/generic/kvdefinekeys/kvdefinekeys.sty)
(/usr/share/texmf-dist/tex/generic/pdfescape/pdfescape.sty
(/usr/share/texmf-dist/tex/generic/ltxcmds/ltxcmds.sty)
(/usr/share/texmf-dist/tex/generic/pdftexcmds/pdftexcmds.sty
(/usr/share/texmf-dist/tex/generic/infwarerr/infwarerr.sty)))
(/usr/share/texmf-dist/tex/latex/hycolor/hycolor.sty)
(/usr/share/texmf-dist/tex/latex/hyperref/nameref.sty
(/usr/share/texmf-dist/tex/latex/refcount/refcount.sty)
(/usr/share/texmf-dist/tex/generic/gettitlestring/gettitlestring.sty
(/usr/share/texmf-dist/tex/latex/kvoptions/kvoptions.sty)))
(/usr/share/texmf-dist/tex/latex/etoolbox/etoolbox.sty)
(/usr/share/texmf-dist/tex/generic/stringenc/stringenc.sty)
(/usr/share/texmf-dist/tex/latex/hyperref/pd1enc.def)
(/usr/share/texmf-dist/tex/generic/intcalc/intcalc.sty)
(/usr/share/texmf-dist/tex/latex/hyperref/puenc.def)
(/usr/share/texmf-dist/tex/latex/url/url.sty)
(/usr/share/texmf-dist/tex/generic/bitset/bitset.sty
(/usr/share/texmf-dist/tex/generic/bigintcalc/bigintcalc.sty)))
(/usr/share/texmf-dist/tex/latex/hyperref/hxetex.def
(/usr/share/texmf-dist/tex/latex/rerunfilecheck/rerunfilecheck.sty
(/usr/share/texmf-dist/tex/generic/uniquecounter/uniquecounter.sty)))
(/home/xola/GitHub/Solial Registry/results/documents/explanatory_note_uz.aux)
*geometry* driver: auto-detecting
*geometry* detected driver: xetex
(/home/xola/GitHub/Solial Registry/results/documents/explanatory_note_uz.out)
(/home/xola/GitHub/Solial Registry/results/documents/explanatory_note_uz.out)
Underfull \hbox (badness 2189) in paragraph at lines 42--43
\TU/LiberationSerif(0)/m/n/14.05249 Asosiy ruscha murojaatga mos o‘zbekcha tarj
ima. 2-material; 1-material

Underfull \hbox (badness 10000) in paragraph at lines 45--46
\TU/LiberationSerif(0)/m/n/14.05249 PF-193-son Farmonning 13–14-bandlari 2027-y
il 1-yanvardan

Underfull \hbox (badness 1033) in paragraph at lines 49--50
\TU/LiberationSerif(0)/m/n/14.05249 mezonlariga tegadigan variant Prezident huj
jatiga o‘zgartirishni talab qiladi.

Underfull \hbox (badness 1694) in paragraph at lines 49--50
\TU/LiberationSerif(0)/m/n/14.05249 Vazirlar Mahkamasi hujjati yoki dasturiy so
zlama yuqori yuridik kuchdagi

Underfull \hbox (badness 5231) in paragraph at lines 51--52
\TU/LiberationSerif(0)/m/n/14.05249 tavsif, qayta bajarish, 22-modda bo‘yicha t
ayyorlash, bog‘liq hujjatlarni

Underfull \hbox (badness 1596) in paragraph at lines 53--54
\TU/LiberationSerif(0)/m/n/14.05249 ko‘rib chiqish talabi qonun loyihasini tayy
orlashga tegishli; bunda alohida
[1]
Underfull \hbox (badness 1024) in paragraph at lines 56--57
\TU/LiberationSerif(0)/m/n/14.05249 berish vazifalari boshlang‘ich asosdir. Tar
tib bajarishni tekshirishga imkon

Underfull \hbox (badness 10000) in paragraph at lines 63--64
\TU/LiberationSerif(0)/m/n/14.05249 O‘RQ-682ning 20-moddasi mavjud

Underfull \hbox (badness 2460) in paragraph at lines 70--71
[]|\TU/LiberationSerif(0)/m/n/11.04124 Tizimning to‘g‘ri ishlashi va muddatlar 
mavjud; sinov mavjud

Underfull \hbox (badness 1303) in paragraph at lines 71--72
[]|\TU/LiberationSerif(0)/m/n/11.04124 22-modda va ichki reglament; yangi tashq
i malaka yoki fuqaro

Underfull \hbox (badness 4765) in paragraph at lines 100--101
[]|\TU/LiberationSerif(0)/m/n/11.04124 Dasturni amaldagi qoidaga tuzatish/sinas
h; qo‘lda zaxira yoki
 [2]
Underfull \hbox (badness 1895) in paragraph at lines 106--107
\TU/LiberationSerif(0)/b/n/14.05249 Zarurat predmeti. []\TU/LiberationSerif(0)/
m/n/14.05249 PF-193[]ning 13–14-bandlari yangi ko‘p o‘lchovli ball

Underfull \hbox (badness 2197) in paragraph at lines 106--107
\TU/LiberationSerif(0)/m/n/14.05249 muallifning barcha 28 bandi muqarrarligini 
isbotlamaydi. Zarur mazmun

Underfull \hbox (badness 1515) in paragraph at lines 106--107
\TU/LiberationSerif(0)/m/n/14.05249 allaqachon topshirilgan hujjatga kiritiladi
; 1-materialdagi besh bandli qisqa
[3]
Underfull \hbox (badness 1552) in paragraph at lines 110--111
[]\TU/LiberationSerif(0)/b/n/14.05249 Hujjatlarni ajratish. []\TU/LiberationSer
if(0)/m/n/14.05249 2025-yil 9-oktabrda 3686-son bilan ro‘yxatga

Underfull \hbox (badness 2418) in paragraph at lines 110--111
\TU/LiberationSerif(0)/m/n/14.05249 olingan Qoidalar[]ning 94–95-bandlari huquq
 va kafolatlarga ta’sir qiluvchi,

Underfull \hbox (badness 3417) in paragraph at lines 110--111
\TU/LiberationSerif(0)/m/n/14.05249 o‘zi hal qilmaydi. Aksincha, haqiqiy texnik
 hujjat ushbu taklif tufayli

Underfull \hbox (badness 2111) in paragraph at lines 114--115
\TU/LiberationSerif(0)/m/n/14.05249 Manba, vakolat, davr, birlik va maydonning 
haqiqiy ma’nosi ko‘rsatiladi;

Underfull \hbox (badness 2293) in paragraph at lines 116--117
\TU/LiberationSerif(0)/m/n/14.05249 qaydini taklif qiladi. Yangi uslubiyotga ta
tbiq doirasini ishlab chiquvchi
[4]
Underfull \hbox (badness 3029) in paragraph at lines 118--119
[]\TU/LiberationSerif(0)/b/n/14.05249 Xarajat va tanlash ketma-ketligi. \TU/Lib
erationSerif(0)/m/n/14.05249 Topshirilgan loyihada qonuniy

Underfull \hbox (badness 10000) in paragraph at lines 125--125
[]|\TU/LiberationSerif(0)/m/n/11.04124 Mavjud nazorat misolni

Underfull \hbox (badness 10000) in paragraph at lines 125--126
[]|\TU/LiberationSerif(0)/m/n/11.04124 Takror sinov olinmaydi;

Underfull \hbox (badness 10000) in paragraph at lines 125--126
\TU/LiberationSerif(0)/m/n/11.04124 norma faqat

Underfull \hbox (badness 10000) in paragraph at lines 126--126
[]|\TU/LiberationSerif(0)/m/n/11.04124 Qarshi misol

Underfull \hbox (badness 6775) in paragraph at lines 126--126
[]|\TU/LiberationSerif(0)/m/n/11.04124 Vakolatli cheklov yoki sharh, amal

Underfull \hbox (badness 10000) in paragraph at lines 126--127
[]|\TU/LiberationSerif(0)/m/n/11.04124 Misol cheklanadi

Underfull \hbox (badness 10000) in paragraph at lines 126--127
\TU/LiberationSerif(0)/m/n/11.04124 cheklov vakolatli hujjat

Underfull \hbox (badness 10000) in paragraph at lines 127--127
[]|\TU/LiberationSerif(0)/m/n/11.04124 Aniq qoplanmagan vazifa, soat,

Underfull \hbox (badness 10000) in paragraph at lines 127--128
[]|\TU/LiberationSerif(0)/m/n/11.04124 Texnik integratsiya

Underfull \hbox (badness 10000) in paragraph at lines 127--128
\TU/LiberationSerif(0)/m/n/11.04124 mutanosib qilinadi;

Underfull \hbox (badness 10000) in paragraph at lines 128--129
[]|\TU/LiberationSerif(0)/m/n/11.04124 Qisqa yoki

Underfull \hbox (badness 10000) in paragraph at lines 128--129
\TU/LiberationSerif(0)/m/n/11.04124 matnini aynan olishning

Underfull \hbox (badness 1389) in paragraph at lines 131--132
[]\TU/LiberationSerif(0)/b/n/14.05249 Minimal qabul yo‘li. \TU/LiberationSerif(
0)/m/n/14.05249 Topshirilgan hujjatga zarur huquqiy shart va
[5]
Underfull \hbox (badness 10000) in paragraph at lines 137--137
[]|\TU/LiberationSerif(0)/m/n/11.04124 Daromad tengligi va og‘ir

Underfull \hbox (badness 10000) in paragraph at lines 137--137
[]|\TU/LiberationSerif(0)/m/n/11.04124 Tenglik, istisno ustuvorligi va

Underfull \hbox (badness 10000) in paragraph at lines 137--137
\TU/LiberationSerif(0)/m/n/11.04124 qonuniy kutilgan javobni

Underfull \hbox (badness 4595) in paragraph at lines 137--138
[]|\TU/LiberationSerif(0)/m/n/11.04124 Ishlayotgan tizim xatolari

Underfull \hbox (badness 10000) in paragraph at lines 137--138
\TU/LiberationSerif(0)/m/n/11.04124 chegara siyosatining

Underfull \hbox (badness 10000) in paragraph at lines 138--138
[]|\TU/LiberationSerif(0)/m/n/11.04124 4105 tuzilgan satrda 620

Underfull \hbox (badness 10000) in paragraph at lines 138--138
[]|\TU/LiberationSerif(0)/m/n/11.04124 Vakolatli geometriya

Underfull \hbox (badness 10000) in paragraph at lines 138--138
\TU/LiberationSerif(0)/m/n/11.04124 oldin formulani hal etish va

Underfull \hbox (badness 10000) in paragraph at lines 138--139
[]|\TU/LiberationSerif(0)/m/n/11.04124 620 zarar ko‘rgan

Underfull \hbox (badness 1635) in paragraph at lines 139--139
[]|\TU/LiberationSerif(0)/m/n/11.04124 Birlik, oila bo‘luvchisi va davrni

Underfull \hbox (badness 10000) in paragraph at lines 139--140
[]|\TU/LiberationSerif(0)/m/n/11.04124 Amaldagi tizimning

Underfull \hbox (badness 2556) in paragraph at lines 140--140
[]|\TU/LiberationSerif(0)/m/n/11.04124 Soliq, chorva va shartli pul

Underfull \hbox (badness 10000) in paragraph at lines 140--140
[]|\TU/LiberationSerif(0)/m/n/11.04124 Tarmoqlar, birlik va sanali

Underfull \hbox (badness 1303) in paragraph at lines 140--141
[]|\TU/LiberationSerif(0)/m/n/11.04124 Agentlik amalga oshirishi,

Underfull \hbox (badness 10000) in paragraph at lines 140--141
\TU/LiberationSerif(0)/m/n/11.04124 to‘liq 2027

Underfull \hbox (badness 10000) in paragraph at lines 141--141
[]|\TU/LiberationSerif(0)/m/n/11.04124 Tuzilgan holatni tushirish yoki

Underfull \hbox (badness 1817) in paragraph at lines 141--141
\TU/LiberationSerif(0)/m/n/11.04124 takrorlashdan himoyalangan qayta

Underfull \hbox (badness 10000) in paragraph at lines 141--142
[]|\TU/LiberationSerif(0)/m/n/11.04124 Ishlab chiqarish

Underfull \hbox (badness 3158) in paragraph at lines 146--147
\TU/LiberationSerif(0)/m/n/14.05249 Bu asosiy 4-band ichki reglamenti uchun mua
llif topshirig‘i, qo‘shimcha

Underfull \hbox (badness 1062) in paragraph at lines 150--151
\TU/LiberationSerif(0)/m/n/14.05249 dastlabki shartlar, amal sana, huquqiy chiq
arilgan oraliq va yakuniy javob,
[6]
Underfull \hbox (badness 5637) in paragraph at lines 152--153
[]\TU/LiberationSerif(0)/b/n/14.05249 Bayonnoma va tuzatish. \TU/LiberationSeri
f(0)/m/n/14.05249 Uslubiyot, dastur va sozlama alohida

Underfull \hbox (badness 1412) in paragraph at lines 152--153
\TU/LiberationSerif(0)/m/n/14.05249 etilgan saqlashda qoladi; ommaviy qism faqa
t oshkor tekshiruvidan o‘tgan

Underfull \hbox (badness 3240) in paragraph at lines 157--158
\TU/LiberationSerif(0)/m/n/14.05249 55-modda bo‘yicha vakolatli rasmiy sharh qo
nunosti normasini izohlaydi,

Underfull \hbox (badness 2005) in paragraph at lines 157--158
\TU/LiberationSerif(0)/m/n/14.05249 o‘zgartiradi. Tayinlangan yordam, kutayotga
n ariza va undirish amaldagi

Underfull \hbox (badness 3746) in paragraph at lines 160--162
\TU/LiberationSerif(0)/m/n/14.05249 vazifa xizmat yoki tadbir ishlashining dali
lidan ajratiladi. Materiallarda

Underfull \hbox (badness 10000) in paragraph at lines 164--164
[]|\TU/LiberationSerif(0)/m/n/11.04124 35-son qaror, 1-ilova,

Underfull \hbox (badness 10000) in paragraph at lines 164--164
[]|\TU/LiberationSerif(0)/m/n/11.04124 Himoyalangan ma’lumot,

Underfull \hbox (badness 10000) in paragraph at lines 164--165
[]|\TU/LiberationSerif(0)/m/n/11.04124 Shu mas’ul

Underfull \hbox (badness 10000) in paragraph at lines 165--165
\TU/LiberationSerif(0)/m/n/11.04124 texnik/himoya xulosasi;

Underfull \hbox (badness 10000) in paragraph at lines 165--166
\TU/LiberationSerif(0)/m/n/11.04124 texnik

Underfull \hbox (badness 1584) in paragraph at lines 165--166
\TU/LiberationSerif(0)/m/n/11.04124 talab va qabulga qo‘shiladi.

Underfull \hbox (badness 5667) in paragraph at lines 165--166
\TU/LiberationSerif(0)/m/n/11.04124 Ulanish muvaffaqiyati toifa

Underfull \hbox (badness 10000) in paragraph at lines 165--166
\TU/LiberationSerif(0)/m/n/11.04124 arifmetikasini

Underfull \hbox (badness 3803) in paragraph at lines 165--166
\TU/LiberationSerif(0)/m/n/11.04124 isbotlamaydi; tashqi xulosa

Underfull \hbox (badness 10000) in paragraph at lines 166--166
[]|[]\TU/LiberationSerif(0)/m/n/11.04124 2026-yil 5-martdagi

Underfull \hbox (badness 10000) in paragraph at lines 166--166
[]|\TU/LiberationSerif(0)/m/n/11.04124 Raqamli texnologiyalar

Underfull \hbox (badness 10000) in paragraph at lines 166--166
\TU/LiberationSerif(0)/m/n/11.04124 vazirligining infratuzilma va

Underfull \hbox (badness 10000) in paragraph at lines 166--167
[]|\TU/LiberationSerif(0)/m/n/11.04124 Tegishli audit dalili qayta

Underfull \hbox (badness 10000) in paragraph at lines 166--167
\TU/LiberationSerif(0)/m/n/11.04124 yaratilmaydi.

Underfull \hbox (badness 10000) in paragraph at lines 166--167
\TU/LiberationSerif(0)/m/n/11.04124 skoring auditi natijasini

Underfull \hbox (badness 1043) in paragraph at lines 167--167
[]|\TU/LiberationSerif(0)/m/n/11.04124 Mavjud ariza/natija yo‘li, hujjat

Underfull \hbox (badness 1616) in paragraph at lines 167--167
\TU/LiberationSerif(0)/m/n/11.04124 bir oy deb berilgan muddat va

Underfull \hbox (badness 10000) in paragraph at lines 167--168
[]|\TU/LiberationSerif(0)/m/n/11.04124 Mavjud kanal

Underfull \hbox (badness 10000) in paragraph at lines 167--168
\TU/LiberationSerif(0)/m/n/11.04124 jami 640876,

Underfull \hbox (badness 6775) in paragraph at lines 167--168
\TU/LiberationSerif(0)/m/n/11.04124 jarayonda 16564; yig‘ilish

Underfull \hbox (badness 2582) in paragraph at lines 167--168
\TU/LiberationSerif(0)/m/n/11.04124 va ishlov vaqti berilmagan.

Underfull \hbox (badness 1895) in paragraph at lines 168--168
\TU/LiberationSerif(0)/m/n/11.04124 asossiz rad va reyestr bo‘yicha

Underfull \hbox (badness 10000) in paragraph at lines 168--168
\TU/LiberationSerif(0)/m/n/11.04124 Prezidentga murojaat 30000

Underfull \hbox (badness 10000) in paragraph at lines 168--169
[]|\TU/LiberationSerif(0)/m/n/11.04124 Ish asosiga

Underfull \hbox (badness 10000) in paragraph at lines 168--169
\TU/LiberationSerif(0)/m/n/11.04124 va taklif ta’sirini

Underfull \hbox (badness 10000) in paragraph at lines 169--169
[]|[]\TU/LiberationSerif(0)/m/n/11.04124 2026-yil 19-fevraldagi

Underfull \hbox (badness 10000) in paragraph at lines 169--169
[]|\TU/LiberationSerif(0)/m/n/11.04124 Qonuniy kiritish/chiqarish va

Underfull \hbox (badness 2376) in paragraph at lines 169--169
\TU/LiberationSerif(0)/m/n/11.04124 ma’lumot ishonchliligi bo‘yicha

Underfull \hbox (badness 6675) in paragraph at lines 169--170
[]|\TU/LiberationSerif(0)/m/n/11.04124 Mos mavjud o‘qitish yo‘li

Underfull \hbox (badness 10000) in paragraph at lines 169--170
\TU/LiberationSerif(0)/m/n/11.04124 ishlatiladi; mahalliy tadbir

Underfull \hbox (badness 1859) in paragraph at lines 169--170
\TU/LiberationSerif(0)/m/n/11.04124 butun respublika mutaxassis
[7]
Underfull \hbox (badness 1983) in paragraph at lines 174--175
\TU/LiberationSerif(0)/m/n/14.05249 beradi; 23-band bayonnomani ichkarida saqla
b, mavjud qonuniy hisobotni

Underfull \hbox (badness 1014) in paragraph at lines 174--175
\TU/LiberationSerif(0)/m/n/14.05249 ichki bayonnomadan foydalanib, oshkor qilis
hga tekshiriladi. Yangi vazifa
[8]
Underfull \hbox (badness 4072) in paragraph at lines 181--182
\TU/LiberationSerif(0)/m/n/14.05249 Ushbu qism hisoblash talablarini tushuntiru
vchi ishchi texnik materialdir.

Underfull \hbox (badness 3009) in paragraph at lines 183--184
[]\TU/LiberationSerif(0)/m/n/14.05249 Tasdiqlangan qoida umumiy holda \TU/Liber
ationMono(0)/m/n/14.05249 C = g(F(x), q, v) \TU/LiberationSerif(0)/m/n/14.05249
 shaklida
[9]
Underfull \hbox (badness 10000) in paragraph at lines 201--202
[]\TU/LiberationSerif(0)/m/n/14.05249 Sezgirlik ssenariysi uchun: \TU/Liberatio
nMono(0)/m/n/14.05249 F_s = toifasi almashgan

Underfull \hbox (badness 10000) in paragraph at lines 201--202
\TU/LiberationMono(0)/m/n/14.05249 holatlar soni / ssenariyda ikkala toifasi an
iqlangan

Underfull \hbox (badness 5490) in paragraph at lines 203--204
[]\TU/LiberationSerif(0)/m/n/14.05249 3-materialga elektron hisoblash qo‘shimch
asi additiv namuna, aniq

Underfull \hbox (badness 3449) in paragraph at lines 206--207
\TU/LiberationSerif(0)/m/n/14.05249 Asosiy xulosalar quyidagi jadvalda takrorla
ngan. Bu ochiq qoidalar va

Underfull \hbox (badness 10000) in paragraph at lines 215--215
[]|\TU/LiberationSerif(0)/m/n/11.04124 35-son qaror, 1-ilova

Underfull \hbox (badness 10000) in paragraph at lines 215--215
[]|\TU/LiberationMono(0)/m/n/11.04124 6 480 000 / 5

Underfull \hbox (badness 10000) in paragraph at lines 215--216
[]|\TU/LiberationSerif(0)/m/n/11.04124 Misol arifmetikasi

Underfull \hbox (badness 10000) in paragraph at lines 215--216
\TU/LiberationSerif(0)/m/n/11.04124 sentabr murojaati uchun

Underfull \hbox (badness 2326) in paragraph at lines 215--216
\TU/LiberationSerif(0)/m/n/11.04124 umumiy qoidasining kalendar

Underfull \hbox (badness 10000) in paragraph at lines 216--216
[]|\TU/LiberationSerif(0)/m/n/11.04124 32, 33(a), 39(b)-bandlar:

Underfull \hbox (badness 4634) in paragraph at lines 216--216
\TU/LiberationMono(0)/m/n/11.04124 P \TU/LiberationSerif(0)/m/n/11.04124 noto‘g
‘ri; \TU/LiberationMono(0)/m/n/11.04124 daromad < P

Underfull \hbox (badness 10000) in paragraph at lines 216--217
[]|\TU/LiberationSerif(0)/m/n/11.04124 Boshqa rad etish asosi

Underfull \hbox (badness 10000) in paragraph at lines 216--217
\TU/LiberationSerif(0)/m/n/11.04124 toifadan chiqarilmagan

Underfull \hbox (badness 10000) in paragraph at lines 216--217
\TU/LiberationSerif(0)/m/n/11.04124 olishni nazarda

Underfull \hbox (badness 10000) in paragraph at lines 216--217
\TU/LiberationSerif(0)/m/n/11.04124 tekshirilmagan. PF-258

Underfull \hbox (badness 10000) in paragraph at lines 217--217
\TU/LiberationMono(0)/m/n/11.04124 (UM, QM) = (100, 90)

Underfull \hbox (badness 10000) in paragraph at lines 217--217
[]|\TU/LiberationMono(0)/m/n/11.04124 100 − 90 − min(20,

Underfull \hbox (badness 10000) in paragraph at lines 217--218
[]|\TU/LiberationMono(0)/m/n/11.04124 0

Underfull \hbox (badness 5696) in paragraph at lines 217--218
[]$ \TU/LiberationMono(0)/m/n/11.04124 QM $[]$ UM \TU/LiberationSerif(0)/m/n/11
.04124 algebraik shart

Underfull \hbox (badness 1173) in paragraph at lines 217--218
\TU/LiberationSerif(0)/m/n/11.04124 bunday holat mavjudligi yoki

Underfull \hbox (badness 10000) in paragraph at lines 217--218
\TU/LiberationSerif(0)/m/n/11.04124 qo‘shimcha cheklov

Underfull \hbox (badness 1178) in paragraph at lines 217--218
\TU/LiberationSerif(0)/m/n/11.04124 bilan chiqarib tashlanishi hali

Underfull \hbox (badness 3281) in paragraph at lines 218--218
[]|\TU/LiberationSerif(0)/m/n/11.04124 Shu yer holatining bir oylik

Underfull \hbox (badness 10000) in paragraph at lines 218--218
[]|\TU/LiberationMono(0)/m/n/11.04124 −10 / 100 $[]$ 0,035 $[]$ 1

Underfull \hbox (badness 10000) in paragraph at lines 218--218
\TU/LiberationMono(0)/m/n/11.04124 360 000 $[]$ 1 = −4 760

Underfull \hbox (badness 10000) in paragraph at lines 218--219
\TU/LiberationSerif(0)/m/n/11.04124 sentabrdagi rasmiy

Underfull \hbox (badness 1281) in paragraph at lines 218--219
\TU/LiberationMono(0)/m/n/11.04124 1 \TU/LiberationSerif(0)/m/n/11.04124 — faqa
t ochiq belgilangan

Underfull \hbox (badness 10000) in paragraph at lines 219--219
[]|\TU/LiberationSerif(0)/m/n/11.04124 23-banddagi erkak/ayol

Underfull \hbox (badness 10000) in paragraph at lines 219--219
\TU/LiberationSerif(0)/m/n/11.04124 farq \TU/LiberationMono(0)/m/n/11.04124 0,4
M =

Underfull \hbox (badness 10000) in paragraph at lines 219--220
[]|\TU/LiberationSerif(0)/m/n/11.04124 Bu normativ daromad

Underfull \hbox (badness 10000) in paragraph at lines 219--220
\TU/LiberationSerif(0)/m/n/11.04124 hissalarining farqi; haqiqiy

Underfull \hbox (badness 10000) in paragraph at lines 219--220
\TU/LiberationSerif(0)/m/n/11.04124 daromad, kamsitish yoki

Underfull \hbox (badness 3260) in paragraph at lines 219--220
\TU/LiberationSerif(0)/m/n/11.04124 uchun sentabrdagi \TU/LiberationMono(0)/m/n
/11.04124 M \TU/LiberationSerif(0)/m/n/11.04124 qiymati

Underfull \hbox (badness 10000) in paragraph at lines 220--220
[]|\TU/LiberationSerif(0)/m/n/11.04124 Yer formulasining

Underfull \hbox (badness 10000) in paragraph at lines 220--220
[]|\TU/LiberationMono(0)/m/n/11.04124 UM = 100, 1000, 1001,

Underfull \hbox (badness 10000) in paragraph at lines 220--220
\TU/LiberationMono(0)/m/n/11.04124 2000 \TU/LiberationSerif(0)/m/n/11.04124 m² 
uchun

Underfull \hbox (badness 10000) in paragraph at lines 220--221
[]|\TU/LiberationSerif(0)/m/n/11.04124 Bu tuzilgan

Underfull \hbox (badness 3930) in paragraph at lines 220--221
\TU/LiberationSerif(0)/m/n/11.04124 holatlar soni, haqiqiy oilalar

Underfull \hbox (badness 5119) in paragraph at lines 220--221
\TU/LiberationSerif(0)/m/n/11.04124 ulushi emas. \TU/LiberationMono(0)/m/n/11.0
4124 UM $[]$ 1000

Underfull \hbox (badness 1635) in paragraph at lines 220--221
\TU/LiberationSerif(0)/m/n/11.04124 bo‘lsa manfiylik sharti \TU/LiberationMono(
0)/m/n/11.04124 QM >

Underfull \hbox (badness 7064) in paragraph at lines 220--221
\TU/LiberationMono(0)/m/n/11.04124 0,8UM\TU/LiberationSerif(0)/m/n/11.04124 ; \
TU/LiberationMono(0)/m/n/11.04124 UM > 1000 \TU/LiberationSerif(0)/m/n/11.04124
 bo‘lsa

Underfull \hbox (badness 10000) in paragraph at lines 221--221
[]|\TU/LiberationSerif(0)/m/n/11.04124 Og‘ir vaziyat yo‘lining

Underfull \hbox (badness 10000) in paragraph at lines 221--221
[]|\TU/LiberationSerif(0)/m/n/11.04124 34–35-bandlarning daromad

Underfull \hbox (badness 10000) in paragraph at lines 221--222
[]|\TU/LiberationSerif(0)/m/n/11.04124 Tavsiya,

Underfull \hbox (badness 4132) in paragraph at lines 221--222
\TU/LiberationSerif(0)/m/n/11.04124 baholash va boshqa qonuniy

Underfull \hbox (badness 2005) in paragraph at lines 221--222
\TU/LiberationSerif(0)/m/n/11.04124 talablar saqlanadi. Oddiy \TU/LiberationMon
o(0)/m/n/11.04124 D

Underfull \hbox (badness 10000) in paragraph at lines 221--222
\TU/LiberationSerif(0)/m/n/11.04124 umumiy \TU/LiberationMono(0)/m/n/11.04124 [
P; 1,5P]

Underfull \hbox (badness 2359) in paragraph at lines 221--222
\TU/LiberationSerif(0)/m/n/11.04124 oralig‘iga qo‘yish bu alohida

Underfull \hbox (badness 10000) in paragraph at lines 222--222
\TU/LiberationSerif(0)/m/n/11.04124 va oylik baza

Underfull \hbox (badness 1242) in paragraph at lines 222--223
[]|\TU/LiberationSerif(0)/m/n/11.04124 Soliq summasi va oylik baza

Underfull \hbox (badness 10000) in paragraph at lines 222--223
\TU/LiberationSerif(0)/m/n/11.04124 dastlabki bir shartli bosh

Underfull \hbox (badness 10000) in paragraph at lines 222--223
\TU/LiberationSerif(0)/m/n/11.04124 istisnosi

Underfull \hbox (badness 1496) in paragraph at lines 222--223
\TU/LiberationSerif(0)/m/n/11.04124 qo‘llangan; boshqa hayvonlar
 [10] [11]
Underfull \hbox (badness 2302) in paragraph at lines 228--229
[]\TU/LiberationSerif(0)/m/n/14.05249 Muhokama uchun, tenglikni asosiy toifaga 
kiritish varianti tanlansa,

Underfull \hbox (badness 2277) in paragraph at lines 234--237
\TU/LiberationSerif(0)/m/n/14.05249 hisoblanganda, minimal iste’mol xarajatlari
 miqdoridan yuqori,

Underfull \hbox (badness 10000) in paragraph at lines 234--237
\TU/LiberationSerif(0)/m/n/14.05249 «mahalla yettiligi»ning

Underfull \hbox (badness 1102) in paragraph at lines 234--237
\TU/LiberationSerif(0)/m/n/14.05249 tekshiriladi; kamaytirilgan daromad minimal
 iste’mol xarajatlari

Underfull \hbox (badness 3701) in paragraph at lines 234--237
\TU/LiberationSerif(0)/m/n/14.05249 belgilangan miqdor va qayta baholashga doir
 qonunchilikdagi

Underfull \hbox (badness 2142) in paragraph at lines 239--240
\TU/LiberationSerif(0)/m/n/14.05249 va 25 foiz kamaytirilgan daromad bir xil qi
ymat sifatida taqqoslanmaydi.
[12]
Underfull \hbox (badness 3557) in paragraph at lines 241--242
[]\TU/LiberationSerif(0)/b/n/14.05249 Taqrizdan keyingi qo‘shimcha nazorat hola
ti (dastlabki holatlar

Underfull \hbox (badness 1205) in paragraph at lines 247--249
\TU/LiberationSerif(0)/m/n/14.05249 eng kattasini bildiradi. TEM qiymati manfiy
 bo‘lishi mumkin

Underfull \hbox (badness 1019) in paragraph at lines 247--249
\TU/LiberationSerif(0)/m/n/14.05249 qiymatidan katta bo‘lganda, ushbu ma’lumot 
vakolatli manbada

Underfull \hbox (badness 7869) in paragraph at lines 251--252
\TU/LiberationSerif(0)/m/n/14.05249 borligi tasdiqlanmagan. Yer solig‘i koeffit
siyentini olish va normativ

Underfull \hbox (badness 1478) in paragraph at lines 255--256
[]\TU/LiberationSerif(0)/m/n/14.05249 Kengaytirilgan audit ikki \TU/LiberationS
erif(0)/b/n/14.05249 shartli \TU/LiberationSerif(0)/m/n/14.05249 talqinni alohi
da hisoblaydi; ulardan
[13]
Underfull \hbox (badness 10000) in paragraph at lines 259--260
[]\TU/LiberationSerif(0)/m/n/14.05249 Ushbu natijalar koeffitsiyentlarni bekor 
qilish,

Underfull \hbox (badness 3260) in paragraph at lines 266--267
\TU/LiberationSerif(0)/m/n/14.05249 sohada manfiy maydon. Nol chegarasi qo‘llan
ishidan oldin hisoblangan
[14]
Underfull \hbox (badness 1735) in paragraph at lines 270--271
\TU/LiberationSerif(0)/m/n/14.05249 talqin qilinmaydi. YAMIH va “Inson” markazi
dagi qabul shakliga taklif:

Underfull \hbox (badness 1694) in paragraph at lines 270--271
\TU/LiberationSerif(0)/m/n/14.05249 ma’lumotlar mulkdori yoki operatoriga yubor
iladi va uning natijasi haqida

Underfull \hbox (badness 4328) in paragraph at lines 272--273
\TU/LiberationSerif(0)/m/n/14.05249 vaqtinchalik algoritmni o‘zgartirish vakola
ti. Qo‘shimcha norma taklifi:

Underfull \hbox (badness 2735) in paragraph at lines 274--275
[]\TU/LiberationSerif(0)/b/n/14.05249 6. Axborot almashish va to‘lovlar. \TU/Li
berationSerif(0)/m/n/14.05249 Muvofiqlashtirish predmeti:

Underfull \hbox (badness 1067) in paragraph at lines 276--277
\TU/LiberationSerif(0)/m/n/14.05249 takomillashtirish va axborot almashish uchu
n Agentlik huzuridagi “Axborot

Underfull \hbox (badness 3895) in paragraph at lines 276--277
\TU/LiberationSerif(0)/m/n/14.05249 texnologiyalar markazi” davlat muassasasi m
as’ullarining, o‘z vaqtida va

Underfull \hbox (badness 1609) in paragraph at lines 276--277
\TU/LiberationSerif(0)/m/n/14.05249 uchun tekshirish dalillarini aniqlashtiradi
: mustaqil takrorlanadigan nazorat

Underfull \hbox (badness 1803) in paragraph at lines 276--277
\TU/LiberationSerif(0)/m/n/14.05249 Bu aniqlangan normalar bilan qiyoslash, but
un qonunchilik yoki amaldagi
[15]
Underfull \hbox (badness 10000) in paragraph at lines 285--285
[]|\TU/LiberationSerif(0)/m/n/11.04124 35-son qaror

Underfull \hbox (badness 10000) in paragraph at lines 285--285
\TU/LiberationSerif(0)/m/n/11.04124 YAMIHning qonunchilik

Underfull \hbox (badness 1033) in paragraph at lines 285--285
\TU/LiberationSerif(0)/m/n/11.04124 va texnik hujjatlarga muvofiq

Underfull \hbox (badness 10000) in paragraph at lines 285--285
[]|\TU/LiberationSerif(0)/m/n/11.04124 4–7, 12–17, 25–26-bandlar:

Underfull \hbox (badness 10000) in paragraph at lines 285--285
\TU/LiberationSerif(0)/m/n/11.04124 bog‘langan qoidalar tavsifi,

Underfull \hbox (badness 10000) in paragraph at lines 285--285
\TU/LiberationSerif(0)/m/n/11.04124 mustaqil kutilgan

Underfull \hbox (badness 10000) in paragraph at lines 285--286
[]|\TU/LiberationSerif(0)/m/n/11.04124 Belgilangan misollarda

Underfull \hbox (badness 10000) in paragraph at lines 285--286
\TU/LiberationSerif(0)/m/n/11.04124 tasdiqlangan

Underfull \hbox (badness 10000) in paragraph at lines 285--286
\TU/LiberationSerif(0)/m/n/11.04124 mos jami yoki ikki dastur

Underfull \hbox (badness 10000) in paragraph at lines 287--287
\TU/LiberationSerif(0)/m/n/11.04124 himoya

Underfull \hbox (badness 10000) in paragraph at lines 287--287
[]|\TU/LiberationSerif(0)/m/n/11.04124 8–10, 21–22, 28-bandlar:

Underfull \hbox (badness 10000) in paragraph at lines 287--287
\TU/LiberationSerif(0)/m/n/11.04124 aniqlashtirish, qonuniy

Underfull \hbox (badness 10000) in paragraph at lines 287--288
[]|\TU/LiberationSerif(0)/m/n/11.04124 Kelmagan javob nolga

Underfull \hbox (badness 10000) in paragraph at lines 287--288
\TU/LiberationSerif(0)/m/n/11.04124 aylanmaydi; davlat manbasi

Underfull \hbox (badness 2922) in paragraph at lines 287--288
\TU/LiberationSerif(0)/m/n/11.04124 himoyalangan kirishlar tashqi

Underfull \hbox (badness 10000) in paragraph at lines 289--289
[]|\TU/LiberationSerif(0)/m/n/11.04124 37-band: natija haqida

Underfull \hbox (badness 10000) in paragraph at lines 289--289
\TU/LiberationSerif(0)/m/n/11.04124 qonuni

Underfull \hbox (badness 10000) in paragraph at lines 289--289
[]|\TU/LiberationSerif(0)/m/n/11.04124 18–20-bandlar:

Underfull \hbox (badness 10000) in paragraph at lines 289--289
\TU/LiberationSerif(0)/m/n/11.04124 dastur va

Underfull \hbox (badness 3635) in paragraph at lines 289--290
[]|\TU/LiberationSerif(0)/m/n/11.04124 Oila tegishli sababni aniqlab

Underfull \hbox (badness 10000) in paragraph at lines 289--290
\TU/LiberationSerif(0)/m/n/11.04124 nizolashi mumkin; manba

Underfull \hbox (badness 10000) in paragraph at lines 289--290
\TU/LiberationSerif(0)/m/n/11.04124 tuzatish

Underfull \hbox (badness 10000) in paragraph at lines 291--291
[]|\TU/LiberationSerif(0)/m/n/11.04124 48-band: almashish

Underfull \hbox (badness 10000) in paragraph at lines 291--291
\TU/LiberationSerif(0)/m/n/11.04124 uzilgandagi vaqtinchalik

Underfull \hbox (badness 2165) in paragraph at lines 291--291
\TU/LiberationSerif(0)/m/n/11.04124 vakolat. 49-band: sanalgan

Underfull \hbox (badness 3861) in paragraph at lines 291--291
\TU/LiberationSerif(0)/m/n/11.04124 organlarning o‘z vakolatidagi

Underfull \hbox (badness 10000) in paragraph at lines 291--291
[]|\TU/LiberationSerif(0)/m/n/11.04124 11, 17, 23–24, 27-bandlar:

Underfull \hbox (badness 10000) in paragraph at lines 291--291
\TU/LiberationSerif(0)/m/n/11.04124 tiklash, ichki bayonnoma

Underfull \hbox (badness 10000) in paragraph at lines 291--292
[]|\TU/LiberationSerif(0)/m/n/11.04124 Vaqtinchalik

Underfull \hbox (badness 5260) in paragraph at lines 291--292
\TU/LiberationSerif(0)/m/n/11.04124 hisoblar aniqlanadigan bo‘lib

Underfull \hbox (badness 10000) in paragraph at lines 291--292
\TU/LiberationSerif(0)/m/n/11.04124 kamaytirish

Underfull \hbox (badness 1688) in paragraph at lines 291--292
\TU/LiberationSerif(0)/m/n/11.04124 yoki undirish uchun mustaqil
[16]
Underfull \hbox (badness 6316) in paragraph at lines 296--298
\TU/LiberationSerif(0)/m/n/14.05249 Quyidagi jadval O‘RQ-682 ilovasi 85-bandini
ng uch grafali tuzilishidan

Underfull \hbox (badness 10000) in paragraph at lines 300--300
[]|\TU/LiberationSerif(0)/m/n/11.04124 Amaldagi tahrirning tegishli

Underfull \hbox (badness 10000) in paragraph at lines 302--302
\TU/LiberationSerif(0)/m/n/11.04124 izohi (a) va 35-son

Underfull \hbox (badness 10000) in paragraph at lines 302--302
\TU/LiberationSerif(0)/m/n/11.04124 daromad uchun “|   []

Underfull \hbox (badness 6236) in paragraph at lines 302--302
|   []   |   []   |   []\TU/LiberationSerif(0)/m/n/11.04124 ”

Underfull \hbox (badness 10000) in paragraph at lines 302--302
\TU/LiberationSerif(0)/m/n/11.04124 aynan

Underfull \hbox (badness 10000) in paragraph at lines 302--302
\TU/LiberationSerif(0)/b/n/11.04124 iste’mol xarajatlaridan

Underfull \hbox (badness 10000) in paragraph at lines 302--302
\TU/LiberationSerif(0)/m/n/11.04124 Prezident va Vazirlar

Underfull \hbox (badness 1852) in paragraph at lines 302--302
\TU/LiberationSerif(0)/m/n/11.04124 o‘zgartiriladi; boshqa shartlar

Underfull \hbox (badness 10000) in paragraph at lines 302--303
[]|\TU/LiberationSerif(0)/m/n/11.04124 Daromad aynan

Underfull \hbox (badness 1430) in paragraph at lines 302--303
\TU/LiberationSerif(0)/m/n/11.04124 tanlangan shartlarda tan olish

Underfull \hbox (badness 3375) in paragraph at lines 304--304
\TU/LiberationSerif(0)/m/n/11.04124 (b): maxsus yo‘lda 25 foiz

Underfull \hbox (badness 10000) in paragraph at lines 304--304
\TU/LiberationSerif(0)/m/n/11.04124 kamaytirilgan daromadning

Underfull \hbox (badness 10000) in paragraph at lines 304--304
[][][][]$

Underfull \hbox (badness 10000) in paragraph at lines 304--304
[]|\TU/LiberationSerif(0)/b/n/11.04124 Oddiy

Underfull \hbox (badness 1009) in paragraph at lines 304--304
\TU/LiberationSerif(0)/b/n/11.04124 daromad yo‘li bilan maxsus

Underfull \hbox (badness 1831) in paragraph at lines 304--304
[][][][]$ \TU/LiberationSerif(0)/b/n/11.04124 tekshirilsin; $[] [] []$

Underfull \hbox (badness 2088) in paragraph at lines 304--304
\TU/LiberationSerif(0)/b/n/11.04124 bo‘lishi o‘zi rad etish asosi

Underfull \hbox (badness 4543) in paragraph at lines 304--305
[]|\TU/LiberationSerif(0)/m/n/11.04124 Barcha yo‘llar uchun $[] []

Underfull \hbox (badness 2469) in paragraph at lines 304--305
[]$ \TU/LiberationSerif(0)/m/n/11.04124 degan yangi quyi chegara

Underfull \hbox (badness 4144) in paragraph at lines 304--305
\TU/LiberationSerif(0)/m/n/11.04124 tuzilgan uch kishilik nazorat

Underfull \hbox (badness 2735) in paragraph at lines 304--305
\TU/LiberationSerif(0)/m/n/11.04124 yo‘lni umumiy interval bilan

Underfull \hbox (badness 10000) in paragraph at lines 306--306
[]|\TU/LiberationSerif(0)/m/n/11.04124 35-son qaror 1-ilovasi

Underfull \hbox (badness 6236) in paragraph at lines 306--306
\TU/LiberationSerif(0)/m/n/11.04124 27-banddagi tegishli maydon

Underfull \hbox (badness 10000) in paragraph at lines 306--306
[]|\TU/LiberationSerif(0)/m/n/11.04124 Ishlab chiquvchi

Underfull \hbox (badness 2689) in paragraph at lines 306--306
\TU/LiberationSerif(0)/m/n/11.04124 chegarasi, manba va o‘lchov

Underfull \hbox (badness 10000) in paragraph at lines 306--306
\TU/LiberationSerif(0)/m/n/11.04124 birligi normativ qoidadan

Underfull \hbox (badness 10000) in paragraph at lines 306--307
\TU/LiberationSerif(0)/m/n/11.04124 manfiy natija

Underfull \hbox (badness 3579) in paragraph at lines 306--307
\TU/LiberationSerif(0)/m/n/11.04124 daromadni oshirishi mumkin;

Underfull \hbox (badness 1168) in paragraph at lines 306--307
\TU/LiberationSerif(0)/m/n/11.04124 yoki oldingi to‘lovni undirish

Underfull \hbox (badness 10000) in paragraph at lines 308--308
\TU/LiberationSerif(0)/m/n/11.04124 “Oilaning Reyestrga

Underfull \hbox (badness 10000) in paragraph at lines 308--308
\TU/LiberationSerif(0)/m/n/11.04124 kiritilganligi yoki

Underfull \hbox (badness 10000) in paragraph at lines 308--308
\TU/LiberationSerif(0)/m/n/11.04124 haqida ariza beruvchining

Underfull \hbox (badness 10000) in paragraph at lines 308--308
\TU/LiberationSerif(0)/m/n/11.04124 mobil telefon raqamiga

Underfull \hbox (badness 1009) in paragraph at lines 308--308
\TU/LiberationSerif(0)/b/n/11.04124 Qaror bilan birga hisoblash

Underfull \hbox (badness 1983) in paragraph at lines 308--308
\TU/LiberationSerif(0)/b/n/11.04124 talqini, asosiy qiymatlar va

Underfull \hbox (badness 4193) in paragraph at lines 308--308
\TU/LiberationSerif(0)/b/n/11.04124 davrlar, huquqiy va faktik

Underfull \hbox (badness 4303) in paragraph at lines 308--308
\TU/LiberationSerif(0)/b/n/11.04124 asoslar hamda e’tiroz yo‘li

Underfull \hbox (badness 2478) in paragraph at lines 308--308
\TU/LiberationSerif(0)/b/n/11.04124 elektron kabinetda ochilsin;

Underfull \hbox (badness 10000) in paragraph at lines 308--308
\TU/LiberationSerif(0)/b/n/11.04124 kabinetdan

Underfull \hbox (badness 10000) in paragraph at lines 308--308
\TU/LiberationSerif(0)/b/n/11.04124 foydalanmaydigan shaxs

Underfull \hbox (badness 10000) in paragraph at lines 308--308
\TU/LiberationSerif(0)/b/n/11.04124 axborotni “Inson”

Underfull \hbox (badness 10000) in paragraph at lines 308--308
\TU/LiberationSerif(0)/b/n/11.04124 markazidan olsin.

Underfull \hbox (badness 10000) in paragraph at lines 308--309
\TU/LiberationSerif(0)/m/n/11.04124 tatbiq etiladigan ma’muriy

Underfull \hbox (badness 10000) in paragraph at lines 308--309
\TU/LiberationSerif(0)/m/n/11.04124 tartiblar bilan
 [17]
Underfull \hbox (badness 1320) in paragraph at lines 312--313
\TU/LiberationSerif(0)/m/n/14.05249 Ushbu mualliflik taklifi davlat organlariga
 yuborilmagan, davlat portalidagi

Underfull \hbox (badness 1173) in paragraph at lines 312--313
\TU/LiberationSerif(0)/m/n/14.05249 jamoatchilik muhokamasidan o‘tmagan va manf
aatdor idoralar bilan rasmiy

Underfull \hbox (badness 10000) in paragraph at lines 314--315
[]\TU/LiberationSerif(0)/m/n/14.05249 22-modda asosiy 4-banddagi tayyorlashda
[18]
Underfull \hbox (badness 10000) in paragraph at lines 327--327
[]|\TU/LiberationSerif(0)/m/n/11.04124 Uslubiyot va

Underfull \hbox (badness 10000) in paragraph at lines 327--327
[]|\TU/LiberationSerif(0)/m/n/11.04124 Agentlik Vazirlik

Underfull \hbox (badness 10000) in paragraph at lines 329--329
[]|\TU/LiberationSerif(0)/m/n/11.04124 Axborot texnologiyalar

Underfull \hbox (badness 10000) in paragraph at lines 329--329
\TU/LiberationSerif(0)/m/n/11.04124 markazi mas’ul

Underfull \hbox (badness 10000) in paragraph at lines 329--329
\TU/LiberationSerif(0)/m/n/11.04124 xodimlari;

Underfull \hbox (badness 10000) in paragraph at lines 329--330
[]|\TU/LiberationSerif(0)/m/n/11.04124 Manba xaritasi

Underfull \hbox (badness 10000) in paragraph at lines 331--331
[]|\TU/LiberationSerif(0)/m/n/11.04124 Tizim bo‘linmasi va

Underfull \hbox (badness 10000) in paragraph at lines 331--331
\TU/LiberationSerif(0)/m/n/11.04124 kutilgan javob

Underfull \hbox (badness 6725) in paragraph at lines 331--332
[]|\TU/LiberationSerif(0)/m/n/11.04124 Qoida va misol ro‘yxati, aniq javob va

Underfull \hbox (badness 10000) in paragraph at lines 333--333
\TU/LiberationSerif(0)/m/n/11.04124 ma’lumot egasi yoki

Underfull \hbox (badness 10000) in paragraph at lines 333--333
\TU/LiberationSerif(0)/m/n/11.04124 operatori va vakolatli

Underfull \hbox (badness 10000) in paragraph at lines 333--334
\TU/LiberationSerif(0)/m/n/11.04124 qaydi. Oluvchi, muddat va natija

Underfull \hbox (badness 6708) in paragraph at lines 335--335
[]|\TU/LiberationSerif(0)/m/n/11.04124 Uzilish va tiklanish;

Underfull \hbox (badness 4144) in paragraph at lines 335--335
[]|\TU/LiberationSerif(0)/m/n/11.04124 Vakolatli mansabdor va

Underfull \hbox (badness 10000) in paragraph at lines 337--337
[]|\TU/LiberationSerif(0)/m/n/11.04124 Resurs va qabul;

Underfull \hbox (badness 10000) in paragraph at lines 337--337
[]|\TU/LiberationSerif(0)/m/n/11.04124 Agentlik

Underfull \hbox (badness 10000) in paragraph at lines 337--338
\TU/LiberationSerif(0)/m/n/11.04124 qo‘shimcha vazifa/mablag‘; yangi qo‘lda

Underfull \hbox (badness 10000) in paragraph at lines 339--339
[]|\TU/LiberationSerif(0)/m/n/11.04124 Saqlash va qonuniy

Underfull \hbox (badness 10000) in paragraph at lines 339--339
[]|\TU/LiberationSerif(0)/m/n/11.04124 Operator, himoya va

Underfull \hbox (badness 10000) in paragraph at lines 339--340
[]|\TU/LiberationSerif(0)/m/n/11.04124 Qonuniy jadval,

Underfull \hbox (badness 10000) in paragraph at lines 342--343
\TU/LiberationSerif(0)/m/n/14.05249 1-yanvardan qoida ilk qo‘llanishidan oldin

Underfull \hbox (badness 4673) in paragraph at lines 347--348
[]\TU/LiberationSerif(0)/b/n/14.05249 A1 — huquqiy asosning texnik ijrosi. \TU/
LiberationSerif(0)/m/n/14.05249 Qonuniy qoida alohida
[19]
Underfull \hbox (badness 1484) in paragraph at lines 349--350
\TU/LiberationSerif(0)/m/n/14.05249 Alohida qo‘lda xizmat, yangi statistik hiso
bot va yordam huquqi bo‘yicha

Underfull \hbox (badness 1137) in paragraph at lines 351--352
\TU/LiberationSerif(0)/m/n/14.05249 yetishmagan misol, tegishli integratsiya/ki
rish o‘zgarishi va haqiqiy xizmat.

Underfull \hbox (badness 4805) in paragraph at lines 353--354
\TU/LiberationSerif(0)/m/n/14.05249 hisoblash muvofiqligi sinovidan ajratish mu
mkin; tugallanmagan empirik

Underfull \hbox (badness 4205) in paragraph at lines 356--357
\TU/LiberationSerif(0)/m/n/14.05249 tafovut va nol maxraj ko‘rsatiladi. Bir xil
 jami bir-birini qoplaydigan

Underfull \hbox (badness 8094) in paragraph at lines 358--359
[]\TU/LiberationSerif(0)/m/n/14.05249 Bajarilgan ish 37 regressiya sinovi va qa
t’iy misollar qamrovini

Underfull \hbox (badness 1337) in paragraph at lines 360--361
[]\TU/LiberationSerif(0)/m/n/14.05249 Ishlab chiquvchining tayyorlik bayonnomas
i uslubiyot, axborot tizimi
[20]
Underfull \hbox (badness 2103) in paragraph at lines 365--366
\TU/LiberationSerif(0)/m/n/14.05249 Bevosita kutilgan natija — har qo‘llangan t
alqinning tavsiflangan qoidasi,

Underfull \hbox (badness 1259) in paragraph at lines 365--366
\TU/LiberationSerif(0)/m/n/14.05249 mezonlar pasporti, e’lon va bajarilgan sino
v tarkibi mosligi, hal etilmagan
[21]
Underfull \hbox (badness 10000) in paragraph at lines 379--380
[]\TU/LiberationSerif(0)/m/n/14.05249 Vazirlar Mahkamasining 2023-yil 28-dekabr
dagi

Underfull \hbox (badness 1137) in paragraph at lines 382--384
\TU/LiberationSerif(0)/m/n/14.05249 MS — modullar soni; LAOOS — loyiha amalga o
shiriladigan oylar soni;

Underfull \hbox (badness 1521) in paragraph at lines 385--386
\TU/LiberationSerif(0)/m/n/14.05249 Agentlikda dasturiy budjetlashtirish asosin
i belgilaydi. Bu budjet sharoiti,

Underfull \hbox (badness 1137) in paragraph at lines 388--389
\TU/LiberationSerif(0)/m/n/14.05249 Taklif xorijiy huquqiy normani ko‘chirmaydi
 va yangi xalqaro shartnomani

Underfull \hbox (badness 2376) in paragraph at lines 388--389
\TU/LiberationSerif(0)/m/n/14.05249 bajarmaydi. OECD/JRC, Barr nazorat javobi s
harhi va NIST tavsiyalari
[22]
Underfull \hbox (badness 3189) in paragraph at lines 390--391
\TU/LiberationSerif(0)/m/n/14.05249 qonun[] 6-moddasi davlat va boshqa tillarda
 taqdim etishga ruxsat beradi.

Underfull \hbox (badness 2469) in paragraph at lines 390--391
\TU/LiberationSerif(0)/m/n/14.05249 tayyorlashga beriladi; inglizcha mos tarjim
adir. Uchala matnda formula,

Underfull \hbox (badness 5817) in paragraph at lines 396--397
\TU/LiberationSerif(0)/b/n/14.05249 Mavjud vakolat va zarurat. \TU/LiberationSe
rif(0)/m/n/14.05249 Huquqiy qamrov va bajarilgan nazorat

Underfull \hbox (badness 1077) in paragraph at lines 396--397
\TU/LiberationSerif(0)/m/n/14.05249 alohida tekshiriladi. O‘RQ-682 20-moddasi m
avjud qonuniy mexanizm va

Underfull \hbox (badness 4886) in paragraph at lines 398--399
[]\TU/LiberationSerif(0)/b/n/14.05249 Murojaatni qabul qilish. []\TU/Liberation
Serif(0)/m/n/14.05249 Konstitutsiya[]ning 40-moddasi vakolatli

Underfull \hbox (badness 1178) in paragraph at lines 398--399
\TU/LiberationSerif(0)/m/n/14.05249 rekvizitlar, qabul qilish va ro‘yxatdan o‘t
kazishni ajratadi. Murojaat kelib
[23]
Underfull \hbox (badness 2173) in paragraph at lines 400--401
\TU/LiberationSerif(0)/m/n/14.05249 murojaatlarni o‘rganish, taklif hamda ilmiy
 tavsiyalarni umumlashtirish va

Underfull \hbox (badness 1406) in paragraph at lines 400--401
\TU/LiberationSerif(0)/m/n/14.05249 qiladi, ammo qonunda majburiy jadval shakli
 belgilanmagan. Murojaatlar

Underfull \hbox (badness 2277) in paragraph at lines 402--403
\TU/LiberationSerif(0)/m/n/14.05249 kiritish, o‘zgartirilgan yechim, aniq amald
agi norma yoki qabul qilmaslik

Underfull \hbox (badness 10000) in paragraph at lines 404--405
[]\TU/LiberationSerif(0)/b/n/14.05249 Noqonuniy rad etishdan

Underfull \hbox (badness 1019) in paragraph at lines 404--405
\TU/LiberationSerif(0)/m/n/14.05249 sud va amaldagi qoidalar qayta tekshiriladi
. Ushbu taklifni qabul qilishga
[24]
Underfull \hbox (badness 2512) in paragraph at lines 406--407
\TU/LiberationSerif(0)/m/n/14.05249 normativ hujjatlarni tayyorlash va qabul qi
lishni o‘z doirasidan chiqaradi.

Underfull \hbox (badness 1584) in paragraph at lines 406--407
\TU/LiberationSerif(0)/m/n/14.05249 Shu sababli to‘plamdagi individual ma’muriy
 qaror talablari hujjatni qabul

Underfull \hbox (badness 1496) in paragraph at lines 408--409
[]\TU/LiberationSerif(0)/b/n/14.05249 Tatbiq etiladigan tartib va sudda isbotla
sh. \TU/LiberationSerif(0)/m/n/14.05249 Murojaatlar haqidagi

Underfull \hbox (badness 3312) in paragraph at lines 408--409
\TU/LiberationSerif(0)/m/n/14.05249 murojaati emas. Organ maxsus tartibni qo‘ll
asa, so‘ralgan javobda shu

Underfull \hbox (badness 2042) in paragraph at lines 410--411
\TU/LiberationSerif(0)/m/n/14.05249 majburiyatini qarori yoki harakati nizolash
ilayotgan organ yoki mansabdor

Underfull \hbox (badness 1067) in paragraph at lines 410--411
\TU/LiberationSerif(0)/m/n/14.05249 shaxsga yuklaydi; e’tiroz asosidagi faktlar
 tasdiqlanadi va faqat qaror yoki

Underfull \hbox (badness 1087) in paragraph at lines 413--414
\TU/LiberationSerif(0)/m/n/14.05249 11, 16–18, 24 va 28-moddalar; maxsus ma’lum
otlar himoyasi[]. Individual
[25]
Underfull \hbox (badness 2277) in paragraph at lines 417--418
\TU/LiberationSerif(0)/m/n/14.05249 ko‘rsatilmaydi. Yakuniy tahrir uchun rasmiy
 uslubiyot, barcha tanlangan

Underfull \hbox (badness 2781) in paragraph at lines 417--418
\TU/LiberationSerif(0)/m/n/14.05249 hamda o‘zbek huquqiy tili bo‘yicha mutaxass
is tekshiruvi zarur. Ushbu
[26]
(/home/xola/GitHub/Solial Registry/results/documents/explanatory_note_uz.aux) )
(see the transcript file for additional information)
Output written on /home/xola/GitHub/Solial Registry/results/documents/explanato
ry_note_uz.pdf (26 pages).
Transcript written on /home/xola/GitHub/Solial Registry/results/documents/expla
natory_note_uz.log.
