{
  "verified": true,
  "method": "Independent piecewise and integer inequalities; no imported rule functions",
  "frozen_case_inventory_verified": true,
  "income_cases_checked": 10,
  "land_cases_checked": 4105,
  "negative_land_cases_by_plot": {
    "100": 20,
    "1000": 200,
    "1001": 200,
    "2000": 200
  },
  "hardship_cases_checked": 12,
  "tax_cases_checked": 24,
  "conditional_remittance_cases_checked": 16,
  "goat_cases_checked": 6,
  "audit_sha256": "7215f23dd9270db4f5bc754b780f88d12a4d8b75c3f3a97ac68d7fd0dd034c03",
  "input_mode": "saved report bytes",
  "verifier_sha256": "6c7c562083d3c8536769b99c735988220ed5ec7e2d17015a0f52e189fda69938",
  "command": "python scripts/verify_results.py"
}
