{
  "engine": "XeTeX 3.141592653-2.6-0.999998 (TeX Live 2026/Arch Linux)",
  "font": "Liberation Serif; disclosed Times-compatible substitution",
  "draft_format_basis": "O‘RQ-682 appended methodology §§43–51",
  "documents": {
    "normative_act_draft_ru": {
      "pages": 7,
      "pdf_sha256": "9fa373abf7af0d164b63c4fbde6d834f24da2a045a310c5d3f9fdd865c5f6e54",
      "tex_sha256": "72645988475e0469176f2e754ebc61bd1dd10346664fa0559a300b44bb0cc790",
      "command": [
        "xelatex",
        "-interaction=nonstopmode",
        "-halt-on-error",
        "-file-line-error",
        "-output-directory=/home/xola/GitHub/Solial Registry/results/documents",
        "normative_act_draft_ru.tex"
      ]
    },
    "explanatory_note_ru": {
      "pages": 29,
      "pdf_sha256": "a5b08c6318d4a489884d9412e3205bac5de35316291ce31c0633788cb546e683",
      "tex_sha256": "c079ebc22ce6f0ea74d7b0da3bad490f5b4a938cfbc5e61e96f6d0a792ed96a4",
      "command": [
        "xelatex",
        "-interaction=nonstopmode",
        "-halt-on-error",
        "-file-line-error",
        "-output-directory=/home/xola/GitHub/Solial Registry/results/documents",
        "explanatory_note_ru.tex"
      ]
    },
    "cover_letter_ru": {
      "pages": 3,
      "pdf_sha256": "fc2ed6942f6b68162db37c5be89b5db1a5fe2d381957dd565734ed422c22ad2e",
      "tex_sha256": "2de23968643cea17d5dc4c1202b2ea2f81e321b6c61e4fc717794160005d919e",
      "command": [
        "xelatex",
        "-interaction=nonstopmode",
        "-halt-on-error",
        "-file-line-error",
        "-output-directory=/home/xola/GitHub/Solial Registry/results/documents",
        "cover_letter_ru.tex"
      ]
    },
    "normative_act_draft_uz": {
      "pages": 6,
      "pdf_sha256": "53d38a8733b2fad96db98d5a96c7463b32392d5bd3feb07ecf2cc929a126d36c",
      "tex_sha256": "6d1ce4476f332b32c207de244141e6a8cc39a6129ad8c6d158d9ce5e92ee39f0",
      "command": [
        "xelatex",
        "-interaction=nonstopmode",
        "-halt-on-error",
        "-file-line-error",
        "-output-directory=/home/xola/GitHub/Solial Registry/results/documents",
        "normative_act_draft_uz.tex"
      ]
    },
    "explanatory_note_uz": {
      "pages": 28,
      "pdf_sha256": "1c1c729a331af4e835442d0cdc5bb2b7d3c93a602cbdb4b6a8c5fc51335e19ae",
      "tex_sha256": "c116b106c0d3402878d2156bc62d300c9ad09509d44df3292afd8740c4eee459",
      "command": [
        "xelatex",
        "-interaction=nonstopmode",
        "-halt-on-error",
        "-file-line-error",
        "-output-directory=/home/xola/GitHub/Solial Registry/results/documents",
        "explanatory_note_uz.tex"
      ]
    },
    "cover_letter_uz": {
      "pages": 3,
      "pdf_sha256": "bf7b3b367c2f76d3e7a7119cbf53b680ea192f6da3dcd6159cf6c47616c0e5b9",
      "tex_sha256": "f10c5f84735c035d4d723306c43b18a0b9076118a218474b38ab702261274b66",
      "command": [
        "xelatex",
        "-interaction=nonstopmode",
        "-halt-on-error",
        "-file-line-error",
        "-output-directory=/home/xola/GitHub/Solial Registry/results/documents",
        "cover_letter_uz.tex"
      ]
    },
    "normative_act_draft_en": {
      "pages": 6,
      "pdf_sha256": "fba7310e71fec72bcc9e0aea72d5363c39c61cb88a60d4fbb4a0a25cab953f5d",
      "tex_sha256": "3a63722d41ffdfdbdd806f5fc60072b756d32be50c3b918c0b9e12831772003f",
      "command": [
        "xelatex",
        "-interaction=nonstopmode",
        "-halt-on-error",
        "-file-line-error",
        "-output-directory=/home/xola/GitHub/Solial Registry/results/documents",
        "normative_act_draft_en.tex"
      ]
    },
    "explanatory_note_en": {
      "pages": 26,
      "pdf_sha256": "e597a2a510b00975a24254dfd97c7999a34def09bc3ec47fcdb6311840fa1c97",
      "tex_sha256": "1e2d85c573aa9f48ecc923e917df11763a0e1bdb8934ea6ce76c4c454f3c23a8",
      "command": [
        "xelatex",
        "-interaction=nonstopmode",
        "-halt-on-error",
        "-file-line-error",
        "-output-directory=/home/xola/GitHub/Solial Registry/results/documents",
        "explanatory_note_en.tex"
      ]
    },
    "cover_letter_en": {
      "pages": 2,
      "pdf_sha256": "1c7bd3eb0f45a6d8fb789635784568ecd66728cc78058ea8a73960b3a23692f5",
      "tex_sha256": "0fbfbeab49a66c7021676dc8d69feb1651fc6ae97d5fffbbe46438625f40bc06",
      "command": [
        "xelatex",
        "-interaction=nonstopmode",
        "-halt-on-error",
        "-file-line-error",
        "-output-directory=/home/xola/GitHub/Solial Registry/results/documents",
        "cover_letter_en.tex"
      ]
    }
  },
  "python_dependencies": {
    "pypdf": "6.19.0"
  }
}
