This is XeTeX, Version 3.141592653-2.6-0.999998 (TeX Live 2026/Arch Linux) (preloaded format=xelatex)
 restricted \write18 enabled.
entering extended mode
(./normative_act_draft_ru.tex
LaTeX2e <2025-11-01>
L3 programming layer <2026-01-19>
(/usr/share/texmf-dist/tex/latex/extsizes/extarticle.cls
Document Class: extarticle 1996/10/08 v1.0 Non Standard LaTeX document class
(/usr/share/texmf-dist/tex/latex/extsizes/size14.clo)
(/usr/share/texmf-dist/tex/latex/base/exscale.sty))
(/usr/share/texmf-dist/tex/latex/geometry/geometry.sty
(/usr/share/texmf-dist/tex/latex/graphics/keyval.sty)
(/usr/share/texmf-dist/tex/generic/iftex/ifvtex.sty
(/usr/share/texmf-dist/tex/generic/iftex/iftex.sty)))
(/usr/share/texmf-dist/tex/latex/fontspec/fontspec.sty
(/usr/share/texmf-dist/tex/latex/l3packages/xparse/xparse.sty
(/usr/share/texmf-dist/tex/latex/l3kernel/expl3.sty
(/usr/share/texmf-dist/tex/latex/l3backend/l3backend-xetex.def)))
(/usr/share/texmf-dist/tex/latex/fontspec/fontspec-xetex.sty
(/usr/share/texmf-dist/tex/latex/base/fontenc.sty)
(/usr/share/texmf-dist/tex/latex/fontspec/fontspec.cfg)))
(/usr/share/texmf-dist/tex/latex/unicode-math/unicode-math.sty
(/usr/share/texmf-dist/tex/latex/unicode-math/unicode-math-xetex.sty
(/usr/share/texmf-dist/tex/latex/l3packages/l3keys2e/l3keys2e.sty)
(/usr/share/texmf-dist/tex/latex/base/fix-cm.sty
(/usr/share/texmf-dist/tex/latex/base/ts1enc.def))
(/usr/share/texmf-dist/tex/latex/amsmath/amsmath.sty
For additional information on amsmath, use the `?' option.
(/usr/share/texmf-dist/tex/latex/amsmath/amstext.sty
(/usr/share/texmf-dist/tex/latex/amsmath/amsgen.sty))
(/usr/share/texmf-dist/tex/latex/amsmath/amsbsy.sty)
(/usr/share/texmf-dist/tex/latex/amsmath/amsopn.sty))
(/usr/share/texmf-dist/tex/latex/unicode-math/unicode-math-table.tex)))
(/usr/share/texmf-dist/tex/latex/graphics/graphicx.sty
(/usr/share/texmf-dist/tex/latex/graphics/graphics.sty
(/usr/share/texmf-dist/tex/latex/graphics/trig.sty)
(/usr/share/texmf-dist/tex/latex/graphics-cfg/graphics.cfg)
(/usr/share/texmf-dist/tex/latex/graphics-def/xetex.def)))
(/usr/share/texmf-dist/tex/latex/booktabs/booktabs.sty)
(/usr/share/texmf-dist/tex/latex/tools/longtable.sty)
(/usr/share/texmf-dist/tex/latex/tools/array.sty)
(/usr/share/texmf-dist/tex/latex/enumitem/enumitem.sty)
(/usr/share/texmf-dist/tex/latex/titlesec/titlesec.sty)
(/usr/share/texmf-dist/tex/latex/fancyhdr/fancyhdr.sty)
(/usr/share/texmf-dist/tex/latex/hyperref/hyperref.sty
(/usr/share/texmf-dist/tex/latex/kvsetkeys/kvsetkeys.sty)
(/usr/share/texmf-dist/tex/generic/kvdefinekeys/kvdefinekeys.sty)
(/usr/share/texmf-dist/tex/generic/pdfescape/pdfescape.sty
(/usr/share/texmf-dist/tex/generic/ltxcmds/ltxcmds.sty)
(/usr/share/texmf-dist/tex/generic/pdftexcmds/pdftexcmds.sty
(/usr/share/texmf-dist/tex/generic/infwarerr/infwarerr.sty)))
(/usr/share/texmf-dist/tex/latex/hycolor/hycolor.sty)
(/usr/share/texmf-dist/tex/latex/hyperref/nameref.sty
(/usr/share/texmf-dist/tex/latex/refcount/refcount.sty)
(/usr/share/texmf-dist/tex/generic/gettitlestring/gettitlestring.sty
(/usr/share/texmf-dist/tex/latex/kvoptions/kvoptions.sty)))
(/usr/share/texmf-dist/tex/latex/etoolbox/etoolbox.sty)
(/usr/share/texmf-dist/tex/generic/stringenc/stringenc.sty)
(/usr/share/texmf-dist/tex/latex/hyperref/pd1enc.def)
(/usr/share/texmf-dist/tex/generic/intcalc/intcalc.sty)
(/usr/share/texmf-dist/tex/latex/hyperref/puenc.def)
(/usr/share/texmf-dist/tex/latex/url/url.sty)
(/usr/share/texmf-dist/tex/generic/bitset/bitset.sty
(/usr/share/texmf-dist/tex/generic/bigintcalc/bigintcalc.sty)))
(/usr/share/texmf-dist/tex/latex/hyperref/hxetex.def
(/usr/share/texmf-dist/tex/latex/rerunfilecheck/rerunfilecheck.sty
(/usr/share/texmf-dist/tex/generic/uniquecounter/uniquecounter.sty)))
(/home/xola/GitHub/Solial Registry/results/documents/normative_act_draft_ru.aux
)
*geometry* driver: auto-detecting
*geometry* detected driver: xetex

(/home/xola/GitHub/Solial Registry/results/documents/normative_act_draft_ru.out
)
(/home/xola/GitHub/Solial Registry/results/documents/normative_act_draft_ru.out
)
Underfull \hbox (badness 1817) in paragraph at lines 46--47
[]\TU/LiberationSerif(0)/m/n/14.05249 Раздел I предлагается включить в разрабат
ываемый акт о новой

Underfull \hbox (badness 4391) in paragraph at lines 52--53
\TU/LiberationSerif(0)/m/n/14.05249 порядке критерии, источники данных, правила
 начисления баллов и

Underfull \hbox (badness 4366) in paragraph at lines 54--55
[]\TU/LiberationSerif(0)/m/n/14.05249 результат оценки — включение семьи в Соци
альный реестр с

Underfull \hbox (badness 1122) in paragraph at lines 56--57
\TU/LiberationSerif(0)/m/n/14.05249 версии программного обеспечения и значений 
параметров, по которым

Underfull \hbox (badness 7667) in paragraph at lines 58--59
\TU/LiberationSerif(0)/m/n/14.05249 баллов и результатом оценки, заранее опреде
лёнными по методике

Underfull \hbox (badness 10000) in paragraph at lines 62--63
[]\TU/LiberationSerif(0)/m/n/14.05249 неподтверждённые данные — сведения, ответ
 о которых

Underfull \hbox (badness 3792) in paragraph at lines 64--65
| \TU/LiberationSerif(0)/m/n/14.05249 2. Ответственность за соответствие расчёт
ов информационной

Underfull \hbox (badness 2600) in paragraph at lines 64--65
\TU/LiberationSerif(0)/m/n/14.05249 многомерной оценки несут ответственные рабо
тники государственного

Underfull \hbox (badness 3375) in paragraph at lines 64--65
\TU/LiberationSerif(0)/m/n/14.05249 учреждения «Центр информационных технологий
» при Национальном

Underfull \hbox (badness 2443) in paragraph at lines 64--65
\TU/LiberationSerif(0)/m/n/14.05249 агентстве социальной защиты при Президенте 
Республики Узбекистан
[1]
Underfull \hbox (badness 4429) in paragraph at lines 66--67
| \TU/LiberationSerif(0)/m/n/14.05249 3. Методика многомерной оценки устанавлив
ает для каждого

Underfull \hbox (badness 1881) in paragraph at lines 73--74
| \TU/LiberationSerif(0)/m/n/14.05249 ж) область допустимых значений исходных д
анных и результата

Underfull \hbox (badness 6332) in paragraph at lines 77--78
| \TU/LiberationSerif(0)/m/n/14.05249 5. Методика многомерной оценки устанавлив
ает очерёдность

Underfull \hbox (badness 1552) in paragraph at lines 77--78
\TU/LiberationSerif(0)/m/n/14.05249 применения исключений и особых порядков, пр
и которой одинаковым

Underfull \hbox (badness 1308) in paragraph at lines 83--84
\TU/LiberationSerif(0)/m/n/14.05249 порядка — указание на норму нормативно-прав
ового акта, которой он

Underfull \hbox (badness 6608) in paragraph at lines 85--86
| \TU/LiberationSerif(0)/m/n/14.05249 8. Результат оценки определяется в систем
е YAMIH только

Underfull \hbox (badness 1107) in paragraph at lines 85--86
\TU/LiberationSerif(0)/m/n/14.05249 по условиям, установленным методикой многом
ерной оценки и иными

Underfull \hbox (badness 1824) in paragraph at lines 92--93
| \TU/LiberationSerif(0)/m/n/14.05249 в) заявителю сообщается, какие сведения и
 в каком органе или
[2]
Underfull \hbox (badness 7379) in paragraph at lines 94--95
\TU/LiberationSerif(0)/m/n/14.05249 принятия решения, если он наступает раньше,
 оценка завершается

Underfull \hbox (badness 3260) in paragraph at lines 94--95
\TU/LiberationSerif(0)/m/n/14.05249 с применением порядка, предусмотренного под
пунктом «е» пункта 3

Underfull \hbox (badness 1199) in paragraph at lines 94--95
\TU/LiberationSerif(0)/m/n/14.05249 настоящего раздела; повторные запросы эти с
роки не возобновляют, а

Underfull \hbox (badness 5878) in paragraph at lines 95--96
| \TU/LiberationSerif(0)/m/n/14.05249 е) при повторной оценке до её завершения 
в соответствии с

Underfull \hbox (badness 10000) in paragraph at lines 97--98
| \TU/LiberationSerif(0)/m/n/14.05249 11. Структурное подразделение Агентства, 
ответственное за

Underfull \hbox (badness 1072) in paragraph at lines 99--100
| \TU/LiberationSerif(0)/m/n/14.05249 б) каждое исключение и особый порядок, а 
также их сочетания,

Underfull \hbox (badness 10000) in paragraph at lines 103--104
| \TU/LiberationSerif(0)/m/n/14.05249 е) границы области допустимых значений, п
редусмотренной

Underfull \hbox (badness 10000) in paragraph at lines 105--106
\TU/LiberationSerif(0)/m/n/14.05249 определяются без участия разработчика прове
ряемого программного

Underfull \hbox (badness 1742) in paragraph at lines 105--106
\TU/LiberationSerif(0)/m/n/14.05249 обеспечения контрольным расчётом, а результ
аты оценки контрольных

Underfull \hbox (badness 10000) in paragraph at lines 107--108
\TU/LiberationSerif(0)/m/n/14.05249 также до применения каждого
[3]
Underfull \hbox (badness 3919) in paragraph at lines 109--110
\TU/LiberationSerif(0)/m/n/14.05249 указанное в пункте 13 настоящего раздела, д
опускаются только при

Underfull \hbox (badness 1668) in paragraph at lines 109--110
\TU/LiberationSerif(0)/m/n/14.05249 YAMIH с контрольными примерами и при наличи
и всех контрольных

Underfull \hbox (badness 2057) in paragraph at lines 109--110
\TU/LiberationSerif(0)/m/n/14.05249 начала применения, установленной законодате
льством, эти условия не

Underfull \hbox (badness 10000) in paragraph at lines 111--112
\TU/LiberationSerif(0)/m/n/14.05249 документов, предусмотренных установленным п
орядком

Underfull \hbox (badness 2837) in paragraph at lines 118--119
\TU/LiberationSerif(0)/m/n/14.05249 соответствующие пунктам 11 и 12 настоящего 
раздела, используются

Underfull \hbox (badness 1603) in paragraph at lines 120--121
\TU/LiberationSerif(0)/m/n/14.05249 установленного законодательством для хранен
ия сведений о результате

Underfull \hbox (badness 3428) in paragraph at lines 122--123
| \TU/LiberationSerif(0)/m/n/14.05249 б) значения критериев с указанием источни
ка, периода и даты

Underfull \hbox (badness 10000) in paragraph at lines 126--127
| \TU/LiberationSerif(0)/m/n/14.05249 е)

Underfull \hbox (badness 1874) in paragraph at lines 127--128
| \TU/LiberationSerif(0)/m/n/14.05249 ж) конкретные фактические и юридические о
снования отказа во

Underfull \hbox (badness 4429) in paragraph at lines 127--128
\TU/LiberationSerif(0)/m/n/14.05249 включая применённую норму нормативно-правов
ого акта, если такое
[4]
Underfull \hbox (badness 10000) in paragraph at lines 138--139
| \TU/LiberationSerif(0)/m/n/14.05249 19. Специальные

Underfull \hbox (badness 4001) in paragraph at lines 140--141
| \TU/LiberationSerif(0)/m/n/14.05249 20. Центр проверяет контрольным расчётом 
расхождение уже

Underfull \hbox (badness 2653) in paragraph at lines 140--141
\TU/LiberationSerif(0)/m/n/14.05249 по сведениям, предусмотренным пунктом 17 на
стоящего раздела, все

Underfull \hbox (badness 10000) in paragraph at lines 142--143
\TU/LiberationSerif(0)/m/n/14.05249 предусмотренного пунктом 20 или 22

Underfull \hbox (badness 10000) in paragraph at lines 142--143
\TU/LiberationSerif(0)/m/n/14.05249 пересмотр затронутых результатов не продлев
ают установленный

Underfull \hbox (badness 7851) in paragraph at lines 144--145
| \TU/LiberationSerif(0)/m/n/14.05249 22. Решение о временном изменении алгорит
ма в случаях,

Underfull \hbox (badness 2080) in paragraph at lines 144--145
\TU/LiberationSerif(0)/m/n/14.05249 фиксируются в системе YAMIH; результаты оце
нки, определённые по

Underfull \hbox (badness 2460) in paragraph at lines 146--147
| \TU/LiberationSerif(0)/m/n/14.05249 23. Реализация настоящего раздела осущест
вляется в пределах
[5]
Underfull \hbox (badness 5592) in paragraph at lines 152--153
\TU/LiberationSerif(0)/m/n/14.05249 двукратного минимального размера оплаты тру
да» заменить словами

Underfull \hbox (badness 3635) in paragraph at lines 152--153
\TU/LiberationSerif(0)/m/n/14.05249 «или среднемесячная сумма переводов от член
а семьи, работающего

Underfull \hbox (badness 3668) in paragraph at lines 152--153
\TU/LiberationSerif(0)/m/n/14.05249 или осуществляющего предпринимательскую и и
ную деятельность за

Underfull \hbox (badness 10000) in paragraph at lines 158--159
| \TU/LiberationSerif(0)/m/n/14.05249 3. В подпункте «а» пункта 33 слова

Underfull \hbox (badness 3568) in paragraph at lines 162--163
\TU/LiberationSerif(0)/m/n/14.05249 социальных услуг «Инсон», предоставляются с
ведения о данных, на

Underfull \hbox (badness 10000) in paragraph at lines 162--163
\TU/LiberationSerif(0)/m/n/14.05249 основании

Underfull \hbox (badness 6559) in paragraph at lines 162--163
\TU/LiberationSerif(0)/m/n/14.05249 которых принято решение, конкретных фактиче
ских и юридических

Underfull \hbox (badness 2229) in paragraph at lines 162--163
\TU/LiberationSerif(0)/m/n/14.05249 акта, применённых нормативных доходах, поря
дке принятия решения,

Underfull \hbox (badness 6016) in paragraph at lines 166--167
\TU/LiberationSerif(0)/m/n/14.05249 абзацем вторым пункта 37 настоящего Положен
ия, за исключением

Underfull \hbox (badness 10000) in paragraph at lines 169--170
| \TU/LiberationSerif(0)/m/n/14.05249 1. Изменения, предусмотренные пунктами 1–
3 раздела II,
[6]
Underfull \hbox (badness 5652) in paragraph at lines 173--174
| \TU/LiberationSerif(0)/m/n/14.05249 б) к «семье, находящейся в черте бедности
» — с окончания

Underfull \hbox (badness 10000) in paragraph at lines 175--176
\TU/LiberationSerif(0)/m/n/14.05249 категории семьи или
[7]
(/home/xola/GitHub/Solial Registry/results/documents/normative_act_draft_ru.aux
) )
(see the transcript file for additional information)
Output written on /home/xola/GitHub/Solial Registry/results/documents/normative
_act_draft_ru.pdf (7 pages).
Transcript written on /home/xola/GitHub/Solial Registry/results/documents/norma
tive_act_draft_ru.log.
