This is XeTeX, Version 3.141592653-2.6-0.999998 (TeX Live 2026/Arch Linux) (preloaded format=xelatex)
 restricted \write18 enabled.
entering extended mode
(./normative_act_draft_uz.tex
LaTeX2e <2025-11-01>
L3 programming layer <2026-01-19>
(/usr/share/texmf-dist/tex/latex/extsizes/extarticle.cls
Document Class: extarticle 1996/10/08 v1.0 Non Standard LaTeX document class
(/usr/share/texmf-dist/tex/latex/extsizes/size14.clo)
(/usr/share/texmf-dist/tex/latex/base/exscale.sty))
(/usr/share/texmf-dist/tex/latex/geometry/geometry.sty
(/usr/share/texmf-dist/tex/latex/graphics/keyval.sty)
(/usr/share/texmf-dist/tex/generic/iftex/ifvtex.sty
(/usr/share/texmf-dist/tex/generic/iftex/iftex.sty)))
(/usr/share/texmf-dist/tex/latex/fontspec/fontspec.sty
(/usr/share/texmf-dist/tex/latex/l3packages/xparse/xparse.sty
(/usr/share/texmf-dist/tex/latex/l3kernel/expl3.sty
(/usr/share/texmf-dist/tex/latex/l3backend/l3backend-xetex.def)))
(/usr/share/texmf-dist/tex/latex/fontspec/fontspec-xetex.sty
(/usr/share/texmf-dist/tex/latex/base/fontenc.sty)
(/usr/share/texmf-dist/tex/latex/fontspec/fontspec.cfg)))
(/usr/share/texmf-dist/tex/latex/unicode-math/unicode-math.sty
(/usr/share/texmf-dist/tex/latex/unicode-math/unicode-math-xetex.sty
(/usr/share/texmf-dist/tex/latex/l3packages/l3keys2e/l3keys2e.sty)
(/usr/share/texmf-dist/tex/latex/base/fix-cm.sty
(/usr/share/texmf-dist/tex/latex/base/ts1enc.def))
(/usr/share/texmf-dist/tex/latex/amsmath/amsmath.sty
For additional information on amsmath, use the `?' option.
(/usr/share/texmf-dist/tex/latex/amsmath/amstext.sty
(/usr/share/texmf-dist/tex/latex/amsmath/amsgen.sty))
(/usr/share/texmf-dist/tex/latex/amsmath/amsbsy.sty)
(/usr/share/texmf-dist/tex/latex/amsmath/amsopn.sty))
(/usr/share/texmf-dist/tex/latex/unicode-math/unicode-math-table.tex)))
(/usr/share/texmf-dist/tex/latex/graphics/graphicx.sty
(/usr/share/texmf-dist/tex/latex/graphics/graphics.sty
(/usr/share/texmf-dist/tex/latex/graphics/trig.sty)
(/usr/share/texmf-dist/tex/latex/graphics-cfg/graphics.cfg)
(/usr/share/texmf-dist/tex/latex/graphics-def/xetex.def)))
(/usr/share/texmf-dist/tex/latex/booktabs/booktabs.sty)
(/usr/share/texmf-dist/tex/latex/tools/longtable.sty)
(/usr/share/texmf-dist/tex/latex/tools/array.sty)
(/usr/share/texmf-dist/tex/latex/enumitem/enumitem.sty)
(/usr/share/texmf-dist/tex/latex/titlesec/titlesec.sty)
(/usr/share/texmf-dist/tex/latex/fancyhdr/fancyhdr.sty)
(/usr/share/texmf-dist/tex/latex/hyperref/hyperref.sty
(/usr/share/texmf-dist/tex/latex/kvsetkeys/kvsetkeys.sty)
(/usr/share/texmf-dist/tex/generic/kvdefinekeys/kvdefinekeys.sty)
(/usr/share/texmf-dist/tex/generic/pdfescape/pdfescape.sty
(/usr/share/texmf-dist/tex/generic/ltxcmds/ltxcmds.sty)
(/usr/share/texmf-dist/tex/generic/pdftexcmds/pdftexcmds.sty
(/usr/share/texmf-dist/tex/generic/infwarerr/infwarerr.sty)))
(/usr/share/texmf-dist/tex/latex/hycolor/hycolor.sty)
(/usr/share/texmf-dist/tex/latex/hyperref/nameref.sty
(/usr/share/texmf-dist/tex/latex/refcount/refcount.sty)
(/usr/share/texmf-dist/tex/generic/gettitlestring/gettitlestring.sty
(/usr/share/texmf-dist/tex/latex/kvoptions/kvoptions.sty)))
(/usr/share/texmf-dist/tex/latex/etoolbox/etoolbox.sty)
(/usr/share/texmf-dist/tex/generic/stringenc/stringenc.sty)
(/usr/share/texmf-dist/tex/latex/hyperref/pd1enc.def)
(/usr/share/texmf-dist/tex/generic/intcalc/intcalc.sty)
(/usr/share/texmf-dist/tex/latex/hyperref/puenc.def)
(/usr/share/texmf-dist/tex/latex/url/url.sty)
(/usr/share/texmf-dist/tex/generic/bitset/bitset.sty
(/usr/share/texmf-dist/tex/generic/bigintcalc/bigintcalc.sty)))
(/usr/share/texmf-dist/tex/latex/hyperref/hxetex.def
(/usr/share/texmf-dist/tex/latex/rerunfilecheck/rerunfilecheck.sty
(/usr/share/texmf-dist/tex/generic/uniquecounter/uniquecounter.sty)))
(/home/xola/GitHub/Solial Registry/results/documents/normative_act_draft_uz.aux
)
*geometry* driver: auto-detecting
*geometry* detected driver: xetex

(/home/xola/GitHub/Solial Registry/results/documents/normative_act_draft_uz.out
)
(/home/xola/GitHub/Solial Registry/results/documents/normative_act_draft_uz.out
)
Underfull \hbox (badness 1087) in paragraph at lines 46--46
| \TU/LiberationSerif(0)/m/n/14.05249 1. Oilalarni Ijtimoiy reyestrga kiritish,
 toifalarga ajratish va tegishli

Underfull \hbox (badness 2875) in paragraph at lines 47--47
\TU/LiberationSerif(0)/m/n/14.05249 va moliya vazirligi (keyingi o‘rinlarda — V
azirlik) bilan birgalikda ko‘p

Underfull \hbox (badness 2529) in paragraph at lines 48--48
| \TU/LiberationSerif(0)/m/n/14.05249 3. Ijtimoiy himoya milliy agentligi hisob
-kitoblarning tasdiqlangan

Underfull \hbox (badness 10000) in paragraph at lines 49--49
| \TU/LiberationSerif(0)/m/n/14.05249 4.

Underfull \hbox (badness 1769) in paragraph at lines 49--49
\TU/LiberationSerif(0)/m/n/14.05249 uslubiy, tizim va yuridik vazifalarni taqsi
mlasin hamda mezon pasportlari,
[1]
Underfull \hbox (badness 4765) in paragraph at lines 51--51
| \TU/LiberationSerif(0)/m/n/14.05249 6. Tekshiruv mavjud tizimni ishlab chiqis
h, texnik kelishish va

Underfull \hbox (badness 1509) in paragraph at lines 51--51
\TU/LiberationSerif(0)/m/n/14.05249 o‘zgarishlarni boshqarish jarayoniga kiriti
lsin. Teng dalilni ta’minlaydigan

Underfull \hbox (badness 1178) in paragraph at lines 52--52
\TU/LiberationSerif(0)/m/n/14.05249 texnik kelishuvlar, nazorat natijalari va m
avjud izoh hamda e’tiroz yo‘llari

Underfull \hbox (badness 3815) in paragraph at lines 52--52
\TU/LiberationSerif(0)/m/n/14.05249 tayyorligini 25-banddagi chiqarilish qaydid
a tasdiqlasin. Muvaffaqiyatsiz

Underfull \hbox (badness 1817) in paragraph at lines 52--52
\TU/LiberationSerif(0)/m/n/14.05249 tekshiruv 26-band bo‘yicha hal qilinadi. Fa
rovonlik empirik tadqiqoti va
[2]
Underfull \hbox (badness 1320) in paragraph at lines 57--57
\TU/LiberationSerif(0)/m/n/14.05249 sharti emas. Xizmatga yo‘naltirish shu qoid
adan kelib chiqadigan qismda

Underfull \hbox (badness 5939) in paragraph at lines 59--60
[]\TU/LiberationSerif(0)/b/n/14.05249 uslubiyot tavsifi \TU/LiberationSerif(0)/
m/n/14.05249 — baholashning mezonlari, ma’lumot manbalari,

Underfull \hbox (badness 5022) in paragraph at lines 61--62
[]\TU/LiberationSerif(0)/b/n/14.05249 hisoblash talqini \TU/LiberationSerif(0)/
m/n/14.05249 — hisoblashda qo‘llangan tasdiqlangan uslubiyot

Underfull \hbox (badness 1874) in paragraph at lines 63--64
[]\TU/LiberationSerif(0)/b/n/14.05249 tekshiruv bayonnomasi \TU/LiberationSerif
(0)/m/n/14.05249 — tekshiruv shartlari, natijalari, aniqlangan

Underfull \hbox (badness 2990) in paragraph at lines 69--69
| \TU/LiberationSerif(0)/m/n/14.05249 3. Hisoblash uslubiyoti oila uchun yordam
 yoki xizmat tayinlash

Underfull \hbox (badness 3009) in paragraph at lines 71--71
\TU/LiberationSerif(0)/m/n/14.05249 Amal sanalari, o‘zgaruvchan parametrlar, ta
kroriy yoki ustma-ust axborot

Underfull \hbox (badness 1762) in paragraph at lines 71--71
\TU/LiberationSerif(0)/m/n/14.05249 va istisnolar tasdiqlangan uslubiyotga muvo
fiq aniqlanadi. Agentlik ichki

Underfull \hbox (badness 2277) in paragraph at lines 71--71
\TU/LiberationSerif(0)/m/n/14.05249 texnik reglamenti pasport maydonlari, manba
larni moslashtirish va aniqlik

Underfull \hbox (badness 4378) in paragraph at lines 72--72
\TU/LiberationSerif(0)/m/n/14.05249 o‘rtasidagi bog‘liqliklar, istisnolar, yaxl
itlash tartibi va toifalarga ajratish
[1]
Underfull \hbox (badness 7291) in paragraph at lines 73--73
| \TU/LiberationSerif(0)/m/n/14.05249 6. Har bir hisoblash talqini uchun tasdiq
lash asosi, qo‘llanish

Underfull \hbox (badness 1983) in paragraph at lines 73--73
\TU/LiberationSerif(0)/m/n/14.05249 bog‘lanadi; huquqiy amal sanalari texnik jo
riy etish sanalaridan ajratiladi.

Underfull \hbox (badness 1735) in paragraph at lines 73--73
\TU/LiberationSerif(0)/m/n/14.05249 O‘zgarmagan qonuniy qoidani bajarishga qara
tilgan dasturiy tuzatish yangi

Underfull \hbox (badness 4205) in paragraph at lines 73--73
\TU/LiberationSerif(0)/m/n/14.05249 siyosat mezoni deb ko‘rsatilmaydi. Sozlamad
a manbalarni maydonlarga

Underfull \hbox (badness 1237) in paragraph at lines 74--74
\TU/LiberationSerif(0)/m/n/14.05249 mavjud rasmiy resursida ochiladi; vakolatli
 e’lon qilingan tavsifni ikkinchi

Underfull \hbox (badness 1436) in paragraph at lines 76--76
\TU/LiberationSerif(0)/m/n/14.05249 berishi kerak. Tasdiqlangan qiymat, olinmag
an ma’lumot, yangilash talab
[2]
Underfull \hbox (badness 6364) in paragraph at lines 78--78
| \TU/LiberationSerif(0)/m/n/14.05249 10. Hal etilmagan ma’lumot sababli hisobl
ash imkonsiz bo‘lsa,

Underfull \hbox (badness 1132) in paragraph at lines 78--78
\TU/LiberationSerif(0)/m/n/14.05249 “Inson”ning vakolatli xodimi masalani YAMIH
da qayd etib, mas’ul manba

Underfull \hbox (badness 1946) in paragraph at lines 78--78
\TU/LiberationSerif(0)/m/n/14.05249 sharh yoki o‘zgartirish zarur bo‘lsa vakola
tli organga kiritiladi. Agentlik

Underfull \hbox (badness 1077) in paragraph at lines 79--79
\TU/LiberationSerif(0)/m/n/14.05249 tiklash shartlarini qayd etadi. Vaqtinchali
k talqin qo‘llangan hisob-kitoblar

Underfull \hbox (badness 1546) in paragraph at lines 79--79
\TU/LiberationSerif(0)/m/n/14.05249 qayd ta’sirlangan manba, hisoblash va talqi
nlarga bog‘lanadi; qaror qilgan

Underfull \hbox (badness 1005) in paragraph at lines 79--79
\TU/LiberationSerif(0)/m/n/14.05249 vaqtinchalik va tiklangan hisoblar solishti
riladi, farq va vakolatli organning

Underfull \hbox (badness 1122) in paragraph at lines 81--81
\TU/LiberationSerif(0)/m/n/14.05249 rekvizitlari va rejalangan hamda bajarilgan
 tarkibni solishtirishni belgilaydi.

Underfull \hbox (badness 3323) in paragraph at lines 81--81
\TU/LiberationSerif(0)/m/n/14.05249 Qo‘llanadigan yo‘l tushirib qoldirilishi, b
o‘sh taqqoslash tarkibi yoki hal

Underfull \hbox (badness 2591) in paragraph at lines 82--82
\TU/LiberationSerif(0)/m/n/14.05249 qoidalari, solishtirish mezonlari hamda nat
ijani baholash shartlari natijalar

Underfull \hbox (badness 6380) in paragraph at lines 83--83
| \TU/LiberationSerif(0)/m/n/14.05249 14. Ball va toifa bo‘yicha nomuvofiqlikla
r alohida hisoblanadi.
[3]
Underfull \hbox (badness 2005) in paragraph at lines 84--84
| \TU/LiberationSerif(0)/m/n/14.05249 15. Ehtiyojni noto‘g‘ri aniqlash ko‘rsatk
ichlari mustaqil asoslangan

Underfull \hbox (badness 3482) in paragraph at lines 84--84
\TU/LiberationSerif(0)/m/n/14.05249 qaror, eski toifa yoki shikoyat natijasi o‘
z-o‘zidan to‘g‘ri ehtiyoj bahosi

Underfull \hbox (badness 1558) in paragraph at lines 85--85
\TU/LiberationSerif(0)/m/n/14.05249 masalalar, aniqlangan oqibatlar va tuzatish
 qarorlari ko‘rsatiladi. Qoidaga

Underfull \hbox (badness 3386) in paragraph at lines 85--85
\TU/LiberationSerif(0)/m/n/14.05249 aniqlashdan ajratiladi. Yakunlar teng bo‘ls
a ham oraliq nomuvofiqliklar

Underfull \hbox (badness 3229) in paragraph at lines 86--86
\TU/LiberationSerif(0)/m/n/14.05249 talqin tuzatiladi va takroran tekshiriladi.
 Ta’sirlangan holatlar aniqlanib,

Underfull \hbox (badness 4621) in paragraph at lines 86--86
\TU/LiberationSerif(0)/m/n/14.05249 vakolatli organ tomonidan qonunchilikka muv
ofiq qayta ko‘rib chiqiladi.

Underfull \hbox (badness 1394) in paragraph at lines 86--86
\TU/LiberationSerif(0)/m/n/14.05249 Tekshirilmagan talqin muvofiqligi tasdiqlan
gan talqin sifatida qo‘llanmaydi;

Underfull \hbox (badness 2302) in paragraph at lines 86--86
\TU/LiberationSerif(0)/m/n/14.05249 bu qoida murojaatlarni ko‘rib chiqish yoki 
qonuniy yordamni ko‘rsatishni

Underfull \hbox (badness 2426) in paragraph at lines 88--88
\TU/LiberationSerif(0)/m/n/14.05249 mezonlar, ma’lumot manbalari va davrlari, b
all, toifani belgilash qoidasi,
[4]
Underfull \hbox (badness 1178) in paragraph at lines 90--90
| \TU/LiberationSerif(0)/m/n/14.05249 20. Faqat avtomatlashtirilgan ishlov beri
sh asosidagi qarorga e’tiroz

Underfull \hbox (badness 3579) in paragraph at lines 90--90
\TU/LiberationSerif(0)/m/n/14.05249 yuborilishi mumkin; axborot tizimida qayd e
tilishi muddat hisoblanishini

Underfull \hbox (badness 4518) in paragraph at lines 90--90
\TU/LiberationSerif(0)/m/n/14.05249 tomonidan murojaat berilgan paytdan e’tibor
an uch kundan kechiktirmay

Underfull \hbox (badness 4060) in paragraph at lines 90--90
\TU/LiberationSerif(0)/m/n/14.05249 belgilangan predmeti doirasida ko‘riladi; k
engash vakolatiga kirmaydigan

Underfull \hbox (badness 5652) in paragraph at lines 92--92
\TU/LiberationSerif(0)/m/n/14.05249 oldin ularga ishlov berishning qonuniy asos
i, maqsadi, zarur hajmi va

Underfull \hbox (badness 1596) in paragraph at lines 92--92
\TU/LiberationSerif(0)/m/n/14.05249 himoya choralari belgilanadi. Tadqiqot uchu
n shaxsga doir ma’lumotlarni

Underfull \hbox (badness 2302) in paragraph at lines 92--92
\TU/LiberationSerif(0)/m/n/14.05249 almashtirishning o‘zi egasizlantirish deb h
isoblanmaydi. Sog‘liq haqidagi

Underfull \hbox (badness 1661) in paragraph at lines 92--92
\TU/LiberationSerif(0)/m/n/14.05249 muddati va oshkor qilish nazorati ko‘rsatil
adi. Fuqaroning tayyorlashdagi
[5]
Underfull \hbox (badness 3838) in paragraph at lines 95--95
| \TU/LiberationSerif(0)/m/n/14.05249 24. Talqinlarni saqlash, tekshiruv natija
lari va tuzatishlar ustidan

Underfull \hbox (badness 1983) in paragraph at lines 95--95
\TU/LiberationSerif(0)/m/n/14.05249 qo‘llaniladi; yordamni avtomatik qisqartiri
sh uchun mustaqil huquqiy asos

Underfull \hbox (badness 4378) in paragraph at lines 97--97
| \TU/LiberationSerif(0)/m/n/14.05249 25. Agentlik rahbari yoki qonuniy vakolat
li o‘rinbosar hisoblash

Underfull \hbox (badness 1107) in paragraph at lines 98--98
\TU/LiberationSerif(0)/m/n/14.05249 asosi yoki qonuniy yordamni to‘xtatish vako
lati emas. Axborot almashish
[6]
Underfull \hbox (badness 1527) in paragraph at lines 99--99
| \TU/LiberationSerif(0)/m/n/14.05249 27. Yangi huquqiy mezonlar vakolatli hujj
atda belgilangan sanadan

Underfull \hbox (badness 1389) in paragraph at lines 100--100
\TU/LiberationSerif(0)/m/n/14.05249 qilinadi yoxud qonuniy ruxsat etilgan holda
 egasizlantiriladi. Qonunchilik

Underfull \hbox (badness 1067) in paragraph at lines 100--100
\TU/LiberationSerif(0)/m/n/14.05249 ma’lumotni yo‘q qilishni majburiy belgilaga
n hollarda egasizlantirish ushbu

Underfull \hbox (badness 1394) in paragraph at lines 100--100
\TU/LiberationSerif(0)/m/n/14.05249 va saqlashni tugatish usulini ko‘rsatadi. H
imoyalangan yozuvga kirish va

Underfull \hbox (badness 1112) in paragraph at lines 100--100
\TU/LiberationSerif(0)/m/n/14.05249 Nazorat nusxasi qonuniy asos tugagach shaxs
iy ma’lumot saqlash huquqini
[7]
Underfull \hbox (badness 1540) in paragraph at lines 103--104
\TU/LiberationSerif(0)/m/n/14.05249 minimum. Quyidagi besh band yetti asosiy ba
nd va 28 bandli ilovaning

Underfull \hbox (badness 10000) in paragraph at lines 107--108
[]\TU/LiberationSerif(0)/m/n/14.05249 2. Agentlik

Underfull \hbox (badness 2073) in paragraph at lines 107--108
\TU/LiberationSerif(0)/m/n/14.05249 chiqarilish jarayonida tekshirilishini ta’m
inlasin. Teng amaldagi tekshiruv

Underfull \hbox (badness 1400) in paragraph at lines 109--110
[]\TU/LiberationSerif(0)/m/n/14.05249 3. Agentlik huquqiy ahamiyatli natija bil
an birga hisoblashni qayta

Underfull \hbox (badness 1609) in paragraph at lines 109--110
\TU/LiberationSerif(0)/m/n/14.05249 Agentlikning “Inson” ijtimoiy xizmatlar mar
kazi orqali arizachiga ochilishi

Underfull \hbox (badness 2478) in paragraph at lines 109--110
\TU/LiberationSerif(0)/m/n/14.05249 tuzatish va e’tirozni ko‘rishning qonuniy m
uddatlari saqlansin. Uchinchi
[8]
Underfull \hbox (badness 1028) in paragraph at lines 111--112
\TU/LiberationSerif(0)/m/n/14.05249 qonuniy sanadan qo‘llansin; dasturiy tuzati
sh o‘zgarmagan qonuniy qoidani

Underfull \hbox (badness 4168) in paragraph at lines 111--112
\TU/LiberationSerif(0)/m/n/14.05249 bajarsin. Qonunchilik texnik nosozlik, alma
shish uzilishi yoki elektron
[9]
(/home/xola/GitHub/Solial Registry/results/documents/normative_act_draft_uz.aux
) )
(see the transcript file for additional information)
Output written on /home/xola/GitHub/Solial Registry/results/documents/normative
_act_draft_uz.pdf (11 pages).
Transcript written on /home/xola/GitHub/Solial Registry/results/documents/norma
tive_act_draft_uz.log.
