This is XeTeX, Version 3.141592653-2.6-0.999998 (TeX Live 2026/Arch Linux) (preloaded format=xelatex)
 restricted \write18 enabled.
entering extended mode
(./normative_act_draft_ru.tex
LaTeX2e <2025-11-01>
L3 programming layer <2026-01-19>
(/usr/share/texmf-dist/tex/latex/extsizes/extarticle.cls
Document Class: extarticle 1996/10/08 v1.0 Non Standard LaTeX document class
(/usr/share/texmf-dist/tex/latex/extsizes/size14.clo)
(/usr/share/texmf-dist/tex/latex/base/exscale.sty))
(/usr/share/texmf-dist/tex/latex/geometry/geometry.sty
(/usr/share/texmf-dist/tex/latex/graphics/keyval.sty)
(/usr/share/texmf-dist/tex/generic/iftex/ifvtex.sty
(/usr/share/texmf-dist/tex/generic/iftex/iftex.sty)))
(/usr/share/texmf-dist/tex/latex/fontspec/fontspec.sty
(/usr/share/texmf-dist/tex/latex/l3packages/xparse/xparse.sty
(/usr/share/texmf-dist/tex/latex/l3kernel/expl3.sty
(/usr/share/texmf-dist/tex/latex/l3backend/l3backend-xetex.def)))
(/usr/share/texmf-dist/tex/latex/fontspec/fontspec-xetex.sty
(/usr/share/texmf-dist/tex/latex/base/fontenc.sty)
(/usr/share/texmf-dist/tex/latex/fontspec/fontspec.cfg)))
(/usr/share/texmf-dist/tex/latex/unicode-math/unicode-math.sty
(/usr/share/texmf-dist/tex/latex/unicode-math/unicode-math-xetex.sty
(/usr/share/texmf-dist/tex/latex/l3packages/l3keys2e/l3keys2e.sty)
(/usr/share/texmf-dist/tex/latex/base/fix-cm.sty
(/usr/share/texmf-dist/tex/latex/base/ts1enc.def))
(/usr/share/texmf-dist/tex/latex/amsmath/amsmath.sty
For additional information on amsmath, use the `?' option.
(/usr/share/texmf-dist/tex/latex/amsmath/amstext.sty
(/usr/share/texmf-dist/tex/latex/amsmath/amsgen.sty))
(/usr/share/texmf-dist/tex/latex/amsmath/amsbsy.sty)
(/usr/share/texmf-dist/tex/latex/amsmath/amsopn.sty))
(/usr/share/texmf-dist/tex/latex/unicode-math/unicode-math-table.tex)))
(/usr/share/texmf-dist/tex/latex/graphics/graphicx.sty
(/usr/share/texmf-dist/tex/latex/graphics/graphics.sty
(/usr/share/texmf-dist/tex/latex/graphics/trig.sty)
(/usr/share/texmf-dist/tex/latex/graphics-cfg/graphics.cfg)
(/usr/share/texmf-dist/tex/latex/graphics-def/xetex.def)))
(/usr/share/texmf-dist/tex/latex/booktabs/booktabs.sty)
(/usr/share/texmf-dist/tex/latex/tools/longtable.sty)
(/usr/share/texmf-dist/tex/latex/tools/array.sty)
(/usr/share/texmf-dist/tex/latex/enumitem/enumitem.sty)
(/usr/share/texmf-dist/tex/latex/titlesec/titlesec.sty)
(/usr/share/texmf-dist/tex/latex/fancyhdr/fancyhdr.sty)
(/usr/share/texmf-dist/tex/latex/hyperref/hyperref.sty
(/usr/share/texmf-dist/tex/latex/kvsetkeys/kvsetkeys.sty)
(/usr/share/texmf-dist/tex/generic/kvdefinekeys/kvdefinekeys.sty)
(/usr/share/texmf-dist/tex/generic/pdfescape/pdfescape.sty
(/usr/share/texmf-dist/tex/generic/ltxcmds/ltxcmds.sty)
(/usr/share/texmf-dist/tex/generic/pdftexcmds/pdftexcmds.sty
(/usr/share/texmf-dist/tex/generic/infwarerr/infwarerr.sty)))
(/usr/share/texmf-dist/tex/latex/hycolor/hycolor.sty)
(/usr/share/texmf-dist/tex/latex/hyperref/nameref.sty
(/usr/share/texmf-dist/tex/latex/refcount/refcount.sty)
(/usr/share/texmf-dist/tex/generic/gettitlestring/gettitlestring.sty
(/usr/share/texmf-dist/tex/latex/kvoptions/kvoptions.sty)))
(/usr/share/texmf-dist/tex/latex/etoolbox/etoolbox.sty)
(/usr/share/texmf-dist/tex/generic/stringenc/stringenc.sty)
(/usr/share/texmf-dist/tex/latex/hyperref/pd1enc.def)
(/usr/share/texmf-dist/tex/generic/intcalc/intcalc.sty)
(/usr/share/texmf-dist/tex/latex/hyperref/puenc.def)
(/usr/share/texmf-dist/tex/latex/url/url.sty)
(/usr/share/texmf-dist/tex/generic/bitset/bitset.sty
(/usr/share/texmf-dist/tex/generic/bigintcalc/bigintcalc.sty)))
(/usr/share/texmf-dist/tex/latex/hyperref/hxetex.def
(/usr/share/texmf-dist/tex/latex/rerunfilecheck/rerunfilecheck.sty
(/usr/share/texmf-dist/tex/generic/uniquecounter/uniquecounter.sty)))
(/home/xola/GitHub/Solial Registry/results/documents/normative_act_draft_ru.aux
)
*geometry* driver: auto-detecting
*geometry* detected driver: xetex

(/home/xola/GitHub/Solial Registry/results/documents/normative_act_draft_ru.out
)
(/home/xola/GitHub/Solial Registry/results/documents/normative_act_draft_ru.out
)
Underfull \hbox (badness 1817) in paragraph at lines 45--46
[]\TU/LiberationSerif(0)/m/n/14.05249 Раздел I предлагается включить в разрабат
ываемый акт о новой

Underfull \hbox (badness 1478) in paragraph at lines 45--46
\TU/LiberationSerif(0)/m/n/14.05249 Положение, правила раздела II включаются в 
соответствующие нормы

Underfull \hbox (badness 4391) in paragraph at lines 51--52
\TU/LiberationSerif(0)/m/n/14.05249 порядке критерии, источники данных, правила
 начисления баллов и

Underfull \hbox (badness 4366) in paragraph at lines 53--54
[]\TU/LiberationSerif(0)/m/n/14.05249 результат оценки — включение семьи в Соци
альный реестр с

Underfull \hbox (badness 10000) in paragraph at lines 55--56
[]\TU/LiberationSerif(0)/m/n/14.05249 контрольный расчёт — определение результа
та

Underfull \hbox (badness 4429) in paragraph at lines 57--58
| \TU/LiberationSerif(0)/m/n/14.05249 2. Методика многомерной оценки устанавлив
ает для каждого

Underfull \hbox (badness 6332) in paragraph at lines 61--62
| \TU/LiberationSerif(0)/m/n/14.05249 4. Методика многомерной оценки устанавлив
ает очерёдность

Underfull \hbox (badness 1552) in paragraph at lines 61--62
\TU/LiberationSerif(0)/m/n/14.05249 применения исключений и особых порядков, пр
и которой одинаковым

Underfull \hbox (badness 4024) in paragraph at lines 65--66
| \TU/LiberationSerif(0)/m/n/14.05249 6. Результат оценки определяется в информ
ационной системе

Underfull \hbox (badness 2042) in paragraph at lines 65--66
\TU/LiberationSerif(0)/m/n/14.05249 «Yagona milliy ijtimoiy himoya» (далее — си
стема YAMIH) только по

Underfull \hbox (badness 7576) in paragraph at lines 65--66
\TU/LiberationSerif(0)/m/n/14.05249 условиям, установленным методикой многомерн
ой оценки и иными
[1]
Underfull \hbox (badness 1400) in paragraph at lines 69--70
| \TU/LiberationSerif(0)/m/n/14.05249 8. Национальное агентство социальной защи
ты при Президенте

Underfull \hbox (badness 3557) in paragraph at lines 69--70
\TU/LiberationSerif(0)/m/n/14.05249 Республики Узбекистан (далее — Агентство) д
о первого применения

Underfull \hbox (badness 7522) in paragraph at lines 75--76
\TU/LiberationSerif(0)/m/n/14.05249 предусмотренных установленным порядком ввод
а в эксплуатацию и

Underfull \hbox (badness 1910) in paragraph at lines 81--82
\TU/LiberationSerif(0)/m/n/14.05249 государственных услуг, а по его обращению —
 в центре социальных

Underfull \hbox (badness 5417) in paragraph at lines 81--82
\TU/LiberationSerif(0)/m/n/14.05249 источников и периодов, количестве баллов, п
рименённом пороговом

Underfull \hbox (badness 10000) in paragraph at lines 83--84
\TU/LiberationSerif(0)/m/n/14.05249 с методикой многомерной оценки

Underfull \hbox (badness 2460) in paragraph at lines 85--86
| \TU/LiberationSerif(0)/m/n/14.05249 16. Реализация настоящего раздела осущест
вляется в пределах
[2]
Underfull \hbox (badness 10000) in paragraph at lines 97--98
| \TU/LiberationSerif(0)/m/n/14.05249 3. В подпункте «а» пункта 33 слова

Underfull \hbox (badness 3568) in paragraph at lines 101--102
\TU/LiberationSerif(0)/m/n/14.05249 социальных услуг «Инсон», предоставляются с
ведения о данных, на
[3]
(/home/xola/GitHub/Solial Registry/results/documents/normative_act_draft_ru.aux
) )
(see the transcript file for additional information)
Output written on /home/xola/GitHub/Solial Registry/results/documents/normative
_act_draft_ru.pdf (3 pages).
Transcript written on /home/xola/GitHub/Solial Registry/results/documents/norma
tive_act_draft_ru.log.
