This is XeTeX, Version 3.141592653-2.6-0.999998 (TeX Live 2026/Arch Linux) (preloaded format=xelatex)
 restricted \write18 enabled.
entering extended mode
(./normative_act_draft_en.tex
LaTeX2e <2025-11-01>
L3 programming layer <2026-01-19>
(/usr/share/texmf-dist/tex/latex/extsizes/extarticle.cls
Document Class: extarticle 1996/10/08 v1.0 Non Standard LaTeX document class
(/usr/share/texmf-dist/tex/latex/extsizes/size14.clo)
(/usr/share/texmf-dist/tex/latex/base/exscale.sty))
(/usr/share/texmf-dist/tex/latex/geometry/geometry.sty
(/usr/share/texmf-dist/tex/latex/graphics/keyval.sty)
(/usr/share/texmf-dist/tex/generic/iftex/ifvtex.sty
(/usr/share/texmf-dist/tex/generic/iftex/iftex.sty)))
(/usr/share/texmf-dist/tex/latex/fontspec/fontspec.sty
(/usr/share/texmf-dist/tex/latex/l3packages/xparse/xparse.sty
(/usr/share/texmf-dist/tex/latex/l3kernel/expl3.sty
(/usr/share/texmf-dist/tex/latex/l3backend/l3backend-xetex.def)))
(/usr/share/texmf-dist/tex/latex/fontspec/fontspec-xetex.sty
(/usr/share/texmf-dist/tex/latex/base/fontenc.sty)
(/usr/share/texmf-dist/tex/latex/fontspec/fontspec.cfg)))
(/usr/share/texmf-dist/tex/latex/unicode-math/unicode-math.sty
(/usr/share/texmf-dist/tex/latex/unicode-math/unicode-math-xetex.sty
(/usr/share/texmf-dist/tex/latex/l3packages/l3keys2e/l3keys2e.sty)
(/usr/share/texmf-dist/tex/latex/base/fix-cm.sty
(/usr/share/texmf-dist/tex/latex/base/ts1enc.def))
(/usr/share/texmf-dist/tex/latex/amsmath/amsmath.sty
For additional information on amsmath, use the `?' option.
(/usr/share/texmf-dist/tex/latex/amsmath/amstext.sty
(/usr/share/texmf-dist/tex/latex/amsmath/amsgen.sty))
(/usr/share/texmf-dist/tex/latex/amsmath/amsbsy.sty)
(/usr/share/texmf-dist/tex/latex/amsmath/amsopn.sty))
(/usr/share/texmf-dist/tex/latex/unicode-math/unicode-math-table.tex)))
(/usr/share/texmf-dist/tex/latex/graphics/graphicx.sty
(/usr/share/texmf-dist/tex/latex/graphics/graphics.sty
(/usr/share/texmf-dist/tex/latex/graphics/trig.sty)
(/usr/share/texmf-dist/tex/latex/graphics-cfg/graphics.cfg)
(/usr/share/texmf-dist/tex/latex/graphics-def/xetex.def)))
(/usr/share/texmf-dist/tex/latex/booktabs/booktabs.sty)
(/usr/share/texmf-dist/tex/latex/tools/longtable.sty)
(/usr/share/texmf-dist/tex/latex/tools/array.sty)
(/usr/share/texmf-dist/tex/latex/enumitem/enumitem.sty)
(/usr/share/texmf-dist/tex/latex/titlesec/titlesec.sty)
(/usr/share/texmf-dist/tex/latex/fancyhdr/fancyhdr.sty)
(/usr/share/texmf-dist/tex/latex/hyperref/hyperref.sty
(/usr/share/texmf-dist/tex/latex/kvsetkeys/kvsetkeys.sty)
(/usr/share/texmf-dist/tex/generic/kvdefinekeys/kvdefinekeys.sty)
(/usr/share/texmf-dist/tex/generic/pdfescape/pdfescape.sty
(/usr/share/texmf-dist/tex/generic/ltxcmds/ltxcmds.sty)
(/usr/share/texmf-dist/tex/generic/pdftexcmds/pdftexcmds.sty
(/usr/share/texmf-dist/tex/generic/infwarerr/infwarerr.sty)))
(/usr/share/texmf-dist/tex/latex/hycolor/hycolor.sty)
(/usr/share/texmf-dist/tex/latex/hyperref/nameref.sty
(/usr/share/texmf-dist/tex/latex/refcount/refcount.sty)
(/usr/share/texmf-dist/tex/generic/gettitlestring/gettitlestring.sty
(/usr/share/texmf-dist/tex/latex/kvoptions/kvoptions.sty)))
(/usr/share/texmf-dist/tex/latex/etoolbox/etoolbox.sty)
(/usr/share/texmf-dist/tex/generic/stringenc/stringenc.sty)
(/usr/share/texmf-dist/tex/latex/hyperref/pd1enc.def)
(/usr/share/texmf-dist/tex/generic/intcalc/intcalc.sty)
(/usr/share/texmf-dist/tex/latex/hyperref/puenc.def)
(/usr/share/texmf-dist/tex/latex/url/url.sty)
(/usr/share/texmf-dist/tex/generic/bitset/bitset.sty
(/usr/share/texmf-dist/tex/generic/bigintcalc/bigintcalc.sty)))
(/usr/share/texmf-dist/tex/latex/hyperref/hxetex.def
(/usr/share/texmf-dist/tex/latex/rerunfilecheck/rerunfilecheck.sty
(/usr/share/texmf-dist/tex/generic/uniquecounter/uniquecounter.sty)))
(/home/xola/GitHub/Solial Registry/results/documents/normative_act_draft_en.aux
)
*geometry* driver: auto-detecting
*geometry* detected driver: xetex

(/home/xola/GitHub/Solial Registry/results/documents/normative_act_draft_en.out
)
(/home/xola/GitHub/Solial Registry/results/documents/normative_act_draft_en.out
)
Underfull \hbox (badness 6741) in paragraph at lines 56--57
[]\TU/LiberationSerif(0)/m/n/14.05249 calculation version means the combination
 of the edition of the

Underfull \hbox (badness 5578) in paragraph at lines 56--57
\TU/LiberationSerif(0)/m/n/14.05249 multidimensional assessment methodology, th
e software version and the
[1]
Underfull \hbox (badness 1735) in paragraph at lines 90--91
| \TU/LiberationSerif(0)/m/n/14.05249 (d) unconfirmed status of data is not in 
itself a ground for refusal

Underfull \hbox (badness 4024) in paragraph at lines 90--91
\TU/LiberationSerif(0)/m/n/14.05249 of inclusion; refusal is permitted only on 
a ground established by the

Underfull \hbox (badness 2261) in paragraph at lines 90--91
\TU/LiberationSerif(0)/m/n/14.05249 multidimensional assessment methodology or 
legislation, with that ground
[2]
Underfull \hbox (badness 10000) in paragraph at lines 95--96
| \TU/LiberationSerif(0)/m/n/14.05249 (b) each exception and

Underfull \hbox (badness 3000) in paragraph at lines 109--110
| \TU/LiberationSerif(0)/m/n/14.05249 (d) the surnames and positions of the per
sons who performed the

Underfull \hbox (badness 2119) in paragraph at lines 119--120
\TU/LiberationSerif(0)/m/n/14.05249 the parameter values and the executable sof
tware version that allows the
[3]
Underfull \hbox (badness 1259) in paragraph at lines 133--134
\TU/LiberationSerif(0)/m/n/14.05249 awarded are determined in accordance with l
egislation. Identification and

Underfull \hbox (badness 1281) in paragraph at lines 135--136
\TU/LiberationSerif(0)/m/n/14.05249 for by legislation, its grounds and period 
of application shall be recorded

Underfull \hbox (badness 1112) in paragraph at lines 135--136
\TU/LiberationSerif(0)/m/n/14.05249 in the YAMIH system; assessment results det
ermined under the temporary
[4]
Underfull \hbox (badness 2027) in paragraph at lines 159--160
| \TU/LiberationSerif(0)/m/n/14.05249 (a) to a “state-supported family” and a “
poor family” — from the

Underfull \hbox (badness 1783) in paragraph at lines 160--161
| \TU/LiberationSerif(0)/m/n/14.05249 (b) to a “family at the poverty boundary”
 — from the end of the
[5] [6]
(/home/xola/GitHub/Solial Registry/results/documents/normative_act_draft_en.aux
) )
(see the transcript file for additional information)
Output written on /home/xola/GitHub/Solial Registry/results/documents/normative
_act_draft_en.pdf (6 pages).
Transcript written on /home/xola/GitHub/Solial Registry/results/documents/norma
tive_act_draft_en.log.
