This is XeTeX, Version 3.141592653-2.6-0.999998 (TeX Live 2026/Arch Linux) (preloaded format=xelatex)
 restricted \write18 enabled.
entering extended mode
(./normative_act_draft_uz.tex
LaTeX2e <2025-11-01>
L3 programming layer <2026-01-19>
(/usr/share/texmf-dist/tex/latex/extsizes/extarticle.cls
Document Class: extarticle 1996/10/08 v1.0 Non Standard LaTeX document class
(/usr/share/texmf-dist/tex/latex/extsizes/size14.clo)
(/usr/share/texmf-dist/tex/latex/base/exscale.sty))
(/usr/share/texmf-dist/tex/latex/geometry/geometry.sty
(/usr/share/texmf-dist/tex/latex/graphics/keyval.sty)
(/usr/share/texmf-dist/tex/generic/iftex/ifvtex.sty
(/usr/share/texmf-dist/tex/generic/iftex/iftex.sty)))
(/usr/share/texmf-dist/tex/latex/fontspec/fontspec.sty
(/usr/share/texmf-dist/tex/latex/l3packages/xparse/xparse.sty
(/usr/share/texmf-dist/tex/latex/l3kernel/expl3.sty
(/usr/share/texmf-dist/tex/latex/l3backend/l3backend-xetex.def)))
(/usr/share/texmf-dist/tex/latex/fontspec/fontspec-xetex.sty
(/usr/share/texmf-dist/tex/latex/base/fontenc.sty)
(/usr/share/texmf-dist/tex/latex/fontspec/fontspec.cfg)))
(/usr/share/texmf-dist/tex/latex/unicode-math/unicode-math.sty
(/usr/share/texmf-dist/tex/latex/unicode-math/unicode-math-xetex.sty
(/usr/share/texmf-dist/tex/latex/l3packages/l3keys2e/l3keys2e.sty)
(/usr/share/texmf-dist/tex/latex/base/fix-cm.sty
(/usr/share/texmf-dist/tex/latex/base/ts1enc.def))
(/usr/share/texmf-dist/tex/latex/amsmath/amsmath.sty
For additional information on amsmath, use the `?' option.
(/usr/share/texmf-dist/tex/latex/amsmath/amstext.sty
(/usr/share/texmf-dist/tex/latex/amsmath/amsgen.sty))
(/usr/share/texmf-dist/tex/latex/amsmath/amsbsy.sty)
(/usr/share/texmf-dist/tex/latex/amsmath/amsopn.sty))
(/usr/share/texmf-dist/tex/latex/unicode-math/unicode-math-table.tex)))
(/usr/share/texmf-dist/tex/latex/graphics/graphicx.sty
(/usr/share/texmf-dist/tex/latex/graphics/graphics.sty
(/usr/share/texmf-dist/tex/latex/graphics/trig.sty)
(/usr/share/texmf-dist/tex/latex/graphics-cfg/graphics.cfg)
(/usr/share/texmf-dist/tex/latex/graphics-def/xetex.def)))
(/usr/share/texmf-dist/tex/latex/booktabs/booktabs.sty)
(/usr/share/texmf-dist/tex/latex/tools/longtable.sty)
(/usr/share/texmf-dist/tex/latex/tools/array.sty)
(/usr/share/texmf-dist/tex/latex/enumitem/enumitem.sty)
(/usr/share/texmf-dist/tex/latex/titlesec/titlesec.sty)
(/usr/share/texmf-dist/tex/latex/fancyhdr/fancyhdr.sty)
(/usr/share/texmf-dist/tex/latex/hyperref/hyperref.sty
(/usr/share/texmf-dist/tex/latex/kvsetkeys/kvsetkeys.sty)
(/usr/share/texmf-dist/tex/generic/kvdefinekeys/kvdefinekeys.sty)
(/usr/share/texmf-dist/tex/generic/pdfescape/pdfescape.sty
(/usr/share/texmf-dist/tex/generic/ltxcmds/ltxcmds.sty)
(/usr/share/texmf-dist/tex/generic/pdftexcmds/pdftexcmds.sty
(/usr/share/texmf-dist/tex/generic/infwarerr/infwarerr.sty)))
(/usr/share/texmf-dist/tex/latex/hycolor/hycolor.sty)
(/usr/share/texmf-dist/tex/latex/hyperref/nameref.sty
(/usr/share/texmf-dist/tex/latex/refcount/refcount.sty)
(/usr/share/texmf-dist/tex/generic/gettitlestring/gettitlestring.sty
(/usr/share/texmf-dist/tex/latex/kvoptions/kvoptions.sty)))
(/usr/share/texmf-dist/tex/latex/etoolbox/etoolbox.sty)
(/usr/share/texmf-dist/tex/generic/stringenc/stringenc.sty)
(/usr/share/texmf-dist/tex/latex/hyperref/pd1enc.def)
(/usr/share/texmf-dist/tex/generic/intcalc/intcalc.sty)
(/usr/share/texmf-dist/tex/latex/hyperref/puenc.def)
(/usr/share/texmf-dist/tex/latex/url/url.sty)
(/usr/share/texmf-dist/tex/generic/bitset/bitset.sty
(/usr/share/texmf-dist/tex/generic/bigintcalc/bigintcalc.sty)))
(/usr/share/texmf-dist/tex/latex/hyperref/hxetex.def
(/usr/share/texmf-dist/tex/latex/rerunfilecheck/rerunfilecheck.sty
(/usr/share/texmf-dist/tex/generic/uniquecounter/uniquecounter.sty)))
(/home/xola/GitHub/Solial Registry/results/documents/normative_act_draft_uz.aux
)
*geometry* driver: auto-detecting
*geometry* detected driver: xetex

(/home/xola/GitHub/Solial Registry/results/documents/normative_act_draft_uz.out
)
(/home/xola/GitHub/Solial Registry/results/documents/normative_act_draft_uz.out
)
Underfull \hbox (badness 1810) in paragraph at lines 54--55
\TU/LiberationSerif(0)/m/n/14.05249 kiritishni rad etish, shuningdek qayta baho
lash natijalari boʻyicha oilaning

Underfull \hbox (badness 10000) in paragraph at lines 56--57
[]\TU/LiberationSerif(0)/m/n/14.05249 hisob-kitob versiyasi —

Underfull \hbox (badness 1852) in paragraph at lines 64--65
\TU/LiberationSerif(0)/m/n/14.05249 — “YAMIH” AT) hisob-kitoblarining koʻp oʻlc
hovli baholash uslubiyotiga

Underfull \hbox (badness 2261) in paragraph at lines 64--65
\TU/LiberationSerif(0)/m/n/14.05249 muvofiqligi uchun Oʻzbekiston Respublikasi 
Prezidenti huzuridagi Ijtimoiy
[1]
Underfull \hbox (badness 2376) in paragraph at lines 72--73
| \TU/LiberationSerif(0)/m/n/14.05249 e) tasdiqlanmagan maʼlumotlarda mezonni h
isobga olish tartibi, shu

Underfull \hbox (badness 1454) in paragraph at lines 85--86
| \TU/LiberationSerif(0)/m/n/14.05249 8. Baholash natijasi “YAMIH” ATda faqat k
oʻp oʻlchovli baholash

Underfull \hbox (badness 2158) in paragraph at lines 87--88
| \TU/LiberationSerif(0)/m/n/14.05249 9. “YAMIH” ATning elektron soʻroviga javo
b kelib tushmaganligi

Underfull \hbox (badness 2961) in paragraph at lines 87--88
\TU/LiberationSerif(0)/m/n/14.05249 oilada maʼlumotlari soʻralgan daromad yoki 
mol-mulk mavjud emasligiga

Underfull \hbox (badness 2744) in paragraph at lines 92--93
| \TU/LiberationSerif(0)/m/n/14.05249 v) ariza beruvchiga qaysi maʼlumotlar qay
si organ yoki tashkilotda

Underfull \hbox (badness 2961) in paragraph at lines 93--94
| \TU/LiberationSerif(0)/m/n/14.05249 g) maʼlumotlarning tasdiqlanmaganligi oʻz
-oʻzidan Ijtimoiy reyestrga

Underfull \hbox (badness 1048) in paragraph at lines 93--94
\TU/LiberationSerif(0)/m/n/14.05249 uslubiyoti yoki qonunchilikda belgilangan a
sos boʻyicha, ushbu asos ushbu
[2]
Underfull \hbox (badness 2050) in paragraph at lines 95--96
| \TU/LiberationSerif(0)/m/n/14.05249 e) qayta baholashda u ushbu bandning “d” 
kichik bandiga muvofiq

Underfull \hbox (badness 2443) in paragraph at lines 105--106
\TU/LiberationSerif(0)/m/n/14.05249 baholash natijalari esa tegishli oraliqni b
elgilagan normativ-huquqiy hujjat

Underfull \hbox (badness 10000) in paragraph at lines 107--108
| \TU/LiberationSerif(0)/m/n/14.05249 13. Markaz koʻp oʻlchovli

Underfull \hbox (badness 1297) in paragraph at lines 109--110
| \TU/LiberationSerif(0)/m/n/14.05249 14. Koʻp oʻlchovli baholash uslubiyotini 
birinchi marta qoʻllash va

Underfull \hbox (badness 4673) in paragraph at lines 109--110
\TU/LiberationSerif(0)/m/n/14.05249 ushbu boʻlimning 13-bandida koʻrsatilgan oʻ
zgartish faqat “YAMIH” AT
[3]
Underfull \hbox (badness 5175) in paragraph at lines 111--112
\TU/LiberationSerif(0)/m/n/14.05249 tarkibida bayonnoma bilan rasmiylashtirilad
i. Bayonnomada quyidagilar

Underfull \hbox (badness 10000) in paragraph at lines 126--127
| \TU/LiberationSerif(0)/m/n/14.05249 e) hisob-kitobni qayta bajarish imkonini 
beruvchi koʻp oʻlchovli
[4]
Underfull \hbox (badness 10000) in paragraph at lines 136--137
| \TU/LiberationSerif(0)/m/n/14.05249 j) qarorning aniq haqiqiy va yuridik asos
lari, shu jumladan

Underfull \hbox (badness 4132) in paragraph at lines 138--139
\TU/LiberationSerif(0)/m/n/14.05249 oila aʼzolarining shaxsga doir maxsus maʼlu
motlari faqat tegishli mezon

Underfull \hbox (badness 1939) in paragraph at lines 140--141
| \TU/LiberationSerif(0)/m/n/14.05249 20. Markaz oilaga nisbatan qoʻllanilgan b
aholash natijasining koʻp

Underfull \hbox (badness 1199) in paragraph at lines 142--143
\TU/LiberationSerif(0)/m/n/14.05249 belgilanadi. Taʼsirlangan natijalarni aniql
ash va qayta koʻrib chiqish ariza

Underfull \hbox (badness 4479) in paragraph at lines 144--145
| \TU/LiberationSerif(0)/m/n/14.05249 22. Qonunchilikda nazarda tutilgan hollar
da algoritmni vaqtincha

Underfull \hbox (badness 1466) in paragraph at lines 144--145
\TU/LiberationSerif(0)/m/n/14.05249 oʻzgartirish toʻgʻrisidagi qaror, uning aso
si va qoʻllanilish davri “YAMIH”

Underfull \hbox (badness 3386) in paragraph at lines 144--145
\TU/LiberationSerif(0)/m/n/14.05249 belgilanadi va maʼlumotlar almashinuvi tikl
anganidan keyin oʻn ish kuni

Underfull \hbox (badness 1803) in paragraph at lines 144--145
\TU/LiberationSerif(0)/m/n/14.05249 tekshiriladi; farq qiluvchi natijalar roʻyx
atini Markaz Agentlikka yuboradi,

Underfull \hbox (badness 4144) in paragraph at lines 146--147
| \TU/LiberationSerif(0)/m/n/14.05249 23. Ushbu boʻlimni amalga oshirish “YAMIH
” ATni saqlash va

Underfull \hbox (badness 3872) in paragraph at lines 150--151
| \TU/LiberationSerif(0)/m/n/14.05249 1. 26-bandning birinchi xatboshisidagi “y
oki oʻtkazmalar miqdori
[5]
Underfull \hbox (badness 2529) in paragraph at lines 156--157
| \TU/LiberationSerif(0)/m/n/14.05249 3. 33-bandning “a” kichik bandidagi “mini
mal isteʼmol xarajatlari

Underfull \hbox (badness 3158) in paragraph at lines 156--157
\TU/LiberationSerif(0)/m/n/14.05249 miqdoridan yuqori boʻlganda” degan soʻzlar 
“minimal isteʼmol xarajatlari

Underfull \hbox (badness 1048) in paragraph at lines 160--161
\TU/LiberationSerif(0)/m/n/14.05249 maʼlumotlar taqdim etiladi. Boshqa oila aʼz
olarining shaxsga doir maxsus

Underfull \hbox (badness 10000) in paragraph at lines 164--165
[]\TU/LiberationSerif(0)/m/n/14.05249 “Bunda ariza beruvchiga

Underfull \hbox (badness 1515) in paragraph at lines 169--170
| \TU/LiberationSerif(0)/m/n/14.05249 2. Oʻzgartishlar kuchga kirgunga qadar Ij
timoiy reyestrga kiritilgan

Underfull \hbox (badness 10000) in paragraph at lines 170--171
| \TU/LiberationSerif(0)/m/n/14.05249 a) “davlat taʼminotidagi oila” va “kambag
ʻal

Underfull \hbox (badness 2856) in paragraph at lines 173--174
\TU/LiberationSerif(0)/m/n/14.05249 holatlari oʻzgarishining oqibatlari belgila
ngan tartibda oʻzgartishlar kuchga
[6]
(/home/xola/GitHub/Solial Registry/results/documents/normative_act_draft_uz.aux
) )
(see the transcript file for additional information)
Output written on /home/xola/GitHub/Solial Registry/results/documents/normative
_act_draft_uz.pdf (6 pages).
Transcript written on /home/xola/GitHub/Solial Registry/results/documents/norma
tive_act_draft_uz.log.
