This is XeTeX, Version 3.141592653-2.6-0.999998 (TeX Live 2026/Arch Linux) (preloaded format=xelatex)
 restricted \write18 enabled.
entering extended mode
(./participation_request_en.tex
LaTeX2e <2025-11-01>
L3 programming layer <2026-01-19>
(/usr/share/texmf-dist/tex/latex/extsizes/extarticle.cls
Document Class: extarticle 1996/10/08 v1.0 Non Standard LaTeX document class
(/usr/share/texmf-dist/tex/latex/extsizes/size14.clo)
(/usr/share/texmf-dist/tex/latex/base/exscale.sty))
(/usr/share/texmf-dist/tex/latex/geometry/geometry.sty
(/usr/share/texmf-dist/tex/latex/graphics/keyval.sty)
(/usr/share/texmf-dist/tex/generic/iftex/ifvtex.sty
(/usr/share/texmf-dist/tex/generic/iftex/iftex.sty)))
(/usr/share/texmf-dist/tex/latex/fontspec/fontspec.sty
(/usr/share/texmf-dist/tex/latex/l3packages/xparse/xparse.sty
(/usr/share/texmf-dist/tex/latex/l3kernel/expl3.sty
(/usr/share/texmf-dist/tex/latex/l3backend/l3backend-xetex.def)))
(/usr/share/texmf-dist/tex/latex/fontspec/fontspec-xetex.sty
(/usr/share/texmf-dist/tex/latex/base/fontenc.sty)
(/usr/share/texmf-dist/tex/latex/fontspec/fontspec.cfg)))
(/usr/share/texmf-dist/tex/latex/unicode-math/unicode-math.sty
(/usr/share/texmf-dist/tex/latex/unicode-math/unicode-math-xetex.sty
(/usr/share/texmf-dist/tex/latex/l3packages/l3keys2e/l3keys2e.sty)
(/usr/share/texmf-dist/tex/latex/base/fix-cm.sty
(/usr/share/texmf-dist/tex/latex/base/ts1enc.def))
(/usr/share/texmf-dist/tex/latex/amsmath/amsmath.sty
For additional information on amsmath, use the `?' option.
(/usr/share/texmf-dist/tex/latex/amsmath/amstext.sty
(/usr/share/texmf-dist/tex/latex/amsmath/amsgen.sty))
(/usr/share/texmf-dist/tex/latex/amsmath/amsbsy.sty)
(/usr/share/texmf-dist/tex/latex/amsmath/amsopn.sty))
(/usr/share/texmf-dist/tex/latex/unicode-math/unicode-math-table.tex)))
(/usr/share/texmf-dist/tex/latex/graphics/graphicx.sty
(/usr/share/texmf-dist/tex/latex/graphics/graphics.sty
(/usr/share/texmf-dist/tex/latex/graphics/trig.sty)
(/usr/share/texmf-dist/tex/latex/graphics-cfg/graphics.cfg)
(/usr/share/texmf-dist/tex/latex/graphics-def/xetex.def)))
(/usr/share/texmf-dist/tex/latex/booktabs/booktabs.sty)
(/usr/share/texmf-dist/tex/latex/tools/longtable.sty)
(/usr/share/texmf-dist/tex/latex/tools/array.sty)
(/usr/share/texmf-dist/tex/latex/enumitem/enumitem.sty)
(/usr/share/texmf-dist/tex/latex/titlesec/titlesec.sty)
(/usr/share/texmf-dist/tex/latex/fancyhdr/fancyhdr.sty)
(/usr/share/texmf-dist/tex/latex/hyperref/hyperref.sty
(/usr/share/texmf-dist/tex/latex/kvsetkeys/kvsetkeys.sty)
(/usr/share/texmf-dist/tex/generic/kvdefinekeys/kvdefinekeys.sty)
(/usr/share/texmf-dist/tex/generic/pdfescape/pdfescape.sty
(/usr/share/texmf-dist/tex/generic/ltxcmds/ltxcmds.sty)
(/usr/share/texmf-dist/tex/generic/pdftexcmds/pdftexcmds.sty
(/usr/share/texmf-dist/tex/generic/infwarerr/infwarerr.sty)))
(/usr/share/texmf-dist/tex/latex/hycolor/hycolor.sty)
(/usr/share/texmf-dist/tex/latex/hyperref/nameref.sty
(/usr/share/texmf-dist/tex/latex/refcount/refcount.sty)
(/usr/share/texmf-dist/tex/generic/gettitlestring/gettitlestring.sty
(/usr/share/texmf-dist/tex/latex/kvoptions/kvoptions.sty)))
(/usr/share/texmf-dist/tex/latex/etoolbox/etoolbox.sty)
(/usr/share/texmf-dist/tex/generic/stringenc/stringenc.sty)
(/usr/share/texmf-dist/tex/latex/hyperref/pd1enc.def)
(/usr/share/texmf-dist/tex/generic/intcalc/intcalc.sty)
(/usr/share/texmf-dist/tex/latex/hyperref/puenc.def)
(/usr/share/texmf-dist/tex/latex/url/url.sty)
(/usr/share/texmf-dist/tex/generic/bitset/bitset.sty
(/usr/share/texmf-dist/tex/generic/bigintcalc/bigintcalc.sty)))
(/usr/share/texmf-dist/tex/latex/hyperref/hxetex.def
(/usr/share/texmf-dist/tex/latex/rerunfilecheck/rerunfilecheck.sty
(/usr/share/texmf-dist/tex/generic/uniquecounter/uniquecounter.sty)))
(/home/xola/GitHub/Solial Registry/results/documents/participation_request_en.a
ux)
*geometry* driver: auto-detecting
*geometry* detected driver: xetex

(/home/xola/GitHub/Solial Registry/results/documents/participation_request_en.o
ut)
(/home/xola/GitHub/Solial Registry/results/documents/participation_request_en.o
ut)
Underfull \hbox (badness 5431) in paragraph at lines 51--52
\TU/LiberationSerif(0)/m/n/14.05249 assessment calculations, data quality, reco
rding calculation versions and

Underfull \hbox (badness 1983) in paragraph at lines 59--60
[]\TU/LiberationSerif(0)/m/n/14.05249 Consider including me in the working grou
p on verification of the

Underfull \hbox (badness 1314) in paragraph at lines 60--61
\TU/LiberationSerif(0)/m/n/14.05249 boundaries, exceptions, rounding and qualit
y rules. Where lawfully
[1]
Underfull \hbox (badness 1924) in paragraph at lines 63--64
\TU/LiberationSerif(0)/m/n/14.05249 methodology into a reproducible rule descri
ption, preparing boundary and

Underfull \hbox (badness 2020) in paragraph at lines 65--66
[]\TU/LiberationSerif(0)/m/n/14.05249 The principal verification annex may be c
onsidered separately from

Underfull \hbox (badness 1152) in paragraph at lines 65--66
\TU/LiberationSerif(0)/m/n/14.05249 the optional category-equality and land-for
mula amendments set out in the

Underfull \hbox (badness 7186) in paragraph at lines 67--68
[]\TU/LiberationSerif(0)/m/n/14.05249 Materials 1–2 separate necessary normativ
e content from internal

Underfull \hbox (badness 2418) in paragraph at lines 67--68
\TU/LiberationSerif(0)/m/n/14.05249 verification. Please prioritize considerati
on of Material 1's five compact

Underfull \hbox (badness 2547) in paragraph at lines 67--68
\TU/LiberationSerif(0)/m/n/14.05249 alternative paragraphs in the principal PF-
193 draft, or equivalent norms
[2]
Underfull \hbox (badness 1205) in paragraph at lines 75--76
\TU/LiberationSerif(0)/m/n/14.05249 calculation tools are proposed for use in a
n environment controlled by an

Underfull \hbox (badness 1533) in paragraph at lines 77--78
[]\TU/LiberationSerif(0)/m/n/14.05249 I consent to drafting participation under
 Article 22. The requested

Underfull \hbox (badness 10000) in paragraph at lines 81--82
[]\TU/LiberationSerif(0)/m/n/14.05249 Material 1
[3]
Underfull \hbox (badness 2671) in paragraph at lines 82--83
[]\TU/LiberationSerif(0)/m/n/14.05249 Material 2 — “Explanatory note”: legal ma
ndate, clause-by-clause

Underfull \hbox (badness 1895) in paragraph at lines 82--83
\TU/LiberationSerif(0)/m/n/14.05249 table, responsibilities, resource account a
nd consequences. Primary

Underfull \hbox (badness 4353) in paragraph at lines 87--88
\TU/LiberationSerif(0)/m/n/14.05249 income formulas, a separate arithmetic veri
fication and automated tests.
[4]
(/home/xola/GitHub/Solial Registry/results/documents/participation_request_en.a
ux) )
(see the transcript file for additional information)
Output written on /home/xola/GitHub/Solial Registry/results/documents/participa
tion_request_en.pdf (4 pages).
Transcript written on /home/xola/GitHub/Solial Registry/results/documents/parti
cipation_request_en.log.
