This is XeTeX, Version 3.141592653-2.6-0.999998 (TeX Live 2026/Arch Linux) (preloaded format=xelatex)
 restricted \write18 enabled.
entering extended mode
(./participation_request_uz.tex
LaTeX2e <2025-11-01>
L3 programming layer <2026-01-19>
(/usr/share/texmf-dist/tex/latex/extsizes/extarticle.cls
Document Class: extarticle 1996/10/08 v1.0 Non Standard LaTeX document class
(/usr/share/texmf-dist/tex/latex/extsizes/size14.clo)
(/usr/share/texmf-dist/tex/latex/base/exscale.sty))
(/usr/share/texmf-dist/tex/latex/geometry/geometry.sty
(/usr/share/texmf-dist/tex/latex/graphics/keyval.sty)
(/usr/share/texmf-dist/tex/generic/iftex/ifvtex.sty
(/usr/share/texmf-dist/tex/generic/iftex/iftex.sty)))
(/usr/share/texmf-dist/tex/latex/fontspec/fontspec.sty
(/usr/share/texmf-dist/tex/latex/l3packages/xparse/xparse.sty
(/usr/share/texmf-dist/tex/latex/l3kernel/expl3.sty
(/usr/share/texmf-dist/tex/latex/l3backend/l3backend-xetex.def)))
(/usr/share/texmf-dist/tex/latex/fontspec/fontspec-xetex.sty
(/usr/share/texmf-dist/tex/latex/base/fontenc.sty)
(/usr/share/texmf-dist/tex/latex/fontspec/fontspec.cfg)))
(/usr/share/texmf-dist/tex/latex/unicode-math/unicode-math.sty
(/usr/share/texmf-dist/tex/latex/unicode-math/unicode-math-xetex.sty
(/usr/share/texmf-dist/tex/latex/l3packages/l3keys2e/l3keys2e.sty)
(/usr/share/texmf-dist/tex/latex/base/fix-cm.sty
(/usr/share/texmf-dist/tex/latex/base/ts1enc.def))
(/usr/share/texmf-dist/tex/latex/amsmath/amsmath.sty
For additional information on amsmath, use the `?' option.
(/usr/share/texmf-dist/tex/latex/amsmath/amstext.sty
(/usr/share/texmf-dist/tex/latex/amsmath/amsgen.sty))
(/usr/share/texmf-dist/tex/latex/amsmath/amsbsy.sty)
(/usr/share/texmf-dist/tex/latex/amsmath/amsopn.sty))
(/usr/share/texmf-dist/tex/latex/unicode-math/unicode-math-table.tex)))
(/usr/share/texmf-dist/tex/latex/graphics/graphicx.sty
(/usr/share/texmf-dist/tex/latex/graphics/graphics.sty
(/usr/share/texmf-dist/tex/latex/graphics/trig.sty)
(/usr/share/texmf-dist/tex/latex/graphics-cfg/graphics.cfg)
(/usr/share/texmf-dist/tex/latex/graphics-def/xetex.def)))
(/usr/share/texmf-dist/tex/latex/booktabs/booktabs.sty)
(/usr/share/texmf-dist/tex/latex/tools/longtable.sty)
(/usr/share/texmf-dist/tex/latex/tools/array.sty)
(/usr/share/texmf-dist/tex/latex/enumitem/enumitem.sty)
(/usr/share/texmf-dist/tex/latex/titlesec/titlesec.sty)
(/usr/share/texmf-dist/tex/latex/fancyhdr/fancyhdr.sty)
(/usr/share/texmf-dist/tex/latex/hyperref/hyperref.sty
(/usr/share/texmf-dist/tex/latex/kvsetkeys/kvsetkeys.sty)
(/usr/share/texmf-dist/tex/generic/kvdefinekeys/kvdefinekeys.sty)
(/usr/share/texmf-dist/tex/generic/pdfescape/pdfescape.sty
(/usr/share/texmf-dist/tex/generic/ltxcmds/ltxcmds.sty)
(/usr/share/texmf-dist/tex/generic/pdftexcmds/pdftexcmds.sty
(/usr/share/texmf-dist/tex/generic/infwarerr/infwarerr.sty)))
(/usr/share/texmf-dist/tex/latex/hycolor/hycolor.sty)
(/usr/share/texmf-dist/tex/latex/hyperref/nameref.sty
(/usr/share/texmf-dist/tex/latex/refcount/refcount.sty)
(/usr/share/texmf-dist/tex/generic/gettitlestring/gettitlestring.sty
(/usr/share/texmf-dist/tex/latex/kvoptions/kvoptions.sty)))
(/usr/share/texmf-dist/tex/latex/etoolbox/etoolbox.sty)
(/usr/share/texmf-dist/tex/generic/stringenc/stringenc.sty)
(/usr/share/texmf-dist/tex/latex/hyperref/pd1enc.def)
(/usr/share/texmf-dist/tex/generic/intcalc/intcalc.sty)
(/usr/share/texmf-dist/tex/latex/hyperref/puenc.def)
(/usr/share/texmf-dist/tex/latex/url/url.sty)
(/usr/share/texmf-dist/tex/generic/bitset/bitset.sty
(/usr/share/texmf-dist/tex/generic/bigintcalc/bigintcalc.sty)))
(/usr/share/texmf-dist/tex/latex/hyperref/hxetex.def
(/usr/share/texmf-dist/tex/latex/rerunfilecheck/rerunfilecheck.sty
(/usr/share/texmf-dist/tex/generic/uniquecounter/uniquecounter.sty)))
(/home/xola/GitHub/Solial Registry/results/documents/participation_request_uz.a
ux)
*geometry* driver: auto-detecting
*geometry* detected driver: xetex

(/home/xola/GitHub/Solial Registry/results/documents/participation_request_uz.o
ut)
(/home/xola/GitHub/Solial Registry/results/documents/participation_request_uz.o
ut)
Underfull \hbox (badness 1281) in paragraph at lines 40--41
[]\TU/LiberationSerif(0)/b/n/14.05249 Yuborilmagan murojaat loyihasi. \TU/Liber
ationSerif(0)/m/n/14.05249 2026-yil 1-oktabrda tahrirlangan.

Underfull \hbox (badness 4739) in paragraph at lines 53--54
\TU/LiberationSerif(0)/m/n/14.05249 Farmoni 13–14-bandlariga muvofiq ishlab chi
qilayotgan normativ-huquqiy

Underfull \hbox (badness 10000) in paragraph at lines 55--56
[]\TU/LiberationSerif(0)/m/n/14.05249 Mazmuniy qism “Jismoniy va yuridik shaxsl
arning murojaatlari

Underfull \hbox (badness 10000) in paragraph at lines 57--58
[]\TU/LiberationSerif(0)/m/n/14.05249 “Normativ-huquqiy hujjatlar to‘g‘risida”g
i Qonunning 20, 22 va

Underfull \hbox (badness 2635) in paragraph at lines 60--61
[]\TU/LiberationSerif(0)/m/n/14.05249 Taklif etilgan normalarni PF-193-son Farm
onning 14-bandi bo‘yicha

Underfull \hbox (badness 3158) in paragraph at lines 63--64
[]\TU/LiberationSerif(0)/m/n/14.05249 Joriy loyiha va sanali spetsifikatsiyani 
tasdiqlovchi akt yoki loyiha

Underfull \hbox (badness 2922) in paragraph at lines 63--64
\TU/LiberationSerif(0)/m/n/14.05249 maqomi, birlik, davr, chegara, istisno, yax
litlash va sifat qoidalari

Underfull \hbox (badness 1515) in paragraph at lines 63--64
\TU/LiberationSerif(0)/m/n/14.05249 so‘rayman. Qoplanmagan vazifa uchun mas’ul,
 shartnoma qamrovi,
[1]
Underfull \hbox (badness 1248) in paragraph at lines 64--65
\TU/LiberationSerif(0)/m/n/14.05249 so‘ralayotgan javob shaklidir; 24-modda bo‘
yicha portal muhokamasi

Underfull \hbox (badness 1603) in paragraph at lines 66--67
\TU/LiberationSerif(0)/m/n/14.05249 22-modda doirasida taklif etayotgan hissam 
tasdiqlangan uslubiyotni takror

Underfull \hbox (badness 5563) in paragraph at lines 66--67
\TU/LiberationSerif(0)/m/n/14.05249 tasdiqlash vakolatini so‘ramayman. Ishchi g
uruhga kiritish tanlanmasa,

Underfull \hbox (badness 2644) in paragraph at lines 66--67
\TU/LiberationSerif(0)/m/n/14.05249 22-modda doirasida ilovadagi ilmiy-texnik t
avsiyalarni loyiha tayyorlashda

Underfull \hbox (badness 3260) in paragraph at lines 68--69
\TU/LiberationSerif(0)/m/n/14.05249 mumkin. Bu variantlar vakolatli huquqiy o‘z
gartirish hamda oqibatlarni
[2]
Underfull \hbox (badness 4072) in paragraph at lines 72--73
\TU/LiberationSerif(0)/m/n/14.05249 ro‘yxat raqamini ma’lum qilishni so‘rayman.
 Ushbu modda ro‘yxatdan

Underfull \hbox (badness 1331) in paragraph at lines 72--73
\TU/LiberationSerif(0)/m/n/14.05249 tashqari qabul qilish va ko‘rib chiqishni t
alab qiladi. Masala oluvchining

Underfull \hbox (badness 1616) in paragraph at lines 72--73
\TU/LiberationSerif(0)/m/n/14.05249 vakolatiga kirmasa, murojaatlar to‘g‘risida
gi qonunga muvofiq besh kunlik

Underfull \hbox (badness 4193) in paragraph at lines 74--75
\TU/LiberationSerif(0)/m/n/14.05249 yozma xabar berilishi belgilangan. Shaxsiy 
ishtirok va kirish haqidagi

Underfull \hbox (badness 2662) in paragraph at lines 76--77
\TU/LiberationSerif(0)/m/n/14.05249 talab qiladi. Ishchi guruh ishtiroki tanlan
masa ham ilovadagi natijalarni

Underfull \hbox (badness 1320) in paragraph at lines 76--77
\TU/LiberationSerif(0)/m/n/14.05249 modda bo‘yicha loyiha matni bilan oldindan 
tanishtirishni so‘rayman. Bu

Underfull \hbox (badness 10000) in paragraph at lines 78--79
[]\TU/LiberationSerif(0)/m/n/14.05249 Haqiqiy oilalarning shaxsga
[3]
Underfull \hbox (badness 10000) in paragraph at lines 84--85
[]\TU/LiberationSerif(0)/m/n/14.05249 1-material

Underfull \hbox (badness 3590) in paragraph at lines 85--86
\TU/LiberationSerif(0)/m/n/14.05249 bo‘yicha ijro asosi, hisoblangan natijalar,
 tanlangan qiyosiy jadval,

Underfull \hbox (badness 3333) in paragraph at lines 88--89
\TU/LiberationSerif(0)/m/n/14.05249 Mazmun va hisoblash xulosalarini repozitori
yga kirmasdan ko‘rib chiqish

Underfull \hbox (badness 3815) in paragraph at lines 92--93
\TU/LiberationSerif(0)/m/n/14.05249 kutilgan javoblar, misollar tarkibining mus
taqil tekshiruvi va ko‘rsatilgan

Underfull \hbox (badness 4621) in paragraph at lines 92--93
\TU/LiberationSerif(0)/m/n/14.05249 ishni tasdiqlaydi; ilmiy daraja yoki tashki
lot vakilligi da’vo qilinmaydi.
[4]
(/home/xola/GitHub/Solial Registry/results/documents/participation_request_uz.a
ux) )
(see the transcript file for additional information)
Output written on /home/xola/GitHub/Solial Registry/results/documents/participa
tion_request_uz.pdf (4 pages).
Transcript written on /home/xola/GitHub/Solial Registry/results/documents/parti
cipation_request_uz.log.
