This is XeTeX, Version 3.141592653-2.6-0.999998 (TeX Live 2026/Arch Linux) (preloaded format=xelatex)
 restricted \write18 enabled.
entering extended mode
(./research_paper_uz.tex
LaTeX2e <2025-11-01>
L3 programming layer <2026-01-19>
(/usr/share/texmf-dist/tex/latex/extsizes/extarticle.cls
Document Class: extarticle 1996/10/08 v1.0 Non Standard LaTeX document class
(/usr/share/texmf-dist/tex/latex/base/size12.clo)
(/usr/share/texmf-dist/tex/latex/base/exscale.sty))
(/usr/share/texmf-dist/tex/latex/geometry/geometry.sty
(/usr/share/texmf-dist/tex/latex/graphics/keyval.sty)
(/usr/share/texmf-dist/tex/generic/iftex/ifvtex.sty
(/usr/share/texmf-dist/tex/generic/iftex/iftex.sty)))
(/usr/share/texmf-dist/tex/latex/fontspec/fontspec.sty
(/usr/share/texmf-dist/tex/latex/l3packages/xparse/xparse.sty
(/usr/share/texmf-dist/tex/latex/l3kernel/expl3.sty
(/usr/share/texmf-dist/tex/latex/l3backend/l3backend-xetex.def)))
(/usr/share/texmf-dist/tex/latex/fontspec/fontspec-xetex.sty
(/usr/share/texmf-dist/tex/latex/base/fontenc.sty)
(/usr/share/texmf-dist/tex/latex/fontspec/fontspec.cfg)))
(/usr/share/texmf-dist/tex/latex/unicode-math/unicode-math.sty
(/usr/share/texmf-dist/tex/latex/unicode-math/unicode-math-xetex.sty
(/usr/share/texmf-dist/tex/latex/l3packages/l3keys2e/l3keys2e.sty)
(/usr/share/texmf-dist/tex/latex/base/fix-cm.sty
(/usr/share/texmf-dist/tex/latex/base/ts1enc.def))
(/usr/share/texmf-dist/tex/latex/amsmath/amsmath.sty
For additional information on amsmath, use the `?' option.
(/usr/share/texmf-dist/tex/latex/amsmath/amstext.sty
(/usr/share/texmf-dist/tex/latex/amsmath/amsgen.sty))
(/usr/share/texmf-dist/tex/latex/amsmath/amsbsy.sty)
(/usr/share/texmf-dist/tex/latex/amsmath/amsopn.sty))
(/usr/share/texmf-dist/tex/latex/unicode-math/unicode-math-table.tex)))
(/usr/share/texmf-dist/tex/latex/graphics/graphicx.sty
(/usr/share/texmf-dist/tex/latex/graphics/graphics.sty
(/usr/share/texmf-dist/tex/latex/graphics/trig.sty)
(/usr/share/texmf-dist/tex/latex/graphics-cfg/graphics.cfg)
(/usr/share/texmf-dist/tex/latex/graphics-def/xetex.def)))
(/usr/share/texmf-dist/tex/latex/booktabs/booktabs.sty)
(/usr/share/texmf-dist/tex/latex/tools/longtable.sty)
(/usr/share/texmf-dist/tex/latex/tools/array.sty)
(/usr/share/texmf-dist/tex/latex/enumitem/enumitem.sty)
(/usr/share/texmf-dist/tex/latex/pgfplots/pgfplots.sty
(/usr/share/texmf-dist/tex/generic/pgfplots/pgfplots.revision.tex)
(/usr/share/texmf-dist/tex/latex/pgf/frontendlayer/tikz.sty
(/usr/share/texmf-dist/tex/latex/pgf/basiclayer/pgf.sty
(/usr/share/texmf-dist/tex/latex/pgf/utilities/pgfrcs.sty
(/usr/share/texmf-dist/tex/generic/pgf/utilities/pgfutil-common.tex)
(/usr/share/texmf-dist/tex/generic/pgf/utilities/pgfutil-latex.def)
(/usr/share/texmf-dist/tex/generic/pgf/utilities/pgfrcs.code.tex
(/usr/share/texmf-dist/tex/generic/pgf/pgf.revision.tex)))
(/usr/share/texmf-dist/tex/latex/pgf/basiclayer/pgfcore.sty
(/usr/share/texmf-dist/tex/latex/pgf/systemlayer/pgfsys.sty
(/usr/share/texmf-dist/tex/generic/pgf/systemlayer/pgfsys.code.tex
(/usr/share/texmf-dist/tex/generic/pgf/utilities/pgfkeys.code.tex
(/usr/share/texmf-dist/tex/generic/pgf/utilities/pgfkeyslibraryfiltered.code.te
x)) (/usr/share/texmf-dist/tex/generic/pgf/systemlayer/pgf.cfg)
(/usr/share/texmf-dist/tex/generic/pgf/systemlayer/pgfsys-xetex.def
(/usr/share/texmf-dist/tex/generic/pgf/systemlayer/pgfsys-dvipdfmx.def
(/usr/share/texmf-dist/tex/generic/pgf/systemlayer/pgfsys-common-pdf.def))))
(/usr/share/texmf-dist/tex/generic/pgf/systemlayer/pgfsyssoftpath.code.tex)
(/usr/share/texmf-dist/tex/generic/pgf/systemlayer/pgfsysprotocol.code.tex))
(/usr/share/texmf-dist/tex/latex/xcolor/xcolor.sty
(/usr/share/texmf-dist/tex/latex/graphics-cfg/color.cfg)
(/usr/share/texmf-dist/tex/latex/graphics/mathcolor.ltx))
(/usr/share/texmf-dist/tex/generic/pgf/basiclayer/pgfcore.code.tex
(/usr/share/texmf-dist/tex/generic/pgf/math/pgfmath.code.tex
(/usr/share/texmf-dist/tex/generic/pgf/math/pgfmathutil.code.tex)
(/usr/share/texmf-dist/tex/generic/pgf/math/pgfmathparser.code.tex)
(/usr/share/texmf-dist/tex/generic/pgf/math/pgfmathfunctions.code.tex)
(/usr/share/texmf-dist/tex/generic/pgf/math/pgfmathfunctions.basic.code.tex)
(/usr/share/texmf-dist/tex/generic/pgf/math/pgfmathfunctions.trigonometric.code
.tex)
(/usr/share/texmf-dist/tex/generic/pgf/math/pgfmathfunctions.random.code.tex)
(/usr/share/texmf-dist/tex/generic/pgf/math/pgfmathfunctions.comparison.code.te
x) (/usr/share/texmf-dist/tex/generic/pgf/math/pgfmathfunctions.base.code.tex)
(/usr/share/texmf-dist/tex/generic/pgf/math/pgfmathfunctions.round.code.tex)
(/usr/share/texmf-dist/tex/generic/pgf/math/pgfmathfunctions.misc.code.tex)
(/usr/share/texmf-dist/tex/generic/pgf/math/pgfmathfunctions.integerarithmetics
.code.tex) (/usr/share/texmf-dist/tex/generic/pgf/math/pgfmathcalc.code.tex)
(/usr/share/texmf-dist/tex/generic/pgf/math/pgfmathfloat.code.tex))
(/usr/share/texmf-dist/tex/generic/pgf/math/pgfint.code.tex)
(/usr/share/texmf-dist/tex/generic/pgf/basiclayer/pgfcorepoints.code.tex)
(/usr/share/texmf-dist/tex/generic/pgf/basiclayer/pgfcorepathconstruct.code.tex
) (/usr/share/texmf-dist/tex/generic/pgf/basiclayer/pgfcorepathusage.code.tex)
(/usr/share/texmf-dist/tex/generic/pgf/basiclayer/pgfcorescopes.code.tex)
(/usr/share/texmf-dist/tex/generic/pgf/basiclayer/pgfcoregraphicstate.code.tex)

(/usr/share/texmf-dist/tex/generic/pgf/basiclayer/pgfcoretransformations.code.t
ex) (/usr/share/texmf-dist/tex/generic/pgf/basiclayer/pgfcorequick.code.tex)
(/usr/share/texmf-dist/tex/generic/pgf/basiclayer/pgfcoreobjects.code.tex)
(/usr/share/texmf-dist/tex/generic/pgf/basiclayer/pgfcorepathprocessing.code.te
x) (/usr/share/texmf-dist/tex/generic/pgf/basiclayer/pgfcorearrows.code.tex)
(/usr/share/texmf-dist/tex/generic/pgf/basiclayer/pgfcoreshade.code.tex)
(/usr/share/texmf-dist/tex/generic/pgf/basiclayer/pgfcoreimage.code.tex)
(/usr/share/texmf-dist/tex/generic/pgf/basiclayer/pgfcoreexternal.code.tex)
(/usr/share/texmf-dist/tex/generic/pgf/basiclayer/pgfcorelayers.code.tex)
(/usr/share/texmf-dist/tex/generic/pgf/basiclayer/pgfcoretransparency.code.tex)
 (/usr/share/texmf-dist/tex/generic/pgf/basiclayer/pgfcorepatterns.code.tex)
(/usr/share/texmf-dist/tex/generic/pgf/basiclayer/pgfcorerdf.code.tex)))
(/usr/share/texmf-dist/tex/generic/pgf/modules/pgfmoduleshapes.code.tex)
(/usr/share/texmf-dist/tex/generic/pgf/modules/pgfmoduleplot.code.tex)
(/usr/share/texmf-dist/tex/latex/pgf/compatibility/pgfcomp-version-0-65.sty)
(/usr/share/texmf-dist/tex/latex/pgf/compatibility/pgfcomp-version-1-18.sty))
(/usr/share/texmf-dist/tex/latex/pgf/utilities/pgffor.sty
(/usr/share/texmf-dist/tex/latex/pgf/utilities/pgfkeys.sty
(/usr/share/texmf-dist/tex/generic/pgf/utilities/pgfkeys.code.tex))
(/usr/share/texmf-dist/tex/latex/pgf/math/pgfmath.sty
(/usr/share/texmf-dist/tex/generic/pgf/math/pgfmath.code.tex))
(/usr/share/texmf-dist/tex/generic/pgf/utilities/pgffor.code.tex))
(/usr/share/texmf-dist/tex/generic/pgf/frontendlayer/tikz/tikz.code.tex
(/usr/share/texmf-dist/tex/generic/pgf/libraries/pgflibraryplothandlers.code.te
x) (/usr/share/texmf-dist/tex/generic/pgf/modules/pgfmodulematrix.code.tex)
(/usr/share/texmf-dist/tex/generic/pgf/frontendlayer/tikz/libraries/tikzlibrary
topaths.code.tex)))
(/usr/share/texmf-dist/tex/generic/pgfplots/pgfplots.code.tex
(/usr/share/texmf-dist/tex/generic/pgfplots/pgfplotscore.code.tex
(/usr/share/texmf-dist/tex/generic/pgfplots/sys/pgfplotssysgeneric.code.tex))
(/usr/share/texmf-dist/tex/generic/pgfplots/libs/pgfplotslibrary.code.tex)
(/usr/share/texmf-dist/tex/generic/pgfplots/oldpgfcompatib/pgfplotsoldpgfsupp_l
oader.code.tex
(/usr/share/texmf-dist/tex/generic/pgf/libraries/pgflibraryfpu.code.tex)
(/usr/share/texmf-dist/tex/generic/pgfplots/oldpgfcompatib/pgfplotsoldpgfsupp_p
gfutil-common-lists.tex))
(/usr/share/texmf-dist/tex/generic/pgfplots/util/pgfplotsutil.code.tex
(/usr/share/texmf-dist/tex/generic/pgfplots/liststructure/pgfplotsliststructure
.code.tex)
(/usr/share/texmf-dist/tex/generic/pgfplots/liststructure/pgfplotsliststructure
ext.code.tex)
(/usr/share/texmf-dist/tex/generic/pgfplots/liststructure/pgfplotsarray.code.te
x)
(/usr/share/texmf-dist/tex/generic/pgfplots/liststructure/pgfplotsmatrix.code.t
ex)
(/usr/share/texmf-dist/tex/generic/pgfplots/numtable/pgfplotstableshared.code.t
ex)
(/usr/share/texmf-dist/tex/generic/pgfplots/liststructure/pgfplotsdeque.code.te
x) (/usr/share/texmf-dist/tex/generic/pgfplots/util/pgfplotsbinary.code.tex
(/usr/share/texmf-dist/tex/generic/pgfplots/util/pgfplotsbinary.data.code.tex))
(/usr/share/texmf-dist/tex/generic/pgfplots/util/pgfplotsutil.verb.code.tex)
(/usr/share/texmf-dist/tex/generic/pgfplots/libs/pgflibrarypgfplots.surfshading
.code.tex
(/usr/share/texmf-dist/tex/generic/pgfplots/sys/pgflibrarypgfplots.surfshading.
pgfsys-xetex.def
(/usr/share/texmf-dist/tex/generic/pgfplots/sys/pgflibrarypgfplots.surfshading.
pgfsys-dvipdfmx.def))))
(/usr/share/texmf-dist/tex/generic/pgfplots/util/pgfplotscolormap.code.tex
(/usr/share/texmf-dist/tex/generic/pgfplots/util/pgfplotscolor.code.tex))
(/usr/share/texmf-dist/tex/generic/pgfplots/pgfplotsstackedplots.code.tex)
(/usr/share/texmf-dist/tex/generic/pgfplots/pgfplotsplothandlers.code.tex
(/usr/share/texmf-dist/tex/generic/pgfplots/pgfplotsmeshplothandler.code.tex
(/usr/share/texmf-dist/tex/generic/pgfplots/pgfplotsmeshplotimage.code.tex)))
(/usr/share/texmf-dist/tex/generic/pgfplots/pgfplots.scaling.code.tex)
(/usr/share/texmf-dist/tex/generic/pgfplots/pgfplotscoordprocessing.code.tex)
(/usr/share/texmf-dist/tex/generic/pgfplots/pgfplots.errorbars.code.tex)
(/usr/share/texmf-dist/tex/generic/pgfplots/pgfplots.markers.code.tex)
(/usr/share/texmf-dist/tex/generic/pgfplots/pgfplotsticks.code.tex)
(/usr/share/texmf-dist/tex/generic/pgfplots/pgfplots.paths.code.tex)
(/usr/share/texmf-dist/tex/generic/pgf/frontendlayer/tikz/libraries/tikzlibrary
decorations.code.tex
(/usr/share/texmf-dist/tex/generic/pgf/modules/pgfmoduledecorations.code.tex))
(/usr/share/texmf-dist/tex/generic/pgf/frontendlayer/tikz/libraries/tikzlibrary
decorations.pathmorphing.code.tex
(/usr/share/texmf-dist/tex/generic/pgf/libraries/decorations/pgflibrarydecorati
ons.pathmorphing.code.tex))
(/usr/share/texmf-dist/tex/generic/pgf/frontendlayer/tikz/libraries/tikzlibrary
decorations.pathreplacing.code.tex
(/usr/share/texmf-dist/tex/generic/pgf/libraries/decorations/pgflibrarydecorati
ons.pathreplacing.code.tex))
(/usr/share/texmf-dist/tex/generic/pgfplots/libs/tikzlibrarypgfplots.contourlua
.code.tex))
(/usr/share/texmf-dist/tex/generic/pgf/frontendlayer/tikz/libraries/tikzlibrary
plotmarks.code.tex
(/usr/share/texmf-dist/tex/generic/pgf/libraries/pgflibraryplotmarks.code.tex))
)
(/usr/share/texmf-dist/tex/generic/pgfplots/libs/tikzlibrarypgfplots.groupplots
.code.tex
(/usr/share/texmf-dist/tex/generic/pgf/frontendlayer/tikz/libraries/tikzlibrary
calc.code.tex)) (/usr/share/texmf-dist/tex/latex/titlesec/titlesec.sty)
(/usr/share/texmf-dist/tex/latex/fancyhdr/fancyhdr.sty)
(/usr/share/texmf-dist/tex/latex/hyperref/hyperref.sty
(/usr/share/texmf-dist/tex/latex/kvsetkeys/kvsetkeys.sty)
(/usr/share/texmf-dist/tex/generic/kvdefinekeys/kvdefinekeys.sty)
(/usr/share/texmf-dist/tex/generic/pdfescape/pdfescape.sty
(/usr/share/texmf-dist/tex/generic/ltxcmds/ltxcmds.sty)
(/usr/share/texmf-dist/tex/generic/pdftexcmds/pdftexcmds.sty
(/usr/share/texmf-dist/tex/generic/infwarerr/infwarerr.sty)))
(/usr/share/texmf-dist/tex/latex/hycolor/hycolor.sty)
(/usr/share/texmf-dist/tex/latex/hyperref/nameref.sty
(/usr/share/texmf-dist/tex/latex/refcount/refcount.sty)
(/usr/share/texmf-dist/tex/generic/gettitlestring/gettitlestring.sty
(/usr/share/texmf-dist/tex/latex/kvoptions/kvoptions.sty)))
(/usr/share/texmf-dist/tex/latex/etoolbox/etoolbox.sty)
(/usr/share/texmf-dist/tex/generic/stringenc/stringenc.sty)
(/usr/share/texmf-dist/tex/latex/hyperref/pd1enc.def)
(/usr/share/texmf-dist/tex/generic/intcalc/intcalc.sty)
(/usr/share/texmf-dist/tex/latex/hyperref/puenc.def)
(/usr/share/texmf-dist/tex/latex/url/url.sty)
(/usr/share/texmf-dist/tex/generic/bitset/bitset.sty
(/usr/share/texmf-dist/tex/generic/bigintcalc/bigintcalc.sty)))
(/usr/share/texmf-dist/tex/latex/hyperref/hxetex.def
(/usr/share/texmf-dist/tex/latex/rerunfilecheck/rerunfilecheck.sty
(/usr/share/texmf-dist/tex/generic/uniquecounter/uniquecounter.sty)))
(/home/xola/GitHub/Solial Registry/results/documents/research_paper_uz.aux)
*geometry* driver: auto-detecting
*geometry* detected driver: xetex
Package pgfplots notification 'compat/show suggested version=true': you might b
enefit from \pgfplotsset{compat=1.18} (current compat level: 1.17).

(/home/xola/GitHub/Solial Registry/results/documents/research_paper_uz.out)
(/home/xola/GitHub/Solial Registry/results/documents/research_paper_uz.out)
Underfull \hbox (badness 1303) in paragraph at lines 50--51
[]\TU/LiberationSerif(0)/m/n/12 2026-yil 29-yanvardagi 35-son qaror reyestr, da
romad hisoblash, qayta baholash,
[1] [2] [3] [4] [5]
Underfull \hbox (badness 10000) in paragraph at lines 160--160
[]|\TU/LiberationSerif(0)/m/n/11.04124 Butun qiymatli
[6]
Underfull \hbox (badness 1087) in paragraph at lines 202--202
[]|\TU/LiberationSerif(0)/m/n/11.04124 Oylik ulush pasayishi

Underfull \hbox (badness 1460) in paragraph at lines 202--203
[]|\TU/LiberationSerif(0)/m/n/11.04124 4 a’zoda jon boshiga

Underfull \hbox (badness 10000) in paragraph at lines 205--205
[]|\TU/LiberationSerif(0)/m/n/11.04124 Ro‘yxatdagi mam-

Underfull \hbox (badness 10000) in paragraph at lines 207--207
[]|\TU/LiberationSerif(0)/m/n/11.04124 Ro‘yxatdagi mam-
[7]
Underfull \hbox (badness 6252) in paragraph at lines 249--249
[]|\TU/LiberationSerif(0)/m/n/11.04124 Nukus / viloyat
[8]
Underfull \hbox (badness 5359) in paragraph at lines 274--274
[]|\TU/LiberationSerif(0)/m/n/11.04124 Audit topilmasi yoki

Underfull \hbox (badness 10000) in paragraph at lines 274--274
[]|\TU/LiberationSerif(0)/m/n/11.04124 Muvofiqlashtiriladigan

Underfull \hbox (badness 1735) in paragraph at lines 277--277
[]|\TU/LiberationSerif(0)/m/n/11.04124 PF-258 3-band va 1-

Underfull \hbox (badness 1292) in paragraph at lines 277--277
\TU/LiberationSerif(0)/m/n/11.04124 qaror 32–35, 39, 42-

Underfull \hbox (badness 10000) in paragraph at lines 277--278
[]|\TU/LiberationSerif(0)/m/n/11.04124 Ixtiyoriy toifa tuza-

Underfull \hbox (badness 10000) in paragraph at lines 278--279
[]|\TU/LiberationSerif(0)/m/n/11.04124 Ixtiyoriy formula

Underfull \hbox (badness 10000) in paragraph at lines 278--279
\TU/LiberationSerif(0)/m/n/11.04124 tuzatishi; zarur ge-

Underfull \hbox (badness 10000) in paragraph at lines 279--279
[]|\TU/LiberationSerif(0)/m/n/11.04124 Tayanch davr va

Underfull \hbox (badness 10000) in paragraph at lines 279--279
[]|\TU/LiberationSerif(0)/m/n/11.04124 35-son qaror 18–19,

Underfull \hbox (badness 3536) in paragraph at lines 279--280
[]|\TU/LiberationSerif(0)/m/n/11.04124 Aniq birlik, davr va

Underfull \hbox (badness 10000) in paragraph at lines 280--281
[]|\TU/LiberationSerif(0)/m/n/11.04124 Kuzatiladigan vaqt-

Underfull \hbox (badness 10000) in paragraph at lines 280--281
\TU/LiberationSerif(0)/m/n/11.04124 inchalik versiya va

Underfull \hbox (badness 4673) in paragraph at lines 281--281
[]|\TU/LiberationSerif(0)/m/n/11.04124 Reyestr, qayta baho-

Underfull \hbox (badness 10000) in paragraph at lines 281--282
[]|\TU/LiberationSerif(0)/m/n/11.04124 Oldindan belgilangan

Underfull \hbox (badness 10000) in paragraph at lines 281--282
\TU/LiberationSerif(0)/m/n/11.04124 tekshiruv, alohida

Underfull \hbox (badness 10000) in paragraph at lines 282--282
[]|\TU/LiberationSerif(0)/m/n/11.04124 Asoslar, tuzatish va

Underfull \hbox (badness 10000) in paragraph at lines 282--282
[]|\TU/LiberationSerif(0)/m/n/11.04124 SMS/qayta baholash

Underfull \hbox (badness 10000) in paragraph at lines 282--283
[]|\TU/LiberationSerif(0)/m/n/11.04124 Qonuniy jarayonda

Underfull \hbox (badness 10000) in paragraph at lines 283--283
[]|\TU/LiberationSerif(0)/m/n/11.04124 Himoyalangan

Underfull \hbox (badness 10000) in paragraph at lines 283--283
\TU/LiberationSerif(0)/m/n/11.04124 tadqiqot va umum-

Underfull \hbox (badness 10000) in paragraph at lines 283--283
[]|\TU/LiberationSerif(0)/m/n/11.04124 Shaxsga doir

Underfull \hbox (badness 10000) in paragraph at lines 283--283
\TU/LiberationSerif(0)/m/n/11.04124 ma’lumotlar qonuni;

Underfull \hbox (badness 10000) in paragraph at lines 284--284
[]|\TU/LiberationSerif(0)/m/n/11.04124 Tasdiqlangan uslu-

Underfull \hbox (badness 6173) in paragraph at lines 284--284
\TU/LiberationSerif(0)/m/n/11.04124 biyot, amal sanalari,

Underfull \hbox (badness 10000) in paragraph at lines 284--284
\TU/LiberationSerif(0)/m/n/11.04124 to‘lov va saqlash

Underfull \hbox (badness 10000) in paragraph at lines 284--285
[]|\TU/LiberationSerif(0)/m/n/11.04124 Siyosat vakolatini

Underfull \hbox (badness 10000) in paragraph at lines 284--285
\TU/LiberationSerif(0)/m/n/11.04124 bermasdan yozma
 [9]
Underfull \hbox (badness 1472) in paragraph at lines 298--299
\TU/LiberationSerif(0)/m/n/12 Agentlik Vazirlik bilan tasdiqlanadigan spetsifik
atsiyani tayyorlashi, birinchi qo‘llash va

Underfull \hbox (badness 1038) in paragraph at lines 298--299
\TU/LiberationSerif(0)/m/n/12 qabulni Agentlik rahbari yoki qonuniy vakolatlang
an o‘rinbosariga yuklaydi. Bu taklif,

Underfull \hbox (badness 10000) in paragraph at lines 305--306
[]\TU/LiberationSerif(0)/m/n/12 35-son qaror 48-bandi axborot almashinuvi uzilg
anda vaqtinchalik algoritmni
[10]
Underfull \hbox (badness 10000) in paragraph at lines 320--321
[]|\TU/LiberationSerif(0)/m/n/11.04124 Agentlikdan talab etiladigan

Underfull \hbox (badness 1742) in paragraph at lines 322--322
\TU/LiberationSerif(0)/m/n/11.04124 toifa nazorati; mehnatga lay-

Underfull \hbox (badness 1874) in paragraph at lines 323--323
[]|\TU/LiberationSerif(0)/m/n/11.04124 12 chegara qatori va alohida

Underfull \hbox (badness 10000) in paragraph at lines 323--324
[]|\TU/LiberationSerif(0)/m/n/11.04124 Tegishli vaziyat, qonuniy

Underfull \hbox (badness 4193) in paragraph at lines 324--325
\TU/LiberationSerif(0)/m/n/11.04124 ometriyasi, kasrli maydonlar,

Underfull \hbox (badness 7168) in paragraph at lines 324--325
\TU/LiberationSerif(0)/m/n/11.04124 sanali mahalliy koeffitsiyent,

Underfull \hbox (badness 10000) in paragraph at lines 326--327
[]|\TU/LiberationSerif(0)/m/n/11.04124 Bitta qonuniy aniqlan-

Underfull \hbox (badness 10000) in paragraph at lines 326--327
\TU/LiberationSerif(0)/m/n/11.04124 gan qiyoslash davri,

Underfull \hbox (badness 10000) in paragraph at lines 326--327
\TU/LiberationSerif(0)/m/n/11.04124 jo‘natuvchilarni jamlash,

Underfull \hbox (badness 10000) in paragraph at lines 327--328
[]|\TU/LiberationSerif(0)/m/n/11.04124 Boshqa tur, aralash chorva,

Underfull \hbox (badness 3049) in paragraph at lines 327--328
\TU/LiberationSerif(0)/m/n/11.04124 istisno, davr va tasdiqlangan

Underfull \hbox (badness 10000) in paragraph at lines 328--328
[]|\TU/LiberationSerif(0)/m/n/11.04124 Yetti sun’iy holat; belgilab

Underfull \hbox (badness 4156) in paragraph at lines 328--328
\TU/LiberationSerif(0)/m/n/11.04124 berilgan toifalar bilan to‘rtta

Underfull \hbox (badness 10000) in paragraph at lines 328--329
[]|\TU/LiberationSerif(0)/m/n/11.04124 Rasmiy formula, kirish so-

Underfull \hbox (badness 10000) in paragraph at lines 328--329
\TU/LiberationSerif(0)/m/n/11.04124 hasi/bog‘liqlik, istisno va

Underfull \hbox (badness 5316) in paragraph at lines 328--329
\TU/LiberationSerif(0)/m/n/11.04124 qonuniy kirishlar. Namuna

Underfull \hbox (badness 2913) in paragraph at lines 328--329
\TU/LiberationSerif(0)/m/n/11.04124 noma’lum nochiziqli modelni
 [11]
Underfull \hbox (badness 1762) in paragraph at lines 334--335
\TU/LiberationSerif(0)/m/n/12 qoldirilgan hissa va xato qo‘shimcha hissa jamida
 bir-birini qoplashi mumkin. Nazo-
[12] [13] [14]
Underfull \hbox (badness 2111) in paragraph at lines 372--373
[]\TU/LiberationSerif(0)/m/n/12 Bog‘lash identifikator yagonaligi, birga-ko‘p a
loqalar, a’zolik sanasi va takroriy

Underfull \hbox (badness 1253) in paragraph at lines 383--384
[]\TU/LiberationSerif(0)/m/n/12 OECD/JRC tarkibiy natijaning o‘zgaruvchi tanlas
h, normallashtirish, hisobiy qiy-
[15] [16] [17]
Underfull \hbox (badness 1038) in paragraph at lines 432--433
[]\TU/LiberationSerif(0)/m/n/12 Vakolatli ma’lumot sohasi muayyan algebraik kir
ishni chiqarishi mumkin; xulosa

Underfull \hbox (badness 3302) in paragraph at lines 439--440
[]\TU/LiberationSerif(0)/m/n/12 Qo‘shimcha hissa — mustaqil asoslangan javob, s
ana va chiqarilish natijasiga
[18]
Underfull \hbox (badness 1466) in paragraph at lines 453--454
\TU/LiberationSerif(0)/m/n/12 Audit butun yordam tizimini emas, tanlangan formu
lalar va shartlarni qamraydi. Oila

Underfull \hbox (badness 1137) in paragraph at lines 453--454
\TU/LiberationSerif(0)/m/n/12 mikroma’lumoti, amaldagi dastur, mahalliy koeffit
siyentlar, qat’iy yaxlitlash va 2027-yil
[19] [20]
Underfull \hbox (badness 2173) in paragraph at lines 518--519
[]\TU/LiberationSerif(0)/m/n/12 Government portal. \TU/LiberationSerif(0)/b/n/1
2 Mahalla odamlar uchun ishonch, tayanch va imkoniyatlar

Underfull \hbox (badness 1102) in paragraph at lines 529--530
[][][][][] [] [][][][][] [] [][][][][][][][][][][][][] [] [][][][]$\TU/Liberati
onSerif(0)/m/n/12 da; sun’iy additiv namuna $[][][][] [] [][][][][][][][] [] []
[][][][][][][] [] [][][][] [] [][][][]$da.
[21] [22]
(/home/xola/GitHub/Solial Registry/results/documents/research_paper_uz.aux) )
(see the transcript file for additional information)
Output written on /home/xola/GitHub/Solial Registry/results/documents/research_
paper_uz.pdf (22 pages).
Transcript written on /home/xola/GitHub/Solial Registry/results/documents/resea
rch_paper_uz.log.
