This is XeTeX, Version 3.141592653-2.6-0.999998 (TeX Live 2026/Arch Linux) (preloaded format=xelatex)
 restricted \write18 enabled.
entering extended mode
(./research_paper_uz.tex
LaTeX2e <2025-11-01>
L3 programming layer <2026-01-19>
(/usr/share/texmf-dist/tex/latex/extsizes/extarticle.cls
Document Class: extarticle 1996/10/08 v1.0 Non Standard LaTeX document class
(/usr/share/texmf-dist/tex/latex/base/size12.clo)
(/usr/share/texmf-dist/tex/latex/base/exscale.sty))
(/usr/share/texmf-dist/tex/latex/geometry/geometry.sty
(/usr/share/texmf-dist/tex/latex/graphics/keyval.sty)
(/usr/share/texmf-dist/tex/generic/iftex/ifvtex.sty
(/usr/share/texmf-dist/tex/generic/iftex/iftex.sty)))
(/usr/share/texmf-dist/tex/latex/fontspec/fontspec.sty
(/usr/share/texmf-dist/tex/latex/l3packages/xparse/xparse.sty
(/usr/share/texmf-dist/tex/latex/l3kernel/expl3.sty
(/usr/share/texmf-dist/tex/latex/l3backend/l3backend-xetex.def)))
(/usr/share/texmf-dist/tex/latex/fontspec/fontspec-xetex.sty
(/usr/share/texmf-dist/tex/latex/base/fontenc.sty)
(/usr/share/texmf-dist/tex/latex/fontspec/fontspec.cfg)))
(/usr/share/texmf-dist/tex/latex/unicode-math/unicode-math.sty
(/usr/share/texmf-dist/tex/latex/unicode-math/unicode-math-xetex.sty
(/usr/share/texmf-dist/tex/latex/l3packages/l3keys2e/l3keys2e.sty)
(/usr/share/texmf-dist/tex/latex/base/fix-cm.sty
(/usr/share/texmf-dist/tex/latex/base/ts1enc.def))
(/usr/share/texmf-dist/tex/latex/amsmath/amsmath.sty
For additional information on amsmath, use the `?' option.
(/usr/share/texmf-dist/tex/latex/amsmath/amstext.sty
(/usr/share/texmf-dist/tex/latex/amsmath/amsgen.sty))
(/usr/share/texmf-dist/tex/latex/amsmath/amsbsy.sty)
(/usr/share/texmf-dist/tex/latex/amsmath/amsopn.sty))
(/usr/share/texmf-dist/tex/latex/unicode-math/unicode-math-table.tex)))
(/usr/share/texmf-dist/tex/latex/graphics/graphicx.sty
(/usr/share/texmf-dist/tex/latex/graphics/graphics.sty
(/usr/share/texmf-dist/tex/latex/graphics/trig.sty)
(/usr/share/texmf-dist/tex/latex/graphics-cfg/graphics.cfg)
(/usr/share/texmf-dist/tex/latex/graphics-def/xetex.def)))
(/usr/share/texmf-dist/tex/latex/booktabs/booktabs.sty)
(/usr/share/texmf-dist/tex/latex/tools/longtable.sty)
(/usr/share/texmf-dist/tex/latex/tools/array.sty)
(/usr/share/texmf-dist/tex/latex/enumitem/enumitem.sty)
(/usr/share/texmf-dist/tex/latex/pgfplots/pgfplots.sty
(/usr/share/texmf-dist/tex/generic/pgfplots/pgfplots.revision.tex)
(/usr/share/texmf-dist/tex/latex/pgf/frontendlayer/tikz.sty
(/usr/share/texmf-dist/tex/latex/pgf/basiclayer/pgf.sty
(/usr/share/texmf-dist/tex/latex/pgf/utilities/pgfrcs.sty
(/usr/share/texmf-dist/tex/generic/pgf/utilities/pgfutil-common.tex)
(/usr/share/texmf-dist/tex/generic/pgf/utilities/pgfutil-latex.def)
(/usr/share/texmf-dist/tex/generic/pgf/utilities/pgfrcs.code.tex
(/usr/share/texmf-dist/tex/generic/pgf/pgf.revision.tex)))
(/usr/share/texmf-dist/tex/latex/pgf/basiclayer/pgfcore.sty
(/usr/share/texmf-dist/tex/latex/pgf/systemlayer/pgfsys.sty
(/usr/share/texmf-dist/tex/generic/pgf/systemlayer/pgfsys.code.tex
(/usr/share/texmf-dist/tex/generic/pgf/utilities/pgfkeys.code.tex
(/usr/share/texmf-dist/tex/generic/pgf/utilities/pgfkeyslibraryfiltered.code.te
x)) (/usr/share/texmf-dist/tex/generic/pgf/systemlayer/pgf.cfg)
(/usr/share/texmf-dist/tex/generic/pgf/systemlayer/pgfsys-xetex.def
(/usr/share/texmf-dist/tex/generic/pgf/systemlayer/pgfsys-dvipdfmx.def
(/usr/share/texmf-dist/tex/generic/pgf/systemlayer/pgfsys-common-pdf.def))))
(/usr/share/texmf-dist/tex/generic/pgf/systemlayer/pgfsyssoftpath.code.tex)
(/usr/share/texmf-dist/tex/generic/pgf/systemlayer/pgfsysprotocol.code.tex))
(/usr/share/texmf-dist/tex/latex/xcolor/xcolor.sty
(/usr/share/texmf-dist/tex/latex/graphics-cfg/color.cfg)
(/usr/share/texmf-dist/tex/latex/graphics/mathcolor.ltx))
(/usr/share/texmf-dist/tex/generic/pgf/basiclayer/pgfcore.code.tex
(/usr/share/texmf-dist/tex/generic/pgf/math/pgfmath.code.tex
(/usr/share/texmf-dist/tex/generic/pgf/math/pgfmathutil.code.tex)
(/usr/share/texmf-dist/tex/generic/pgf/math/pgfmathparser.code.tex)
(/usr/share/texmf-dist/tex/generic/pgf/math/pgfmathfunctions.code.tex)
(/usr/share/texmf-dist/tex/generic/pgf/math/pgfmathfunctions.basic.code.tex)
(/usr/share/texmf-dist/tex/generic/pgf/math/pgfmathfunctions.trigonometric.code
.tex)
(/usr/share/texmf-dist/tex/generic/pgf/math/pgfmathfunctions.random.code.tex)
(/usr/share/texmf-dist/tex/generic/pgf/math/pgfmathfunctions.comparison.code.te
x) (/usr/share/texmf-dist/tex/generic/pgf/math/pgfmathfunctions.base.code.tex)
(/usr/share/texmf-dist/tex/generic/pgf/math/pgfmathfunctions.round.code.tex)
(/usr/share/texmf-dist/tex/generic/pgf/math/pgfmathfunctions.misc.code.tex)
(/usr/share/texmf-dist/tex/generic/pgf/math/pgfmathfunctions.integerarithmetics
.code.tex) (/usr/share/texmf-dist/tex/generic/pgf/math/pgfmathcalc.code.tex)
(/usr/share/texmf-dist/tex/generic/pgf/math/pgfmathfloat.code.tex))
(/usr/share/texmf-dist/tex/generic/pgf/math/pgfint.code.tex)
(/usr/share/texmf-dist/tex/generic/pgf/basiclayer/pgfcorepoints.code.tex)
(/usr/share/texmf-dist/tex/generic/pgf/basiclayer/pgfcorepathconstruct.code.tex
) (/usr/share/texmf-dist/tex/generic/pgf/basiclayer/pgfcorepathusage.code.tex)
(/usr/share/texmf-dist/tex/generic/pgf/basiclayer/pgfcorescopes.code.tex)
(/usr/share/texmf-dist/tex/generic/pgf/basiclayer/pgfcoregraphicstate.code.tex)

(/usr/share/texmf-dist/tex/generic/pgf/basiclayer/pgfcoretransformations.code.t
ex) (/usr/share/texmf-dist/tex/generic/pgf/basiclayer/pgfcorequick.code.tex)
(/usr/share/texmf-dist/tex/generic/pgf/basiclayer/pgfcoreobjects.code.tex)
(/usr/share/texmf-dist/tex/generic/pgf/basiclayer/pgfcorepathprocessing.code.te
x) (/usr/share/texmf-dist/tex/generic/pgf/basiclayer/pgfcorearrows.code.tex)
(/usr/share/texmf-dist/tex/generic/pgf/basiclayer/pgfcoreshade.code.tex)
(/usr/share/texmf-dist/tex/generic/pgf/basiclayer/pgfcoreimage.code.tex)
(/usr/share/texmf-dist/tex/generic/pgf/basiclayer/pgfcoreexternal.code.tex)
(/usr/share/texmf-dist/tex/generic/pgf/basiclayer/pgfcorelayers.code.tex)
(/usr/share/texmf-dist/tex/generic/pgf/basiclayer/pgfcoretransparency.code.tex)
 (/usr/share/texmf-dist/tex/generic/pgf/basiclayer/pgfcorepatterns.code.tex)
(/usr/share/texmf-dist/tex/generic/pgf/basiclayer/pgfcorerdf.code.tex)))
(/usr/share/texmf-dist/tex/generic/pgf/modules/pgfmoduleshapes.code.tex)
(/usr/share/texmf-dist/tex/generic/pgf/modules/pgfmoduleplot.code.tex)
(/usr/share/texmf-dist/tex/latex/pgf/compatibility/pgfcomp-version-0-65.sty)
(/usr/share/texmf-dist/tex/latex/pgf/compatibility/pgfcomp-version-1-18.sty))
(/usr/share/texmf-dist/tex/latex/pgf/utilities/pgffor.sty
(/usr/share/texmf-dist/tex/latex/pgf/utilities/pgfkeys.sty
(/usr/share/texmf-dist/tex/generic/pgf/utilities/pgfkeys.code.tex))
(/usr/share/texmf-dist/tex/latex/pgf/math/pgfmath.sty
(/usr/share/texmf-dist/tex/generic/pgf/math/pgfmath.code.tex))
(/usr/share/texmf-dist/tex/generic/pgf/utilities/pgffor.code.tex))
(/usr/share/texmf-dist/tex/generic/pgf/frontendlayer/tikz/tikz.code.tex
(/usr/share/texmf-dist/tex/generic/pgf/libraries/pgflibraryplothandlers.code.te
x) (/usr/share/texmf-dist/tex/generic/pgf/modules/pgfmodulematrix.code.tex)
(/usr/share/texmf-dist/tex/generic/pgf/frontendlayer/tikz/libraries/tikzlibrary
topaths.code.tex)))
(/usr/share/texmf-dist/tex/generic/pgfplots/pgfplots.code.tex
(/usr/share/texmf-dist/tex/generic/pgfplots/pgfplotscore.code.tex
(/usr/share/texmf-dist/tex/generic/pgfplots/sys/pgfplotssysgeneric.code.tex))
(/usr/share/texmf-dist/tex/generic/pgfplots/libs/pgfplotslibrary.code.tex)
(/usr/share/texmf-dist/tex/generic/pgfplots/oldpgfcompatib/pgfplotsoldpgfsupp_l
oader.code.tex
(/usr/share/texmf-dist/tex/generic/pgf/libraries/pgflibraryfpu.code.tex)
(/usr/share/texmf-dist/tex/generic/pgfplots/oldpgfcompatib/pgfplotsoldpgfsupp_p
gfutil-common-lists.tex))
(/usr/share/texmf-dist/tex/generic/pgfplots/util/pgfplotsutil.code.tex
(/usr/share/texmf-dist/tex/generic/pgfplots/liststructure/pgfplotsliststructure
.code.tex)
(/usr/share/texmf-dist/tex/generic/pgfplots/liststructure/pgfplotsliststructure
ext.code.tex)
(/usr/share/texmf-dist/tex/generic/pgfplots/liststructure/pgfplotsarray.code.te
x)
(/usr/share/texmf-dist/tex/generic/pgfplots/liststructure/pgfplotsmatrix.code.t
ex)
(/usr/share/texmf-dist/tex/generic/pgfplots/numtable/pgfplotstableshared.code.t
ex)
(/usr/share/texmf-dist/tex/generic/pgfplots/liststructure/pgfplotsdeque.code.te
x) (/usr/share/texmf-dist/tex/generic/pgfplots/util/pgfplotsbinary.code.tex
(/usr/share/texmf-dist/tex/generic/pgfplots/util/pgfplotsbinary.data.code.tex))
(/usr/share/texmf-dist/tex/generic/pgfplots/util/pgfplotsutil.verb.code.tex)
(/usr/share/texmf-dist/tex/generic/pgfplots/libs/pgflibrarypgfplots.surfshading
.code.tex
(/usr/share/texmf-dist/tex/generic/pgfplots/sys/pgflibrarypgfplots.surfshading.
pgfsys-xetex.def
(/usr/share/texmf-dist/tex/generic/pgfplots/sys/pgflibrarypgfplots.surfshading.
pgfsys-dvipdfmx.def))))
(/usr/share/texmf-dist/tex/generic/pgfplots/util/pgfplotscolormap.code.tex
(/usr/share/texmf-dist/tex/generic/pgfplots/util/pgfplotscolor.code.tex))
(/usr/share/texmf-dist/tex/generic/pgfplots/pgfplotsstackedplots.code.tex)
(/usr/share/texmf-dist/tex/generic/pgfplots/pgfplotsplothandlers.code.tex
(/usr/share/texmf-dist/tex/generic/pgfplots/pgfplotsmeshplothandler.code.tex
(/usr/share/texmf-dist/tex/generic/pgfplots/pgfplotsmeshplotimage.code.tex)))
(/usr/share/texmf-dist/tex/generic/pgfplots/pgfplots.scaling.code.tex)
(/usr/share/texmf-dist/tex/generic/pgfplots/pgfplotscoordprocessing.code.tex)
(/usr/share/texmf-dist/tex/generic/pgfplots/pgfplots.errorbars.code.tex)
(/usr/share/texmf-dist/tex/generic/pgfplots/pgfplots.markers.code.tex)
(/usr/share/texmf-dist/tex/generic/pgfplots/pgfplotsticks.code.tex)
(/usr/share/texmf-dist/tex/generic/pgfplots/pgfplots.paths.code.tex)
(/usr/share/texmf-dist/tex/generic/pgf/frontendlayer/tikz/libraries/tikzlibrary
decorations.code.tex
(/usr/share/texmf-dist/tex/generic/pgf/modules/pgfmoduledecorations.code.tex))
(/usr/share/texmf-dist/tex/generic/pgf/frontendlayer/tikz/libraries/tikzlibrary
decorations.pathmorphing.code.tex
(/usr/share/texmf-dist/tex/generic/pgf/libraries/decorations/pgflibrarydecorati
ons.pathmorphing.code.tex))
(/usr/share/texmf-dist/tex/generic/pgf/frontendlayer/tikz/libraries/tikzlibrary
decorations.pathreplacing.code.tex
(/usr/share/texmf-dist/tex/generic/pgf/libraries/decorations/pgflibrarydecorati
ons.pathreplacing.code.tex))
(/usr/share/texmf-dist/tex/generic/pgfplots/libs/tikzlibrarypgfplots.contourlua
.code.tex))
(/usr/share/texmf-dist/tex/generic/pgf/frontendlayer/tikz/libraries/tikzlibrary
plotmarks.code.tex
(/usr/share/texmf-dist/tex/generic/pgf/libraries/pgflibraryplotmarks.code.tex))
)
(/usr/share/texmf-dist/tex/generic/pgfplots/libs/tikzlibrarypgfplots.groupplots
.code.tex
(/usr/share/texmf-dist/tex/generic/pgf/frontendlayer/tikz/libraries/tikzlibrary
calc.code.tex)) (/usr/share/texmf-dist/tex/latex/titlesec/titlesec.sty)
(/usr/share/texmf-dist/tex/latex/fancyhdr/fancyhdr.sty)
(/usr/share/texmf-dist/tex/latex/hyperref/hyperref.sty
(/usr/share/texmf-dist/tex/latex/kvsetkeys/kvsetkeys.sty)
(/usr/share/texmf-dist/tex/generic/kvdefinekeys/kvdefinekeys.sty)
(/usr/share/texmf-dist/tex/generic/pdfescape/pdfescape.sty
(/usr/share/texmf-dist/tex/generic/ltxcmds/ltxcmds.sty)
(/usr/share/texmf-dist/tex/generic/pdftexcmds/pdftexcmds.sty
(/usr/share/texmf-dist/tex/generic/infwarerr/infwarerr.sty)))
(/usr/share/texmf-dist/tex/latex/hycolor/hycolor.sty)
(/usr/share/texmf-dist/tex/latex/hyperref/nameref.sty
(/usr/share/texmf-dist/tex/latex/refcount/refcount.sty)
(/usr/share/texmf-dist/tex/generic/gettitlestring/gettitlestring.sty
(/usr/share/texmf-dist/tex/latex/kvoptions/kvoptions.sty)))
(/usr/share/texmf-dist/tex/latex/etoolbox/etoolbox.sty)
(/usr/share/texmf-dist/tex/generic/stringenc/stringenc.sty)
(/usr/share/texmf-dist/tex/latex/hyperref/pd1enc.def)
(/usr/share/texmf-dist/tex/generic/intcalc/intcalc.sty)
(/usr/share/texmf-dist/tex/latex/hyperref/puenc.def)
(/usr/share/texmf-dist/tex/latex/url/url.sty)
(/usr/share/texmf-dist/tex/generic/bitset/bitset.sty
(/usr/share/texmf-dist/tex/generic/bigintcalc/bigintcalc.sty)))
(/usr/share/texmf-dist/tex/latex/hyperref/hxetex.def
(/usr/share/texmf-dist/tex/latex/rerunfilecheck/rerunfilecheck.sty
(/usr/share/texmf-dist/tex/generic/uniquecounter/uniquecounter.sty)))
(/home/xola/GitHub/Solial Registry/results/documents/research_paper_uz.aux)
*geometry* driver: auto-detecting
*geometry* detected driver: xetex
Package pgfplots notification 'compat/show suggested version=true': you might b
enefit from \pgfplotsset{compat=1.18} (current compat level: 1.17).

(/home/xola/GitHub/Solial Registry/results/documents/research_paper_uz.out)
(/home/xola/GitHub/Solial Registry/results/documents/research_paper_uz.out)
Underfull \hbox (badness 5105) in paragraph at lines 48--49
\TU/LiberationSerif(0)/m/n/12 Iqtisodiyot va moliya vazirligi bilan birgalikda 
hujjat loyihasini 2026-yil 1-dekabrga

Underfull \hbox (badness 6876) in paragraph at lines 48--49
\TU/LiberationSerif(0)/m/n/12 nizomning (Vazirlar Mahkamasining 2026-yil 29-yan
vardagi 35-son qaroriga 1-ilova)

Underfull \hbox (badness 3219) in paragraph at lines 50--51
\TU/LiberationSerif(0)/m/n/12 24-moddasi avtomatlashtirilgan qaror qabul qilish
 tartibi va uning yuridik oqibatlarini

Underfull \hbox (badness 3590) in paragraph at lines 52--53
[]\TU/LiberationSerif(0)/m/n/12 Tadqiqot savoli rad etilishi mumkin boʻlgan tar
zda shakllantirilgan: \TU/LiberationSerif(0)/b/n/12 daromad

Underfull \hbox (badness 2027) in paragraph at lines 52--53
\TU/LiberationSerif(0)/b/n/12 va toifani hisoblashning eʼlon qilingan qoidalari
 chegaraviy qiymatlarda va kirish

Underfull \hbox (badness 1442) in paragraph at lines 52--53
\TU/LiberationSerif(0)/b/n/12 qiymatlarining belgilangan butun sohasida yagona,
 ichki muvofiq natija beradimi?

Underfull \hbox (badness 10000) in paragraph at lines 55--56
\TU/LiberationSerif(0)/m/n/12 2026-yil 30-sentabr — 1-oktabr holatiga lex.uz da
gi hujjatlarning rasmiy matnlari

Underfull \hbox (badness 7631) in paragraph at lines 55--56
\TU/LiberationSerif(0)/m/n/12 bilan), PF-258-son Farmon, “Normativ-huquqiy hujj
atlar toʻgʻrisida”, “Shaxsga doir

Underfull \hbox (badness 1097) in paragraph at lines 55--56
\TU/LiberationSerif(0)/m/n/12 maʼlumotlar toʻgʻrisida” va “Jismoniy va yuridik 
shaxslarning murojaatlari toʻgʻrisida”gi

Underfull \hbox (badness 2165) in paragraph at lines 59--60
\TU/LiberationSerif(0)/m/n/12 qashshoqlik va tenglik baholashida manzillilik fo
rmulasi 2026-yil boshida qayta koʻrib

LaTeX Warning: Citation `ref32' on page 1 undefined on input line 61.


Underfull \hbox (badness 1910) in paragraph at lines 61--62
\TU/LiberationSerif(0)/m/n/12 oila vazirligi ijtimoiy-iqtisodiy malakani hisobl
ash tartibini amaliy misollar, “teng yoki

Underfull \hbox (badness 1803) in paragraph at lines 61--62
\TU/LiberationSerif(0)/m/n/12 katta” shaklidagi chegaralar va bir nechta tekshi
ruv ishga tushganda ustuvorlik qoidasi
[1]

LaTeX Warning: Reference `sec:agency' on page 2 undefined on input line 72.


Underfull \hbox (badness 1005) in paragraph at lines 81--82
[]\TU/LiberationSerif(0)/m/n/12 Pul oʻtkazmalari (26-band): oʻtkazmalar miqdori
 aniqlanmasa yoki $[][]$ dan kam
[2] [3]
Underfull \hbox (badness 10000) in paragraph at lines 122--122
[]|\TU/LiberationSerif(0)/m/n/11.04124 Butun qiymatli

Underfull \hbox (badness 10000) in paragraph at lines 122--122
[]|\TU/LiberationSerif(0)/m/n/11.04124 Eng kam $[][][]$

Underfull \hbox (badness 10000) in paragraph at lines 122--123
[]|\TU/LiberationSerif(0)/m/n/11.04124 Eng koʻp

Underfull \hbox (badness 10000) in paragraph at lines 122--123
\TU/LiberationSerif(0)/m/n/11.04124 oʻzgarish

Underfull \hbox (badness 3281) in paragraph at lines 135--136
\TU/LiberationSerif(0)/m/n/12 jismonan manfiy boʻlolmasa-da, manfiy ulush oilan
ing hisobga olinadigan daromadini
[4]
Underfull \hbox (badness 1087) in paragraph at lines 162--162
[]|\TU/LiberationSerif(0)/m/n/11.04124 Oylik ulush pasayishi

Underfull \hbox (badness 1460) in paragraph at lines 162--163
[]|\TU/LiberationSerif(0)/m/n/11.04124 4 aʼzoda jon boshiga

Underfull \hbox (badness 10000) in paragraph at lines 165--165
[]|\TU/LiberationSerif(0)/m/n/11.04124 Roʻyxatdagi

Underfull \hbox (badness 10000) in paragraph at lines 167--167
[]|\TU/LiberationSerif(0)/m/n/11.04124 Roʻyxatdagi

Underfull \hbox (badness 1997) in paragraph at lines 193--194
\TU/LiberationSerif(0)/m/n/12 daromad. Uzluksiz gorizontal qismlar — 6-ilovadag
i mamlakatlar, shtrixli — boshqa

Underfull \hbox (badness 1033) in paragraph at lines 195--196
[]\TU/LiberationSerif(0)/m/n/12 Taklif etilayotgan tahrir (1-material, II boʻli
m, 1-band) oʻtkazmalarning bir oylik

Underfull \hbox (badness 6252) in paragraph at lines 207--207
[]|\TU/LiberationSerif(0)/m/n/11.04124 Nukus / viloyat
[5]
Underfull \hbox (badness 1077) in paragraph at lines 237--238
\TU/LiberationSerif(0)/m/n/12 taʼsirlangan oilalar soni xatoning mavjudligini e
mas, koʻlamini belgilaydi. Agentlik bu
[6]
Underfull \hbox (badness 1810) in paragraph at lines 244--245
\TU/LiberationSerif(0)/m/n/12 Har bir guruh uchun dastur amaldagi va taklif eti
layotgan qoida natijasini solishtiradi.

Underfull \hbox (badness 6188) in paragraph at lines 249--250
[]\TU/LiberationSerif(0)/m/n/12 Toʻrtta normada nomuvofiqliklar isbotlangan: da
romad $[]$ ga teng boʻlganda
[7]
Underfull \hbox (badness 10000) in paragraph at lines 274--275
[]\TU/LiberationSerif(0)/m/n/12.045 Milliy statistika qoʻmitasi. 2026-yil uchun
 minimal isteʼmol xarajatlari haqida

Underfull \hbox (badness 10000) in paragraph at lines 274--275
\TU/LiberationSerif(0)/m/n/12.045 xabar, 2026-yil 4-mart. []$[][][][][] [] [] [
] [][][][] [] [][] [] [][] [] [][][][][][][][][][][][][][][][] [] [][][][][][][
][][][][][][][][][][][][][][] []

Underfull \hbox (badness 10000) in paragraph at lines 276--277
[]\TU/LiberationSerif(0)/m/n/12.045 Oʻzbekiston Respublikasining 2019-yil 2-iyu
ldagi OʻRQ-547-son “Shaxsga doir

Underfull \hbox (badness 10000) in paragraph at lines 278--279
[]\TU/LiberationSerif(0)/m/n/12.045 Guven M., Yeachuri A., Almenfi M. Global In
sights on Social Registries:

Underfull \hbox (badness 10000) in paragraph at lines 278--279
\TU/LiberationSerif(0)/m/n/12.045 Coverage and Beyond. World Bank, June 2025, p
p. 3, 13, 25–26.

Underfull \hbox (badness 10000) in paragraph at lines 278--279
[]$[][][][][] [] [] [] [][][][][][][][][][] [] [][][][][][][][][] [] [][][] [] 
[][][][][][][] [] [][] [] [][][][][][][][][][][][][][][][][][] [] [][][] []

Underfull \hbox (badness 10000) in paragraph at lines 281--282
[]\TU/LiberationSerif(0)/m/n/12.045 Ministerio de Desarrollo Social y Familia (
Chili), División de Focalización.

Underfull \hbox (badness 1939) in paragraph at lines 281--282
\TU/LiberationSerif(0)/m/n/12.045 18-betlar. []$[][][][][] [] [] [] [][][] [] [
][][][][][][][][][][][][][] [] [][][] [] [][] [] [][][][] [] [][][][][][][][][]
[][][][] [] [][][][] [] [][] [] [][][][][][][] [] [][] [] [][] []
[8] (/home/xola/GitHub/Solial Registry/results/documents/research_paper_uz.aux)

LaTeX Warning: There were undefined references.


LaTeX Warning: Label(s) may have changed. Rerun to get cross-references right.


Package rerunfilecheck Warning: File `research_paper_uz.out' has changed.
(rerunfilecheck)                Rerun to get outlines right
(rerunfilecheck)                or use package `bookmark'.

 )
(see the transcript file for additional information)
Output written on /home/xola/GitHub/Solial Registry/results/documents/research_
paper_uz.pdf (8 pages).
Transcript written on /home/xola/GitHub/Solial Registry/results/documents/resea
rch_paper_uz.log.
