This is XeTeX, Version 3.141592653-2.6-0.999998 (TeX Live 2026/Arch Linux) (preloaded format=xelatex)
 restricted \write18 enabled.
entering extended mode
(./research_paper_ru.tex
LaTeX2e <2025-11-01>
L3 programming layer <2026-01-19>
(/usr/share/texmf-dist/tex/latex/extsizes/extarticle.cls
Document Class: extarticle 1996/10/08 v1.0 Non Standard LaTeX document class
(/usr/share/texmf-dist/tex/latex/base/size12.clo)
(/usr/share/texmf-dist/tex/latex/base/exscale.sty))
(/usr/share/texmf-dist/tex/latex/geometry/geometry.sty
(/usr/share/texmf-dist/tex/latex/graphics/keyval.sty)
(/usr/share/texmf-dist/tex/generic/iftex/ifvtex.sty
(/usr/share/texmf-dist/tex/generic/iftex/iftex.sty)))
(/usr/share/texmf-dist/tex/latex/fontspec/fontspec.sty
(/usr/share/texmf-dist/tex/latex/l3packages/xparse/xparse.sty
(/usr/share/texmf-dist/tex/latex/l3kernel/expl3.sty
(/usr/share/texmf-dist/tex/latex/l3backend/l3backend-xetex.def)))
(/usr/share/texmf-dist/tex/latex/fontspec/fontspec-xetex.sty
(/usr/share/texmf-dist/tex/latex/base/fontenc.sty)
(/usr/share/texmf-dist/tex/latex/fontspec/fontspec.cfg)))
(/usr/share/texmf-dist/tex/latex/unicode-math/unicode-math.sty
(/usr/share/texmf-dist/tex/latex/unicode-math/unicode-math-xetex.sty
(/usr/share/texmf-dist/tex/latex/l3packages/l3keys2e/l3keys2e.sty)
(/usr/share/texmf-dist/tex/latex/base/fix-cm.sty
(/usr/share/texmf-dist/tex/latex/base/ts1enc.def))
(/usr/share/texmf-dist/tex/latex/amsmath/amsmath.sty
For additional information on amsmath, use the `?' option.
(/usr/share/texmf-dist/tex/latex/amsmath/amstext.sty
(/usr/share/texmf-dist/tex/latex/amsmath/amsgen.sty))
(/usr/share/texmf-dist/tex/latex/amsmath/amsbsy.sty)
(/usr/share/texmf-dist/tex/latex/amsmath/amsopn.sty))
(/usr/share/texmf-dist/tex/latex/unicode-math/unicode-math-table.tex)))
(/usr/share/texmf-dist/tex/latex/graphics/graphicx.sty
(/usr/share/texmf-dist/tex/latex/graphics/graphics.sty
(/usr/share/texmf-dist/tex/latex/graphics/trig.sty)
(/usr/share/texmf-dist/tex/latex/graphics-cfg/graphics.cfg)
(/usr/share/texmf-dist/tex/latex/graphics-def/xetex.def)))
(/usr/share/texmf-dist/tex/latex/booktabs/booktabs.sty)
(/usr/share/texmf-dist/tex/latex/tools/longtable.sty)
(/usr/share/texmf-dist/tex/latex/tools/array.sty)
(/usr/share/texmf-dist/tex/latex/enumitem/enumitem.sty)
(/usr/share/texmf-dist/tex/latex/pgfplots/pgfplots.sty
(/usr/share/texmf-dist/tex/generic/pgfplots/pgfplots.revision.tex)
(/usr/share/texmf-dist/tex/latex/pgf/frontendlayer/tikz.sty
(/usr/share/texmf-dist/tex/latex/pgf/basiclayer/pgf.sty
(/usr/share/texmf-dist/tex/latex/pgf/utilities/pgfrcs.sty
(/usr/share/texmf-dist/tex/generic/pgf/utilities/pgfutil-common.tex)
(/usr/share/texmf-dist/tex/generic/pgf/utilities/pgfutil-latex.def)
(/usr/share/texmf-dist/tex/generic/pgf/utilities/pgfrcs.code.tex
(/usr/share/texmf-dist/tex/generic/pgf/pgf.revision.tex)))
(/usr/share/texmf-dist/tex/latex/pgf/basiclayer/pgfcore.sty
(/usr/share/texmf-dist/tex/latex/pgf/systemlayer/pgfsys.sty
(/usr/share/texmf-dist/tex/generic/pgf/systemlayer/pgfsys.code.tex
(/usr/share/texmf-dist/tex/generic/pgf/utilities/pgfkeys.code.tex
(/usr/share/texmf-dist/tex/generic/pgf/utilities/pgfkeyslibraryfiltered.code.te
x)) (/usr/share/texmf-dist/tex/generic/pgf/systemlayer/pgf.cfg)
(/usr/share/texmf-dist/tex/generic/pgf/systemlayer/pgfsys-xetex.def
(/usr/share/texmf-dist/tex/generic/pgf/systemlayer/pgfsys-dvipdfmx.def
(/usr/share/texmf-dist/tex/generic/pgf/systemlayer/pgfsys-common-pdf.def))))
(/usr/share/texmf-dist/tex/generic/pgf/systemlayer/pgfsyssoftpath.code.tex)
(/usr/share/texmf-dist/tex/generic/pgf/systemlayer/pgfsysprotocol.code.tex))
(/usr/share/texmf-dist/tex/latex/xcolor/xcolor.sty
(/usr/share/texmf-dist/tex/latex/graphics-cfg/color.cfg)
(/usr/share/texmf-dist/tex/latex/graphics/mathcolor.ltx))
(/usr/share/texmf-dist/tex/generic/pgf/basiclayer/pgfcore.code.tex
(/usr/share/texmf-dist/tex/generic/pgf/math/pgfmath.code.tex
(/usr/share/texmf-dist/tex/generic/pgf/math/pgfmathutil.code.tex)
(/usr/share/texmf-dist/tex/generic/pgf/math/pgfmathparser.code.tex)
(/usr/share/texmf-dist/tex/generic/pgf/math/pgfmathfunctions.code.tex)
(/usr/share/texmf-dist/tex/generic/pgf/math/pgfmathfunctions.basic.code.tex)
(/usr/share/texmf-dist/tex/generic/pgf/math/pgfmathfunctions.trigonometric.code
.tex)
(/usr/share/texmf-dist/tex/generic/pgf/math/pgfmathfunctions.random.code.tex)
(/usr/share/texmf-dist/tex/generic/pgf/math/pgfmathfunctions.comparison.code.te
x) (/usr/share/texmf-dist/tex/generic/pgf/math/pgfmathfunctions.base.code.tex)
(/usr/share/texmf-dist/tex/generic/pgf/math/pgfmathfunctions.round.code.tex)
(/usr/share/texmf-dist/tex/generic/pgf/math/pgfmathfunctions.misc.code.tex)
(/usr/share/texmf-dist/tex/generic/pgf/math/pgfmathfunctions.integerarithmetics
.code.tex) (/usr/share/texmf-dist/tex/generic/pgf/math/pgfmathcalc.code.tex)
(/usr/share/texmf-dist/tex/generic/pgf/math/pgfmathfloat.code.tex))
(/usr/share/texmf-dist/tex/generic/pgf/math/pgfint.code.tex)
(/usr/share/texmf-dist/tex/generic/pgf/basiclayer/pgfcorepoints.code.tex)
(/usr/share/texmf-dist/tex/generic/pgf/basiclayer/pgfcorepathconstruct.code.tex
) (/usr/share/texmf-dist/tex/generic/pgf/basiclayer/pgfcorepathusage.code.tex)
(/usr/share/texmf-dist/tex/generic/pgf/basiclayer/pgfcorescopes.code.tex)
(/usr/share/texmf-dist/tex/generic/pgf/basiclayer/pgfcoregraphicstate.code.tex)

(/usr/share/texmf-dist/tex/generic/pgf/basiclayer/pgfcoretransformations.code.t
ex) (/usr/share/texmf-dist/tex/generic/pgf/basiclayer/pgfcorequick.code.tex)
(/usr/share/texmf-dist/tex/generic/pgf/basiclayer/pgfcoreobjects.code.tex)
(/usr/share/texmf-dist/tex/generic/pgf/basiclayer/pgfcorepathprocessing.code.te
x) (/usr/share/texmf-dist/tex/generic/pgf/basiclayer/pgfcorearrows.code.tex)
(/usr/share/texmf-dist/tex/generic/pgf/basiclayer/pgfcoreshade.code.tex)
(/usr/share/texmf-dist/tex/generic/pgf/basiclayer/pgfcoreimage.code.tex)
(/usr/share/texmf-dist/tex/generic/pgf/basiclayer/pgfcoreexternal.code.tex)
(/usr/share/texmf-dist/tex/generic/pgf/basiclayer/pgfcorelayers.code.tex)
(/usr/share/texmf-dist/tex/generic/pgf/basiclayer/pgfcoretransparency.code.tex)
 (/usr/share/texmf-dist/tex/generic/pgf/basiclayer/pgfcorepatterns.code.tex)
(/usr/share/texmf-dist/tex/generic/pgf/basiclayer/pgfcorerdf.code.tex)))
(/usr/share/texmf-dist/tex/generic/pgf/modules/pgfmoduleshapes.code.tex)
(/usr/share/texmf-dist/tex/generic/pgf/modules/pgfmoduleplot.code.tex)
(/usr/share/texmf-dist/tex/latex/pgf/compatibility/pgfcomp-version-0-65.sty)
(/usr/share/texmf-dist/tex/latex/pgf/compatibility/pgfcomp-version-1-18.sty))
(/usr/share/texmf-dist/tex/latex/pgf/utilities/pgffor.sty
(/usr/share/texmf-dist/tex/latex/pgf/utilities/pgfkeys.sty
(/usr/share/texmf-dist/tex/generic/pgf/utilities/pgfkeys.code.tex))
(/usr/share/texmf-dist/tex/latex/pgf/math/pgfmath.sty
(/usr/share/texmf-dist/tex/generic/pgf/math/pgfmath.code.tex))
(/usr/share/texmf-dist/tex/generic/pgf/utilities/pgffor.code.tex))
(/usr/share/texmf-dist/tex/generic/pgf/frontendlayer/tikz/tikz.code.tex
(/usr/share/texmf-dist/tex/generic/pgf/libraries/pgflibraryplothandlers.code.te
x) (/usr/share/texmf-dist/tex/generic/pgf/modules/pgfmodulematrix.code.tex)
(/usr/share/texmf-dist/tex/generic/pgf/frontendlayer/tikz/libraries/tikzlibrary
topaths.code.tex)))
(/usr/share/texmf-dist/tex/generic/pgfplots/pgfplots.code.tex
(/usr/share/texmf-dist/tex/generic/pgfplots/pgfplotscore.code.tex
(/usr/share/texmf-dist/tex/generic/pgfplots/sys/pgfplotssysgeneric.code.tex))
(/usr/share/texmf-dist/tex/generic/pgfplots/libs/pgfplotslibrary.code.tex)
(/usr/share/texmf-dist/tex/generic/pgfplots/oldpgfcompatib/pgfplotsoldpgfsupp_l
oader.code.tex
(/usr/share/texmf-dist/tex/generic/pgf/libraries/pgflibraryfpu.code.tex)
(/usr/share/texmf-dist/tex/generic/pgfplots/oldpgfcompatib/pgfplotsoldpgfsupp_p
gfutil-common-lists.tex))
(/usr/share/texmf-dist/tex/generic/pgfplots/util/pgfplotsutil.code.tex
(/usr/share/texmf-dist/tex/generic/pgfplots/liststructure/pgfplotsliststructure
.code.tex)
(/usr/share/texmf-dist/tex/generic/pgfplots/liststructure/pgfplotsliststructure
ext.code.tex)
(/usr/share/texmf-dist/tex/generic/pgfplots/liststructure/pgfplotsarray.code.te
x)
(/usr/share/texmf-dist/tex/generic/pgfplots/liststructure/pgfplotsmatrix.code.t
ex)
(/usr/share/texmf-dist/tex/generic/pgfplots/numtable/pgfplotstableshared.code.t
ex)
(/usr/share/texmf-dist/tex/generic/pgfplots/liststructure/pgfplotsdeque.code.te
x) (/usr/share/texmf-dist/tex/generic/pgfplots/util/pgfplotsbinary.code.tex
(/usr/share/texmf-dist/tex/generic/pgfplots/util/pgfplotsbinary.data.code.tex))
(/usr/share/texmf-dist/tex/generic/pgfplots/util/pgfplotsutil.verb.code.tex)
(/usr/share/texmf-dist/tex/generic/pgfplots/libs/pgflibrarypgfplots.surfshading
.code.tex
(/usr/share/texmf-dist/tex/generic/pgfplots/sys/pgflibrarypgfplots.surfshading.
pgfsys-xetex.def
(/usr/share/texmf-dist/tex/generic/pgfplots/sys/pgflibrarypgfplots.surfshading.
pgfsys-dvipdfmx.def))))
(/usr/share/texmf-dist/tex/generic/pgfplots/util/pgfplotscolormap.code.tex
(/usr/share/texmf-dist/tex/generic/pgfplots/util/pgfplotscolor.code.tex))
(/usr/share/texmf-dist/tex/generic/pgfplots/pgfplotsstackedplots.code.tex)
(/usr/share/texmf-dist/tex/generic/pgfplots/pgfplotsplothandlers.code.tex
(/usr/share/texmf-dist/tex/generic/pgfplots/pgfplotsmeshplothandler.code.tex
(/usr/share/texmf-dist/tex/generic/pgfplots/pgfplotsmeshplotimage.code.tex)))
(/usr/share/texmf-dist/tex/generic/pgfplots/pgfplots.scaling.code.tex)
(/usr/share/texmf-dist/tex/generic/pgfplots/pgfplotscoordprocessing.code.tex)
(/usr/share/texmf-dist/tex/generic/pgfplots/pgfplots.errorbars.code.tex)
(/usr/share/texmf-dist/tex/generic/pgfplots/pgfplots.markers.code.tex)
(/usr/share/texmf-dist/tex/generic/pgfplots/pgfplotsticks.code.tex)
(/usr/share/texmf-dist/tex/generic/pgfplots/pgfplots.paths.code.tex)
(/usr/share/texmf-dist/tex/generic/pgf/frontendlayer/tikz/libraries/tikzlibrary
decorations.code.tex
(/usr/share/texmf-dist/tex/generic/pgf/modules/pgfmoduledecorations.code.tex))
(/usr/share/texmf-dist/tex/generic/pgf/frontendlayer/tikz/libraries/tikzlibrary
decorations.pathmorphing.code.tex
(/usr/share/texmf-dist/tex/generic/pgf/libraries/decorations/pgflibrarydecorati
ons.pathmorphing.code.tex))
(/usr/share/texmf-dist/tex/generic/pgf/frontendlayer/tikz/libraries/tikzlibrary
decorations.pathreplacing.code.tex
(/usr/share/texmf-dist/tex/generic/pgf/libraries/decorations/pgflibrarydecorati
ons.pathreplacing.code.tex))
(/usr/share/texmf-dist/tex/generic/pgfplots/libs/tikzlibrarypgfplots.contourlua
.code.tex))
(/usr/share/texmf-dist/tex/generic/pgf/frontendlayer/tikz/libraries/tikzlibrary
plotmarks.code.tex
(/usr/share/texmf-dist/tex/generic/pgf/libraries/pgflibraryplotmarks.code.tex))
)
(/usr/share/texmf-dist/tex/generic/pgfplots/libs/tikzlibrarypgfplots.groupplots
.code.tex
(/usr/share/texmf-dist/tex/generic/pgf/frontendlayer/tikz/libraries/tikzlibrary
calc.code.tex)) (/usr/share/texmf-dist/tex/generic/babel/babel.sty
(/usr/share/texmf-dist/tex/generic/babel/xebabel.def)
(/usr/share/texmf-dist/tex/generic/babel/locale/en/babel-english.tex)
(/usr/share/texmf-dist/tex/generic/babel/locale/ru/babel-russian.tex)
(/usr/share/texmf-dist/tex/generic/babel-english/english.ldf)
(/home/xola/GitHub/Solial Registry/tex/russianb.ldf))
(/usr/share/texmf-dist/tex/latex/titlesec/titlesec.sty)
(/usr/share/texmf-dist/tex/latex/fancyhdr/fancyhdr.sty)
(/usr/share/texmf-dist/tex/latex/hyperref/hyperref.sty
(/usr/share/texmf-dist/tex/latex/kvsetkeys/kvsetkeys.sty)
(/usr/share/texmf-dist/tex/generic/kvdefinekeys/kvdefinekeys.sty)
(/usr/share/texmf-dist/tex/generic/pdfescape/pdfescape.sty
(/usr/share/texmf-dist/tex/generic/ltxcmds/ltxcmds.sty)
(/usr/share/texmf-dist/tex/generic/pdftexcmds/pdftexcmds.sty
(/usr/share/texmf-dist/tex/generic/infwarerr/infwarerr.sty)))
(/usr/share/texmf-dist/tex/latex/hycolor/hycolor.sty)
(/usr/share/texmf-dist/tex/latex/hyperref/nameref.sty
(/usr/share/texmf-dist/tex/latex/refcount/refcount.sty)
(/usr/share/texmf-dist/tex/generic/gettitlestring/gettitlestring.sty
(/usr/share/texmf-dist/tex/latex/kvoptions/kvoptions.sty)))
(/usr/share/texmf-dist/tex/latex/etoolbox/etoolbox.sty)
(/usr/share/texmf-dist/tex/generic/stringenc/stringenc.sty)
(/usr/share/texmf-dist/tex/latex/hyperref/pd1enc.def)
(/usr/share/texmf-dist/tex/generic/intcalc/intcalc.sty)
(/usr/share/texmf-dist/tex/latex/hyperref/puenc.def)
(/usr/share/texmf-dist/tex/latex/url/url.sty)
(/usr/share/texmf-dist/tex/generic/bitset/bitset.sty
(/usr/share/texmf-dist/tex/generic/bigintcalc/bigintcalc.sty)))
(/usr/share/texmf-dist/tex/latex/hyperref/hxetex.def
(/usr/share/texmf-dist/tex/latex/rerunfilecheck/rerunfilecheck.sty
(/usr/share/texmf-dist/tex/generic/uniquecounter/uniquecounter.sty)))
(/home/xola/GitHub/Solial Registry/results/documents/research_paper_ru.aux)
*geometry* driver: auto-detecting
*geometry* detected driver: xetex
Package pgfplots notification 'compat/show suggested version=true': you might b
enefit from \pgfplotsset{compat=1.18} (current compat level: 1.17).

(/home/xola/GitHub/Solial Registry/results/documents/research_paper_ru.out)
(/home/xola/GitHub/Solial Registry/results/documents/research_paper_ru.out)
[1] [2] [3] [4]
Underfull \hbox (badness 1748) in paragraph at lines 118--119
\TU/LiberationSerif(0)/m/n/12 арифметическая проверка контролирует зафиксирован
ный состав случаев. Рецензия
[5] [6]
Underfull \hbox (badness 10000) in paragraph at lines 158--159
[]|\TU/LiberationSerif(0)/m/n/11.04124 Максимум

Underfull \hbox (badness 10000) in paragraph at lines 158--159
\TU/LiberationSerif(0)/m/n/11.04124 изменения
[7]
Underfull \hbox (badness 5802) in paragraph at lines 199--199
[]|\TU/LiberationSerif(0)/m/n/11.04124 Снижение за месяц
[8]
Underfull \hbox (badness 10000) in paragraph at lines 241--241
[]|\TU/LiberationSerif(0)/m/n/11.04124 Неформальный:

Underfull \hbox (badness 10000) in paragraph at lines 241--242
[]|\TU/LiberationSerif(0)/m/n/11.04124 Неформальный:

Underfull \hbox (badness 1400) in paragraph at lines 245--245
[]|\TU/LiberationSerif(0)/m/n/11.04124 Нукус / област-
[9]
Underfull \hbox (badness 10000) in paragraph at lines 272--273
[]|\TU/LiberationSerif(0)/m/n/11.04124 Необязательная поправка

Underfull \hbox (badness 10000) in paragraph at lines 272--273
\TU/LiberationSerif(0)/m/n/11.04124 категории; обязательное

Underfull \hbox (badness 10000) in paragraph at lines 272--273
\TU/LiberationSerif(0)/m/n/11.04124 определение законных

Underfull \hbox (badness 10000) in paragraph at lines 273--274
[]|\TU/LiberationSerif(0)/m/n/11.04124 Необязательная поправка

Underfull \hbox (badness 10000) in paragraph at lines 273--274
\TU/LiberationSerif(0)/m/n/11.04124 формулы; обязательный

Underfull \hbox (badness 1292) in paragraph at lines 275--276
[]|\TU/LiberationSerif(0)/m/n/11.04124 Временная версия и про-

Underfull \hbox (badness 2521) in paragraph at lines 277--277
[]|\TU/LiberationSerif(0)/m/n/11.04124 Основания и пере-

Underfull \hbox (badness 10000) in paragraph at lines 278--278
[]|\TU/LiberationSerif(0)/m/n/11.04124 Персональные данные;
[10] [11]
Underfull \hbox (badness 2401) in paragraph at lines 314--315
[]|\TU/LiberationSerif(0)/m/n/11.04124 Условия ситуации, законная

Underfull \hbox (badness 10000) in paragraph at lines 314--315
\TU/LiberationSerif(0)/m/n/11.04124 рекомендация, квота, пере-

Underfull \hbox (badness 10000) in paragraph at lines 315--316
[]|\TU/LiberationSerif(0)/m/n/11.04124 Геометрия одного участка

Underfull \hbox (badness 1028) in paragraph at lines 315--316
\TU/LiberationSerif(0)/m/n/11.04124 из полномочного источника,

Underfull \hbox (badness 10000) in paragraph at lines 315--316
\TU/LiberationSerif(0)/m/n/11.04124 дробные площади, мест-

Underfull \hbox (badness 5077) in paragraph at lines 315--316
\TU/LiberationSerif(0)/m/n/11.04124 ный коэффициент по дате,

Underfull \hbox (badness 10000) in paragraph at lines 315--316
\TU/LiberationSerif(0)/m/n/11.04124 ограничения источника и

Underfull \hbox (badness 10000) in paragraph at lines 316--316
[]|\TU/LiberationSerif(0)/m/n/11.04124 24 строки пересечения

Underfull \hbox (badness 10000) in paragraph at lines 316--316
\TU/LiberationSerif(0)/m/n/11.04124 восьми территориаль-

Underfull \hbox (badness 3407) in paragraph at lines 317--318
\TU/LiberationSerif(0)/m/n/11.04124 валютное преобразование и

Underfull \hbox (badness 10000) in paragraph at lines 319--320
[]|\TU/LiberationSerif(0)/m/n/11.04124 Официальная формула,

Underfull \hbox (badness 10000) in paragraph at lines 319--320
\TU/LiberationSerif(0)/m/n/11.04124 область/зависимости, ис-

Underfull \hbox (badness 2368) in paragraph at lines 319--320
\TU/LiberationSerif(0)/m/n/11.04124 Демонстрация не проверяет

Underfull \hbox (badness 10000) in paragraph at lines 319--320
\TU/LiberationSerif(0)/m/n/11.04124 неизвестную нелинейную
 [12] [13] [14] [15]
Underfull \hbox (badness 10000) in paragraph at lines 363--364
[]\TU/LiberationSerif(0)/m/n/12 Связывание проверяет уникальность идентификатор
а, отношения один-ко-
[16] [17] [18] [19] [20]
Underfull \hbox (badness 2285) in paragraph at lines 455--456
[]\TU/LiberationSerif(0)/m/n/12 President of Uzbekistan. \TU/LiberationSerif(0)
/b/n/12 PF-193\TU/LiberationSerif(0)/m/n/12 , 11 September 2026, paragraphs 13–
14. []Official

Underfull \hbox (badness 3240) in paragraph at lines 457--458
[]\TU/LiberationSerif(0)/m/n/12 Cabinet of Ministers of Uzbekistan. \TU/Liberat
ionSerif(0)/b/n/12 Resolution 35\TU/LiberationSerif(0)/m/n/12 , 29 January 2026
, Annex 1

Underfull \hbox (badness 1406) in paragraph at lines 461--462
[]\TU/LiberationSerif(0)/m/n/12 President of Uzbekistan. \TU/LiberationSerif(0)
/b/n/12 PF-115\TU/LiberationSerif(0)/m/n/12 , 23 June 2026, minimum-remuneratio
n provisions
[21]
Underfull \hbox (badness 1867) in paragraph at lines 465--466
[]\TU/LiberationSerif(0)/m/n/12 National Statistics Committee. \TU/LiberationSe
rif(0)/b/n/12 Poverty rate, SIAT 3495\TU/LiberationSerif(0)/m/n/12 , 2021–2025 
observations

Underfull \hbox (badness 1072) in paragraph at lines 473--474
[]\TU/LiberationSerif(0)/m/n/12 World Bank. \TU/LiberationSerif(0)/b/n/12 Uzbek
istan Poverty and Equity Assessment: Rising to Prosperity:

Underfull \hbox (badness 1796) in paragraph at lines 479--480
\TU/LiberationSerif(0)/m/n/12 Kenichi, editors. \TU/LiberationSerif(0)/b/n/12 S
ourcebook on the Foundations of Social Protection Delivery

Underfull \hbox (badness 1688) in paragraph at lines 483--484
[]\TU/LiberationSerif(0)/m/n/12 Alatas, Vivi; Banerjee, Abhijit; Hanna, Rema; O
lken, Benjamin A.; Tobias, Julia.

Underfull \hbox (badness 10000) in paragraph at lines 493--494
[]\TU/LiberationSerif(0)/m/n/12 President of Uzbekistan. \TU/LiberationSerif(0)
/b/n/12 PP-5025, On further improving regulatory impact

Underfull \hbox (badness 1360) in paragraph at lines 493--494
\TU/LiberationSerif(0)/b/n/12 assessment\TU/LiberationSerif(0)/m/n/12 , 15 Marc
h 2021, current paragraph 2(b). []Official consolidated Russian
[22]
Underfull \hbox (badness 2384) in paragraph at lines 512--513
[]\TU/LiberationSerif(0)/m/n/12 Government portal. \TU/LiberationSerif(0)/b/n/1
2 Mahalla odamlar uchun ishonch, tayanch va imkoniyatlar

Underfull \hbox (badness 1448) in paragraph at lines 518--519
\TU/LiberationSerif(0)/m/n/12 registered as No. 3943 on 17 September 2026, chec
ked 1 October 2026. []Official
[23]
Underfull \hbox (badness 1990) in paragraph at lines 539--540
\TU/LiberationSerif(0)/m/n/12 Markdown, Beautiful Soup и pypdf для публикации. 
Полученные графики сохране-
[24] (/home/xola/GitHub/Solial Registry/results/documents/research_paper_ru.aux
) )
(see the transcript file for additional information)
Output written on /home/xola/GitHub/Solial Registry/results/documents/research_
paper_ru.pdf (24 pages).
Transcript written on /home/xola/GitHub/Solial Registry/results/documents/resea
rch_paper_ru.log.
