Fresh-context workspace review, 30 September 2026. Not statutory Article 25 expertise.

No demonstrated substantive defects found in this single review.
Verified: 31 self-tests passed; saved fingerprints and every substantive audit field match exact replay; arithmetic, endpoints, units, constructed-case labels, hardship protection and hierarchy agree with inspected official provisions.
Scientific excerpts and metadata checked revealed no concrete mismatch. Exact page-specific support in the Grosh book remains unverified by the reviewer because its full-PDF endpoint failed; the opened World Bank publisher summary supports general context/data-quality claims.
No files edited by reviewer.


Final maintained-source editor compilation, 30 September 2026.
[
  {
    "name": "research_paper",
    "isError": false,
    "result": [
      {
        "path": "/home/xola/GitHub/Solial Registry/docs/research_paper.tex",
        "kind": "success",
        "message": "The current source compiled successfully with the desktop editor's compiler."
      }
    ]
  },
  {
    "name": "research_paper_ru",
    "isError": false,
    "result": [
      {
        "path": "/home/xola/GitHub/Solial Registry/docs/research_paper_ru.tex",
        "kind": "success",
        "message": "The current source compiled successfully with the desktop editor's compiler."
      }
    ]
  },
  {
    "name": "normative_act_draft_uz",
    "isError": false,
    "result": [
      {
        "path": "/home/xola/GitHub/Solial Registry/docs/normative_act_draft_uz.tex",
        "kind": "success",
        "message": "The current source compiled successfully with the desktop editor's compiler."
      }
    ]
  },
  {
    "name": "normative_act_draft_ru",
    "isError": false,
    "result": [
      {
        "path": "/home/xola/GitHub/Solial Registry/docs/normative_act_draft_ru.tex",
        "kind": "success",
        "message": "The current source compiled successfully with the desktop editor's compiler."
      }
    ]
  },
  {
    "name": "explanatory_note_uz",
    "isError": false,
    "result": [
      {
        "path": "/home/xola/GitHub/Solial Registry/docs/explanatory_note_uz.tex",
        "kind": "success",
        "message": "The current source compiled successfully with the desktop editor's compiler."
      }
    ]
  },
  {
    "name": "explanatory_note_ru",
    "isError": false,
    "result": [
      {
        "path": "/home/xola/GitHub/Solial Registry/docs/explanatory_note_ru.tex",
        "kind": "success",
        "message": "The current source compiled successfully with the desktop editor's compiler."
      }
    ]
  },
  {
    "name": "participation_request_uz",
    "isError": false,
    "result": [
      {
        "path": "/home/xola/GitHub/Solial Registry/docs/participation_request_uz.tex",
        "kind": "success",
        "message": "The current source compiled successfully with the desktop editor's compiler."
      }
    ]
  },
  {
    "name": "participation_request_ru",
    "isError": false,
    "result": [
      {
        "path": "/home/xola/GitHub/Solial Registry/docs/participation_request_ru.tex",
        "kind": "success",
        "message": "The current source compiled successfully with the desktop editor's compiler."
      }
    ]
  },
  {
    "name": "scientific_review_terms_uz",
    "isError": false,
    "result": [
      {
        "path": "/home/xola/GitHub/Solial Registry/docs/scientific_review_terms_uz.tex",
        "kind": "success",
        "message": "The current source compiled successfully with the desktop editor's compiler."
      }
    ]
  },
  {
    "name": "scientific_review_terms_ru",
    "isError": false,
    "result": [
      {
        "path": "/home/xola/GitHub/Solial Registry/docs/scientific_review_terms_ru.tex",
        "kind": "success",
        "message": "The current source compiled successfully with the desktop editor's compiler."
      }
    ]
  }
]

2026-09-30 — final three-language built-in compiler results; current-source hashes in adoptability_review.md
[
  {
    "name": "research_paper",
    "result": {
      "content": [
        {
          "type": "text",
          "text": "{\"path\":\"/home/xola/GitHub/Solial Registry/docs/research_paper.tex\",\"kind\":\"success\",\"message\":\"The current source compiled successfully with the desktop editor's compiler.\"}"
        }
      ],
      "isError": false
    }
  },
  {
    "name": "research_paper_uz",
    "result": {
      "content": [
        {
          "type": "text",
          "text": "{\"path\":\"/home/xola/GitHub/Solial Registry/docs/research_paper_uz.tex\",\"kind\":\"success\",\"message\":\"The current source compiled successfully with the desktop editor's compiler.\"}"
        }
      ],
      "isError": false
    }
  },
  {
    "name": "research_paper_ru",
    "result": {
      "content": [
        {
          "type": "text",
          "text": "{\"path\":\"/home/xola/GitHub/Solial Registry/docs/research_paper_ru.tex\",\"kind\":\"success\",\"message\":\"The current source compiled successfully with the desktop editor's compiler.\"}"
        }
      ],
      "isError": false
    }
  },
  {
    "name": "normative_act_draft_uz",
    "result": {
      "content": [
        {
          "type": "text",
          "text": "{\"path\":\"/home/xola/GitHub/Solial Registry/docs/normative_act_draft_uz.tex\",\"kind\":\"success\",\"message\":\"The current source compiled successfully with the desktop editor's compiler.\"}"
        }
      ],
      "isError": false
    }
  },
  {
    "name": "normative_act_draft_ru",
    "result": {
      "content": [
        {
          "type": "text",
          "text": "{\"path\":\"/home/xola/GitHub/Solial Registry/docs/normative_act_draft_ru.tex\",\"kind\":\"success\",\"message\":\"The current source compiled successfully with the desktop editor's compiler.\"}"
        }
      ],
      "isError": false
    }
  },
  {
    "name": "normative_act_draft_en",
    "result": {
      "content": [
        {
          "type": "text",
          "text": "{\"path\":\"/home/xola/GitHub/Solial Registry/docs/normative_act_draft_en.tex\",\"kind\":\"success\",\"message\":\"The current source compiled successfully with the desktop editor's compiler.\"}"
        }
      ],
      "isError": false
    }
  },
  {
    "name": "explanatory_note_uz",
    "result": {
      "content": [
        {
          "type": "text",
          "text": "{\"path\":\"/home/xola/GitHub/Solial Registry/docs/explanatory_note_uz.tex\",\"kind\":\"success\",\"message\":\"The current source compiled successfully with the desktop editor's compiler.\"}"
        }
      ],
      "isError": false
    }
  },
  {
    "name": "explanatory_note_ru",
    "result": {
      "content": [
        {
          "type": "text",
          "text": "{\"path\":\"/home/xola/GitHub/Solial Registry/docs/explanatory_note_ru.tex\",\"kind\":\"success\",\"message\":\"The current source compiled successfully with the desktop editor's compiler.\"}"
        }
      ],
      "isError": false
    }
  },
  {
    "name": "explanatory_note_en",
    "result": {
      "content": [
        {
          "type": "text",
          "text": "{\"path\":\"/home/xola/GitHub/Solial Registry/docs/explanatory_note_en.tex\",\"kind\":\"success\",\"message\":\"The current source compiled successfully with the desktop editor's compiler.\"}"
        }
      ],
      "isError": false
    }
  },
  {
    "name": "participation_request_uz",
    "result": {
      "content": [
        {
          "type": "text",
          "text": "{\"path\":\"/home/xola/GitHub/Solial Registry/docs/participation_request_uz.tex\",\"kind\":\"success\",\"message\":\"The current source compiled successfully with the desktop editor's compiler.\"}"
        }
      ],
      "isError": false
    }
  },
  {
    "name": "participation_request_ru",
    "result": {
      "content": [
        {
          "type": "text",
          "text": "{\"path\":\"/home/xola/GitHub/Solial Registry/docs/participation_request_ru.tex\",\"kind\":\"success\",\"message\":\"The current source compiled successfully with the desktop editor's compiler.\"}"
        }
      ],
      "isError": false
    }
  },
  {
    "name": "participation_request_en",
    "result": {
      "content": [
        {
          "type": "text",
          "text": "{\"path\":\"/home/xola/GitHub/Solial Registry/docs/participation_request_en.tex\",\"kind\":\"success\",\"message\":\"The current source compiled successfully with the desktop editor's compiler.\"}"
        }
      ],
      "isError": false
    }
  },
  {
    "name": "scientific_review_terms_uz",
    "result": {
      "content": [
        {
          "type": "text",
          "text": "{\"path\":\"/home/xola/GitHub/Solial Registry/docs/scientific_review_terms_uz.tex\",\"kind\":\"success\",\"message\":\"The current source compiled successfully with the desktop editor's compiler.\"}"
        }
      ],
      "isError": false
    }
  },
  {
    "name": "scientific_review_terms_ru",
    "result": {
      "content": [
        {
          "type": "text",
          "text": "{\"path\":\"/home/xola/GitHub/Solial Registry/docs/scientific_review_terms_ru.tex\",\"kind\":\"success\",\"message\":\"The current source compiled successfully with the desktop editor's compiler.\"}"
        }
      ],
      "isError": false
    }
  },
  {
    "name": "scientific_review_terms_en",
    "result": {
      "content": [
        {
          "type": "text",
          "text": "{\"path\":\"/home/xola/GitHub/Solial Registry/docs/scientific_review_terms_en.tex\",\"kind\":\"success\",\"message\":\"The current source compiled successfully with the desktop editor's compiler.\"}"
        }
      ],
      "isError": false
    }
  }
]


Final revised-source verification, 1 October 2026, Asia/Tashkent. No PDF export.
{
  "editor_compilation": [
    {
      "path": "/home/xola/GitHub/Solial Registry/docs/participation_request_en.tex",
      "kind": "success",
      "message": "The current source compiled successfully with the desktop editor's compiler."
    },
    {
      "path": "/home/xola/GitHub/Solial Registry/docs/participation_request_uz.tex",
      "kind": "success",
      "message": "The current source compiled successfully with the desktop editor's compiler."
    },
    {
      "path": "/home/xola/GitHub/Solial Registry/docs/participation_request_ru.tex",
      "kind": "success",
      "message": "The current source compiled successfully with the desktop editor's compiler."
    },
    {
      "path": "/home/xola/GitHub/Solial Registry/docs/normative_act_draft_uz.tex",
      "kind": "success",
      "message": "The current source compiled successfully with the desktop editor's compiler."
    },
    {
      "path": "/home/xola/GitHub/Solial Registry/docs/normative_act_draft_ru.tex",
      "kind": "success",
      "message": "The current source compiled successfully with the desktop editor's compiler."
    },
    {
      "path": "/home/xola/GitHub/Solial Registry/docs/normative_act_draft_en.tex",
      "kind": "success",
      "message": "The current source compiled successfully with the desktop editor's compiler."
    },
    {
      "path": "/home/xola/GitHub/Solial Registry/docs/explanatory_note_uz.tex",
      "kind": "success",
      "message": "The current source compiled successfully with the desktop editor's compiler."
    },
    {
      "path": "/home/xola/GitHub/Solial Registry/docs/explanatory_note_ru.tex",
      "kind": "success",
      "message": "The current source compiled successfully with the desktop editor's compiler."
    },
    {
      "path": "/home/xola/GitHub/Solial Registry/docs/explanatory_note_en.tex",
      "kind": "success",
      "message": "The current source compiled successfully with the desktop editor's compiler."
    }
  ],
  "verification_commands": [
    {
      "chunk_id": "6aa2d5",
      "wall_time_seconds": 0.162812734,
      "exit_code": 0,
      "original_token_count": 887,
      "output": "test_real_output_replays (test_provenance.ProvenanceTests.test_real_output_replays) ... ok\ntest_stale_code_hash_rejected (test_provenance.ProvenanceTests.test_stale_code_hash_rejected) ... ok\ntest_stale_input_hash_rejected (test_provenance.ProvenanceTests.test_stale_input_hash_rejected) ... ok\ntest_tampered_result_rejected (test_provenance.ProvenanceTests.test_tampered_result_rejected) ... ok\ntest_area_cap_boundary (test_scoring.VerificationTests.test_area_cap_boundary) ... ok\ntest_bad_geometry_and_parameters_rejected (test_scoring.VerificationTests.test_bad_geometry_and_parameters_rejected) ... ok\ntest_complete_land_grid_and_independent_negative_count (test_scoring.VerificationTests.test_complete_land_grid_and_independent_negative_count) ... ok\ntest_conditional_remittance_discontinuities (test_scoring.VerificationTests.test_conditional_remittance_discontinuities) ... ok\ntest_degenerate_missing_range_still_requires_review (test_scoring.VerificationTests.test_degenerate_missing_range_still_requires_review) ... ok\ntest_duplicate_ids_and_unknown_reference_rejected (test_scoring.VerificationTests.test_duplicate_ids_and_unknown_reference_rejected) ... ok\ntest_empty_records_rejected (test_scoring.VerificationTests.test_empty_records_rejected) ... ok\ntest_exact_decimal_arithmetic (test_scoring.VerificationTests.test_exact_decimal_arithmetic) ... ok\ntest_former_category_control_and_refusal_boundary (test_scoring.VerificationTests.test_former_category_control_and_refusal_boundary) ... ok\ntest_goat_fractional_exemption (test_scoring.VerificationTests.test_goat_fractional_exemption) ... ok\ntest_hand_derived_demo_counts (test_scoring.VerificationTests.test_hand_derived_demo_counts) ... ok\ntest_hardship_exact_intervals (test_scoring.VerificationTests.test_hardship_exact_intervals) ... ok\ntest_invalid_config_rejected (test_scoring.VerificationTests.test_invalid_config_rejected) ... ok\ntest_invalid_divisors_rejected (test_scoring.VerificationTests.test_invalid_divisors_rejected) ... ok\ntest_invalid_numbers_rejected (test_scoring.VerificationTests.test_invalid_numbers_rejected) ... ok\ntest_invalid_rows_rejected (test_scoring.VerificationTests.test_invalid_rows_rejected) ... ok\ntest_legal_audit_scope_and_coefficient_units (test_scoring.VerificationTests.test_legal_audit_scope_and_coefficient_units) ... ok\ntest_literal_negative_land_separate_from_proposal (test_scoring.VerificationTests.test_literal_negative_land_separate_from_proposal) ... ok\ntest_missing_is_not_zero (test_scoring.VerificationTests.test_missing_is_not_zero) ... ok\ntest_negative_weight_interval (test_scoring.VerificationTests.test_negative_weight_interval) ... ok\ntest_no_comparable_reference_has_no_rate (test_scoring.VerificationTests.test_no_comparable_reference_has_no_rate) ... ok\ntest_official_income_equality_gap (test_scoring.VerificationTests.test_official_income_equality_gap) ... ok\ntest_official_published_income_example (test_scoring.VerificationTests.test_official_published_income_example) ... ok\ntest_review_hardship_counterexample (test_scoring.VerificationTests.test_review_hardship_counterexample) ... ok\ntest_tax_floor_and_monotonicity (test_scoring.VerificationTests.test_tax_floor_and_monotonicity) ... ok\ntest_threshold_equality_and_both_sides (test_scoring.VerificationTests.test_threshold_equality_and_both_sides) ... ok\ntest_wrong_reference_is_detected (test_scoring.VerificationTests.test_wrong_reference_is_detected) ... ok\n\n----------------------------------------------------------------------\nRan 31 tests in 0.240s\n\nOK\n"
    },
    {
      "chunk_id": "d9efe5",
      "wall_time_seconds": 1.8384e-05,
      "exit_code": 0,
      "original_token_count": 151,
      "output": "{\n  \"verified\": true,\n  \"method\": \"Independent piecewise and integer inequalities; no imported rule functions\",\n  \"land_cases_checked\": 4105,\n  \"negative_land_cases_by_plot\": {\n    \"100\": 20,\n    \"1000\": 200,\n    \"1001\": 200,\n    \"2000\": 200\n  },\n  \"hardship_cases_checked\": 12,\n  \"tax_cases_checked\": 24,\n  \"conditional_remittance_cases_checked\": 16,\n  \"goat_cases_checked\": 6,\n  \"audit_sha256\": \"62b8a0fa035ffb7d82deffe91b2d13b98268ffc240b5f968705e371891174a7c\",\n  \"verifier_sha256\": \"631d8de899315f805e064fc8680ca3c904b67999f7f20c2f31cca99e8de57c5f\",\n  \"command\": \"python scripts/verify_results.py\"\n}\n"
    },
    {
      "chunk_id": "6a4e30",
      "wall_time_seconds": 0.028832819,
      "exit_code": 0,
      "original_token_count": 332,
      "output": "research_paper: afc012785faa589abb281c3ee829a28726d7f1dd2b8ca9ae82a1f7f00abcb0dd\nnormative_act_draft_uz: 5e2e9f505d42ab380538dbdb693c970cb97cdb90a00a7c7b7bf54e9a0df0803e\nexplanatory_note_uz: 1f32660169add07fdb101682df5b18c3cddb5d419e38f34c37962639eb713d86\nparticipation_request_uz: 84698d9dc332c9d04eb92c8982fc86543b09315ea13d6d6e8eeeb7210d8135a2\nscientific_review_terms_uz: 806b2beb8a658788952499b9af2920f008ea735f12cfb4e31c93c812492a0d89\nresearch_paper_ru: 37d8513949ced59627a07166945271689f54d07e621ad3aa192e2541513dc18d\nnormative_act_draft_ru: aed82179a7ba2ce49badc0eb263dc310168c9e34b6e4517e1deacb81d464a721\nexplanatory_note_ru: a6ced92c4198fadfcdc92aaa5dd08f04386befe58c9587cd9fafa51ddad6b2e6\nparticipation_request_ru: fc5e1dfac9ca3ad154005d2b23526c29875a430d4ad0cc9530e005b32efabcb1\nscientific_review_terms_ru: 6e8c99e5f496ca416a3b581698f33ea7c9cb30d2784d42d2a88f84f732162651\nresearch_paper_uz: b309cf9db012c2e8737e0d007632da977f9e3574d09bd862e609c3e15ac7c834\nnormative_act_draft_en: 48f1357899afd7abc25fa554e0d1c0263ba691cb9f196842235ed24879897302\nexplanatory_note_en: 6f06d1acb981ea2b240ba8b3c17ba00372dc4bcc8d0818b3f4331dabbdf53656\nparticipation_request_en: 15f13f0b9debe855b955e690edaadc10275454a061a0b9145c813920fbbfc547\nscientific_review_terms_en: 277c813efe0635f784d6420e51ec901b8842665bad9b63c4116359651ff2bee1\n"
    }
  ]
}

2026-10-01 — enforceable procedural duties review
{
  "date": "2026-10-01",
  "review": "enforceable procedural duties, not compulsory adoption",
  "built_in_final_compilations": [
    {
      "file": "docs/participation_request_en.tex",
      "diagnostic": {
        "path": "/home/xola/GitHub/Solial Registry/docs/participation_request_en.tex",
        "kind": "success",
        "message": "The current source compiled successfully with the desktop editor's compiler."
      }
    },
    {
      "file": "docs/participation_request_uz.tex",
      "diagnostic": {
        "path": "/home/xola/GitHub/Solial Registry/docs/participation_request_uz.tex",
        "kind": "success",
        "message": "The current source compiled successfully with the desktop editor's compiler."
      }
    },
    {
      "file": "docs/participation_request_ru.tex",
      "diagnostic": {
        "path": "/home/xola/GitHub/Solial Registry/docs/participation_request_ru.tex",
        "kind": "success",
        "message": "The current source compiled successfully with the desktop editor's compiler."
      }
    },
    {
      "file": "docs/explanatory_note_en.tex",
      "diagnostic": {
        "path": "/home/xola/GitHub/Solial Registry/docs/explanatory_note_en.tex",
        "kind": "success",
        "message": "The current source compiled successfully with the desktop editor's compiler."
      }
    },
    {
      "file": "docs/explanatory_note_uz.tex",
      "diagnostic": {
        "path": "/home/xola/GitHub/Solial Registry/docs/explanatory_note_uz.tex",
        "kind": "success",
        "message": "The current source compiled successfully with the desktop editor's compiler."
      }
    },
    {
      "file": "docs/explanatory_note_ru.tex",
      "diagnostic": {
        "path": "/home/xola/GitHub/Solial Registry/docs/explanatory_note_ru.tex",
        "kind": "success",
        "message": "The current source compiled successfully with the desktop editor's compiler."
      }
    },
    {
      "file": "docs/research_paper.tex",
      "diagnostic": {
        "path": "/home/xola/GitHub/Solial Registry/docs/research_paper.tex",
        "kind": "success",
        "message": "The current source compiled successfully with the desktop editor's compiler."
      }
    },
    {
      "file": "docs/research_paper_uz.tex",
      "diagnostic": {
        "path": "/home/xola/GitHub/Solial Registry/docs/research_paper_uz.tex",
        "kind": "success",
        "message": "The current source compiled successfully with the desktop editor's compiler."
      }
    },
    {
      "file": "docs/research_paper_ru.tex",
      "diagnostic": {
        "path": "/home/xola/GitHub/Solial Registry/docs/research_paper_ru.tex",
        "kind": "success",
        "message": "The current source compiled successfully with the desktop editor's compiler."
      }
    }
  ],
  "no_pdf_diagnostics_manifest": "/tmp/registry-enforceable-oct1-inkfdwli/diagnostics.json",
  "scientific_code_and_audit_changed": false,
  "new_household_analysis_performed": false,
  "independent_reviewer": "/root/review_enforceable_revisions",
  "independent_demonstrated_defects": 1,
  "defects_corrected_and_reread": 1
}

2026-10-01 — final source and review-record verification
[
  {
    "chunk_id": "e24b75",
    "wall_time_seconds": 0.002619472,
    "exit_code": 0,
    "original_token_count": 332,
    "output": "research_paper: 475dfd596d6ada2de6a2fb72514e0a2a9a2a8ccdacaab27970426f766bfe2589\nnormative_act_draft_uz: 5e2e9f505d42ab380538dbdb693c970cb97cdb90a00a7c7b7bf54e9a0df0803e\nexplanatory_note_uz: 2c19e9cce64adc883d47d8bc0f498ab18e3451ff5de12c18a82e6e4584b001da\nparticipation_request_uz: 65126cc8a495481ebe31c241f9b31f4556d4b152fd4dc14f6d512950e98955d6\nscientific_review_terms_uz: 806b2beb8a658788952499b9af2920f008ea735f12cfb4e31c93c812492a0d89\nresearch_paper_ru: 980585b37f87de9ef9c1c9bb7f6dfa92590103aa2516ec521dea3260c7de5df9\nnormative_act_draft_ru: aed82179a7ba2ce49badc0eb263dc310168c9e34b6e4517e1deacb81d464a721\nexplanatory_note_ru: 1acc208c478e8a4ef1167f30bb1b5cb5e6771e15ab4ed4bf84e49c0533ade409\nparticipation_request_ru: e7fd568d8f1d378f803cc5b66bb2c7752c5a894904fa9eed7049cfff2e385654\nscientific_review_terms_ru: 6e8c99e5f496ca416a3b581698f33ea7c9cb30d2784d42d2a88f84f732162651\nresearch_paper_uz: 05960b2db876d7ca5acee1f6fa161b905b70383848d521ef32aa52a45e9618ee\nnormative_act_draft_en: 48f1357899afd7abc25fa554e0d1c0263ba691cb9f196842235ed24879897302\nexplanatory_note_en: d90f556425be2ab4d6498e4fc7322d76251f756218727fac743503a73c356f42\nparticipation_request_en: 10becd303273f8071ab7f36bb6c74890d982c3a7241caf958c5f0a5514c8421f\nscientific_review_terms_en: 277c813efe0635f784d6420e51ec901b8842665bad9b63c4116359651ff2bee1\n"
  },
  {
    "chunk_id": "23d558",
    "wall_time_seconds": 1.7058e-05,
    "exit_code": 0,
    "original_token_count": 102,
    "output": "research_paper.tex 20 references, updated Article 23 coverage\nresearch_paper_uz.tex 20 references, updated Article 23 coverage\nresearch_paper_ru.tex 20 references, updated Article 23 coverage\nPASS: latest review table/JSON render, nine final compiler confirmations and source hashes, two successful no-PDF passes each, reference counts, request enclosures, and four-line failure entries.\nREVIEW_LOCATION 887\n"
  }
]

2026-10-01 substantive-paper revision verification
{
  "built_in_compiler": [
    {
      "path": "/home/xola/GitHub/Solial Registry/docs/research_paper.tex",
      "result": {
        "content": [
          {
            "type": "text",
            "text": "{\"path\":\"/home/xola/GitHub/Solial Registry/docs/research_paper.tex\",\"kind\":\"success\",\"message\":\"The current source compiled successfully with the desktop editor's compiler.\"}"
          }
        ],
        "isError": false
      }
    },
    {
      "path": "/home/xola/GitHub/Solial Registry/docs/research_paper_uz.tex",
      "result": {
        "content": [
          {
            "type": "text",
            "text": "{\"path\":\"/home/xola/GitHub/Solial Registry/docs/research_paper_uz.tex\",\"kind\":\"success\",\"message\":\"The current source compiled successfully with the desktop editor's compiler.\"}"
          }
        ],
        "isError": false
      }
    },
    {
      "path": "/home/xola/GitHub/Solial Registry/docs/research_paper_ru.tex",
      "result": {
        "content": [
          {
            "type": "text",
            "text": "{\"path\":\"/home/xola/GitHub/Solial Registry/docs/research_paper_ru.tex\",\"kind\":\"success\",\"message\":\"The current source compiled successfully with the desktop editor's compiler.\"}"
          }
        ],
        "isError": false
      }
    },
    {
      "path": "/home/xola/GitHub/Solial Registry/docs/normative_act_draft_en.tex",
      "result": {
        "content": [
          {
            "type": "text",
            "text": "{\"path\":\"/home/xola/GitHub/Solial Registry/docs/normative_act_draft_en.tex\",\"kind\":\"success\",\"message\":\"The current source compiled successfully with the desktop editor's compiler.\"}"
          }
        ],
        "isError": false
      }
    },
    {
      "path": "/home/xola/GitHub/Solial Registry/docs/normative_act_draft_uz.tex",
      "result": {
        "content": [
          {
            "type": "text",
            "text": "{\"path\":\"/home/xola/GitHub/Solial Registry/docs/normative_act_draft_uz.tex\",\"kind\":\"success\",\"message\":\"The current source compiled successfully with the desktop editor's compiler.\"}"
          }
        ],
        "isError": false
      }
    },
    {
      "path": "/home/xola/GitHub/Solial Registry/docs/normative_act_draft_ru.tex",
      "result": {
        "content": [
          {
            "type": "text",
            "text": "{\"path\":\"/home/xola/GitHub/Solial Registry/docs/normative_act_draft_ru.tex\",\"kind\":\"success\",\"message\":\"The current source compiled successfully with the desktop editor's compiler.\"}"
          }
        ],
        "isError": false
      }
    },
    {
      "path": "/home/xola/GitHub/Solial Registry/docs/explanatory_note_en.tex",
      "result": {
        "content": [
          {
            "type": "text",
            "text": "{\"path\":\"/home/xola/GitHub/Solial Registry/docs/explanatory_note_en.tex\",\"kind\":\"success\",\"message\":\"The current source compiled successfully with the desktop editor's compiler.\"}"
          }
        ],
        "isError": false
      }
    },
    {
      "path": "/home/xola/GitHub/Solial Registry/docs/explanatory_note_uz.tex",
      "result": {
        "content": [
          {
            "type": "text",
            "text": "{\"path\":\"/home/xola/GitHub/Solial Registry/docs/explanatory_note_uz.tex\",\"kind\":\"success\",\"message\":\"The current source compiled successfully with the desktop editor's compiler.\"}"
          }
        ],
        "isError": false
      }
    },
    {
      "path": "/home/xola/GitHub/Solial Registry/docs/explanatory_note_ru.tex",
      "result": {
        "content": [
          {
            "type": "text",
            "text": "{\"path\":\"/home/xola/GitHub/Solial Registry/docs/explanatory_note_ru.tex\",\"kind\":\"success\",\"message\":\"The current source compiled successfully with the desktop editor's compiler.\"}"
          }
        ],
        "isError": false
      }
    },
    {
      "path": "/home/xola/GitHub/Solial Registry/docs/scientific_review_terms_en.tex",
      "result": {
        "content": [
          {
            "type": "text",
            "text": "{\"path\":\"/home/xola/GitHub/Solial Registry/docs/scientific_review_terms_en.tex\",\"kind\":\"success\",\"message\":\"The current source compiled successfully with the desktop editor's compiler.\"}"
          }
        ],
        "isError": false
      }
    },
    {
      "path": "/home/xola/GitHub/Solial Registry/docs/scientific_review_terms_uz.tex",
      "result": {
        "content": [
          {
            "type": "text",
            "text": "{\"path\":\"/home/xola/GitHub/Solial Registry/docs/scientific_review_terms_uz.tex\",\"kind\":\"success\",\"message\":\"The current source compiled successfully with the desktop editor's compiler.\"}"
          }
        ],
        "isError": false
      }
    },
    {
      "path": "/home/xola/GitHub/Solial Registry/docs/scientific_review_terms_ru.tex",
      "result": {
        "content": [
          {
            "type": "text",
            "text": "{\"path\":\"/home/xola/GitHub/Solial Registry/docs/scientific_review_terms_ru.tex\",\"kind\":\"success\",\"message\":\"The current source compiled successfully with the desktop editor's compiler.\"}"
          }
        ],
        "isError": false
      }
    },
    {
      "path": "/home/xola/GitHub/Solial Registry/docs/participation_request_en.tex",
      "result": {
        "content": [
          {
            "type": "text",
            "text": "{\"path\":\"/home/xola/GitHub/Solial Registry/docs/participation_request_en.tex\",\"kind\":\"success\",\"message\":\"The current source compiled successfully with the desktop editor's compiler.\"}"
          }
        ],
        "isError": false
      }
    },
    {
      "path": "/home/xola/GitHub/Solial Registry/docs/participation_request_uz.tex",
      "result": {
        "content": [
          {
            "type": "text",
            "text": "{\"path\":\"/home/xola/GitHub/Solial Registry/docs/participation_request_uz.tex\",\"kind\":\"success\",\"message\":\"The current source compiled successfully with the desktop editor's compiler.\"}"
          }
        ],
        "isError": false
      }
    },
    {
      "path": "/home/xola/GitHub/Solial Registry/docs/participation_request_ru.tex",
      "result": {
        "content": [
          {
            "type": "text",
            "text": "{\"path\":\"/home/xola/GitHub/Solial Registry/docs/participation_request_ru.tex\",\"kind\":\"success\",\"message\":\"The current source compiled successfully with the desktop editor's compiler.\"}"
          }
        ],
        "isError": false
      }
    }
  ],
  "two_pass_no_pdf_diagnostics": [
    {
      "file": "docs/research_paper.tex",
      "sha256": "1a7f721b75a77c4b32571d684c070e453b05b65a49b4a8a38d886627f64b9270",
      "runs": [
        {
          "command": [
            "xelatex",
            "-no-pdf",
            "-interaction=nonstopmode",
            "-halt-on-error",
            "-file-line-error",
            "-output-directory=/tmp/registry-substantive-oct1-1q2nx7hj",
            "research_paper.tex"
          ],
          "exit_code": 0
        },
        {
          "command": [
            "xelatex",
            "-no-pdf",
            "-interaction=nonstopmode",
            "-halt-on-error",
            "-file-line-error",
            "-output-directory=/tmp/registry-substantive-oct1-1q2nx7hj",
            "research_paper.tex"
          ],
          "exit_code": 0
        }
      ],
      "warnings": []
    },
    {
      "file": "docs/research_paper_uz.tex",
      "sha256": "5d000322129e45c739894cf6e81680607de3b0031a997104195db9838cfa5151",
      "runs": [
        {
          "command": [
            "xelatex",
            "-no-pdf",
            "-interaction=nonstopmode",
            "-halt-on-error",
            "-file-line-error",
            "-output-directory=/tmp/registry-substantive-oct1-1q2nx7hj",
            "research_paper_uz.tex"
          ],
          "exit_code": 0
        },
        {
          "command": [
            "xelatex",
            "-no-pdf",
            "-interaction=nonstopmode",
            "-halt-on-error",
            "-file-line-error",
            "-output-directory=/tmp/registry-substantive-oct1-1q2nx7hj",
            "research_paper_uz.tex"
          ],
          "exit_code": 0
        }
      ],
      "warnings": []
    },
    {
      "file": "docs/research_paper_ru.tex",
      "sha256": "87d51c703b329a165efe9b21b73acfcdb5758a052c57f1878785c628971283db",
      "runs": [
        {
          "command": [
            "xelatex",
            "-no-pdf",
            "-interaction=nonstopmode",
            "-halt-on-error",
            "-file-line-error",
            "-output-directory=/tmp/registry-substantive-oct1-1q2nx7hj",
            "research_paper_ru.tex"
          ],
          "exit_code": 0
        },
        {
          "command": [
            "xelatex",
            "-no-pdf",
            "-interaction=nonstopmode",
            "-halt-on-error",
            "-file-line-error",
            "-output-directory=/tmp/registry-substantive-oct1-1q2nx7hj",
            "research_paper_ru.tex"
          ],
          "exit_code": 0
        }
      ],
      "warnings": []
    },
    {
      "file": "docs/normative_act_draft_en.tex",
      "sha256": "cd4c1870d4c08ff41f5ef8b8b0084232e6d6237d5b54c34bbcd7a519d848309a",
      "runs": [
        {
          "command": [
            "xelatex",
            "-no-pdf",
            "-interaction=nonstopmode",
            "-halt-on-error",
            "-file-line-error",
            "-output-directory=/tmp/registry-substantive-oct1-1q2nx7hj",
            "normative_act_draft_en.tex"
          ],
          "exit_code": 0
        },
        {
          "command": [
            "xelatex",
            "-no-pdf",
            "-interaction=nonstopmode",
            "-halt-on-error",
            "-file-line-error",
            "-output-directory=/tmp/registry-substantive-oct1-1q2nx7hj",
            "normative_act_draft_en.tex"
          ],
          "exit_code": 0
        }
      ],
      "warnings": []
    },
    {
      "file": "docs/normative_act_draft_uz.tex",
      "sha256": "88fa3f232157a90c76cc121a98ee5b718d569f2fb1f9630a273f0f52080336ca",
      "runs": [
        {
          "command": [
            "xelatex",
            "-no-pdf",
            "-interaction=nonstopmode",
            "-halt-on-error",
            "-file-line-error",
            "-output-directory=/tmp/registry-substantive-oct1-1q2nx7hj",
            "normative_act_draft_uz.tex"
          ],
          "exit_code": 0
        },
        {
          "command": [
            "xelatex",
            "-no-pdf",
            "-interaction=nonstopmode",
            "-halt-on-error",
            "-file-line-error",
            "-output-directory=/tmp/registry-substantive-oct1-1q2nx7hj",
            "normative_act_draft_uz.tex"
          ],
          "exit_code": 0
        }
      ],
      "warnings": []
    },
    {
      "file": "docs/normative_act_draft_ru.tex",
      "sha256": "ac2890a1b0fe8d5d0638c83fdcbf6a5d0a1b8980fbad2088e9e11616d5a2aec2",
      "runs": [
        {
          "command": [
            "xelatex",
            "-no-pdf",
            "-interaction=nonstopmode",
            "-halt-on-error",
            "-file-line-error",
            "-output-directory=/tmp/registry-substantive-oct1-1q2nx7hj",
            "normative_act_draft_ru.tex"
          ],
          "exit_code": 0
        },
        {
          "command": [
            "xelatex",
            "-no-pdf",
            "-interaction=nonstopmode",
            "-halt-on-error",
            "-file-line-error",
            "-output-directory=/tmp/registry-substantive-oct1-1q2nx7hj",
            "normative_act_draft_ru.tex"
          ],
          "exit_code": 0
        }
      ],
      "warnings": []
    },
    {
      "file": "docs/explanatory_note_en.tex",
      "sha256": "1629ed7d17e94c8236a580433ba81a4dcd094b897c0281212b744ac44714ae5e",
      "runs": [
        {
          "command": [
            "xelatex",
            "-no-pdf",
            "-interaction=nonstopmode",
            "-halt-on-error",
            "-file-line-error",
            "-output-directory=/tmp/registry-substantive-oct1-1q2nx7hj",
            "explanatory_note_en.tex"
          ],
          "exit_code": 0
        },
        {
          "command": [
            "xelatex",
            "-no-pdf",
            "-interaction=nonstopmode",
            "-halt-on-error",
            "-file-line-error",
            "-output-directory=/tmp/registry-substantive-oct1-1q2nx7hj",
            "explanatory_note_en.tex"
          ],
          "exit_code": 0
        }
      ],
      "warnings": []
    },
    {
      "file": "docs/explanatory_note_uz.tex",
      "sha256": "521f36248f7d920b38dd4f07cf6492ff2658cfb44f86efb86046956a43d29362",
      "runs": [
        {
          "command": [
            "xelatex",
            "-no-pdf",
            "-interaction=nonstopmode",
            "-halt-on-error",
            "-file-line-error",
            "-output-directory=/tmp/registry-substantive-oct1-1q2nx7hj",
            "explanatory_note_uz.tex"
          ],
          "exit_code": 0
        },
        {
          "command": [
            "xelatex",
            "-no-pdf",
            "-interaction=nonstopmode",
            "-halt-on-error",
            "-file-line-error",
            "-output-directory=/tmp/registry-substantive-oct1-1q2nx7hj",
            "explanatory_note_uz.tex"
          ],
          "exit_code": 0
        }
      ],
      "warnings": []
    },
    {
      "file": "docs/explanatory_note_ru.tex",
      "sha256": "da3bb6cc16a015a237a5126071325bcdb54cb08af725c2d858c2cea7b3417ad9",
      "runs": [
        {
          "command": [
            "xelatex",
            "-no-pdf",
            "-interaction=nonstopmode",
            "-halt-on-error",
            "-file-line-error",
            "-output-directory=/tmp/registry-substantive-oct1-1q2nx7hj",
            "explanatory_note_ru.tex"
          ],
          "exit_code": 0
        },
        {
          "command": [
            "xelatex",
            "-no-pdf",
            "-interaction=nonstopmode",
            "-halt-on-error",
            "-file-line-error",
            "-output-directory=/tmp/registry-substantive-oct1-1q2nx7hj",
            "explanatory_note_ru.tex"
          ],
          "exit_code": 0
        }
      ],
      "warnings": []
    },
    {
      "file": "docs/scientific_review_terms_en.tex",
      "sha256": "56acb12b1307330455671de957aaf04f6b9b8d24077231e7f16ea703a70f008a",
      "runs": [
        {
          "command": [
            "xelatex",
            "-no-pdf",
            "-interaction=nonstopmode",
            "-halt-on-error",
            "-file-line-error",
            "-output-directory=/tmp/registry-substantive-oct1-1q2nx7hj",
            "scientific_review_terms_en.tex"
          ],
          "exit_code": 0
        },
        {
          "command": [
            "xelatex",
            "-no-pdf",
            "-interaction=nonstopmode",
            "-halt-on-error",
            "-file-line-error",
            "-output-directory=/tmp/registry-substantive-oct1-1q2nx7hj",
            "scientific_review_terms_en.tex"
          ],
          "exit_code": 0
        }
      ],
      "warnings": []
    },
    {
      "file": "docs/scientific_review_terms_uz.tex",
      "sha256": "fff10183e2668e9bce9797d3dea8df67250f0a180610b265ffa6d9c391b83c10",
      "runs": [
        {
          "command": [
            "xelatex",
            "-no-pdf",
            "-interaction=nonstopmode",
            "-halt-on-error",
            "-file-line-error",
            "-output-directory=/tmp/registry-substantive-oct1-1q2nx7hj",
            "scientific_review_terms_uz.tex"
          ],
          "exit_code": 0
        },
        {
          "command": [
            "xelatex",
            "-no-pdf",
            "-interaction=nonstopmode",
            "-halt-on-error",
            "-file-line-error",
            "-output-directory=/tmp/registry-substantive-oct1-1q2nx7hj",
            "scientific_review_terms_uz.tex"
          ],
          "exit_code": 0
        }
      ],
      "warnings": []
    },
    {
      "file": "docs/scientific_review_terms_ru.tex",
      "sha256": "d908f3c9563463059b7db10523e63a9961cbca6e5a9a80a1a0538e0f2b7c3b1e",
      "runs": [
        {
          "command": [
            "xelatex",
            "-no-pdf",
            "-interaction=nonstopmode",
            "-halt-on-error",
            "-file-line-error",
            "-output-directory=/tmp/registry-substantive-oct1-1q2nx7hj",
            "scientific_review_terms_ru.tex"
          ],
          "exit_code": 0
        },
        {
          "command": [
            "xelatex",
            "-no-pdf",
            "-interaction=nonstopmode",
            "-halt-on-error",
            "-file-line-error",
            "-output-directory=/tmp/registry-substantive-oct1-1q2nx7hj",
            "scientific_review_terms_ru.tex"
          ],
          "exit_code": 0
        }
      ],
      "warnings": []
    },
    {
      "file": "docs/participation_request_en.tex",
      "sha256": "a7015f0eb73bc835b0af31b98f3e9d28ce435356c8f2d795bd5e39cb621ab281",
      "runs": [
        {
          "command": [
            "xelatex",
            "-no-pdf",
            "-interaction=nonstopmode",
            "-halt-on-error",
            "-file-line-error",
            "-output-directory=/tmp/registry-substantive-oct1-1q2nx7hj",
            "participation_request_en.tex"
          ],
          "exit_code": 0
        },
        {
          "command": [
            "xelatex",
            "-no-pdf",
            "-interaction=nonstopmode",
            "-halt-on-error",
            "-file-line-error",
            "-output-directory=/tmp/registry-substantive-oct1-1q2nx7hj",
            "participation_request_en.tex"
          ],
          "exit_code": 0
        }
      ],
      "warnings": []
    },
    {
      "file": "docs/participation_request_uz.tex",
      "sha256": "7a5b804a6716231933c4d0416477a90b46ab4c352374b848736b9ba2bebb5ad6",
      "runs": [
        {
          "command": [
            "xelatex",
            "-no-pdf",
            "-interaction=nonstopmode",
            "-halt-on-error",
            "-file-line-error",
            "-output-directory=/tmp/registry-substantive-oct1-1q2nx7hj",
            "participation_request_uz.tex"
          ],
          "exit_code": 0
        },
        {
          "command": [
            "xelatex",
            "-no-pdf",
            "-interaction=nonstopmode",
            "-halt-on-error",
            "-file-line-error",
            "-output-directory=/tmp/registry-substantive-oct1-1q2nx7hj",
            "participation_request_uz.tex"
          ],
          "exit_code": 0
        }
      ],
      "warnings": []
    },
    {
      "file": "docs/participation_request_ru.tex",
      "sha256": "72648cdbec6eaea327bda05de2a2bfdb452bb462362dd84db51094245c1987f9",
      "runs": [
        {
          "command": [
            "xelatex",
            "-no-pdf",
            "-interaction=nonstopmode",
            "-halt-on-error",
            "-file-line-error",
            "-output-directory=/tmp/registry-substantive-oct1-1q2nx7hj",
            "participation_request_ru.tex"
          ],
          "exit_code": 0
        },
        {
          "command": [
            "xelatex",
            "-no-pdf",
            "-interaction=nonstopmode",
            "-halt-on-error",
            "-file-line-error",
            "-output-directory=/tmp/registry-substantive-oct1-1q2nx7hj",
            "participation_request_ru.tex"
          ],
          "exit_code": 0
        }
      ],
      "warnings": []
    }
  ],
  "independent_check": {
    "verified": true,
    "method": "Independent piecewise and integer inequalities; no imported rule functions",
    "frozen_case_inventory_verified": true,
    "income_cases_checked": 10,
    "land_cases_checked": 4105,
    "negative_land_cases_by_plot": {
      "100": 20,
      "1000": 200,
      "1001": 200,
      "2000": 200
    },
    "hardship_cases_checked": 12,
    "tax_cases_checked": 24,
    "conditional_remittance_cases_checked": 16,
    "goat_cases_checked": 6,
    "audit_sha256": "62b8a0fa035ffb7d82deffe91b2d13b98268ffc240b5f968705e371891174a7c",
    "input_mode": "saved report bytes",
    "verifier_sha256": "6c7c562083d3c8536769b99c735988220ed5ec7e2d17015a0f52e189fda69938",
    "command": "python scripts/verify_results.py"
  },
  "fresh_calculation_comparison": [
    {
      "command": [
        "python",
        "scripts/run_analysis.py",
        "--legal-audit"
      ],
      "exit_code": 0,
      "calculation_payload_identical_to_saved_report": true,
      "output": "/tmp/registry-substantive-oct1-1q2nx7hj/legal_rule_audit.json"
    },
    {
      "command": [
        "python",
        "scripts/run_analysis.py",
        "--demo"
      ],
      "exit_code": 0,
      "calculation_payload_identical_to_saved_report": true,
      "output": "/tmp/registry-substantive-oct1-1q2nx7hj/synthetic_validation.json"
    }
  ]
}
2026-10-01 Article 22 and Russian-primary revision: native compiler results
/home/xola/GitHub/Solial Registry/docs/normative_act_draft_ru.tex: success
/home/xola/GitHub/Solial Registry/docs/explanatory_note_ru.tex: success
/home/xola/GitHub/Solial Registry/docs/research_paper_ru.tex: success
/home/xola/GitHub/Solial Registry/docs/participation_request_ru.tex: success
/home/xola/GitHub/Solial Registry/docs/normative_act_draft_uz.tex: success
/home/xola/GitHub/Solial Registry/docs/explanatory_note_uz.tex: success
/home/xola/GitHub/Solial Registry/docs/research_paper_uz.tex: success
/home/xola/GitHub/Solial Registry/docs/participation_request_uz.tex: success
/home/xola/GitHub/Solial Registry/docs/normative_act_draft_en.tex: success
/home/xola/GitHub/Solial Registry/docs/explanatory_note_en.tex: success
/home/xola/GitHub/Solial Registry/docs/research_paper.tex: success
/home/xola/GitHub/Solial Registry/docs/participation_request_en.tex: success
/home/xola/GitHub/Solial Registry/docs/scientific_review_terms_ru.tex: success
/home/xola/GitHub/Solial Registry/docs/scientific_review_terms_uz.tex: success
/home/xola/GitHub/Solial Registry/docs/scientific_review_terms_en.tex: success

Article 22 Russian-primary revision verification: 37 tests normal and optimized; exact audit/demo replay identical; independent checker verified; 15 native compiles and 30 no-PDF diagnostic passes successful. Review: no remaining demonstrated defects after same-pass corrections. Detailed commands/hashes in adoptability_review.md and /tmp/registry-art22-verification-bjzaw_2b.

Verified submission revisions, 2026-10-01:
{
  "checked_at": "2026-10-01",
  "compiler_calls": [
    {
      "name": "normative_act_draft_ru",
      "result": {
        "content": [
          {
            "type": "text",
            "text": "{\"path\":\"/home/xola/GitHub/Solial Registry/docs/normative_act_draft_ru.tex\",\"kind\":\"success\",\"message\":\"The current source compiled successfully with the desktop editor's compiler.\"}"
          }
        ],
        "isError": false
      },
      "source_sha256": "73802a6f8549967839e2ca5704107e2ba0ace7aea21c45135bb7f2fec2ae8ec9"
    },
    {
      "name": "explanatory_note_ru",
      "result": {
        "content": [
          {
            "type": "text",
            "text": "{\"path\":\"/home/xola/GitHub/Solial Registry/docs/explanatory_note_ru.tex\",\"kind\":\"success\",\"message\":\"The current source compiled successfully with the desktop editor's compiler.\"}"
          }
        ],
        "isError": false
      },
      "source_sha256": "9b549d693c340a9de98908a0da02a52c337f7a684132ec3fa7c1d0f63f40649b"
    },
    {
      "name": "research_paper_ru",
      "result": {
        "content": [
          {
            "type": "text",
            "text": "{\"path\":\"/home/xola/GitHub/Solial Registry/docs/research_paper_ru.tex\",\"kind\":\"success\",\"message\":\"The current source compiled successfully with the desktop editor's compiler.\"}"
          }
        ],
        "isError": false
      }
    },
    {
      "name": "participation_request_ru",
      "result": {
        "content": [
          {
            "type": "text",
            "text": "{\"path\":\"/home/xola/GitHub/Solial Registry/docs/participation_request_ru.tex\",\"kind\":\"success\",\"message\":\"The current source compiled successfully with the desktop editor's compiler.\"}"
          }
        ],
        "isError": false
      },
      "source_sha256": "4be07cc23c941c98dfd8c7d932b8f72f212c652b869bb13551f8bb26aa2a6507"
    },
    {
      "name": "normative_act_draft_en",
      "result": {
        "content": [
          {
            "type": "text",
            "text": "{\"path\":\"/home/xola/GitHub/Solial Registry/docs/normative_act_draft_en.tex\",\"kind\":\"success\",\"message\":\"The current source compiled successfully with the desktop editor's compiler.\"}"
          }
        ],
        "isError": false
      },
      "source_sha256": "1b3e2da8c6a48da450dfa12ec830fd8bc814d6ba624c627ac8259d938a236cc7"
    },
    {
      "name": "explanatory_note_en",
      "result": {
        "content": [
          {
            "type": "text",
            "text": "{\"path\":\"/home/xola/GitHub/Solial Registry/docs/explanatory_note_en.tex\",\"kind\":\"success\",\"message\":\"The current source compiled successfully with the desktop editor's compiler.\"}"
          }
        ],
        "isError": false
      },
      "source_sha256": "f167ed2918a2ff8ca021d80f92029f531c6cee81f14efdc3d46420c9aa7f845d"
    },
    {
      "name": "research_paper",
      "result": {
        "content": [
          {
            "type": "text",
            "text": "{\"path\":\"/home/xola/GitHub/Solial Registry/docs/research_paper.tex\",\"kind\":\"success\",\"message\":\"The current source compiled successfully with the desktop editor's compiler.\"}"
          }
        ],
        "isError": false
      }
    },
    {
      "name": "participation_request_en",
      "result": {
        "content": [
          {
            "type": "text",
            "text": "{\"path\":\"/home/xola/GitHub/Solial Registry/docs/participation_request_en.tex\",\"kind\":\"success\",\"message\":\"The current source compiled successfully with the desktop editor's compiler.\"}"
          }
        ],
        "isError": false
      },
      "source_sha256": "700be39843a89aab88cf66bf261806dc22103b9693c8072b0883d659cdfae45d"
    },
    {
      "name": "normative_act_draft_uz",
      "result": {
        "content": [
          {
            "type": "text",
            "text": "{\"path\":\"/home/xola/GitHub/Solial Registry/docs/normative_act_draft_uz.tex\",\"kind\":\"success\",\"message\":\"The current source compiled successfully with the desktop editor's compiler.\"}"
          }
        ],
        "isError": false
      },
      "source_sha256": "89a2a25e781a8cd1054909ad8b0dc2b6af7325bfa1f4cfc89a02713462e12db3"
    },
    {
      "name": "explanatory_note_uz",
      "result": {
        "content": [
          {
            "type": "text",
            "text": "{\"path\":\"/home/xola/GitHub/Solial Registry/docs/explanatory_note_uz.tex\",\"kind\":\"success\",\"message\":\"The current source compiled successfully with the desktop editor's compiler.\"}"
          }
        ],
        "isError": false
      },
      "source_sha256": "509e0e5c68fd3ab9391d9256b1e926270bda9d5e7987e50469a8bf2bc80fadc0"
    },
    {
      "name": "research_paper_uz",
      "result": {
        "content": [
          {
            "type": "text",
            "text": "{\"path\":\"/home/xola/GitHub/Solial Registry/docs/research_paper_uz.tex\",\"kind\":\"success\",\"message\":\"The current source compiled successfully with the desktop editor's compiler.\"}"
          }
        ],
        "isError": false
      }
    },
    {
      "name": "participation_request_uz",
      "result": {
        "content": [
          {
            "type": "text",
            "text": "{\"path\":\"/home/xola/GitHub/Solial Registry/docs/participation_request_uz.tex\",\"kind\":\"success\",\"message\":\"The current source compiled successfully with the desktop editor's compiler.\"}"
          }
        ],
        "isError": false
      },
      "source_sha256": "c2eba8e74484001a0a4577c9bc76637fa08ee78d532f12abfbb9f9070b1fc498"
    },
    {
      "name": "research_paper_ru",
      "result": {
        "content": [
          {
            "type": "text",
            "text": "{\"path\":\"/home/xola/GitHub/Solial Registry/docs/research_paper_ru.tex\",\"kind\":\"success\",\"message\":\"The current source compiled successfully with the desktop editor's compiler.\"}"
          }
        ],
        "isError": false
      },
      "source_sha256": "82f53506a67e11b02cd3407b8c719b4eb4e5a26afcc8b052751a4f4b19b797bf"
    },
    {
      "name": "research_paper",
      "result": {
        "content": [
          {
            "type": "text",
            "text": "{\"path\":\"/home/xola/GitHub/Solial Registry/docs/research_paper.tex\",\"kind\":\"success\",\"message\":\"The current source compiled successfully with the desktop editor's compiler.\"}"
          }
        ],
        "isError": false
      },
      "source_sha256": "269f25d17548ff6ede918879479a741df066c8fff8fafc2d198236cf17425ee1"
    },
    {
      "name": "research_paper_uz",
      "result": {
        "content": [
          {
            "type": "text",
            "text": "{\"path\":\"/home/xola/GitHub/Solial Registry/docs/research_paper_uz.tex\",\"kind\":\"success\",\"message\":\"The current source compiled successfully with the desktop editor's compiler.\"}"
          }
        ],
        "isError": false
      },
      "source_sha256": "99ad8d82347fc4faeb131904b49cf1b80b8b266ed62a45d8f63023e337dddc61"
    }
  ],
  "latest_sources": [
    {
      "name": "normative_act_draft_ru",
      "result": {
        "content": [
          {
            "type": "text",
            "text": "{\"path\":\"/home/xola/GitHub/Solial Registry/docs/normative_act_draft_ru.tex\",\"kind\":\"success\",\"message\":\"The current source compiled successfully with the desktop editor's compiler.\"}"
          }
        ],
        "isError": false
      },
      "source_sha256": "73802a6f8549967839e2ca5704107e2ba0ace7aea21c45135bb7f2fec2ae8ec9"
    },
    {
      "name": "explanatory_note_ru",
      "result": {
        "content": [
          {
            "type": "text",
            "text": "{\"path\":\"/home/xola/GitHub/Solial Registry/docs/explanatory_note_ru.tex\",\"kind\":\"success\",\"message\":\"The current source compiled successfully with the desktop editor's compiler.\"}"
          }
        ],
        "isError": false
      },
      "source_sha256": "9b549d693c340a9de98908a0da02a52c337f7a684132ec3fa7c1d0f63f40649b"
    },
    {
      "name": "research_paper_ru",
      "result": {
        "content": [
          {
            "type": "text",
            "text": "{\"path\":\"/home/xola/GitHub/Solial Registry/docs/research_paper_ru.tex\",\"kind\":\"success\",\"message\":\"The current source compiled successfully with the desktop editor's compiler.\"}"
          }
        ],
        "isError": false
      },
      "source_sha256": "82f53506a67e11b02cd3407b8c719b4eb4e5a26afcc8b052751a4f4b19b797bf"
    },
    {
      "name": "participation_request_ru",
      "result": {
        "content": [
          {
            "type": "text",
            "text": "{\"path\":\"/home/xola/GitHub/Solial Registry/docs/participation_request_ru.tex\",\"kind\":\"success\",\"message\":\"The current source compiled successfully with the desktop editor's compiler.\"}"
          }
        ],
        "isError": false
      },
      "source_sha256": "4be07cc23c941c98dfd8c7d932b8f72f212c652b869bb13551f8bb26aa2a6507"
    },
    {
      "name": "normative_act_draft_en",
      "result": {
        "content": [
          {
            "type": "text",
            "text": "{\"path\":\"/home/xola/GitHub/Solial Registry/docs/normative_act_draft_en.tex\",\"kind\":\"success\",\"message\":\"The current source compiled successfully with the desktop editor's compiler.\"}"
          }
        ],
        "isError": false
      },
      "source_sha256": "1b3e2da8c6a48da450dfa12ec830fd8bc814d6ba624c627ac8259d938a236cc7"
    },
    {
      "name": "explanatory_note_en",
      "result": {
        "content": [
          {
            "type": "text",
            "text": "{\"path\":\"/home/xola/GitHub/Solial Registry/docs/explanatory_note_en.tex\",\"kind\":\"success\",\"message\":\"The current source compiled successfully with the desktop editor's compiler.\"}"
          }
        ],
        "isError": false
      },
      "source_sha256": "f167ed2918a2ff8ca021d80f92029f531c6cee81f14efdc3d46420c9aa7f845d"
    },
    {
      "name": "research_paper",
      "result": {
        "content": [
          {
            "type": "text",
            "text": "{\"path\":\"/home/xola/GitHub/Solial Registry/docs/research_paper.tex\",\"kind\":\"success\",\"message\":\"The current source compiled successfully with the desktop editor's compiler.\"}"
          }
        ],
        "isError": false
      },
      "source_sha256": "269f25d17548ff6ede918879479a741df066c8fff8fafc2d198236cf17425ee1"
    },
    {
      "name": "participation_request_en",
      "result": {
        "content": [
          {
            "type": "text",
            "text": "{\"path\":\"/home/xola/GitHub/Solial Registry/docs/participation_request_en.tex\",\"kind\":\"success\",\"message\":\"The current source compiled successfully with the desktop editor's compiler.\"}"
          }
        ],
        "isError": false
      },
      "source_sha256": "700be39843a89aab88cf66bf261806dc22103b9693c8072b0883d659cdfae45d"
    },
    {
      "name": "normative_act_draft_uz",
      "result": {
        "content": [
          {
            "type": "text",
            "text": "{\"path\":\"/home/xola/GitHub/Solial Registry/docs/normative_act_draft_uz.tex\",\"kind\":\"success\",\"message\":\"The current source compiled successfully with the desktop editor's compiler.\"}"
          }
        ],
        "isError": false
      },
      "source_sha256": "89a2a25e781a8cd1054909ad8b0dc2b6af7325bfa1f4cfc89a02713462e12db3"
    },
    {
      "name": "explanatory_note_uz",
      "result": {
        "content": [
          {
            "type": "text",
            "text": "{\"path\":\"/home/xola/GitHub/Solial Registry/docs/explanatory_note_uz.tex\",\"kind\":\"success\",\"message\":\"The current source compiled successfully with the desktop editor's compiler.\"}"
          }
        ],
        "isError": false
      },
      "source_sha256": "509e0e5c68fd3ab9391d9256b1e926270bda9d5e7987e50469a8bf2bc80fadc0"
    },
    {
      "name": "research_paper_uz",
      "result": {
        "content": [
          {
            "type": "text",
            "text": "{\"path\":\"/home/xola/GitHub/Solial Registry/docs/research_paper_uz.tex\",\"kind\":\"success\",\"message\":\"The current source compiled successfully with the desktop editor's compiler.\"}"
          }
        ],
        "isError": false
      },
      "source_sha256": "99ad8d82347fc4faeb131904b49cf1b80b8b266ed62a45d8f63023e337dddc61"
    },
    {
      "name": "participation_request_uz",
      "result": {
        "content": [
          {
            "type": "text",
            "text": "{\"path\":\"/home/xola/GitHub/Solial Registry/docs/participation_request_uz.tex\",\"kind\":\"success\",\"message\":\"The current source compiled successfully with the desktop editor's compiler.\"}"
          }
        ],
        "isError": false
      },
      "source_sha256": "c2eba8e74484001a0a4577c9bc76637fa08ee78d532f12abfbb9f9070b1fc498"
    }
  ]
}

{
  "record": "2026-10-01 Article 22 scoring/cost verification and signature removal",
  "native_compiler": [
    {
      "name": "participation_request_en",
      "path": "/home/xola/GitHub/Solial Registry/docs/participation_request_en.tex",
      "kind": "success",
      "message": "The current source compiled successfully with the desktop editor's compiler."
    },
    {
      "name": "participation_request_ru",
      "path": "/home/xola/GitHub/Solial Registry/docs/participation_request_ru.tex",
      "kind": "success",
      "message": "The current source compiled successfully with the desktop editor's compiler."
    },
    {
      "name": "participation_request_uz",
      "path": "/home/xola/GitHub/Solial Registry/docs/participation_request_uz.tex",
      "kind": "success",
      "message": "The current source compiled successfully with the desktop editor's compiler."
    },
    {
      "name": "normative_act_draft_ru",
      "path": "/home/xola/GitHub/Solial Registry/docs/normative_act_draft_ru.tex",
      "kind": "success",
      "message": "The current source compiled successfully with the desktop editor's compiler."
    },
    {
      "name": "normative_act_draft_uz",
      "path": "/home/xola/GitHub/Solial Registry/docs/normative_act_draft_uz.tex",
      "kind": "success",
      "message": "The current source compiled successfully with the desktop editor's compiler."
    },
    {
      "name": "normative_act_draft_en",
      "path": "/home/xola/GitHub/Solial Registry/docs/normative_act_draft_en.tex",
      "kind": "success",
      "message": "The current source compiled successfully with the desktop editor's compiler."
    },
    {
      "name": "explanatory_note_ru",
      "path": "/home/xola/GitHub/Solial Registry/docs/explanatory_note_ru.tex",
      "kind": "success",
      "message": "The current source compiled successfully with the desktop editor's compiler."
    },
    {
      "name": "explanatory_note_uz",
      "path": "/home/xola/GitHub/Solial Registry/docs/explanatory_note_uz.tex",
      "kind": "success",
      "message": "The current source compiled successfully with the desktop editor's compiler."
    },
    {
      "name": "explanatory_note_en",
      "path": "/home/xola/GitHub/Solial Registry/docs/explanatory_note_en.tex",
      "kind": "success",
      "message": "The current source compiled successfully with the desktop editor's compiler."
    },
    {
      "name": "research_paper_ru",
      "path": "/home/xola/GitHub/Solial Registry/docs/research_paper_ru.tex",
      "kind": "success",
      "message": "The current source compiled successfully with the desktop editor's compiler."
    },
    {
      "name": "research_paper_uz",
      "path": "/home/xola/GitHub/Solial Registry/docs/research_paper_uz.tex",
      "kind": "success",
      "message": "The current source compiled successfully with the desktop editor's compiler."
    },
    {
      "name": "research_paper",
      "path": "/home/xola/GitHub/Solial Registry/docs/research_paper.tex",
      "kind": "success",
      "message": "The current source compiled successfully with the desktop editor's compiler."
    }
  ],
  "official_sources": [
    "https://lex.uz/docs/-6720230",
    "https://lex.uz/docs/-7959569",
    "https://lex.uz/docs/-8472526",
    "https://lex.uz/docs/-5378966"
  ],
  "retrieval_scope": "Agency first draft-consultation listing and public indexed searches; no global absence assertion.",
  "review": "review_costing_revision: demonstrated lower-ranking normative citation defect corrected in three operative clauses; closure confirmed; no other demonstrated revision defects.",
  "remaining": "No complete 2027 numerical specification or approved project-specific scope, module count, duration, capacity and funding inputs obtained. No project cost or operational accuracy computed.",
  "pdf_export": "No separate PDF exported; stored exports were not regenerated.",
  "recorded_at": "2026-10-01T11:41:58.868023+00:00",
  "source_sha256": {
    "references.tex": "3af8b9753001fc4fc1012aa141f737032f902c59ec47824b6618e7cba9d1cd96",
    "research_paper.tex": "8cd9008aadbe2bed2737eeb7a7dbb875012d4c394ef036cbffb496b7e1c80ec4",
    "normative_act_draft_uz.tex": "bed76624b858ede941842bcf587d5c484990f1f1836ae2af20de73020e2e9c6d",
    "explanatory_note_uz.tex": "2902cdc26f1bae303df08a1fea088282c87e3b4b1b52b4b25c4627350269dd28",
    "participation_request_uz.tex": "cc71ff81c60dbed019e972008c5d6e7f7bbb09119eeeb5c8e4286967dafa7985",
    "research_paper_ru.tex": "d11212b6923b355b750ee8acf9ebd69ebe3239b8ad9f6ec339577fbf605560e4",
    "normative_act_draft_ru.tex": "0f2753b6ca6080cbca7fac027e134a6f5a1ae6d346ea6b35554e7cf3c7bea753",
    "participation_request_ru.tex": "a09f7d575bcd57775f17f504d458e407c654aa740ee2fdef13775ec08c8a412a",
    "explanatory_note_ru.tex": "26eb61bf8b33bb3198b775e52d49655c1d57b758969a06186656f5993f62dada",
    "normative_act_draft_en.tex": "766f0bb23b7477d139fc15d3d9e9a2c70c1b50caf75e295e2f3028cf0e32b6fb",
    "research_paper_uz.tex": "baa03935e10a10edac0eca5d7cca5ae0c1af991305c80bf27d9b1ef0ba36c8ae",
    "participation_request_en.tex": "37a5388e7992e5e06f4ddffaa54ffc1b6d69196d6fb3ee4a541e4b2f21aba9a1",
    "explanatory_note_en.tex": "460ed4d54c793380919f865661f6d7a69b8e5c14e23f1d8e37e7e7b9e5da9d43"
  }
}

FIVE_OBJECTIONS_REVIEW_2026_10_01
{
  "date": "2026-10-01",
  "native": [
    {
      "file": "explanatory_note_en.tex",
      "source_sha256": "d5f27426c29a6cfd68e04fd4e9c1a6b40f9169f0c686dc18a3c85432ee562753",
      "result": {
        "content": [
          {
            "type": "text",
            "text": "{\"path\":\"/home/xola/GitHub/Solial Registry/docs/explanatory_note_en.tex\",\"kind\":\"success\",\"message\":\"The current source compiled successfully with the desktop editor's compiler.\"}"
          }
        ],
        "isError": false
      }
    },
    {
      "file": "explanatory_note_ru.tex",
      "source_sha256": "6e19b321d462fe0ffa33ec1d15b6e5afdf50adf4cab43dccddc54d74823809a4",
      "result": {
        "content": [
          {
            "type": "text",
            "text": "{\"path\":\"/home/xola/GitHub/Solial Registry/docs/explanatory_note_ru.tex\",\"kind\":\"success\",\"message\":\"The current source compiled successfully with the desktop editor's compiler.\"}"
          }
        ],
        "isError": false
      }
    },
    {
      "file": "explanatory_note_uz.tex",
      "source_sha256": "b33c380af9821708799645b8a865cec7bdce4e58b60c2b389cbd0e2ab4ea93e6",
      "result": {
        "content": [
          {
            "type": "text",
            "text": "{\"path\":\"/home/xola/GitHub/Solial Registry/docs/explanatory_note_uz.tex\",\"kind\":\"success\",\"message\":\"The current source compiled successfully with the desktop editor's compiler.\"}"
          }
        ],
        "isError": false
      }
    },
    {
      "file": "normative_act_draft_en.tex",
      "source_sha256": "ae7843368ed5ca94048184379476b60f733b1c47a1d9a1767f3d69a16c6ed3a1",
      "result": {
        "content": [
          {
            "type": "text",
            "text": "{\"path\":\"/home/xola/GitHub/Solial Registry/docs/normative_act_draft_en.tex\",\"kind\":\"success\",\"message\":\"The current source compiled successfully with the desktop editor's compiler.\"}"
          }
        ],
        "isError": false
      }
    },
    {
      "file": "normative_act_draft_ru.tex",
      "source_sha256": "26cd3077284a36f8de45a084d7e51844614aa2d63e5a38b3b27b05cf69f4e1f4",
      "result": {
        "content": [
          {
            "type": "text",
            "text": "{\"path\":\"/home/xola/GitHub/Solial Registry/docs/normative_act_draft_ru.tex\",\"kind\":\"success\",\"message\":\"The current source compiled successfully with the desktop editor's compiler.\"}"
          }
        ],
        "isError": false
      }
    },
    {
      "file": "normative_act_draft_uz.tex",
      "source_sha256": "2da88bead16955ab9031d158d28fa174a2cf52b3bd9e696687764b3d4d2f0b4d",
      "result": {
        "content": [
          {
            "type": "text",
            "text": "{\"path\":\"/home/xola/GitHub/Solial Registry/docs/normative_act_draft_uz.tex\",\"kind\":\"success\",\"message\":\"The current source compiled successfully with the desktop editor's compiler.\"}"
          }
        ],
        "isError": false
      }
    },
    {
      "file": "participation_request_en.tex",
      "source_sha256": "c4efbc2c9841c04a5335b058c7bceeb5c255fa83c45f3843b127b2a8e79d7c7b",
      "result": {
        "content": [
          {
            "type": "text",
            "text": "{\"path\":\"/home/xola/GitHub/Solial Registry/docs/participation_request_en.tex\",\"kind\":\"success\",\"message\":\"The current source compiled successfully with the desktop editor's compiler.\"}"
          }
        ],
        "isError": false
      }
    },
    {
      "file": "participation_request_ru.tex",
      "source_sha256": "1f83cc158bbad80a2350d4687fc7b568111021d6923d5f628a697843a58caaed",
      "result": {
        "content": [
          {
            "type": "text",
            "text": "{\"path\":\"/home/xola/GitHub/Solial Registry/docs/participation_request_ru.tex\",\"kind\":\"success\",\"message\":\"The current source compiled successfully with the desktop editor's compiler.\"}"
          }
        ],
        "isError": false
      }
    },
    {
      "file": "participation_request_uz.tex",
      "source_sha256": "93cabd9e538c9556aa6804867ec03029603faa635d1ce200adfe0d4a8970bcb7",
      "result": {
        "content": [
          {
            "type": "text",
            "text": "{\"path\":\"/home/xola/GitHub/Solial Registry/docs/participation_request_uz.tex\",\"kind\":\"success\",\"message\":\"The current source compiled successfully with the desktop editor's compiler.\"}"
          }
        ],
        "isError": false
      }
    },
    {
      "file": "research_paper.tex",
      "source_sha256": "9d647a62f048af9712cfa5261dce4a9321c3d5c5e27fa7598ba4bde1dfd3f778",
      "result": {
        "content": [
          {
            "type": "text",
            "text": "{\"path\":\"/home/xola/GitHub/Solial Registry/docs/research_paper.tex\",\"kind\":\"success\",\"message\":\"The current source compiled successfully with the desktop editor's compiler.\"}"
          }
        ],
        "isError": false
      }
    },
    {
      "file": "research_paper_ru.tex",
      "source_sha256": "b5fbf12ba6f222621e369fb2b11e808a68f513cfa712aa4d9c174d4d08b1bb2d",
      "result": {
        "content": [
          {
            "type": "text",
            "text": "{\"path\":\"/home/xola/GitHub/Solial Registry/docs/research_paper_ru.tex\",\"kind\":\"success\",\"message\":\"The current source compiled successfully with the desktop editor's compiler.\"}"
          }
        ],
        "isError": false
      }
    },
    {
      "file": "research_paper_uz.tex",
      "source_sha256": "5ea0e9d1a2d786f7703b59c5cadabe1a3c18cf60fbb36f15843be5caafc515cc",
      "result": {
        "content": [
          {
            "type": "text",
            "text": "{\"path\":\"/home/xola/GitHub/Solial Registry/docs/research_paper_uz.tex\",\"kind\":\"success\",\"message\":\"The current source compiled successfully with the desktop editor's compiler.\"}"
          }
        ],
        "isError": false
      }
    }
  ],
  "layout": "/tmp/registry-five-objections-final-layout-b589b4rz/diagnostics.json",
  "code_checks": {
    "self_test": "Ran 37 tests; OK",
    "independent_coverage": {
      "income": 10,
      "land": 4105,
      "negative_land": 620,
      "hardship": 12,
      "tax": 24,
      "conditional_remittance": 16,
      "goat": 6
    },
    "fresh_audit_matches_maintained_numeric_payload": true
  },
  "review": {
    "agent": "/root/review_five_objections_final",
    "demonstrated_defects": [
      "Reserve omitted absence of approved rules",
      "Old-rule reserve could replay D=P category gap"
    ],
    "revisions": "Trigger expanded; reserve ordinary primary boundary inclusive and former-primary lower bound strict; hardship path preserved; lawful determinate and verified reserve required",
    "second_review_not_run": true
  },
  "unverified": [
    "Official 2027 complete scoring specification for Agency production model",
    "Agency approved capacity, scope and monetary allocation",
    "Agency deployment and empirical household validation"
  ],
  "exported_pdfs_updated": false,
  "recorded_utc": "2026-10-01T15:50:30.540693+00:00"
}

NARROWED_SUBMISSION_REVIEW_2026_10_01
{
  "native": [
    {
      "path": "docs/normative_act_draft_ru.tex",
      "result": {
        "content": [
          {
            "type": "text",
            "text": "{\"path\":\"/home/xola/GitHub/Solial Registry/docs/normative_act_draft_ru.tex\",\"kind\":\"success\",\"message\":\"The current source compiled successfully with the desktop editor's compiler.\"}"
          }
        ],
        "isError": false
      }
    },
    {
      "path": "docs/normative_act_draft_uz.tex",
      "result": {
        "content": [
          {
            "type": "text",
            "text": "{\"path\":\"/home/xola/GitHub/Solial Registry/docs/normative_act_draft_uz.tex\",\"kind\":\"success\",\"message\":\"The current source compiled successfully with the desktop editor's compiler.\"}"
          }
        ],
        "isError": false
      }
    },
    {
      "path": "docs/normative_act_draft_en.tex",
      "result": {
        "content": [
          {
            "type": "text",
            "text": "{\"path\":\"/home/xola/GitHub/Solial Registry/docs/normative_act_draft_en.tex\",\"kind\":\"success\",\"message\":\"The current source compiled successfully with the desktop editor's compiler.\"}"
          }
        ],
        "isError": false
      }
    },
    {
      "path": "docs/explanatory_note_ru.tex",
      "result": {
        "content": [
          {
            "type": "text",
            "text": "{\"path\":\"/home/xola/GitHub/Solial Registry/docs/explanatory_note_ru.tex\",\"kind\":\"success\",\"message\":\"The current source compiled successfully with the desktop editor's compiler.\"}"
          }
        ],
        "isError": false
      }
    },
    {
      "path": "docs/explanatory_note_uz.tex",
      "result": {
        "content": [
          {
            "type": "text",
            "text": "{\"path\":\"/home/xola/GitHub/Solial Registry/docs/explanatory_note_uz.tex\",\"kind\":\"success\",\"message\":\"The current source compiled successfully with the desktop editor's compiler.\"}"
          }
        ],
        "isError": false
      }
    },
    {
      "path": "docs/explanatory_note_en.tex",
      "result": {
        "content": [
          {
            "type": "text",
            "text": "{\"path\":\"/home/xola/GitHub/Solial Registry/docs/explanatory_note_en.tex\",\"kind\":\"success\",\"message\":\"The current source compiled successfully with the desktop editor's compiler.\"}"
          }
        ],
        "isError": false
      }
    },
    {
      "path": "docs/research_paper_ru.tex",
      "result": {
        "content": [
          {
            "type": "text",
            "text": "{\"path\":\"/home/xola/GitHub/Solial Registry/docs/research_paper_ru.tex\",\"kind\":\"success\",\"message\":\"The current source compiled successfully with the desktop editor's compiler.\"}"
          }
        ],
        "isError": false
      }
    },
    {
      "path": "docs/research_paper_uz.tex",
      "result": {
        "content": [
          {
            "type": "text",
            "text": "{\"path\":\"/home/xola/GitHub/Solial Registry/docs/research_paper_uz.tex\",\"kind\":\"success\",\"message\":\"The current source compiled successfully with the desktop editor's compiler.\"}"
          }
        ],
        "isError": false
      }
    },
    {
      "path": "docs/research_paper.tex",
      "result": {
        "content": [
          {
            "type": "text",
            "text": "{\"path\":\"/home/xola/GitHub/Solial Registry/docs/research_paper.tex\",\"kind\":\"success\",\"message\":\"The current source compiled successfully with the desktop editor's compiler.\"}"
          }
        ],
        "isError": false
      }
    },
    {
      "path": "docs/participation_request_ru.tex",
      "result": {
        "content": [
          {
            "type": "text",
            "text": "{\"path\":\"/home/xola/GitHub/Solial Registry/docs/participation_request_ru.tex\",\"kind\":\"success\",\"message\":\"The current source compiled successfully with the desktop editor's compiler.\"}"
          }
        ],
        "isError": false
      }
    },
    {
      "path": "docs/participation_request_uz.tex",
      "result": {
        "content": [
          {
            "type": "text",
            "text": "{\"path\":\"/home/xola/GitHub/Solial Registry/docs/participation_request_uz.tex\",\"kind\":\"success\",\"message\":\"The current source compiled successfully with the desktop editor's compiler.\"}"
          }
        ],
        "isError": false
      }
    },
    {
      "path": "docs/participation_request_en.tex",
      "result": {
        "content": [
          {
            "type": "text",
            "text": "{\"path\":\"/home/xola/GitHub/Solial Registry/docs/participation_request_en.tex\",\"kind\":\"success\",\"message\":\"The current source compiled successfully with the desktop editor's compiler.\"}"
          }
        ],
        "isError": false
      }
    }
  ],
  "execution": [
    {
      "status": "fulfilled",
      "value": {
        "chunk_id": "363225",
        "wall_time_seconds": 0.303677626,
        "exit_code": 0,
        "original_token_count": 1110,
        "output": "test_independent_inventory_accepts_real_output (test_provenance.ProvenanceTests.test_independent_inventory_accepts_real_output) ... ok\ntest_independent_verifier_rejects_changed_equality_predicate (test_provenance.ProvenanceTests.test_independent_verifier_rejects_changed_equality_predicate) ... ok\ntest_independent_verifier_rejects_coerced_case_inputs (test_provenance.ProvenanceTests.test_independent_verifier_rejects_coerced_case_inputs) ... ok\ntest_independent_verifier_rejects_duplicate_case_at_same_count (test_provenance.ProvenanceTests.test_independent_verifier_rejects_duplicate_case_at_same_count) ... ok\ntest_independent_verifier_rejects_empty_grids (test_provenance.ProvenanceTests.test_independent_verifier_rejects_empty_grids) ... ok\ntest_independent_verifier_rejects_relabelled_inputs (test_provenance.ProvenanceTests.test_independent_verifier_rejects_relabelled_inputs) ... ok\ntest_real_output_replays (test_provenance.ProvenanceTests.test_real_output_replays) ... ok\ntest_stale_code_hash_rejected (test_provenance.ProvenanceTests.test_stale_code_hash_rejected) ... ok\ntest_stale_input_hash_rejected (test_provenance.ProvenanceTests.test_stale_input_hash_rejected) ... ok\ntest_tampered_result_rejected (test_provenance.ProvenanceTests.test_tampered_result_rejected) ... ok\ntest_area_cap_boundary (test_scoring.VerificationTests.test_area_cap_boundary) ... ok\ntest_bad_geometry_and_parameters_rejected (test_scoring.VerificationTests.test_bad_geometry_and_parameters_rejected) ... ok\ntest_complete_land_grid_and_independent_negative_count (test_scoring.VerificationTests.test_complete_land_grid_and_independent_negative_count) ... ok\ntest_conditional_remittance_discontinuities (test_scoring.VerificationTests.test_conditional_remittance_discontinuities) ... ok\ntest_degenerate_missing_range_still_requires_review (test_scoring.VerificationTests.test_degenerate_missing_range_still_requires_review) ... ok\ntest_duplicate_ids_and_unknown_reference_rejected (test_scoring.VerificationTests.test_duplicate_ids_and_unknown_reference_rejected) ... ok\ntest_empty_records_rejected (test_scoring.VerificationTests.test_empty_records_rejected) ... ok\ntest_exact_decimal_arithmetic (test_scoring.VerificationTests.test_exact_decimal_arithmetic) ... ok\ntest_former_category_control_and_refusal_boundary (test_scoring.VerificationTests.test_former_category_control_and_refusal_boundary) ... ok\ntest_goat_fractional_exemption (test_scoring.VerificationTests.test_goat_fractional_exemption) ... ok\ntest_hand_derived_demo_counts (test_scoring.VerificationTests.test_hand_derived_demo_counts) ... ok\ntest_hardship_exact_intervals (test_scoring.VerificationTests.test_hardship_exact_intervals) ... ok\ntest_invalid_config_rejected (test_scoring.VerificationTests.test_invalid_config_rejected) ... ok\ntest_invalid_divisors_rejected (test_scoring.VerificationTests.test_invalid_divisors_rejected) ... ok\ntest_invalid_numbers_rejected (test_scoring.VerificationTests.test_invalid_numbers_rejected) ... ok\ntest_invalid_rows_rejected (test_scoring.VerificationTests.test_invalid_rows_rejected) ... ok\ntest_legal_audit_scope_and_coefficient_units (test_scoring.VerificationTests.test_legal_audit_scope_and_coefficient_units) ... ok\ntest_literal_negative_land_separate_from_proposal (test_scoring.VerificationTests.test_literal_negative_land_separate_from_proposal) ... ok\ntest_missing_is_not_zero (test_scoring.VerificationTests.test_missing_is_not_zero) ... ok\ntest_negative_weight_interval (test_scoring.VerificationTests.test_negative_weight_interval) ... ok\ntest_no_comparable_reference_has_no_rate (test_scoring.VerificationTests.test_no_comparable_reference_has_no_rate) ... ok\ntest_official_income_equality_gap (test_scoring.VerificationTests.test_official_income_equality_gap) ... ok\ntest_official_published_income_example (test_scoring.VerificationTests.test_official_published_income_example) ... ok\ntest_review_hardship_counterexample (test_scoring.VerificationTests.test_review_hardship_counterexample) ... ok\ntest_tax_floor_and_monotonicity (test_scoring.VerificationTests.test_tax_floor_and_monotonicity) ... ok\ntest_threshold_equality_and_both_sides (test_scoring.VerificationTests.test_threshold_equality_and_both_sides) ... ok\ntest_wrong_reference_is_detected (test_scoring.VerificationTests.test_wrong_reference_is_detected) ... ok\n\n----------------------------------------------------------------------\nRan 37 tests in 0.380s\n\nOK\n"
      }
    },
    {
      "status": "fulfilled",
      "value": {
        "chunk_id": "ce77b0",
        "wall_time_seconds": 1.4711e-05,
        "exit_code": 0,
        "original_token_count": 216,
        "output": "{\"verified\": true, \"method\": \"Independent piecewise and integer inequalities; no imported rule functions\", \"frozen_case_inventory_verified\": true, \"income_cases_checked\": 10, \"land_cases_checked\": 4105, \"negative_land_cases_by_plot\": {\"100\": 20, \"1000\": 200, \"1001\": 200, \"2000\": 200}, \"hardship_cases_checked\": 12, \"tax_cases_checked\": 24, \"conditional_remittance_cases_checked\": 16, \"goat_cases_checked\": 6, \"audit_sha256\": \"bb40834809fc237ed312d41c6ae16415823d91d760686c710c86e67a38f040ae\", \"input_mode\": \"saved report bytes\", \"verifier_sha256\": \"6c7c562083d3c8536769b99c735988220ed5ec7e2d17015a0f52e189fda69938\", \"command\": \"python scripts/verify_results.py\"}\ndata/rules/legal_specification.json 8f724da3aabd14c2324dcedb0ace855b5d06b4dcd2e45c255a76dc9800b0cb25\ndata/fixtures/additive_demo.json 574255b5e4f3bcec05a9a507108746e19aa83ac257f048f8248728bc3f349c4b\n"
      }
    },
    {
      "status": "fulfilled",
      "value": {
        "chunk_id": "e90d35",
        "wall_time_seconds": 0.020428227,
        "exit_code": 0,
        "original_token_count": 262,
        "output": "normative_act_draft_ru: a6edcf71cad3f2763f5a09ad2942c5043fb755f7f3305ca2b72e2084379f2003\nexplanatory_note_ru: 7b14eadec54b5dc226ce20d47e1bd40b06e6aef4447fdbbc2d9f97fb16aab150\nresearch_paper_ru: 2416789a3e4021275772607f7d302ded2d80b8b2d7bffaca394660177ce2efeb\nparticipation_request_ru: 47981b084ebd944eec46be5269076812deac665272af23ef6627c4e6ae61aa3e\nnormative_act_draft_uz: 07cd376c3e012e7e366ea9b8bb61698bb9f5f72b82bc99ef93e4416459d2691e\nexplanatory_note_uz: bfd9e89862f7a1f0ac9e703e03236eded64fb628587ed7ecc22933c358b1dce5\nresearch_paper_uz: dc58f5eb879da8743699cabbb94af4a4077cc48b45e282640e017a12d8901f38\nparticipation_request_uz: 9b38d9b82ff1691275ec67480bc2076da1b75606a95bf554467c14376a3abb22\nnormative_act_draft_en: 48a04f292b7a21ff00e86b9dc838afc05396f1848f7809a4dc2a46b33efe9339\nexplanatory_note_en: e36a36367ee938a5b464c7c193fb6f544c40d439482817ed4fb69d16289dea5a\nresearch_paper: 3bddffe1d7aa844e2c5fe546516f9419a1bff7f7c7a6860dc697892ff152de3d\nparticipation_request_en: d645e3b17fdc2e178f01f29bc6bca9e97f33f5c760b30221293a1fb2c4f409b4\n"
      }
    }
  ],
  "review": {
    "agent": "/root/review_narrowed_submission",
    "finding": "No demonstrated defects found in the current twelve LaTeX sources; removed reserve/report programme do not survive as operative requirements. Review was read-only.",
    "remaining": "Agency capacity, funding, release coverage and marginal benefit remain unverified."
  },
  "research_sources": [
    "https://lex.uz/docs/-6200851",
    "https://lex.uz/docs/-8076376",
    "https://gov.uz/oz/news/view/194551",
    "https://oldmy.gov.uz/oz/service/587",
    "https://gov.uz/oz/urganchshahar/news/view/134892"
  ],
  "scope": "Bounded document revisions; no new numerical method, no raw-input edits, no government submission and no PDF export. Removed obsolete signature prerequisite from analysis plan; earlier analysis-run metadata remains historical.",
  "layout": [
    {
      "path": "docs/explanatory_note_en.tex",
      "exit_codes": [
        0,
        0
      ],
      "diagnostics": []
    },
    {
      "path": "docs/explanatory_note_ru.tex",
      "exit_codes": [
        0,
        0
      ],
      "diagnostics": []
    },
    {
      "path": "docs/explanatory_note_uz.tex",
      "exit_codes": [
        0,
        0
      ],
      "diagnostics": []
    },
    {
      "path": "docs/normative_act_draft_en.tex",
      "exit_codes": [
        0,
        0
      ],
      "diagnostics": []
    },
    {
      "path": "docs/normative_act_draft_ru.tex",
      "exit_codes": [
        0,
        0
      ],
      "diagnostics": []
    },
    {
      "path": "docs/normative_act_draft_uz.tex",
      "exit_codes": [
        0,
        0
      ],
      "diagnostics": []
    },
    {
      "path": "docs/participation_request_en.tex",
      "exit_codes": [
        0,
        0
      ],
      "diagnostics": []
    },
    {
      "path": "docs/participation_request_ru.tex",
      "exit_codes": [
        0,
        0
      ],
      "diagnostics": []
    },
    {
      "path": "docs/participation_request_uz.tex",
      "exit_codes": [
        0,
        0
      ],
      "diagnostics": []
    },
    {
      "path": "docs/research_paper.tex",
      "exit_codes": [
        0,
        0
      ],
      "diagnostics": []
    },
    {
      "path": "docs/research_paper_ru.tex",
      "exit_codes": [
        0,
        0
      ],
      "diagnostics": []
    },
    {
      "path": "docs/research_paper_uz.tex",
      "exit_codes": [
        0,
        0
      ],
      "diagnostics": []
    }
  ],
  "recorded_local_time": "2026-10-01T21:58:14.535202+05:00",
  "source_sha256": {
    "docs/explanatory_note_en.tex": "d39444b11705261539db87a82b1781e81afe6ca47104e14e9de3f05bf92a6df8",
    "docs/explanatory_note_ru.tex": "9d76a63e126c3d16d1afd0af4106f1ea06cd72558797a9de70c898cfad9e03be",
    "docs/explanatory_note_uz.tex": "0481cd72f74fd4a05e75d9895920b53bd60b8b9db47c4d405bc2de5b062f8a42",
    "docs/normative_act_draft_en.tex": "1aadf6678abf6f4b5f1863ef7b9396066fa53f58873d4d6bbb165de9139d056f",
    "docs/normative_act_draft_ru.tex": "900463ce4fc8b6ea72b1a9959b3d60a21d9870fb14014477484156b5309cd0f3",
    "docs/normative_act_draft_uz.tex": "9997cf98cb0ae29a28918056761fef52af36ca3f6792dc6fb8e2a93ad1f30bb7",
    "docs/participation_request_en.tex": "d645e3b17fdc2e178f01f29bc6bca9e97f33f5c760b30221293a1fb2c4f409b4",
    "docs/participation_request_ru.tex": "47981b084ebd944eec46be5269076812deac665272af23ef6627c4e6ae61aa3e",
    "docs/participation_request_uz.tex": "9b38d9b82ff1691275ec67480bc2076da1b75606a95bf554467c14376a3abb22",
    "docs/references.tex": "252529ac686e532cfc4877364154bcb9a609db74b5b402442b8ca6d689d71e2a",
    "docs/research_paper.tex": "09634f12d0c7b0b69635b27ea5a7a62a2b662bf0cef40e52825ff6ddabc338b9",
    "docs/research_paper_ru.tex": "9b958c5c0588537d4b589948642e42d8a8d64a6bda58e13a881e34bc338af43d",
    "docs/research_paper_uz.tex": "0be7b57796a5a863ab70309ec605504970012ac45b6a5a96ccd3d5aeb79f70d0"
  },
  "analysis_plan_sha256": "aae136daf2ac524bce3269cea93e4db8f33cb0678ac99eed7e58f19b5a15abd1"
}
