{
  "data_kind": "synthetic",
  "model_version": "SYNTHETIC-NOT-UZBEK-POLICY",
  "counts": {
    "records": 7,
    "complete": 5,
    "unresolved": 2,
    "multi_category_intervals": 2,
    "reference_comparable": 4,
    "reference_mismatches": 0,
    "reference_excluded_unresolved": 1,
    "no_reference": 2
  },
  "reference_category_mismatch_fraction": "0",
  "interpretation": "Rule diagnostics only; no measured targeting accuracy or policy effect.",
  "public_release": "Requires separate disclosure review; aggregates are not automatically anonymous.",
  "reproducibility": {
    "input_sha256": "8cf4db1849470d5a83aad53c791c4327440514e3745ad7eb752fb6896a67f1b8",
    "code_sha256": "7801ec091b33a4dcce8cba3af1e86f286b84fc462cd83c6c46997a112428044d",
    "input_source": "data/fixtures/additive_demo.json; explicitly synthetic fixture",
    "python_version": "3.14.7",
    "packages": "Python standard library only",
    "code_files_sha256": {
      "src/social_registry/__init__.py": "0ee43e29a4ec2d4be4740d03cb2fff5fba937513336233589c68908d28472aa9",
      "src/social_registry/additive.py": "68053995afb2d283dea77dbe66731d192b7074a4b105cb2fdf53de97b1f1b004",
      "src/social_registry/numeric.py": "0a779a3968fcea1e252a9be0eaf4df1155336ac90fa4afaa4b45191211e71071",
      "src/social_registry/provenance.py": "93dcda6e463f19398a13ac5e5959a58952261699fc6b77bcf1776c015094845a",
      "src/social_registry/rules.py": "6d8071473a9bc8f104b0e05ad15516443e52d087c67c989eb2774885eeb1810f",
      "scripts/run_analysis.py": "38127becfd59cc19d4d2360af7dbd4abd0eea79aff32f75e8e3869d3e0c99755"
    },
    "command": [
      "python",
      "scripts/run_analysis.py",
      "--demo"
    ],
    "run_utc": "2026-09-30T12:48:55.671930+00:00",
    "random_seed": null,
    "generation": "deterministic; no random sampling"
  }
}
